Using device: cuda
Loaded 24900 samples
Input vocab size: 4, Output vocab size: 6
Fold 2: train=19920, val=4980
Data tensors loaded on: cuda:0
Model: transformer, params=1,243,654
  num_heads=4, num_layers=4, dropout=0.1
  batch_size=64, lr=0.001, weight_decay=0.0001, grad_clip=1.0
  lr_scheduler=warmup
Epoch 1/200 | Train Loss: 1.0425, Hit Rate: 0.0000 | Val Loss: 0.9224, Hit Rate: 0.0000
Epoch 2/200 | Train Loss: 0.8797, Hit Rate: 0.0001 | Val Loss: 0.7541, Hit Rate: 0.0000
Epoch 3/200 | Train Loss: 0.7695, Hit Rate: 0.0001 | Val Loss: 0.6694, Hit Rate: 0.0000
Epoch 4/200 | Train Loss: 0.6902, Hit Rate: 0.0003 | Val Loss: 0.5825, Hit Rate: 0.0002
Epoch 5/200 | Train Loss: 0.6013, Hit Rate: 0.0020 | Val Loss: 0.4535, Hit Rate: 0.0140
Epoch 6/200 | Train Loss: 0.4872, Hit Rate: 0.0114 | Val Loss: 0.3687, Hit Rate: 0.0369
Epoch 7/200 | Train Loss: 0.4123, Hit Rate: 0.0277 | Val Loss: 0.3318, Hit Rate: 0.0573
Epoch 8/200 | Train Loss: 0.3624, Hit Rate: 0.0435 | Val Loss: 0.3016, Hit Rate: 0.0734
Epoch 9/200 | Train Loss: 0.3322, Hit Rate: 0.0597 | Val Loss: 0.2742, Hit Rate: 0.0928
Epoch 10/200 | Train Loss: 0.3070, Hit Rate: 0.0766 | Val Loss: 0.2585, Hit Rate: 0.1058
Epoch 11/200 | Train Loss: 0.2881, Hit Rate: 0.0918 | Val Loss: 0.2553, Hit Rate: 0.1147
Epoch 12/200 | Train Loss: 0.2712, Hit Rate: 0.1043 | Val Loss: 0.2428, Hit Rate: 0.1307
Epoch 13/200 | Train Loss: 0.2583, Hit Rate: 0.1223 | Val Loss: 0.2303, Hit Rate: 0.1542
Epoch 14/200 | Train Loss: 0.2450, Hit Rate: 0.1301 | Val Loss: 0.2216, Hit Rate: 0.1529
Epoch 15/200 | Train Loss: 0.2348, Hit Rate: 0.1506 | Val Loss: 0.2185, Hit Rate: 0.1733
Epoch 16/200 | Train Loss: 0.2269, Hit Rate: 0.1568 | Val Loss: 0.2159, Hit Rate: 0.1884
Epoch 17/200 | Train Loss: 0.2178, Hit Rate: 0.1760 | Val Loss: 0.2027, Hit Rate: 0.2019
Epoch 18/200 | Train Loss: 0.2102, Hit Rate: 0.1872 | Val Loss: 0.2018, Hit Rate: 0.1980
Epoch 19/200 | Train Loss: 0.2032, Hit Rate: 0.1993 | Val Loss: 0.2015, Hit Rate: 0.2052
Epoch 20/200 | Train Loss: 0.1968, Hit Rate: 0.2097 | Val Loss: 0.1892, Hit Rate: 0.2209
Epoch 21/200 | Train Loss: 0.1912, Hit Rate: 0.2258 | Val Loss: 0.1883, Hit Rate: 0.2403
Epoch 22/200 | Train Loss: 0.1878, Hit Rate: 0.2303 | Val Loss: 0.1833, Hit Rate: 0.2453
Epoch 23/200 | Train Loss: 0.1808, Hit Rate: 0.2457 | Val Loss: 0.1836, Hit Rate: 0.2420
Epoch 24/200 | Train Loss: 0.1767, Hit Rate: 0.2587 | Val Loss: 0.1884, Hit Rate: 0.2440
Epoch 25/200 | Train Loss: 0.1726, Hit Rate: 0.2674 | Val Loss: 0.1773, Hit Rate: 0.2630
Epoch 26/200 | Train Loss: 0.1695, Hit Rate: 0.2754 | Val Loss: 0.1738, Hit Rate: 0.2749
Epoch 27/200 | Train Loss: 0.1638, Hit Rate: 0.2864 | Val Loss: 0.1712, Hit Rate: 0.2723
Epoch 28/200 | Train Loss: 0.1616, Hit Rate: 0.2890 | Val Loss: 0.1717, Hit Rate: 0.2786
Epoch 29/200 | Train Loss: 0.1566, Hit Rate: 0.3019 | Val Loss: 0.1661, Hit Rate: 0.2889
Epoch 30/200 | Train Loss: 0.1536, Hit Rate: 0.3152 | Val Loss: 0.1713, Hit Rate: 0.2745
Epoch 31/200 | Train Loss: 0.1502, Hit Rate: 0.3231 | Val Loss: 0.1649, Hit Rate: 0.2938
Epoch 32/200 | Train Loss: 0.1462, Hit Rate: 0.3341 | Val Loss: 0.1696, Hit Rate: 0.2893
Epoch 33/200 | Train Loss: 0.1435, Hit Rate: 0.3333 | Val Loss: 0.1625, Hit Rate: 0.3058
Epoch 34/200 | Train Loss: 0.1408, Hit Rate: 0.3520 | Val Loss: 0.1639, Hit Rate: 0.3047
Epoch 35/200 | Train Loss: 0.1373, Hit Rate: 0.3564 | Val Loss: 0.1617, Hit Rate: 0.3125
Epoch 36/200 | Train Loss: 0.1349, Hit Rate: 0.3665 | Val Loss: 0.1541, Hit Rate: 0.3234
Epoch 37/200 | Train Loss: 0.1332, Hit Rate: 0.3688 | Val Loss: 0.1583, Hit Rate: 0.3173
Epoch 38/200 | Train Loss: 0.1297, Hit Rate: 0.3829 | Val Loss: 0.1603, Hit Rate: 0.3169
Epoch 39/200 | Train Loss: 0.1277, Hit Rate: 0.3892 | Val Loss: 0.1606, Hit Rate: 0.3222
Epoch 40/200 | Train Loss: 0.1258, Hit Rate: 0.4017 | Val Loss: 0.1510, Hit Rate: 0.3452
Epoch 41/200 | Train Loss: 0.1224, Hit Rate: 0.4087 | Val Loss: 0.1519, Hit Rate: 0.3409
Epoch 42/200 | Train Loss: 0.1200, Hit Rate: 0.4140 | Val Loss: 0.1552, Hit Rate: 0.3471
Epoch 43/200 | Train Loss: 0.1191, Hit Rate: 0.4193 | Val Loss: 0.1480, Hit Rate: 0.3510
Epoch 44/200 | Train Loss: 0.1165, Hit Rate: 0.4271 | Val Loss: 0.1452, Hit Rate: 0.3684
Epoch 45/200 | Train Loss: 0.1143, Hit Rate: 0.4354 | Val Loss: 0.1526, Hit Rate: 0.3609
Epoch 46/200 | Train Loss: 0.1122, Hit Rate: 0.4410 | Val Loss: 0.1502, Hit Rate: 0.3528
Epoch 47/200 | Train Loss: 0.1108, Hit Rate: 0.4464 | Val Loss: 0.1483, Hit Rate: 0.3631
Epoch 48/200 | Train Loss: 0.1067, Hit Rate: 0.4675 | Val Loss: 0.1481, Hit Rate: 0.3705
Epoch 49/200 | Train Loss: 0.1064, Hit Rate: 0.4645 | Val Loss: 0.1455, Hit Rate: 0.3680
Epoch 50/200 | Train Loss: 0.1037, Hit Rate: 0.4725 | Val Loss: 0.1462, Hit Rate: 0.3820
Epoch 51/200 | Train Loss: 0.1018, Hit Rate: 0.4757 | Val Loss: 0.1452, Hit Rate: 0.3974
Epoch 52/200 | Train Loss: 0.1002, Hit Rate: 0.4834 | Val Loss: 0.1433, Hit Rate: 0.3846
Epoch 53/200 | Train Loss: 0.1006, Hit Rate: 0.4839 | Val Loss: 0.1417, Hit Rate: 0.3947
Epoch 54/200 | Train Loss: 0.0976, Hit Rate: 0.4958 | Val Loss: 0.1420, Hit Rate: 0.4034
Epoch 55/200 | Train Loss: 0.0958, Hit Rate: 0.5047 | Val Loss: 0.1402, Hit Rate: 0.4038
Epoch 56/200 | Train Loss: 0.0945, Hit Rate: 0.5091 | Val Loss: 0.1429, Hit Rate: 0.3898
Epoch 57/200 | Train Loss: 0.0933, Hit Rate: 0.5118 | Val Loss: 0.1370, Hit Rate: 0.4097
Epoch 58/200 | Train Loss: 0.0907, Hit Rate: 0.5231 | Val Loss: 0.1420, Hit Rate: 0.3984
Epoch 59/200 | Train Loss: 0.0887, Hit Rate: 0.5332 | Val Loss: 0.1408, Hit Rate: 0.3939
Epoch 60/200 | Train Loss: 0.0891, Hit Rate: 0.5300 | Val Loss: 0.1392, Hit Rate: 0.4076
Epoch 61/200 | Train Loss: 0.0871, Hit Rate: 0.5324 | Val Loss: 0.1384, Hit Rate: 0.4224
Epoch 62/200 | Train Loss: 0.0866, Hit Rate: 0.5396 | Val Loss: 0.1397, Hit Rate: 0.4177
Epoch 63/200 | Train Loss: 0.0841, Hit Rate: 0.5491 | Val Loss: 0.1385, Hit Rate: 0.4418
Epoch 64/200 | Train Loss: 0.0842, Hit Rate: 0.5508 | Val Loss: 0.1350, Hit Rate: 0.4212
Epoch 65/200 | Train Loss: 0.0819, Hit Rate: 0.5593 | Val Loss: 0.1341, Hit Rate: 0.4401
Epoch 66/200 | Train Loss: 0.0810, Hit Rate: 0.5640 | Val Loss: 0.1358, Hit Rate: 0.4363
Epoch 67/200 | Train Loss: 0.0791, Hit Rate: 0.5715 | Val Loss: 0.1342, Hit Rate: 0.4298
Epoch 68/200 | Train Loss: 0.0794, Hit Rate: 0.5664 | Val Loss: 0.1314, Hit Rate: 0.4409
Epoch 69/200 | Train Loss: 0.0772, Hit Rate: 0.5800 | Val Loss: 0.1334, Hit Rate: 0.4481
Epoch 70/200 | Train Loss: 0.0773, Hit Rate: 0.5793 | Val Loss: 0.1327, Hit Rate: 0.4346
Epoch 71/200 | Train Loss: 0.0756, Hit Rate: 0.5822 | Val Loss: 0.1321, Hit Rate: 0.4467
Epoch 72/200 | Train Loss: 0.0747, Hit Rate: 0.5887 | Val Loss: 0.1307, Hit Rate: 0.4589
Epoch 73/200 | Train Loss: 0.0729, Hit Rate: 0.5993 | Val Loss: 0.1395, Hit Rate: 0.4451
Epoch 74/200 | Train Loss: 0.0727, Hit Rate: 0.5990 | Val Loss: 0.1367, Hit Rate: 0.4514
Epoch 75/200 | Train Loss: 0.0716, Hit Rate: 0.6006 | Val Loss: 0.1394, Hit Rate: 0.4459
Epoch 76/200 | Train Loss: 0.0686, Hit Rate: 0.6164 | Val Loss: 0.1381, Hit Rate: 0.4424
Epoch 77/200 | Train Loss: 0.0687, Hit Rate: 0.6207 | Val Loss: 0.1327, Hit Rate: 0.4616
Epoch 78/200 | Train Loss: 0.0675, Hit Rate: 0.6209 | Val Loss: 0.1366, Hit Rate: 0.4571
Epoch 79/200 | Train Loss: 0.0663, Hit Rate: 0.6244 | Val Loss: 0.1355, Hit Rate: 0.4637
Epoch 80/200 | Train Loss: 0.0669, Hit Rate: 0.6235 | Val Loss: 0.1334, Hit Rate: 0.4623
Epoch 81/200 | Train Loss: 0.0660, Hit Rate: 0.6282 | Val Loss: 0.1316, Hit Rate: 0.4793
Epoch 82/200 | Train Loss: 0.0655, Hit Rate: 0.6311 | Val Loss: 0.1316, Hit Rate: 0.4686
Epoch 83/200 | Train Loss: 0.0632, Hit Rate: 0.6455 | Val Loss: 0.1280, Hit Rate: 0.4703
Epoch 84/200 | Train Loss: 0.0630, Hit Rate: 0.6439 | Val Loss: 0.1292, Hit Rate: 0.4764
Epoch 85/200 | Train Loss: 0.0633, Hit Rate: 0.6413 | Val Loss: 0.1328, Hit Rate: 0.4691
Epoch 86/200 | Train Loss: 0.0604, Hit Rate: 0.6567 | Val Loss: 0.1387, Hit Rate: 0.4639
Epoch 87/200 | Train Loss: 0.0606, Hit Rate: 0.6540 | Val Loss: 0.1365, Hit Rate: 0.4697
Epoch 88/200 | Train Loss: 0.0597, Hit Rate: 0.6593 | Val Loss: 0.1333, Hit Rate: 0.4804
Epoch 89/200 | Train Loss: 0.0587, Hit Rate: 0.6651 | Val Loss: 0.1372, Hit Rate: 0.4654
Epoch 90/200 | Train Loss: 0.0572, Hit Rate: 0.6692 | Val Loss: 0.1344, Hit Rate: 0.4670
Epoch 91/200 | Train Loss: 0.0584, Hit Rate: 0.6684 | Val Loss: 0.1309, Hit Rate: 0.4729
Epoch 92/200 | Train Loss: 0.0584, Hit Rate: 0.6640 | Val Loss: 0.1310, Hit Rate: 0.4839
Epoch 93/200 | Train Loss: 0.0542, Hit Rate: 0.6827 | Val Loss: 0.1331, Hit Rate: 0.4813
Epoch 94/200 | Train Loss: 0.0550, Hit Rate: 0.6776 | Val Loss: 0.1387, Hit Rate: 0.4780
Epoch 95/200 | Train Loss: 0.0537, Hit Rate: 0.6866 | Val Loss: 0.1350, Hit Rate: 0.4863
Epoch 96/200 | Train Loss: 0.0537, Hit Rate: 0.6856 | Val Loss: 0.1356, Hit Rate: 0.4884
Epoch 97/200 | Train Loss: 0.0526, Hit Rate: 0.6932 | Val Loss: 0.1347, Hit Rate: 0.4882
Epoch 98/200 | Train Loss: 0.0524, Hit Rate: 0.6994 | Val Loss: 0.1362, Hit Rate: 0.4885
Epoch 99/200 | Train Loss: 0.0516, Hit Rate: 0.6980 | Val Loss: 0.1367, Hit Rate: 0.4863
Epoch 100/200 | Train Loss: 0.0503, Hit Rate: 0.7063 | Val Loss: 0.1377, Hit Rate: 0.4923
Epoch 101/200 | Train Loss: 0.0508, Hit Rate: 0.7041 | Val Loss: 0.1343, Hit Rate: 0.4968
Epoch 102/200 | Train Loss: 0.0496, Hit Rate: 0.7105 | Val Loss: 0.1353, Hit Rate: 0.4917
Epoch 103/200 | Train Loss: 0.0483, Hit Rate: 0.7111 | Val Loss: 0.1380, Hit Rate: 0.4848
Epoch 104/200 | Train Loss: 0.0490, Hit Rate: 0.7141 | Val Loss: 0.1374, Hit Rate: 0.4980
Epoch 105/200 | Train Loss: 0.0479, Hit Rate: 0.7190 | Val Loss: 0.1366, Hit Rate: 0.4963
Epoch 106/200 | Train Loss: 0.0471, Hit Rate: 0.7216 | Val Loss: 0.1381, Hit Rate: 0.4979
Epoch 107/200 | Train Loss: 0.0451, Hit Rate: 0.7322 | Val Loss: 0.1381, Hit Rate: 0.4884
Epoch 108/200 | Train Loss: 0.0465, Hit Rate: 0.7257 | Val Loss: 0.1357, Hit Rate: 0.4981
Epoch 109/200 | Train Loss: 0.0457, Hit Rate: 0.7298 | Val Loss: 0.1351, Hit Rate: 0.4980
Epoch 110/200 | Train Loss: 0.0441, Hit Rate: 0.7340 | Val Loss: 0.1393, Hit Rate: 0.4965
Epoch 111/200 | Train Loss: 0.0440, Hit Rate: 0.7386 | Val Loss: 0.1353, Hit Rate: 0.5061
Epoch 112/200 | Train Loss: 0.0425, Hit Rate: 0.7457 | Val Loss: 0.1388, Hit Rate: 0.4995
Epoch 113/200 | Train Loss: 0.0428, Hit Rate: 0.7435 | Val Loss: 0.1392, Hit Rate: 0.5061
Epoch 114/200 | Train Loss: 0.0416, Hit Rate: 0.7495 | Val Loss: 0.1385, Hit Rate: 0.5073
Epoch 115/200 | Train Loss: 0.0421, Hit Rate: 0.7450 | Val Loss: 0.1386, Hit Rate: 0.5120
Epoch 116/200 | Train Loss: 0.0424, Hit Rate: 0.7425 | Val Loss: 0.1350, Hit Rate: 0.5112
Epoch 117/200 | Train Loss: 0.0396, Hit Rate: 0.7546 | Val Loss: 0.1388, Hit Rate: 0.5153
Epoch 118/200 | Train Loss: 0.0391, Hit Rate: 0.7630 | Val Loss: 0.1401, Hit Rate: 0.5131
Epoch 119/200 | Train Loss: 0.0394, Hit Rate: 0.7603 | Val Loss: 0.1381, Hit Rate: 0.5229
Epoch 120/200 | Train Loss: 0.0387, Hit Rate: 0.7653 | Val Loss: 0.1392, Hit Rate: 0.5159
Epoch 121/200 | Train Loss: 0.0377, Hit Rate: 0.7704 | Val Loss: 0.1406, Hit Rate: 0.5142
Epoch 122/200 | Train Loss: 0.0379, Hit Rate: 0.7710 | Val Loss: 0.1408, Hit Rate: 0.5174
Epoch 123/200 | Train Loss: 0.0367, Hit Rate: 0.7761 | Val Loss: 0.1463, Hit Rate: 0.5129
Epoch 124/200 | Train Loss: 0.0369, Hit Rate: 0.7757 | Val Loss: 0.1414, Hit Rate: 0.5119
Epoch 125/200 | Train Loss: 0.0365, Hit Rate: 0.7765 | Val Loss: 0.1385, Hit Rate: 0.5170
Epoch 126/200 | Train Loss: 0.0356, Hit Rate: 0.7791 | Val Loss: 0.1390, Hit Rate: 0.5198
Epoch 127/200 | Train Loss: 0.0362, Hit Rate: 0.7825 | Val Loss: 0.1354, Hit Rate: 0.5155
Epoch 128/200 | Train Loss: 0.0354, Hit Rate: 0.7843 | Val Loss: 0.1401, Hit Rate: 0.5190
Epoch 129/200 | Train Loss: 0.0350, Hit Rate: 0.7855 | Val Loss: 0.1443, Hit Rate: 0.5202
Epoch 130/200 | Train Loss: 0.0339, Hit Rate: 0.7935 | Val Loss: 0.1439, Hit Rate: 0.5163
Epoch 131/200 | Train Loss: 0.0334, Hit Rate: 0.7914 | Val Loss: 0.1416, Hit Rate: 0.5250
Epoch 132/200 | Train Loss: 0.0328, Hit Rate: 0.7970 | Val Loss: 0.1448, Hit Rate: 0.5210
Epoch 133/200 | Train Loss: 0.0332, Hit Rate: 0.7954 | Val Loss: 0.1423, Hit Rate: 0.5221
Epoch 134/200 | Train Loss: 0.0330, Hit Rate: 0.7957 | Val Loss: 0.1417, Hit Rate: 0.5255
Epoch 135/200 | Train Loss: 0.0318, Hit Rate: 0.8038 | Val Loss: 0.1416, Hit Rate: 0.5239
Epoch 136/200 | Train Loss: 0.0318, Hit Rate: 0.8043 | Val Loss: 0.1418, Hit Rate: 0.5177
Epoch 137/200 | Train Loss: 0.0318, Hit Rate: 0.8020 | Val Loss: 0.1437, Hit Rate: 0.5192
Epoch 138/200 | Train Loss: 0.0306, Hit Rate: 0.8084 | Val Loss: 0.1451, Hit Rate: 0.5273
Epoch 139/200 | Train Loss: 0.0303, Hit Rate: 0.8125 | Val Loss: 0.1456, Hit Rate: 0.5208
Epoch 140/200 | Train Loss: 0.0300, Hit Rate: 0.8137 | Val Loss: 0.1463, Hit Rate: 0.5289
Epoch 141/200 | Train Loss: 0.0297, Hit Rate: 0.8165 | Val Loss: 0.1439, Hit Rate: 0.5271
Epoch 142/200 | Train Loss: 0.0290, Hit Rate: 0.8190 | Val Loss: 0.1431, Hit Rate: 0.5278
Epoch 143/200 | Train Loss: 0.0290, Hit Rate: 0.8193 | Val Loss: 0.1451, Hit Rate: 0.5290
Epoch 144/200 | Train Loss: 0.0284, Hit Rate: 0.8230 | Val Loss: 0.1470, Hit Rate: 0.5247
Epoch 145/200 | Train Loss: 0.0284, Hit Rate: 0.8261 | Val Loss: 0.1453, Hit Rate: 0.5235
Epoch 146/200 | Train Loss: 0.0280, Hit Rate: 0.8256 | Val Loss: 0.1475, Hit Rate: 0.5225
Epoch 147/200 | Train Loss: 0.0268, Hit Rate: 0.8295 | Val Loss: 0.1515, Hit Rate: 0.5206
Epoch 148/200 | Train Loss: 0.0274, Hit Rate: 0.8279 | Val Loss: 0.1490, Hit Rate: 0.5275
Epoch 149/200 | Train Loss: 0.0271, Hit Rate: 0.8302 | Val Loss: 0.1499, Hit Rate: 0.5235
Epoch 150/200 | Train Loss: 0.0267, Hit Rate: 0.8305 | Val Loss: 0.1492, Hit Rate: 0.5327
Epoch 151/200 | Train Loss: 0.0264, Hit Rate: 0.8348 | Val Loss: 0.1502, Hit Rate: 0.5241
Epoch 152/200 | Train Loss: 0.0262, Hit Rate: 0.8351 | Val Loss: 0.1487, Hit Rate: 0.5309
Epoch 153/200 | Train Loss: 0.0258, Hit Rate: 0.8383 | Val Loss: 0.1520, Hit Rate: 0.5230
Epoch 154/200 | Train Loss: 0.0258, Hit Rate: 0.8368 | Val Loss: 0.1509, Hit Rate: 0.5248
Epoch 155/200 | Train Loss: 0.0250, Hit Rate: 0.8389 | Val Loss: 0.1492, Hit Rate: 0.5345
Epoch 156/200 | Train Loss: 0.0247, Hit Rate: 0.8438 | Val Loss: 0.1478, Hit Rate: 0.5382
Epoch 157/200 | Train Loss: 0.0241, Hit Rate: 0.8460 | Val Loss: 0.1502, Hit Rate: 0.5266
Epoch 158/200 | Train Loss: 0.0237, Hit Rate: 0.8500 | Val Loss: 0.1507, Hit Rate: 0.5247
Epoch 159/200 | Train Loss: 0.0238, Hit Rate: 0.8483 | Val Loss: 0.1498, Hit Rate: 0.5355
Epoch 160/200 | Train Loss: 0.0240, Hit Rate: 0.8509 | Val Loss: 0.1514, Hit Rate: 0.5325
Epoch 161/200 | Train Loss: 0.0241, Hit Rate: 0.8473 | Val Loss: 0.1514, Hit Rate: 0.5361
Epoch 162/200 | Train Loss: 0.0235, Hit Rate: 0.8510 | Val Loss: 0.1504, Hit Rate: 0.5458
Epoch 163/200 | Train Loss: 0.0227, Hit Rate: 0.8573 | Val Loss: 0.1531, Hit Rate: 0.5356
Epoch 164/200 | Train Loss: 0.0224, Hit Rate: 0.8582 | Val Loss: 0.1554, Hit Rate: 0.5332
Epoch 165/200 | Train Loss: 0.0227, Hit Rate: 0.8554 | Val Loss: 0.1560, Hit Rate: 0.5389
Epoch 166/200 | Train Loss: 0.0218, Hit Rate: 0.8618 | Val Loss: 0.1539, Hit Rate: 0.5363
Epoch 167/200 | Train Loss: 0.0219, Hit Rate: 0.8608 | Val Loss: 0.1532, Hit Rate: 0.5366
Epoch 168/200 | Train Loss: 0.0215, Hit Rate: 0.8645 | Val Loss: 0.1575, Hit Rate: 0.5444
Epoch 169/200 | Train Loss: 0.0222, Hit Rate: 0.8585 | Val Loss: 0.1537, Hit Rate: 0.5379
Epoch 170/200 | Train Loss: 0.0214, Hit Rate: 0.8643 | Val Loss: 0.1553, Hit Rate: 0.5349
Epoch 171/200 | Train Loss: 0.0209, Hit Rate: 0.8670 | Val Loss: 0.1540, Hit Rate: 0.5391
Epoch 172/200 | Train Loss: 0.0212, Hit Rate: 0.8636 | Val Loss: 0.1557, Hit Rate: 0.5382
Epoch 173/200 | Train Loss: 0.0209, Hit Rate: 0.8656 | Val Loss: 0.1530, Hit Rate: 0.5392
Epoch 174/200 | Train Loss: 0.0210, Hit Rate: 0.8670 | Val Loss: 0.1540, Hit Rate: 0.5413
Epoch 175/200 | Train Loss: 0.0206, Hit Rate: 0.8711 | Val Loss: 0.1548, Hit Rate: 0.5375
Epoch 176/200 | Train Loss: 0.0206, Hit Rate: 0.8704 | Val Loss: 0.1541, Hit Rate: 0.5397
Epoch 177/200 | Train Loss: 0.0199, Hit Rate: 0.8727 | Val Loss: 0.1535, Hit Rate: 0.5455
Epoch 178/200 | Train Loss: 0.0197, Hit Rate: 0.8719 | Val Loss: 0.1565, Hit Rate: 0.5452
Epoch 179/200 | Train Loss: 0.0200, Hit Rate: 0.8725 | Val Loss: 0.1550, Hit Rate: 0.5442
Epoch 180/200 | Train Loss: 0.0196, Hit Rate: 0.8749 | Val Loss: 0.1574, Hit Rate: 0.5416
Epoch 181/200 | Train Loss: 0.0200, Hit Rate: 0.8736 | Val Loss: 0.1548, Hit Rate: 0.5488
Epoch 182/200 | Train Loss: 0.0190, Hit Rate: 0.8752 | Val Loss: 0.1557, Hit Rate: 0.5443
Epoch 183/200 | Train Loss: 0.0192, Hit Rate: 0.8763 | Val Loss: 0.1570, Hit Rate: 0.5368
Epoch 184/200 | Train Loss: 0.0194, Hit Rate: 0.8723 | Val Loss: 0.1539, Hit Rate: 0.5463
Epoch 185/200 | Train Loss: 0.0191, Hit Rate: 0.8773 | Val Loss: 0.1570, Hit Rate: 0.5395
Epoch 186/200 | Train Loss: 0.0192, Hit Rate: 0.8753 | Val Loss: 0.1548, Hit Rate: 0.5514
Epoch 187/200 | Train Loss: 0.0184, Hit Rate: 0.8802 | Val Loss: 0.1569, Hit Rate: 0.5470
Epoch 188/200 | Train Loss: 0.0191, Hit Rate: 0.8770 | Val Loss: 0.1575, Hit Rate: 0.5480
Epoch 189/200 | Train Loss: 0.0180, Hit Rate: 0.8855 | Val Loss: 0.1572, Hit Rate: 0.5456
Epoch 190/200 | Train Loss: 0.0184, Hit Rate: 0.8825 | Val Loss: 0.1559, Hit Rate: 0.5438
Epoch 191/200 | Train Loss: 0.0176, Hit Rate: 0.8888 | Val Loss: 0.1584, Hit Rate: 0.5477
Epoch 192/200 | Train Loss: 0.0181, Hit Rate: 0.8839 | Val Loss: 0.1588, Hit Rate: 0.5479
Epoch 193/200 | Train Loss: 0.0180, Hit Rate: 0.8844 | Val Loss: 0.1608, Hit Rate: 0.5494
Epoch 194/200 | Train Loss: 0.0187, Hit Rate: 0.8819 | Val Loss: 0.1577, Hit Rate: 0.5452
Epoch 195/200 | Train Loss: 0.0184, Hit Rate: 0.8816 | Val Loss: 0.1575, Hit Rate: 0.5481
Epoch 196/200 | Train Loss: 0.0181, Hit Rate: 0.8849 | Val Loss: 0.1584, Hit Rate: 0.5448
Epoch 197/200 | Train Loss: 0.0180, Hit Rate: 0.8856 | Val Loss: 0.1579, Hit Rate: 0.5465
Epoch 198/200 | Train Loss: 0.0175, Hit Rate: 0.8868 | Val Loss: 0.1606, Hit Rate: 0.5450
Epoch 199/200 | Train Loss: 0.0179, Hit Rate: 0.8862 | Val Loss: 0.1619, Hit Rate: 0.5412
Epoch 200/200 | Train Loss: 0.0172, Hit Rate: 0.8893 | Val Loss: 0.1616, Hit Rate: 0.5468

Best validation hit rate: 0.5514
