Using device: cuda
Loaded 24900 samples
Input vocab size: 4, Output vocab size: 6
Fold 0: train=19920, val=4980
Data tensors loaded on: cuda:0
Model: transformer, params=1,243,654
  num_heads=4, num_layers=4, dropout=0.1
  batch_size=64, lr=0.001, weight_decay=0.0001, grad_clip=1.0
  lr_scheduler=warmup
Epoch 1/200 | Train Loss: 1.0204, Hit Rate: 0.0000 | Val Loss: 0.9208, Hit Rate: 0.0000
Epoch 2/200 | Train Loss: 0.8744, Hit Rate: 0.0000 | Val Loss: 0.7588, Hit Rate: 0.0000
Epoch 3/200 | Train Loss: 0.7742, Hit Rate: 0.0001 | Val Loss: 0.6776, Hit Rate: 0.0000
Epoch 4/200 | Train Loss: 0.7015, Hit Rate: 0.0002 | Val Loss: 0.6021, Hit Rate: 0.0004
Epoch 5/200 | Train Loss: 0.6143, Hit Rate: 0.0024 | Val Loss: 0.4433, Hit Rate: 0.0164
Epoch 6/200 | Train Loss: 0.4740, Hit Rate: 0.0150 | Val Loss: 0.3390, Hit Rate: 0.0429
Epoch 7/200 | Train Loss: 0.3923, Hit Rate: 0.0333 | Val Loss: 0.3011, Hit Rate: 0.0662
Epoch 8/200 | Train Loss: 0.3455, Hit Rate: 0.0508 | Val Loss: 0.2720, Hit Rate: 0.0941
Epoch 9/200 | Train Loss: 0.3121, Hit Rate: 0.0684 | Val Loss: 0.2534, Hit Rate: 0.1214
Epoch 10/200 | Train Loss: 0.2916, Hit Rate: 0.0828 | Val Loss: 0.2420, Hit Rate: 0.1405
Epoch 11/200 | Train Loss: 0.2729, Hit Rate: 0.1047 | Val Loss: 0.2327, Hit Rate: 0.1425
Epoch 12/200 | Train Loss: 0.2566, Hit Rate: 0.1204 | Val Loss: 0.2296, Hit Rate: 0.1533
Epoch 13/200 | Train Loss: 0.2443, Hit Rate: 0.1380 | Val Loss: 0.2168, Hit Rate: 0.1747
Epoch 14/200 | Train Loss: 0.2344, Hit Rate: 0.1524 | Val Loss: 0.1988, Hit Rate: 0.2112
Epoch 15/200 | Train Loss: 0.2243, Hit Rate: 0.1631 | Val Loss: 0.2012, Hit Rate: 0.2036
Epoch 16/200 | Train Loss: 0.2164, Hit Rate: 0.1819 | Val Loss: 0.1934, Hit Rate: 0.2193
Epoch 17/200 | Train Loss: 0.2070, Hit Rate: 0.1974 | Val Loss: 0.1841, Hit Rate: 0.2461
Epoch 18/200 | Train Loss: 0.2026, Hit Rate: 0.2032 | Val Loss: 0.1807, Hit Rate: 0.2578
Epoch 19/200 | Train Loss: 0.1941, Hit Rate: 0.2235 | Val Loss: 0.1795, Hit Rate: 0.2503
Epoch 20/200 | Train Loss: 0.1876, Hit Rate: 0.2355 | Val Loss: 0.1691, Hit Rate: 0.2738
Epoch 21/200 | Train Loss: 0.1818, Hit Rate: 0.2473 | Val Loss: 0.1706, Hit Rate: 0.2843
Epoch 22/200 | Train Loss: 0.1755, Hit Rate: 0.2624 | Val Loss: 0.1672, Hit Rate: 0.2905
Epoch 23/200 | Train Loss: 0.1720, Hit Rate: 0.2660 | Val Loss: 0.1728, Hit Rate: 0.2841
Epoch 24/200 | Train Loss: 0.1664, Hit Rate: 0.2852 | Val Loss: 0.1589, Hit Rate: 0.3086
Epoch 25/200 | Train Loss: 0.1595, Hit Rate: 0.2957 | Val Loss: 0.1602, Hit Rate: 0.3128
Epoch 26/200 | Train Loss: 0.1565, Hit Rate: 0.3113 | Val Loss: 0.1563, Hit Rate: 0.3303
Epoch 27/200 | Train Loss: 0.1547, Hit Rate: 0.3146 | Val Loss: 0.1540, Hit Rate: 0.3417
Epoch 28/200 | Train Loss: 0.1495, Hit Rate: 0.3279 | Val Loss: 0.1459, Hit Rate: 0.3610
Epoch 29/200 | Train Loss: 0.1449, Hit Rate: 0.3470 | Val Loss: 0.1481, Hit Rate: 0.3564
Epoch 30/200 | Train Loss: 0.1401, Hit Rate: 0.3556 | Val Loss: 0.1498, Hit Rate: 0.3533
Epoch 31/200 | Train Loss: 0.1381, Hit Rate: 0.3609 | Val Loss: 0.1422, Hit Rate: 0.3635
Epoch 32/200 | Train Loss: 0.1357, Hit Rate: 0.3728 | Val Loss: 0.1423, Hit Rate: 0.3634
Epoch 33/200 | Train Loss: 0.1329, Hit Rate: 0.3855 | Val Loss: 0.1431, Hit Rate: 0.3847
Epoch 34/200 | Train Loss: 0.1287, Hit Rate: 0.3895 | Val Loss: 0.1417, Hit Rate: 0.3733
Epoch 35/200 | Train Loss: 0.1256, Hit Rate: 0.3986 | Val Loss: 0.1405, Hit Rate: 0.3837
Epoch 36/200 | Train Loss: 0.1251, Hit Rate: 0.4037 | Val Loss: 0.1336, Hit Rate: 0.3969
Epoch 37/200 | Train Loss: 0.1217, Hit Rate: 0.4129 | Val Loss: 0.1355, Hit Rate: 0.3906
Epoch 38/200 | Train Loss: 0.1190, Hit Rate: 0.4204 | Val Loss: 0.1278, Hit Rate: 0.4085
Epoch 39/200 | Train Loss: 0.1156, Hit Rate: 0.4381 | Val Loss: 0.1317, Hit Rate: 0.4057
Epoch 40/200 | Train Loss: 0.1134, Hit Rate: 0.4391 | Val Loss: 0.1291, Hit Rate: 0.4230
Epoch 41/200 | Train Loss: 0.1131, Hit Rate: 0.4432 | Val Loss: 0.1311, Hit Rate: 0.4123
Epoch 42/200 | Train Loss: 0.1108, Hit Rate: 0.4544 | Val Loss: 0.1324, Hit Rate: 0.4103
Epoch 43/200 | Train Loss: 0.1066, Hit Rate: 0.4620 | Val Loss: 0.1252, Hit Rate: 0.4192
Epoch 44/200 | Train Loss: 0.1059, Hit Rate: 0.4684 | Val Loss: 0.1261, Hit Rate: 0.4415
Epoch 45/200 | Train Loss: 0.1039, Hit Rate: 0.4773 | Val Loss: 0.1295, Hit Rate: 0.4210
Epoch 46/200 | Train Loss: 0.1030, Hit Rate: 0.4789 | Val Loss: 0.1262, Hit Rate: 0.4397
Epoch 47/200 | Train Loss: 0.0997, Hit Rate: 0.4952 | Val Loss: 0.1237, Hit Rate: 0.4448
Epoch 48/200 | Train Loss: 0.0970, Hit Rate: 0.5011 | Val Loss: 0.1224, Hit Rate: 0.4494
Epoch 49/200 | Train Loss: 0.0984, Hit Rate: 0.4972 | Val Loss: 0.1190, Hit Rate: 0.4591
Epoch 50/200 | Train Loss: 0.0952, Hit Rate: 0.5085 | Val Loss: 0.1206, Hit Rate: 0.4472
Epoch 51/200 | Train Loss: 0.0931, Hit Rate: 0.5171 | Val Loss: 0.1239, Hit Rate: 0.4489
Epoch 52/200 | Train Loss: 0.0907, Hit Rate: 0.5273 | Val Loss: 0.1241, Hit Rate: 0.4468
Epoch 53/200 | Train Loss: 0.0901, Hit Rate: 0.5353 | Val Loss: 0.1238, Hit Rate: 0.4525
Epoch 54/200 | Train Loss: 0.0899, Hit Rate: 0.5329 | Val Loss: 0.1188, Hit Rate: 0.4651
Epoch 55/200 | Train Loss: 0.0871, Hit Rate: 0.5390 | Val Loss: 0.1238, Hit Rate: 0.4634
Epoch 56/200 | Train Loss: 0.0884, Hit Rate: 0.5417 | Val Loss: 0.1233, Hit Rate: 0.4737
Epoch 57/200 | Train Loss: 0.0856, Hit Rate: 0.5449 | Val Loss: 0.1138, Hit Rate: 0.4884
Epoch 58/200 | Train Loss: 0.0840, Hit Rate: 0.5489 | Val Loss: 0.1171, Hit Rate: 0.4603
Epoch 59/200 | Train Loss: 0.0821, Hit Rate: 0.5609 | Val Loss: 0.1169, Hit Rate: 0.4834
Epoch 60/200 | Train Loss: 0.0798, Hit Rate: 0.5693 | Val Loss: 0.1152, Hit Rate: 0.4783
Epoch 61/200 | Train Loss: 0.0793, Hit Rate: 0.5724 | Val Loss: 0.1153, Hit Rate: 0.4897
Epoch 62/200 | Train Loss: 0.0776, Hit Rate: 0.5817 | Val Loss: 0.1162, Hit Rate: 0.5002
Epoch 63/200 | Train Loss: 0.0763, Hit Rate: 0.5860 | Val Loss: 0.1149, Hit Rate: 0.4982
Epoch 64/200 | Train Loss: 0.0750, Hit Rate: 0.5871 | Val Loss: 0.1190, Hit Rate: 0.4884
Epoch 65/200 | Train Loss: 0.0736, Hit Rate: 0.5974 | Val Loss: 0.1158, Hit Rate: 0.4920
Epoch 66/200 | Train Loss: 0.0740, Hit Rate: 0.5952 | Val Loss: 0.1143, Hit Rate: 0.5096
Epoch 67/200 | Train Loss: 0.0726, Hit Rate: 0.6021 | Val Loss: 0.1133, Hit Rate: 0.5023
Epoch 68/200 | Train Loss: 0.0718, Hit Rate: 0.6086 | Val Loss: 0.1175, Hit Rate: 0.4952
Epoch 69/200 | Train Loss: 0.0715, Hit Rate: 0.6115 | Val Loss: 0.1134, Hit Rate: 0.5049
Epoch 70/200 | Train Loss: 0.0703, Hit Rate: 0.6153 | Val Loss: 0.1133, Hit Rate: 0.5053
Epoch 71/200 | Train Loss: 0.0682, Hit Rate: 0.6231 | Val Loss: 0.1130, Hit Rate: 0.5247
Epoch 72/200 | Train Loss: 0.0677, Hit Rate: 0.6238 | Val Loss: 0.1102, Hit Rate: 0.5271
Epoch 73/200 | Train Loss: 0.0675, Hit Rate: 0.6236 | Val Loss: 0.1143, Hit Rate: 0.5099
Epoch 74/200 | Train Loss: 0.0658, Hit Rate: 0.6356 | Val Loss: 0.1178, Hit Rate: 0.5165
Epoch 75/200 | Train Loss: 0.0646, Hit Rate: 0.6386 | Val Loss: 0.1065, Hit Rate: 0.5356
Epoch 76/200 | Train Loss: 0.0630, Hit Rate: 0.6435 | Val Loss: 0.1139, Hit Rate: 0.5243
Epoch 77/200 | Train Loss: 0.0623, Hit Rate: 0.6486 | Val Loss: 0.1155, Hit Rate: 0.5261
Epoch 78/200 | Train Loss: 0.0624, Hit Rate: 0.6502 | Val Loss: 0.1121, Hit Rate: 0.5297
Epoch 79/200 | Train Loss: 0.0608, Hit Rate: 0.6574 | Val Loss: 0.1111, Hit Rate: 0.5267
Epoch 80/200 | Train Loss: 0.0619, Hit Rate: 0.6540 | Val Loss: 0.1069, Hit Rate: 0.5407
Epoch 81/200 | Train Loss: 0.0591, Hit Rate: 0.6608 | Val Loss: 0.1159, Hit Rate: 0.5329
Epoch 82/200 | Train Loss: 0.0583, Hit Rate: 0.6663 | Val Loss: 0.1129, Hit Rate: 0.5261
Epoch 83/200 | Train Loss: 0.0568, Hit Rate: 0.6775 | Val Loss: 0.1160, Hit Rate: 0.5326
Epoch 84/200 | Train Loss: 0.0559, Hit Rate: 0.6823 | Val Loss: 0.1159, Hit Rate: 0.5251
Epoch 85/200 | Train Loss: 0.0568, Hit Rate: 0.6726 | Val Loss: 0.1135, Hit Rate: 0.5276
Epoch 86/200 | Train Loss: 0.0555, Hit Rate: 0.6801 | Val Loss: 0.1175, Hit Rate: 0.5267
Epoch 87/200 | Train Loss: 0.0543, Hit Rate: 0.6876 | Val Loss: 0.1115, Hit Rate: 0.5450
Epoch 88/200 | Train Loss: 0.0553, Hit Rate: 0.6823 | Val Loss: 0.1132, Hit Rate: 0.5368
Epoch 89/200 | Train Loss: 0.0530, Hit Rate: 0.6960 | Val Loss: 0.1119, Hit Rate: 0.5408
Epoch 90/200 | Train Loss: 0.0534, Hit Rate: 0.6905 | Val Loss: 0.1174, Hit Rate: 0.5407
Epoch 91/200 | Train Loss: 0.0514, Hit Rate: 0.6999 | Val Loss: 0.1144, Hit Rate: 0.5445
Epoch 92/200 | Train Loss: 0.0505, Hit Rate: 0.7035 | Val Loss: 0.1131, Hit Rate: 0.5475
Epoch 93/200 | Train Loss: 0.0501, Hit Rate: 0.7097 | Val Loss: 0.1121, Hit Rate: 0.5451
Epoch 94/200 | Train Loss: 0.0496, Hit Rate: 0.7134 | Val Loss: 0.1110, Hit Rate: 0.5479
Epoch 95/200 | Train Loss: 0.0500, Hit Rate: 0.7138 | Val Loss: 0.1134, Hit Rate: 0.5508
Epoch 96/200 | Train Loss: 0.0492, Hit Rate: 0.7140 | Val Loss: 0.1092, Hit Rate: 0.5519
Epoch 97/200 | Train Loss: 0.0480, Hit Rate: 0.7207 | Val Loss: 0.1125, Hit Rate: 0.5509
Epoch 98/200 | Train Loss: 0.0474, Hit Rate: 0.7253 | Val Loss: 0.1098, Hit Rate: 0.5533
Epoch 99/200 | Train Loss: 0.0470, Hit Rate: 0.7261 | Val Loss: 0.1103, Hit Rate: 0.5694
Epoch 100/200 | Train Loss: 0.0455, Hit Rate: 0.7268 | Val Loss: 0.1103, Hit Rate: 0.5617
Epoch 101/200 | Train Loss: 0.0454, Hit Rate: 0.7334 | Val Loss: 0.1077, Hit Rate: 0.5627
Epoch 102/200 | Train Loss: 0.0441, Hit Rate: 0.7396 | Val Loss: 0.1147, Hit Rate: 0.5570
Epoch 103/200 | Train Loss: 0.0426, Hit Rate: 0.7439 | Val Loss: 0.1117, Hit Rate: 0.5672
Epoch 104/200 | Train Loss: 0.0440, Hit Rate: 0.7404 | Val Loss: 0.1126, Hit Rate: 0.5620
Epoch 105/200 | Train Loss: 0.0430, Hit Rate: 0.7419 | Val Loss: 0.1166, Hit Rate: 0.5591
Epoch 106/200 | Train Loss: 0.0421, Hit Rate: 0.7483 | Val Loss: 0.1099, Hit Rate: 0.5712
Epoch 107/200 | Train Loss: 0.0408, Hit Rate: 0.7565 | Val Loss: 0.1128, Hit Rate: 0.5716
Epoch 108/200 | Train Loss: 0.0415, Hit Rate: 0.7507 | Val Loss: 0.1113, Hit Rate: 0.5727
Epoch 109/200 | Train Loss: 0.0415, Hit Rate: 0.7502 | Val Loss: 0.1110, Hit Rate: 0.5726
Epoch 110/200 | Train Loss: 0.0407, Hit Rate: 0.7553 | Val Loss: 0.1121, Hit Rate: 0.5647
Epoch 111/200 | Train Loss: 0.0404, Hit Rate: 0.7586 | Val Loss: 0.1104, Hit Rate: 0.5706
Epoch 112/200 | Train Loss: 0.0398, Hit Rate: 0.7653 | Val Loss: 0.1140, Hit Rate: 0.5711
Epoch 113/200 | Train Loss: 0.0387, Hit Rate: 0.7676 | Val Loss: 0.1150, Hit Rate: 0.5725
Epoch 114/200 | Train Loss: 0.0378, Hit Rate: 0.7718 | Val Loss: 0.1155, Hit Rate: 0.5665
Epoch 115/200 | Train Loss: 0.0380, Hit Rate: 0.7707 | Val Loss: 0.1127, Hit Rate: 0.5751
Epoch 116/200 | Train Loss: 0.0365, Hit Rate: 0.7763 | Val Loss: 0.1150, Hit Rate: 0.5777
Epoch 117/200 | Train Loss: 0.0365, Hit Rate: 0.7797 | Val Loss: 0.1145, Hit Rate: 0.5757
Epoch 118/200 | Train Loss: 0.0360, Hit Rate: 0.7809 | Val Loss: 0.1149, Hit Rate: 0.5795
Epoch 119/200 | Train Loss: 0.0341, Hit Rate: 0.7948 | Val Loss: 0.1151, Hit Rate: 0.5755
Epoch 120/200 | Train Loss: 0.0355, Hit Rate: 0.7817 | Val Loss: 0.1168, Hit Rate: 0.5740
Epoch 121/200 | Train Loss: 0.0352, Hit Rate: 0.7909 | Val Loss: 0.1157, Hit Rate: 0.5808
Epoch 122/200 | Train Loss: 0.0340, Hit Rate: 0.7929 | Val Loss: 0.1147, Hit Rate: 0.5844
Epoch 123/200 | Train Loss: 0.0330, Hit Rate: 0.7970 | Val Loss: 0.1160, Hit Rate: 0.5752
Epoch 124/200 | Train Loss: 0.0330, Hit Rate: 0.7969 | Val Loss: 0.1180, Hit Rate: 0.5836
Epoch 125/200 | Train Loss: 0.0331, Hit Rate: 0.7988 | Val Loss: 0.1205, Hit Rate: 0.5789
Epoch 126/200 | Train Loss: 0.0324, Hit Rate: 0.8023 | Val Loss: 0.1175, Hit Rate: 0.5801
Epoch 127/200 | Train Loss: 0.0321, Hit Rate: 0.8050 | Val Loss: 0.1142, Hit Rate: 0.5885
Epoch 128/200 | Train Loss: 0.0310, Hit Rate: 0.8071 | Val Loss: 0.1204, Hit Rate: 0.5871
Epoch 129/200 | Train Loss: 0.0301, Hit Rate: 0.8144 | Val Loss: 0.1164, Hit Rate: 0.5941
Epoch 130/200 | Train Loss: 0.0305, Hit Rate: 0.8127 | Val Loss: 0.1175, Hit Rate: 0.5865
Epoch 131/200 | Train Loss: 0.0300, Hit Rate: 0.8118 | Val Loss: 0.1141, Hit Rate: 0.5951
Epoch 132/200 | Train Loss: 0.0293, Hit Rate: 0.8208 | Val Loss: 0.1132, Hit Rate: 0.5970
Epoch 133/200 | Train Loss: 0.0289, Hit Rate: 0.8146 | Val Loss: 0.1167, Hit Rate: 0.5968
Epoch 134/200 | Train Loss: 0.0288, Hit Rate: 0.8213 | Val Loss: 0.1162, Hit Rate: 0.5929
Epoch 135/200 | Train Loss: 0.0288, Hit Rate: 0.8218 | Val Loss: 0.1163, Hit Rate: 0.5994
Epoch 136/200 | Train Loss: 0.0285, Hit Rate: 0.8227 | Val Loss: 0.1182, Hit Rate: 0.5905
Epoch 137/200 | Train Loss: 0.0283, Hit Rate: 0.8262 | Val Loss: 0.1169, Hit Rate: 0.5961
Epoch 138/200 | Train Loss: 0.0273, Hit Rate: 0.8288 | Val Loss: 0.1180, Hit Rate: 0.5981
Epoch 139/200 | Train Loss: 0.0271, Hit Rate: 0.8340 | Val Loss: 0.1208, Hit Rate: 0.5926
Epoch 140/200 | Train Loss: 0.0272, Hit Rate: 0.8319 | Val Loss: 0.1184, Hit Rate: 0.5946
Epoch 141/200 | Train Loss: 0.0267, Hit Rate: 0.8329 | Val Loss: 0.1192, Hit Rate: 0.5954
Epoch 142/200 | Train Loss: 0.0260, Hit Rate: 0.8365 | Val Loss: 0.1218, Hit Rate: 0.5892
Epoch 143/200 | Train Loss: 0.0258, Hit Rate: 0.8382 | Val Loss: 0.1208, Hit Rate: 0.6011
Epoch 144/200 | Train Loss: 0.0255, Hit Rate: 0.8435 | Val Loss: 0.1200, Hit Rate: 0.5998
Epoch 145/200 | Train Loss: 0.0254, Hit Rate: 0.8402 | Val Loss: 0.1219, Hit Rate: 0.5979
Epoch 146/200 | Train Loss: 0.0245, Hit Rate: 0.8454 | Val Loss: 0.1217, Hit Rate: 0.6035
Epoch 147/200 | Train Loss: 0.0249, Hit Rate: 0.8431 | Val Loss: 0.1191, Hit Rate: 0.5954
Epoch 148/200 | Train Loss: 0.0237, Hit Rate: 0.8519 | Val Loss: 0.1182, Hit Rate: 0.5993
Epoch 149/200 | Train Loss: 0.0242, Hit Rate: 0.8496 | Val Loss: 0.1181, Hit Rate: 0.6046
Epoch 150/200 | Train Loss: 0.0239, Hit Rate: 0.8512 | Val Loss: 0.1193, Hit Rate: 0.5995
Epoch 151/200 | Train Loss: 0.0234, Hit Rate: 0.8525 | Val Loss: 0.1236, Hit Rate: 0.5956
Epoch 152/200 | Train Loss: 0.0240, Hit Rate: 0.8503 | Val Loss: 0.1191, Hit Rate: 0.6004
Epoch 153/200 | Train Loss: 0.0232, Hit Rate: 0.8550 | Val Loss: 0.1195, Hit Rate: 0.6066
Epoch 154/200 | Train Loss: 0.0221, Hit Rate: 0.8580 | Val Loss: 0.1224, Hit Rate: 0.5970
Epoch 155/200 | Train Loss: 0.0220, Hit Rate: 0.8606 | Val Loss: 0.1229, Hit Rate: 0.5940
Epoch 156/200 | Train Loss: 0.0217, Hit Rate: 0.8633 | Val Loss: 0.1202, Hit Rate: 0.6062
Epoch 157/200 | Train Loss: 0.0221, Hit Rate: 0.8583 | Val Loss: 0.1220, Hit Rate: 0.5993
Epoch 158/200 | Train Loss: 0.0216, Hit Rate: 0.8637 | Val Loss: 0.1248, Hit Rate: 0.6067
Epoch 159/200 | Train Loss: 0.0212, Hit Rate: 0.8650 | Val Loss: 0.1222, Hit Rate: 0.6038
Epoch 160/200 | Train Loss: 0.0213, Hit Rate: 0.8641 | Val Loss: 0.1228, Hit Rate: 0.6014
Epoch 161/200 | Train Loss: 0.0211, Hit Rate: 0.8666 | Val Loss: 0.1221, Hit Rate: 0.6008
Epoch 162/200 | Train Loss: 0.0206, Hit Rate: 0.8692 | Val Loss: 0.1207, Hit Rate: 0.6048
Epoch 163/200 | Train Loss: 0.0208, Hit Rate: 0.8672 | Val Loss: 0.1220, Hit Rate: 0.6060
Epoch 164/200 | Train Loss: 0.0205, Hit Rate: 0.8691 | Val Loss: 0.1256, Hit Rate: 0.6086
Epoch 165/200 | Train Loss: 0.0204, Hit Rate: 0.8724 | Val Loss: 0.1233, Hit Rate: 0.6067
Epoch 166/200 | Train Loss: 0.0200, Hit Rate: 0.8725 | Val Loss: 0.1249, Hit Rate: 0.6089
Epoch 167/200 | Train Loss: 0.0196, Hit Rate: 0.8740 | Val Loss: 0.1246, Hit Rate: 0.6117
Epoch 168/200 | Train Loss: 0.0196, Hit Rate: 0.8746 | Val Loss: 0.1237, Hit Rate: 0.6096
Epoch 169/200 | Train Loss: 0.0194, Hit Rate: 0.8778 | Val Loss: 0.1251, Hit Rate: 0.6081
Epoch 170/200 | Train Loss: 0.0195, Hit Rate: 0.8768 | Val Loss: 0.1239, Hit Rate: 0.6088
Epoch 171/200 | Train Loss: 0.0188, Hit Rate: 0.8805 | Val Loss: 0.1252, Hit Rate: 0.6085
Epoch 172/200 | Train Loss: 0.0182, Hit Rate: 0.8822 | Val Loss: 0.1278, Hit Rate: 0.6099
Epoch 173/200 | Train Loss: 0.0184, Hit Rate: 0.8822 | Val Loss: 0.1274, Hit Rate: 0.6071
Epoch 174/200 | Train Loss: 0.0185, Hit Rate: 0.8851 | Val Loss: 0.1260, Hit Rate: 0.6067
Epoch 175/200 | Train Loss: 0.0180, Hit Rate: 0.8826 | Val Loss: 0.1275, Hit Rate: 0.6188
Epoch 176/200 | Train Loss: 0.0181, Hit Rate: 0.8860 | Val Loss: 0.1253, Hit Rate: 0.6154
Epoch 177/200 | Train Loss: 0.0183, Hit Rate: 0.8851 | Val Loss: 0.1253, Hit Rate: 0.6148
Epoch 178/200 | Train Loss: 0.0185, Hit Rate: 0.8842 | Val Loss: 0.1245, Hit Rate: 0.6167
Epoch 179/200 | Train Loss: 0.0177, Hit Rate: 0.8858 | Val Loss: 0.1262, Hit Rate: 0.6151
Epoch 180/200 | Train Loss: 0.0171, Hit Rate: 0.8897 | Val Loss: 0.1277, Hit Rate: 0.6089
Epoch 181/200 | Train Loss: 0.0174, Hit Rate: 0.8878 | Val Loss: 0.1254, Hit Rate: 0.6199
Epoch 182/200 | Train Loss: 0.0174, Hit Rate: 0.8883 | Val Loss: 0.1253, Hit Rate: 0.6204
Epoch 183/200 | Train Loss: 0.0172, Hit Rate: 0.8895 | Val Loss: 0.1259, Hit Rate: 0.6189
Epoch 184/200 | Train Loss: 0.0172, Hit Rate: 0.8915 | Val Loss: 0.1265, Hit Rate: 0.6171
Epoch 185/200 | Train Loss: 0.0174, Hit Rate: 0.8884 | Val Loss: 0.1269, Hit Rate: 0.6118
Epoch 186/200 | Train Loss: 0.0166, Hit Rate: 0.8928 | Val Loss: 0.1290, Hit Rate: 0.6126
Epoch 187/200 | Train Loss: 0.0163, Hit Rate: 0.8952 | Val Loss: 0.1295, Hit Rate: 0.6121
Epoch 188/200 | Train Loss: 0.0161, Hit Rate: 0.8971 | Val Loss: 0.1285, Hit Rate: 0.6131
Epoch 189/200 | Train Loss: 0.0165, Hit Rate: 0.8928 | Val Loss: 0.1273, Hit Rate: 0.6180
Epoch 190/200 | Train Loss: 0.0161, Hit Rate: 0.8969 | Val Loss: 0.1288, Hit Rate: 0.6127
Epoch 191/200 | Train Loss: 0.0156, Hit Rate: 0.8999 | Val Loss: 0.1309, Hit Rate: 0.6113
Epoch 192/200 | Train Loss: 0.0164, Hit Rate: 0.8963 | Val Loss: 0.1272, Hit Rate: 0.6131
Epoch 193/200 | Train Loss: 0.0157, Hit Rate: 0.9010 | Val Loss: 0.1277, Hit Rate: 0.6167
Epoch 194/200 | Train Loss: 0.0162, Hit Rate: 0.8989 | Val Loss: 0.1279, Hit Rate: 0.6181
Epoch 195/200 | Train Loss: 0.0161, Hit Rate: 0.8949 | Val Loss: 0.1312, Hit Rate: 0.6151
Epoch 196/200 | Train Loss: 0.0166, Hit Rate: 0.8964 | Val Loss: 0.1294, Hit Rate: 0.6167
Epoch 197/200 | Train Loss: 0.0165, Hit Rate: 0.8929 | Val Loss: 0.1271, Hit Rate: 0.6142
Epoch 198/200 | Train Loss: 0.0158, Hit Rate: 0.8993 | Val Loss: 0.1293, Hit Rate: 0.6163
Epoch 199/200 | Train Loss: 0.0157, Hit Rate: 0.8970 | Val Loss: 0.1294, Hit Rate: 0.6175
Epoch 200/200 | Train Loss: 0.0158, Hit Rate: 0.8963 | Val Loss: 0.1298, Hit Rate: 0.6160

Best validation hit rate: 0.6204
