Using device: cuda
Loaded 24900 samples
Input vocab size: 4, Output vocab size: 6
Fold 1: train=19920, val=4980
Data tensors loaded on: cuda:0
Model: transformer, params=1,243,654
  num_heads=4, num_layers=4, dropout=0.1
  batch_size=64, lr=0.001, weight_decay=0.0001, grad_clip=1.0
  lr_scheduler=warmup
Epoch 1/200 | Train Loss: 1.0585, Hit Rate: 0.0000 | Val Loss: 0.9333, Hit Rate: 0.0000
Epoch 2/200 | Train Loss: 0.8677, Hit Rate: 0.0000 | Val Loss: 0.7471, Hit Rate: 0.0000
Epoch 3/200 | Train Loss: 0.7648, Hit Rate: 0.0000 | Val Loss: 0.6599, Hit Rate: 0.0002
Epoch 4/200 | Train Loss: 0.6635, Hit Rate: 0.0007 | Val Loss: 0.4872, Hit Rate: 0.0162
Epoch 5/200 | Train Loss: 0.5202, Hit Rate: 0.0067 | Val Loss: 0.3746, Hit Rate: 0.0306
Epoch 6/200 | Train Loss: 0.4392, Hit Rate: 0.0182 | Val Loss: 0.3210, Hit Rate: 0.0552
Epoch 7/200 | Train Loss: 0.3746, Hit Rate: 0.0352 | Val Loss: 0.3057, Hit Rate: 0.0679
Epoch 8/200 | Train Loss: 0.3362, Hit Rate: 0.0510 | Val Loss: 0.2668, Hit Rate: 0.0989
Epoch 9/200 | Train Loss: 0.3056, Hit Rate: 0.0719 | Val Loss: 0.2524, Hit Rate: 0.1205
Epoch 10/200 | Train Loss: 0.2833, Hit Rate: 0.0939 | Val Loss: 0.2337, Hit Rate: 0.1531
Epoch 11/200 | Train Loss: 0.2657, Hit Rate: 0.1071 | Val Loss: 0.2194, Hit Rate: 0.1636
Epoch 12/200 | Train Loss: 0.2519, Hit Rate: 0.1225 | Val Loss: 0.2135, Hit Rate: 0.1854
Epoch 13/200 | Train Loss: 0.2383, Hit Rate: 0.1416 | Val Loss: 0.2043, Hit Rate: 0.1864
Epoch 14/200 | Train Loss: 0.2300, Hit Rate: 0.1546 | Val Loss: 0.1980, Hit Rate: 0.2102
Epoch 15/200 | Train Loss: 0.2186, Hit Rate: 0.1713 | Val Loss: 0.1899, Hit Rate: 0.2174
Epoch 16/200 | Train Loss: 0.2116, Hit Rate: 0.1836 | Val Loss: 0.1856, Hit Rate: 0.2238
Epoch 17/200 | Train Loss: 0.2057, Hit Rate: 0.1946 | Val Loss: 0.1827, Hit Rate: 0.2453
Epoch 18/200 | Train Loss: 0.1984, Hit Rate: 0.2069 | Val Loss: 0.1777, Hit Rate: 0.2534
Epoch 19/200 | Train Loss: 0.1895, Hit Rate: 0.2263 | Val Loss: 0.1810, Hit Rate: 0.2414
Epoch 20/200 | Train Loss: 0.1862, Hit Rate: 0.2363 | Val Loss: 0.1730, Hit Rate: 0.2587
Epoch 21/200 | Train Loss: 0.1782, Hit Rate: 0.2490 | Val Loss: 0.1670, Hit Rate: 0.2774
Epoch 22/200 | Train Loss: 0.1749, Hit Rate: 0.2633 | Val Loss: 0.1652, Hit Rate: 0.2711
Epoch 23/200 | Train Loss: 0.1681, Hit Rate: 0.2754 | Val Loss: 0.1635, Hit Rate: 0.2898
Epoch 24/200 | Train Loss: 0.1662, Hit Rate: 0.2853 | Val Loss: 0.1694, Hit Rate: 0.2549
Epoch 25/200 | Train Loss: 0.1593, Hit Rate: 0.2981 | Val Loss: 0.1546, Hit Rate: 0.3103
Epoch 26/200 | Train Loss: 0.1560, Hit Rate: 0.3117 | Val Loss: 0.1623, Hit Rate: 0.3119
Epoch 27/200 | Train Loss: 0.1527, Hit Rate: 0.3170 | Val Loss: 0.1586, Hit Rate: 0.3100
Epoch 28/200 | Train Loss: 0.1505, Hit Rate: 0.3202 | Val Loss: 0.1505, Hit Rate: 0.3360
Epoch 29/200 | Train Loss: 0.1449, Hit Rate: 0.3352 | Val Loss: 0.1483, Hit Rate: 0.3391
Epoch 30/200 | Train Loss: 0.1432, Hit Rate: 0.3462 | Val Loss: 0.1480, Hit Rate: 0.3398
Epoch 31/200 | Train Loss: 0.1383, Hit Rate: 0.3572 | Val Loss: 0.1450, Hit Rate: 0.3588
Epoch 32/200 | Train Loss: 0.1336, Hit Rate: 0.3747 | Val Loss: 0.1480, Hit Rate: 0.3509
Epoch 33/200 | Train Loss: 0.1314, Hit Rate: 0.3796 | Val Loss: 0.1381, Hit Rate: 0.3766
Epoch 34/200 | Train Loss: 0.1290, Hit Rate: 0.3877 | Val Loss: 0.1371, Hit Rate: 0.3801
Epoch 35/200 | Train Loss: 0.1253, Hit Rate: 0.3990 | Val Loss: 0.1400, Hit Rate: 0.3795
Epoch 36/200 | Train Loss: 0.1228, Hit Rate: 0.4034 | Val Loss: 0.1419, Hit Rate: 0.3716
Epoch 37/200 | Train Loss: 0.1223, Hit Rate: 0.4076 | Val Loss: 0.1325, Hit Rate: 0.4024
Epoch 38/200 | Train Loss: 0.1196, Hit Rate: 0.4136 | Val Loss: 0.1313, Hit Rate: 0.4032
Epoch 39/200 | Train Loss: 0.1179, Hit Rate: 0.4216 | Val Loss: 0.1307, Hit Rate: 0.4090
Epoch 40/200 | Train Loss: 0.1131, Hit Rate: 0.4396 | Val Loss: 0.1330, Hit Rate: 0.3925
Epoch 41/200 | Train Loss: 0.1115, Hit Rate: 0.4487 | Val Loss: 0.1299, Hit Rate: 0.4083
Epoch 42/200 | Train Loss: 0.1100, Hit Rate: 0.4506 | Val Loss: 0.1287, Hit Rate: 0.4129
Epoch 43/200 | Train Loss: 0.1079, Hit Rate: 0.4576 | Val Loss: 0.1244, Hit Rate: 0.4384
Epoch 44/200 | Train Loss: 0.1059, Hit Rate: 0.4607 | Val Loss: 0.1277, Hit Rate: 0.4214
Epoch 45/200 | Train Loss: 0.1045, Hit Rate: 0.4693 | Val Loss: 0.1316, Hit Rate: 0.4034
Epoch 46/200 | Train Loss: 0.1017, Hit Rate: 0.4785 | Val Loss: 0.1279, Hit Rate: 0.4243
Epoch 47/200 | Train Loss: 0.1005, Hit Rate: 0.4880 | Val Loss: 0.1235, Hit Rate: 0.4340
Epoch 48/200 | Train Loss: 0.0993, Hit Rate: 0.4900 | Val Loss: 0.1223, Hit Rate: 0.4527
Epoch 49/200 | Train Loss: 0.0966, Hit Rate: 0.5012 | Val Loss: 0.1206, Hit Rate: 0.4382
Epoch 50/200 | Train Loss: 0.0935, Hit Rate: 0.5120 | Val Loss: 0.1221, Hit Rate: 0.4359
Epoch 51/200 | Train Loss: 0.0932, Hit Rate: 0.5138 | Val Loss: 0.1263, Hit Rate: 0.4405
Epoch 52/200 | Train Loss: 0.0927, Hit Rate: 0.5160 | Val Loss: 0.1252, Hit Rate: 0.4513
Epoch 53/200 | Train Loss: 0.0905, Hit Rate: 0.5280 | Val Loss: 0.1236, Hit Rate: 0.4484
Epoch 54/200 | Train Loss: 0.0893, Hit Rate: 0.5320 | Val Loss: 0.1180, Hit Rate: 0.4755
Epoch 55/200 | Train Loss: 0.0868, Hit Rate: 0.5385 | Val Loss: 0.1176, Hit Rate: 0.4752
Epoch 56/200 | Train Loss: 0.0860, Hit Rate: 0.5447 | Val Loss: 0.1154, Hit Rate: 0.4698
Epoch 57/200 | Train Loss: 0.0842, Hit Rate: 0.5490 | Val Loss: 0.1206, Hit Rate: 0.4617
Epoch 58/200 | Train Loss: 0.0847, Hit Rate: 0.5464 | Val Loss: 0.1155, Hit Rate: 0.4770
Epoch 59/200 | Train Loss: 0.0810, Hit Rate: 0.5627 | Val Loss: 0.1215, Hit Rate: 0.4697
Epoch 60/200 | Train Loss: 0.0814, Hit Rate: 0.5604 | Val Loss: 0.1164, Hit Rate: 0.4824
Epoch 61/200 | Train Loss: 0.0795, Hit Rate: 0.5718 | Val Loss: 0.1186, Hit Rate: 0.4712
Epoch 62/200 | Train Loss: 0.0808, Hit Rate: 0.5695 | Val Loss: 0.1227, Hit Rate: 0.4630
Epoch 63/200 | Train Loss: 0.0782, Hit Rate: 0.5809 | Val Loss: 0.1187, Hit Rate: 0.4777
Epoch 64/200 | Train Loss: 0.0775, Hit Rate: 0.5826 | Val Loss: 0.1192, Hit Rate: 0.4774
Epoch 65/200 | Train Loss: 0.0768, Hit Rate: 0.5836 | Val Loss: 0.1168, Hit Rate: 0.4889
Epoch 66/200 | Train Loss: 0.0735, Hit Rate: 0.5961 | Val Loss: 0.1204, Hit Rate: 0.4813
Epoch 67/200 | Train Loss: 0.0728, Hit Rate: 0.6006 | Val Loss: 0.1151, Hit Rate: 0.4955
Epoch 68/200 | Train Loss: 0.0714, Hit Rate: 0.6072 | Val Loss: 0.1168, Hit Rate: 0.4908
Epoch 69/200 | Train Loss: 0.0715, Hit Rate: 0.6049 | Val Loss: 0.1122, Hit Rate: 0.5045
Epoch 70/200 | Train Loss: 0.0717, Hit Rate: 0.6038 | Val Loss: 0.1134, Hit Rate: 0.5008
Epoch 71/200 | Train Loss: 0.0690, Hit Rate: 0.6177 | Val Loss: 0.1195, Hit Rate: 0.4961
Epoch 72/200 | Train Loss: 0.0689, Hit Rate: 0.6194 | Val Loss: 0.1156, Hit Rate: 0.5041
Epoch 73/200 | Train Loss: 0.0677, Hit Rate: 0.6224 | Val Loss: 0.1124, Hit Rate: 0.5063
Epoch 74/200 | Train Loss: 0.0672, Hit Rate: 0.6238 | Val Loss: 0.1200, Hit Rate: 0.4930
Epoch 75/200 | Train Loss: 0.0655, Hit Rate: 0.6293 | Val Loss: 0.1133, Hit Rate: 0.5164
Epoch 76/200 | Train Loss: 0.0641, Hit Rate: 0.6409 | Val Loss: 0.1158, Hit Rate: 0.4970
Epoch 77/200 | Train Loss: 0.0650, Hit Rate: 0.6370 | Val Loss: 0.1143, Hit Rate: 0.5195
Epoch 78/200 | Train Loss: 0.0631, Hit Rate: 0.6440 | Val Loss: 0.1138, Hit Rate: 0.5131
Epoch 79/200 | Train Loss: 0.0616, Hit Rate: 0.6539 | Val Loss: 0.1174, Hit Rate: 0.5164
Epoch 80/200 | Train Loss: 0.0618, Hit Rate: 0.6516 | Val Loss: 0.1165, Hit Rate: 0.5122
Epoch 81/200 | Train Loss: 0.0588, Hit Rate: 0.6655 | Val Loss: 0.1166, Hit Rate: 0.5189
Epoch 82/200 | Train Loss: 0.0603, Hit Rate: 0.6590 | Val Loss: 0.1203, Hit Rate: 0.5147
Epoch 83/200 | Train Loss: 0.0593, Hit Rate: 0.6620 | Val Loss: 0.1117, Hit Rate: 0.5369
Epoch 84/200 | Train Loss: 0.0584, Hit Rate: 0.6653 | Val Loss: 0.1167, Hit Rate: 0.5116
Epoch 85/200 | Train Loss: 0.0565, Hit Rate: 0.6684 | Val Loss: 0.1177, Hit Rate: 0.5249
Epoch 86/200 | Train Loss: 0.0563, Hit Rate: 0.6803 | Val Loss: 0.1175, Hit Rate: 0.5204
Epoch 87/200 | Train Loss: 0.0558, Hit Rate: 0.6796 | Val Loss: 0.1145, Hit Rate: 0.5301
Epoch 88/200 | Train Loss: 0.0550, Hit Rate: 0.6831 | Val Loss: 0.1115, Hit Rate: 0.5354
Epoch 89/200 | Train Loss: 0.0544, Hit Rate: 0.6852 | Val Loss: 0.1144, Hit Rate: 0.5290
Epoch 90/200 | Train Loss: 0.0540, Hit Rate: 0.6890 | Val Loss: 0.1127, Hit Rate: 0.5386
Epoch 91/200 | Train Loss: 0.0528, Hit Rate: 0.6953 | Val Loss: 0.1175, Hit Rate: 0.5383
Epoch 92/200 | Train Loss: 0.0509, Hit Rate: 0.7025 | Val Loss: 0.1139, Hit Rate: 0.5266
Epoch 93/200 | Train Loss: 0.0511, Hit Rate: 0.7013 | Val Loss: 0.1141, Hit Rate: 0.5315
Epoch 94/200 | Train Loss: 0.0507, Hit Rate: 0.7062 | Val Loss: 0.1128, Hit Rate: 0.5363
Epoch 95/200 | Train Loss: 0.0510, Hit Rate: 0.7027 | Val Loss: 0.1137, Hit Rate: 0.5410
Epoch 96/200 | Train Loss: 0.0494, Hit Rate: 0.7075 | Val Loss: 0.1137, Hit Rate: 0.5328
Epoch 97/200 | Train Loss: 0.0486, Hit Rate: 0.7135 | Val Loss: 0.1128, Hit Rate: 0.5396
Epoch 98/200 | Train Loss: 0.0476, Hit Rate: 0.7204 | Val Loss: 0.1143, Hit Rate: 0.5454
Epoch 99/200 | Train Loss: 0.0464, Hit Rate: 0.7222 | Val Loss: 0.1144, Hit Rate: 0.5450
Epoch 100/200 | Train Loss: 0.0455, Hit Rate: 0.7286 | Val Loss: 0.1152, Hit Rate: 0.5412
Epoch 101/200 | Train Loss: 0.0454, Hit Rate: 0.7344 | Val Loss: 0.1113, Hit Rate: 0.5545
Epoch 102/200 | Train Loss: 0.0464, Hit Rate: 0.7243 | Val Loss: 0.1154, Hit Rate: 0.5478
Epoch 103/200 | Train Loss: 0.0444, Hit Rate: 0.7362 | Val Loss: 0.1230, Hit Rate: 0.5317
Epoch 104/200 | Train Loss: 0.0448, Hit Rate: 0.7366 | Val Loss: 0.1155, Hit Rate: 0.5418
Epoch 105/200 | Train Loss: 0.0442, Hit Rate: 0.7372 | Val Loss: 0.1172, Hit Rate: 0.5504
Epoch 106/200 | Train Loss: 0.0423, Hit Rate: 0.7473 | Val Loss: 0.1165, Hit Rate: 0.5399
Epoch 107/200 | Train Loss: 0.0429, Hit Rate: 0.7435 | Val Loss: 0.1151, Hit Rate: 0.5545
Epoch 108/200 | Train Loss: 0.0423, Hit Rate: 0.7427 | Val Loss: 0.1135, Hit Rate: 0.5549
Epoch 109/200 | Train Loss: 0.0417, Hit Rate: 0.7507 | Val Loss: 0.1184, Hit Rate: 0.5543
Epoch 110/200 | Train Loss: 0.0406, Hit Rate: 0.7584 | Val Loss: 0.1189, Hit Rate: 0.5530
Epoch 111/200 | Train Loss: 0.0409, Hit Rate: 0.7561 | Val Loss: 0.1145, Hit Rate: 0.5602
Epoch 112/200 | Train Loss: 0.0400, Hit Rate: 0.7619 | Val Loss: 0.1156, Hit Rate: 0.5622
Epoch 113/200 | Train Loss: 0.0404, Hit Rate: 0.7585 | Val Loss: 0.1117, Hit Rate: 0.5650
Epoch 114/200 | Train Loss: 0.0379, Hit Rate: 0.7710 | Val Loss: 0.1215, Hit Rate: 0.5597
Epoch 115/200 | Train Loss: 0.0389, Hit Rate: 0.7677 | Val Loss: 0.1158, Hit Rate: 0.5624
Epoch 116/200 | Train Loss: 0.0369, Hit Rate: 0.7774 | Val Loss: 0.1160, Hit Rate: 0.5591
Epoch 117/200 | Train Loss: 0.0376, Hit Rate: 0.7726 | Val Loss: 0.1184, Hit Rate: 0.5674
Epoch 118/200 | Train Loss: 0.0360, Hit Rate: 0.7802 | Val Loss: 0.1158, Hit Rate: 0.5740
Epoch 119/200 | Train Loss: 0.0355, Hit Rate: 0.7823 | Val Loss: 0.1196, Hit Rate: 0.5559
Epoch 120/200 | Train Loss: 0.0362, Hit Rate: 0.7799 | Val Loss: 0.1185, Hit Rate: 0.5741
Epoch 121/200 | Train Loss: 0.0353, Hit Rate: 0.7803 | Val Loss: 0.1162, Hit Rate: 0.5702
Epoch 122/200 | Train Loss: 0.0339, Hit Rate: 0.7913 | Val Loss: 0.1190, Hit Rate: 0.5700
Epoch 123/200 | Train Loss: 0.0344, Hit Rate: 0.7890 | Val Loss: 0.1159, Hit Rate: 0.5793
Epoch 124/200 | Train Loss: 0.0340, Hit Rate: 0.7919 | Val Loss: 0.1186, Hit Rate: 0.5731
Epoch 125/200 | Train Loss: 0.0343, Hit Rate: 0.7919 | Val Loss: 0.1187, Hit Rate: 0.5705
Epoch 126/200 | Train Loss: 0.0326, Hit Rate: 0.8006 | Val Loss: 0.1173, Hit Rate: 0.5742
Epoch 127/200 | Train Loss: 0.0321, Hit Rate: 0.8000 | Val Loss: 0.1220, Hit Rate: 0.5750
Epoch 128/200 | Train Loss: 0.0320, Hit Rate: 0.8048 | Val Loss: 0.1180, Hit Rate: 0.5709
Epoch 129/200 | Train Loss: 0.0317, Hit Rate: 0.8081 | Val Loss: 0.1206, Hit Rate: 0.5752
Epoch 130/200 | Train Loss: 0.0307, Hit Rate: 0.8109 | Val Loss: 0.1244, Hit Rate: 0.5744
Epoch 131/200 | Train Loss: 0.0310, Hit Rate: 0.8078 | Val Loss: 0.1188, Hit Rate: 0.5708
Epoch 132/200 | Train Loss: 0.0300, Hit Rate: 0.8114 | Val Loss: 0.1209, Hit Rate: 0.5824
Epoch 133/200 | Train Loss: 0.0303, Hit Rate: 0.8126 | Val Loss: 0.1225, Hit Rate: 0.5764
Epoch 134/200 | Train Loss: 0.0292, Hit Rate: 0.8182 | Val Loss: 0.1196, Hit Rate: 0.5902
Epoch 135/200 | Train Loss: 0.0292, Hit Rate: 0.8176 | Val Loss: 0.1213, Hit Rate: 0.5729
Epoch 136/200 | Train Loss: 0.0297, Hit Rate: 0.8167 | Val Loss: 0.1198, Hit Rate: 0.5762
Epoch 137/200 | Train Loss: 0.0285, Hit Rate: 0.8229 | Val Loss: 0.1226, Hit Rate: 0.5826
Epoch 138/200 | Train Loss: 0.0272, Hit Rate: 0.8316 | Val Loss: 0.1226, Hit Rate: 0.5723
Epoch 139/200 | Train Loss: 0.0274, Hit Rate: 0.8298 | Val Loss: 0.1198, Hit Rate: 0.5836
Epoch 140/200 | Train Loss: 0.0275, Hit Rate: 0.8281 | Val Loss: 0.1189, Hit Rate: 0.5886
Epoch 141/200 | Train Loss: 0.0276, Hit Rate: 0.8254 | Val Loss: 0.1220, Hit Rate: 0.5782
Epoch 142/200 | Train Loss: 0.0273, Hit Rate: 0.8310 | Val Loss: 0.1195, Hit Rate: 0.5790
Epoch 143/200 | Train Loss: 0.0265, Hit Rate: 0.8319 | Val Loss: 0.1215, Hit Rate: 0.5703
Epoch 144/200 | Train Loss: 0.0250, Hit Rate: 0.8434 | Val Loss: 0.1228, Hit Rate: 0.5802
Epoch 145/200 | Train Loss: 0.0251, Hit Rate: 0.8410 | Val Loss: 0.1235, Hit Rate: 0.5766
Epoch 146/200 | Train Loss: 0.0257, Hit Rate: 0.8410 | Val Loss: 0.1228, Hit Rate: 0.5896
Epoch 147/200 | Train Loss: 0.0255, Hit Rate: 0.8407 | Val Loss: 0.1213, Hit Rate: 0.5842
Epoch 148/200 | Train Loss: 0.0245, Hit Rate: 0.8443 | Val Loss: 0.1224, Hit Rate: 0.5946
Epoch 149/200 | Train Loss: 0.0242, Hit Rate: 0.8466 | Val Loss: 0.1249, Hit Rate: 0.5898
Epoch 150/200 | Train Loss: 0.0244, Hit Rate: 0.8459 | Val Loss: 0.1225, Hit Rate: 0.5962
Epoch 151/200 | Train Loss: 0.0245, Hit Rate: 0.8481 | Val Loss: 0.1215, Hit Rate: 0.5964
Epoch 152/200 | Train Loss: 0.0233, Hit Rate: 0.8486 | Val Loss: 0.1236, Hit Rate: 0.5982
Epoch 153/200 | Train Loss: 0.0231, Hit Rate: 0.8530 | Val Loss: 0.1243, Hit Rate: 0.6030
Epoch 154/200 | Train Loss: 0.0229, Hit Rate: 0.8551 | Val Loss: 0.1255, Hit Rate: 0.5940
Epoch 155/200 | Train Loss: 0.0222, Hit Rate: 0.8584 | Val Loss: 0.1216, Hit Rate: 0.5966
Epoch 156/200 | Train Loss: 0.0223, Hit Rate: 0.8589 | Val Loss: 0.1240, Hit Rate: 0.5982
Epoch 157/200 | Train Loss: 0.0220, Hit Rate: 0.8590 | Val Loss: 0.1276, Hit Rate: 0.5909
Epoch 158/200 | Train Loss: 0.0222, Hit Rate: 0.8609 | Val Loss: 0.1264, Hit Rate: 0.5872
Epoch 159/200 | Train Loss: 0.0216, Hit Rate: 0.8630 | Val Loss: 0.1277, Hit Rate: 0.5973
Epoch 160/200 | Train Loss: 0.0219, Hit Rate: 0.8598 | Val Loss: 0.1251, Hit Rate: 0.5911
Epoch 161/200 | Train Loss: 0.0215, Hit Rate: 0.8629 | Val Loss: 0.1252, Hit Rate: 0.5976
Epoch 162/200 | Train Loss: 0.0208, Hit Rate: 0.8674 | Val Loss: 0.1270, Hit Rate: 0.6056
Epoch 163/200 | Train Loss: 0.0208, Hit Rate: 0.8694 | Val Loss: 0.1264, Hit Rate: 0.6037
Epoch 164/200 | Train Loss: 0.0212, Hit Rate: 0.8641 | Val Loss: 0.1270, Hit Rate: 0.5969
Epoch 165/200 | Train Loss: 0.0203, Hit Rate: 0.8710 | Val Loss: 0.1250, Hit Rate: 0.6009
Epoch 166/200 | Train Loss: 0.0199, Hit Rate: 0.8714 | Val Loss: 0.1267, Hit Rate: 0.6060
Epoch 167/200 | Train Loss: 0.0200, Hit Rate: 0.8735 | Val Loss: 0.1281, Hit Rate: 0.6085
Epoch 168/200 | Train Loss: 0.0202, Hit Rate: 0.8757 | Val Loss: 0.1279, Hit Rate: 0.5975
Epoch 169/200 | Train Loss: 0.0194, Hit Rate: 0.8757 | Val Loss: 0.1247, Hit Rate: 0.6056
Epoch 170/200 | Train Loss: 0.0192, Hit Rate: 0.8780 | Val Loss: 0.1251, Hit Rate: 0.6020
Epoch 171/200 | Train Loss: 0.0189, Hit Rate: 0.8792 | Val Loss: 0.1256, Hit Rate: 0.6017
Epoch 172/200 | Train Loss: 0.0187, Hit Rate: 0.8782 | Val Loss: 0.1272, Hit Rate: 0.6040
Epoch 173/200 | Train Loss: 0.0194, Hit Rate: 0.8775 | Val Loss: 0.1266, Hit Rate: 0.6069
Epoch 174/200 | Train Loss: 0.0187, Hit Rate: 0.8798 | Val Loss: 0.1271, Hit Rate: 0.6048
Epoch 175/200 | Train Loss: 0.0181, Hit Rate: 0.8860 | Val Loss: 0.1297, Hit Rate: 0.5995
Epoch 176/200 | Train Loss: 0.0184, Hit Rate: 0.8811 | Val Loss: 0.1296, Hit Rate: 0.5934
Epoch 177/200 | Train Loss: 0.0181, Hit Rate: 0.8853 | Val Loss: 0.1310, Hit Rate: 0.6020
Epoch 178/200 | Train Loss: 0.0182, Hit Rate: 0.8844 | Val Loss: 0.1290, Hit Rate: 0.6110
Epoch 179/200 | Train Loss: 0.0177, Hit Rate: 0.8870 | Val Loss: 0.1301, Hit Rate: 0.6140
Epoch 180/200 | Train Loss: 0.0179, Hit Rate: 0.8862 | Val Loss: 0.1292, Hit Rate: 0.6070
Epoch 181/200 | Train Loss: 0.0178, Hit Rate: 0.8867 | Val Loss: 0.1303, Hit Rate: 0.6071
Epoch 182/200 | Train Loss: 0.0176, Hit Rate: 0.8858 | Val Loss: 0.1305, Hit Rate: 0.6021
Epoch 183/200 | Train Loss: 0.0180, Hit Rate: 0.8867 | Val Loss: 0.1300, Hit Rate: 0.5995
Epoch 184/200 | Train Loss: 0.0168, Hit Rate: 0.8924 | Val Loss: 0.1329, Hit Rate: 0.5991
Epoch 185/200 | Train Loss: 0.0173, Hit Rate: 0.8891 | Val Loss: 0.1308, Hit Rate: 0.6059
Epoch 186/200 | Train Loss: 0.0171, Hit Rate: 0.8899 | Val Loss: 0.1294, Hit Rate: 0.6095
Epoch 187/200 | Train Loss: 0.0169, Hit Rate: 0.8898 | Val Loss: 0.1316, Hit Rate: 0.6017
Epoch 188/200 | Train Loss: 0.0169, Hit Rate: 0.8914 | Val Loss: 0.1318, Hit Rate: 0.6084
Epoch 189/200 | Train Loss: 0.0170, Hit Rate: 0.8909 | Val Loss: 0.1309, Hit Rate: 0.6116
Epoch 190/200 | Train Loss: 0.0165, Hit Rate: 0.8927 | Val Loss: 0.1317, Hit Rate: 0.6101
Epoch 191/200 | Train Loss: 0.0167, Hit Rate: 0.8943 | Val Loss: 0.1305, Hit Rate: 0.6074
Epoch 192/200 | Train Loss: 0.0165, Hit Rate: 0.8915 | Val Loss: 0.1305, Hit Rate: 0.6083
Epoch 193/200 | Train Loss: 0.0163, Hit Rate: 0.8937 | Val Loss: 0.1328, Hit Rate: 0.6021
Epoch 194/200 | Train Loss: 0.0160, Hit Rate: 0.8964 | Val Loss: 0.1312, Hit Rate: 0.6102
Epoch 195/200 | Train Loss: 0.0159, Hit Rate: 0.8973 | Val Loss: 0.1306, Hit Rate: 0.6053
Epoch 196/200 | Train Loss: 0.0159, Hit Rate: 0.8972 | Val Loss: 0.1326, Hit Rate: 0.6123
Epoch 197/200 | Train Loss: 0.0158, Hit Rate: 0.8970 | Val Loss: 0.1321, Hit Rate: 0.6091
Epoch 198/200 | Train Loss: 0.0158, Hit Rate: 0.8978 | Val Loss: 0.1343, Hit Rate: 0.6101
Epoch 199/200 | Train Loss: 0.0158, Hit Rate: 0.8987 | Val Loss: 0.1328, Hit Rate: 0.6114
Epoch 200/200 | Train Loss: 0.0158, Hit Rate: 0.8999 | Val Loss: 0.1331, Hit Rate: 0.6057

Best validation hit rate: 0.6140
