Using device: cuda
Loaded 24900 samples
Input vocab size: 4, Output vocab size: 6
Fold 4: train=19920, val=4980
Data tensors loaded on: cuda:0
Model: transformer, params=1,243,654
  num_heads=4, num_layers=4, dropout=0.1
  batch_size=64, lr=0.001, weight_decay=0.0001, grad_clip=1.0
  lr_scheduler=warmup
Epoch 1/200 | Train Loss: 1.0184, Hit Rate: 0.0000 | Val Loss: 0.9250, Hit Rate: 0.0000
Epoch 2/200 | Train Loss: 0.8782, Hit Rate: 0.0000 | Val Loss: 0.7492, Hit Rate: 0.0000
Epoch 3/200 | Train Loss: 0.7698, Hit Rate: 0.0002 | Val Loss: 0.6790, Hit Rate: 0.0000
Epoch 4/200 | Train Loss: 0.6854, Hit Rate: 0.0003 | Val Loss: 0.5545, Hit Rate: 0.0020
Epoch 5/200 | Train Loss: 0.5490, Hit Rate: 0.0061 | Val Loss: 0.3913, Hit Rate: 0.0337
Epoch 6/200 | Train Loss: 0.4363, Hit Rate: 0.0210 | Val Loss: 0.3145, Hit Rate: 0.0684
Epoch 7/200 | Train Loss: 0.3720, Hit Rate: 0.0393 | Val Loss: 0.3036, Hit Rate: 0.0656
Epoch 8/200 | Train Loss: 0.3353, Hit Rate: 0.0545 | Val Loss: 0.2633, Hit Rate: 0.1038
Epoch 9/200 | Train Loss: 0.3091, Hit Rate: 0.0706 | Val Loss: 0.2523, Hit Rate: 0.1139
Epoch 10/200 | Train Loss: 0.2882, Hit Rate: 0.0892 | Val Loss: 0.2280, Hit Rate: 0.1524
Epoch 11/200 | Train Loss: 0.2727, Hit Rate: 0.0968 | Val Loss: 0.2179, Hit Rate: 0.1545
Epoch 12/200 | Train Loss: 0.2580, Hit Rate: 0.1170 | Val Loss: 0.2089, Hit Rate: 0.1684
Epoch 13/200 | Train Loss: 0.2450, Hit Rate: 0.1342 | Val Loss: 0.2042, Hit Rate: 0.1784
Epoch 14/200 | Train Loss: 0.2348, Hit Rate: 0.1506 | Val Loss: 0.1984, Hit Rate: 0.1859
Epoch 15/200 | Train Loss: 0.2276, Hit Rate: 0.1596 | Val Loss: 0.1947, Hit Rate: 0.2164
Epoch 16/200 | Train Loss: 0.2190, Hit Rate: 0.1759 | Val Loss: 0.1929, Hit Rate: 0.1981
Epoch 17/200 | Train Loss: 0.2084, Hit Rate: 0.1911 | Val Loss: 0.1822, Hit Rate: 0.2297
Epoch 18/200 | Train Loss: 0.2028, Hit Rate: 0.2021 | Val Loss: 0.1810, Hit Rate: 0.2312
Epoch 19/200 | Train Loss: 0.1966, Hit Rate: 0.2154 | Val Loss: 0.1722, Hit Rate: 0.2616
Epoch 20/200 | Train Loss: 0.1899, Hit Rate: 0.2260 | Val Loss: 0.1738, Hit Rate: 0.2504
Epoch 21/200 | Train Loss: 0.1850, Hit Rate: 0.2371 | Val Loss: 0.1696, Hit Rate: 0.2707
Epoch 22/200 | Train Loss: 0.1779, Hit Rate: 0.2582 | Val Loss: 0.1647, Hit Rate: 0.2751
Epoch 23/200 | Train Loss: 0.1740, Hit Rate: 0.2610 | Val Loss: 0.1681, Hit Rate: 0.2686
Epoch 24/200 | Train Loss: 0.1720, Hit Rate: 0.2704 | Val Loss: 0.1620, Hit Rate: 0.2947
Epoch 25/200 | Train Loss: 0.1639, Hit Rate: 0.2846 | Val Loss: 0.1617, Hit Rate: 0.3001
Epoch 26/200 | Train Loss: 0.1608, Hit Rate: 0.2996 | Val Loss: 0.1567, Hit Rate: 0.3064
Epoch 27/200 | Train Loss: 0.1584, Hit Rate: 0.3018 | Val Loss: 0.1562, Hit Rate: 0.3077
Epoch 28/200 | Train Loss: 0.1530, Hit Rate: 0.3119 | Val Loss: 0.1539, Hit Rate: 0.3134
Epoch 29/200 | Train Loss: 0.1490, Hit Rate: 0.3226 | Val Loss: 0.1449, Hit Rate: 0.3362
Epoch 30/200 | Train Loss: 0.1446, Hit Rate: 0.3354 | Val Loss: 0.1458, Hit Rate: 0.3340
Epoch 31/200 | Train Loss: 0.1436, Hit Rate: 0.3402 | Val Loss: 0.1490, Hit Rate: 0.3316
Epoch 32/200 | Train Loss: 0.1408, Hit Rate: 0.3503 | Val Loss: 0.1431, Hit Rate: 0.3568
Epoch 33/200 | Train Loss: 0.1372, Hit Rate: 0.3585 | Val Loss: 0.1391, Hit Rate: 0.3637
Epoch 34/200 | Train Loss: 0.1351, Hit Rate: 0.3668 | Val Loss: 0.1411, Hit Rate: 0.3621
Epoch 35/200 | Train Loss: 0.1305, Hit Rate: 0.3775 | Val Loss: 0.1400, Hit Rate: 0.3641
Epoch 36/200 | Train Loss: 0.1277, Hit Rate: 0.3864 | Val Loss: 0.1349, Hit Rate: 0.3774
Epoch 37/200 | Train Loss: 0.1261, Hit Rate: 0.3945 | Val Loss: 0.1418, Hit Rate: 0.3553
Epoch 38/200 | Train Loss: 0.1236, Hit Rate: 0.4046 | Val Loss: 0.1327, Hit Rate: 0.3925
Epoch 39/200 | Train Loss: 0.1215, Hit Rate: 0.4108 | Val Loss: 0.1360, Hit Rate: 0.3799
Epoch 40/200 | Train Loss: 0.1190, Hit Rate: 0.4164 | Val Loss: 0.1313, Hit Rate: 0.3971
Epoch 41/200 | Train Loss: 0.1159, Hit Rate: 0.4277 | Val Loss: 0.1296, Hit Rate: 0.4049
Epoch 42/200 | Train Loss: 0.1123, Hit Rate: 0.4374 | Val Loss: 0.1293, Hit Rate: 0.4243
Epoch 43/200 | Train Loss: 0.1126, Hit Rate: 0.4429 | Val Loss: 0.1332, Hit Rate: 0.3966
Epoch 44/200 | Train Loss: 0.1105, Hit Rate: 0.4494 | Val Loss: 0.1288, Hit Rate: 0.4112
Epoch 45/200 | Train Loss: 0.1088, Hit Rate: 0.4547 | Val Loss: 0.1269, Hit Rate: 0.4199
Epoch 46/200 | Train Loss: 0.1050, Hit Rate: 0.4672 | Val Loss: 0.1234, Hit Rate: 0.4254
Epoch 47/200 | Train Loss: 0.1051, Hit Rate: 0.4699 | Val Loss: 0.1258, Hit Rate: 0.4242
Epoch 48/200 | Train Loss: 0.1025, Hit Rate: 0.4749 | Val Loss: 0.1222, Hit Rate: 0.4352
Epoch 49/200 | Train Loss: 0.1008, Hit Rate: 0.4853 | Val Loss: 0.1198, Hit Rate: 0.4424
Epoch 50/200 | Train Loss: 0.0982, Hit Rate: 0.4881 | Val Loss: 0.1226, Hit Rate: 0.4385
Epoch 51/200 | Train Loss: 0.0978, Hit Rate: 0.4919 | Val Loss: 0.1193, Hit Rate: 0.4538
Epoch 52/200 | Train Loss: 0.0941, Hit Rate: 0.5094 | Val Loss: 0.1187, Hit Rate: 0.4477
Epoch 53/200 | Train Loss: 0.0943, Hit Rate: 0.5083 | Val Loss: 0.1194, Hit Rate: 0.4525
Epoch 54/200 | Train Loss: 0.0926, Hit Rate: 0.5154 | Val Loss: 0.1217, Hit Rate: 0.4560
Epoch 55/200 | Train Loss: 0.0917, Hit Rate: 0.5217 | Val Loss: 0.1203, Hit Rate: 0.4626
Epoch 56/200 | Train Loss: 0.0901, Hit Rate: 0.5231 | Val Loss: 0.1186, Hit Rate: 0.4573
Epoch 57/200 | Train Loss: 0.0870, Hit Rate: 0.5359 | Val Loss: 0.1187, Hit Rate: 0.4595
Epoch 58/200 | Train Loss: 0.0872, Hit Rate: 0.5372 | Val Loss: 0.1161, Hit Rate: 0.4763
Epoch 59/200 | Train Loss: 0.0853, Hit Rate: 0.5446 | Val Loss: 0.1160, Hit Rate: 0.4805
Epoch 60/200 | Train Loss: 0.0850, Hit Rate: 0.5470 | Val Loss: 0.1213, Hit Rate: 0.4568
Epoch 61/200 | Train Loss: 0.0850, Hit Rate: 0.5434 | Val Loss: 0.1155, Hit Rate: 0.4714
Epoch 62/200 | Train Loss: 0.0824, Hit Rate: 0.5527 | Val Loss: 0.1134, Hit Rate: 0.4770
Epoch 63/200 | Train Loss: 0.0820, Hit Rate: 0.5588 | Val Loss: 0.1162, Hit Rate: 0.4804
Epoch 64/200 | Train Loss: 0.0793, Hit Rate: 0.5698 | Val Loss: 0.1151, Hit Rate: 0.4847
Epoch 65/200 | Train Loss: 0.0780, Hit Rate: 0.5769 | Val Loss: 0.1119, Hit Rate: 0.4755
Epoch 66/200 | Train Loss: 0.0766, Hit Rate: 0.5746 | Val Loss: 0.1168, Hit Rate: 0.4902
Epoch 67/200 | Train Loss: 0.0755, Hit Rate: 0.5852 | Val Loss: 0.1137, Hit Rate: 0.4969
Epoch 68/200 | Train Loss: 0.0752, Hit Rate: 0.5828 | Val Loss: 0.1175, Hit Rate: 0.4860
Epoch 69/200 | Train Loss: 0.0739, Hit Rate: 0.5963 | Val Loss: 0.1131, Hit Rate: 0.4888
Epoch 70/200 | Train Loss: 0.0716, Hit Rate: 0.6008 | Val Loss: 0.1154, Hit Rate: 0.4924
Epoch 71/200 | Train Loss: 0.0725, Hit Rate: 0.5975 | Val Loss: 0.1113, Hit Rate: 0.5039
Epoch 72/200 | Train Loss: 0.0713, Hit Rate: 0.6030 | Val Loss: 0.1110, Hit Rate: 0.5105
Epoch 73/200 | Train Loss: 0.0689, Hit Rate: 0.6136 | Val Loss: 0.1122, Hit Rate: 0.5006
Epoch 74/200 | Train Loss: 0.0684, Hit Rate: 0.6165 | Val Loss: 0.1150, Hit Rate: 0.4988
Epoch 75/200 | Train Loss: 0.0686, Hit Rate: 0.6133 | Val Loss: 0.1098, Hit Rate: 0.5132
Epoch 76/200 | Train Loss: 0.0680, Hit Rate: 0.6179 | Val Loss: 0.1134, Hit Rate: 0.4957
Epoch 77/200 | Train Loss: 0.0655, Hit Rate: 0.6292 | Val Loss: 0.1125, Hit Rate: 0.5100
Epoch 78/200 | Train Loss: 0.0656, Hit Rate: 0.6302 | Val Loss: 0.1107, Hit Rate: 0.5138
Epoch 79/200 | Train Loss: 0.0653, Hit Rate: 0.6267 | Val Loss: 0.1065, Hit Rate: 0.5211
Epoch 80/200 | Train Loss: 0.0629, Hit Rate: 0.6439 | Val Loss: 0.1131, Hit Rate: 0.5173
Epoch 81/200 | Train Loss: 0.0633, Hit Rate: 0.6379 | Val Loss: 0.1103, Hit Rate: 0.5139
Epoch 82/200 | Train Loss: 0.0630, Hit Rate: 0.6455 | Val Loss: 0.1122, Hit Rate: 0.5199
Epoch 83/200 | Train Loss: 0.0613, Hit Rate: 0.6473 | Val Loss: 0.1093, Hit Rate: 0.5264
Epoch 84/200 | Train Loss: 0.0607, Hit Rate: 0.6541 | Val Loss: 0.1090, Hit Rate: 0.5233
Epoch 85/200 | Train Loss: 0.0604, Hit Rate: 0.6541 | Val Loss: 0.1092, Hit Rate: 0.5236
Epoch 86/200 | Train Loss: 0.0581, Hit Rate: 0.6633 | Val Loss: 0.1118, Hit Rate: 0.5193
Epoch 87/200 | Train Loss: 0.0574, Hit Rate: 0.6709 | Val Loss: 0.1102, Hit Rate: 0.5197
Epoch 88/200 | Train Loss: 0.0559, Hit Rate: 0.6719 | Val Loss: 0.1081, Hit Rate: 0.5398
Epoch 89/200 | Train Loss: 0.0564, Hit Rate: 0.6732 | Val Loss: 0.1098, Hit Rate: 0.5327
Epoch 90/200 | Train Loss: 0.0552, Hit Rate: 0.6776 | Val Loss: 0.1096, Hit Rate: 0.5320
Epoch 91/200 | Train Loss: 0.0548, Hit Rate: 0.6790 | Val Loss: 0.1102, Hit Rate: 0.5331
Epoch 92/200 | Train Loss: 0.0548, Hit Rate: 0.6793 | Val Loss: 0.1117, Hit Rate: 0.5258
Epoch 93/200 | Train Loss: 0.0535, Hit Rate: 0.6899 | Val Loss: 0.1137, Hit Rate: 0.5233
Epoch 94/200 | Train Loss: 0.0522, Hit Rate: 0.6940 | Val Loss: 0.1108, Hit Rate: 0.5423
Epoch 95/200 | Train Loss: 0.0514, Hit Rate: 0.6962 | Val Loss: 0.1077, Hit Rate: 0.5514
Epoch 96/200 | Train Loss: 0.0500, Hit Rate: 0.7061 | Val Loss: 0.1130, Hit Rate: 0.5342
Epoch 97/200 | Train Loss: 0.0496, Hit Rate: 0.7090 | Val Loss: 0.1120, Hit Rate: 0.5366
Epoch 98/200 | Train Loss: 0.0505, Hit Rate: 0.7042 | Val Loss: 0.1095, Hit Rate: 0.5524
Epoch 99/200 | Train Loss: 0.0495, Hit Rate: 0.7110 | Val Loss: 0.1075, Hit Rate: 0.5440
Epoch 100/200 | Train Loss: 0.0482, Hit Rate: 0.7159 | Val Loss: 0.1093, Hit Rate: 0.5421
Epoch 101/200 | Train Loss: 0.0478, Hit Rate: 0.7168 | Val Loss: 0.1083, Hit Rate: 0.5407
Epoch 102/200 | Train Loss: 0.0472, Hit Rate: 0.7198 | Val Loss: 0.1121, Hit Rate: 0.5438
Epoch 103/200 | Train Loss: 0.0464, Hit Rate: 0.7235 | Val Loss: 0.1053, Hit Rate: 0.5588
Epoch 104/200 | Train Loss: 0.0460, Hit Rate: 0.7293 | Val Loss: 0.1082, Hit Rate: 0.5574
Epoch 105/200 | Train Loss: 0.0461, Hit Rate: 0.7270 | Val Loss: 0.1095, Hit Rate: 0.5545
Epoch 106/200 | Train Loss: 0.0439, Hit Rate: 0.7347 | Val Loss: 0.1101, Hit Rate: 0.5500
Epoch 107/200 | Train Loss: 0.0448, Hit Rate: 0.7304 | Val Loss: 0.1104, Hit Rate: 0.5521
Epoch 108/200 | Train Loss: 0.0444, Hit Rate: 0.7361 | Val Loss: 0.1098, Hit Rate: 0.5594
Epoch 109/200 | Train Loss: 0.0431, Hit Rate: 0.7398 | Val Loss: 0.1118, Hit Rate: 0.5606
Epoch 110/200 | Train Loss: 0.0419, Hit Rate: 0.7484 | Val Loss: 0.1107, Hit Rate: 0.5486
Epoch 111/200 | Train Loss: 0.0413, Hit Rate: 0.7492 | Val Loss: 0.1109, Hit Rate: 0.5598
Epoch 112/200 | Train Loss: 0.0425, Hit Rate: 0.7445 | Val Loss: 0.1089, Hit Rate: 0.5587
Epoch 113/200 | Train Loss: 0.0410, Hit Rate: 0.7521 | Val Loss: 0.1117, Hit Rate: 0.5568
Epoch 114/200 | Train Loss: 0.0389, Hit Rate: 0.7581 | Val Loss: 0.1141, Hit Rate: 0.5550
Epoch 115/200 | Train Loss: 0.0388, Hit Rate: 0.7599 | Val Loss: 0.1153, Hit Rate: 0.5621
Epoch 116/200 | Train Loss: 0.0396, Hit Rate: 0.7567 | Val Loss: 0.1175, Hit Rate: 0.5533
Epoch 117/200 | Train Loss: 0.0388, Hit Rate: 0.7663 | Val Loss: 0.1183, Hit Rate: 0.5572
Epoch 118/200 | Train Loss: 0.0390, Hit Rate: 0.7661 | Val Loss: 0.1106, Hit Rate: 0.5582
Epoch 119/200 | Train Loss: 0.0372, Hit Rate: 0.7716 | Val Loss: 0.1115, Hit Rate: 0.5635
Epoch 120/200 | Train Loss: 0.0372, Hit Rate: 0.7736 | Val Loss: 0.1144, Hit Rate: 0.5652
Epoch 121/200 | Train Loss: 0.0362, Hit Rate: 0.7756 | Val Loss: 0.1151, Hit Rate: 0.5601
Epoch 122/200 | Train Loss: 0.0363, Hit Rate: 0.7779 | Val Loss: 0.1090, Hit Rate: 0.5734
Epoch 123/200 | Train Loss: 0.0356, Hit Rate: 0.7809 | Val Loss: 0.1119, Hit Rate: 0.5709
Epoch 124/200 | Train Loss: 0.0362, Hit Rate: 0.7835 | Val Loss: 0.1126, Hit Rate: 0.5682
Epoch 125/200 | Train Loss: 0.0346, Hit Rate: 0.7862 | Val Loss: 0.1132, Hit Rate: 0.5608
Epoch 126/200 | Train Loss: 0.0345, Hit Rate: 0.7880 | Val Loss: 0.1119, Hit Rate: 0.5673
Epoch 127/200 | Train Loss: 0.0348, Hit Rate: 0.7891 | Val Loss: 0.1110, Hit Rate: 0.5772
Epoch 128/200 | Train Loss: 0.0343, Hit Rate: 0.7879 | Val Loss: 0.1114, Hit Rate: 0.5706
Epoch 129/200 | Train Loss: 0.0325, Hit Rate: 0.8007 | Val Loss: 0.1133, Hit Rate: 0.5786
Epoch 130/200 | Train Loss: 0.0324, Hit Rate: 0.7999 | Val Loss: 0.1148, Hit Rate: 0.5738
Epoch 131/200 | Train Loss: 0.0324, Hit Rate: 0.7992 | Val Loss: 0.1132, Hit Rate: 0.5710
Epoch 132/200 | Train Loss: 0.0313, Hit Rate: 0.8067 | Val Loss: 0.1141, Hit Rate: 0.5830
Epoch 133/200 | Train Loss: 0.0326, Hit Rate: 0.7999 | Val Loss: 0.1143, Hit Rate: 0.5767
Epoch 134/200 | Train Loss: 0.0306, Hit Rate: 0.8065 | Val Loss: 0.1148, Hit Rate: 0.5711
Epoch 135/200 | Train Loss: 0.0318, Hit Rate: 0.8018 | Val Loss: 0.1135, Hit Rate: 0.5754
Epoch 136/200 | Train Loss: 0.0307, Hit Rate: 0.8106 | Val Loss: 0.1118, Hit Rate: 0.5811
Epoch 137/200 | Train Loss: 0.0297, Hit Rate: 0.8159 | Val Loss: 0.1138, Hit Rate: 0.5828
Epoch 138/200 | Train Loss: 0.0299, Hit Rate: 0.8139 | Val Loss: 0.1120, Hit Rate: 0.5752
Epoch 139/200 | Train Loss: 0.0290, Hit Rate: 0.8189 | Val Loss: 0.1138, Hit Rate: 0.5832
Epoch 140/200 | Train Loss: 0.0294, Hit Rate: 0.8178 | Val Loss: 0.1143, Hit Rate: 0.5809
Epoch 141/200 | Train Loss: 0.0277, Hit Rate: 0.8271 | Val Loss: 0.1115, Hit Rate: 0.5887
Epoch 142/200 | Train Loss: 0.0282, Hit Rate: 0.8239 | Val Loss: 0.1126, Hit Rate: 0.5885
Epoch 143/200 | Train Loss: 0.0273, Hit Rate: 0.8289 | Val Loss: 0.1158, Hit Rate: 0.5819
Epoch 144/200 | Train Loss: 0.0271, Hit Rate: 0.8285 | Val Loss: 0.1157, Hit Rate: 0.5911
Epoch 145/200 | Train Loss: 0.0270, Hit Rate: 0.8293 | Val Loss: 0.1141, Hit Rate: 0.5898
Epoch 146/200 | Train Loss: 0.0266, Hit Rate: 0.8333 | Val Loss: 0.1153, Hit Rate: 0.5871
Epoch 147/200 | Train Loss: 0.0267, Hit Rate: 0.8317 | Val Loss: 0.1168, Hit Rate: 0.5843
Epoch 148/200 | Train Loss: 0.0264, Hit Rate: 0.8347 | Val Loss: 0.1158, Hit Rate: 0.5888
Epoch 149/200 | Train Loss: 0.0255, Hit Rate: 0.8365 | Val Loss: 0.1166, Hit Rate: 0.5821
Epoch 150/200 | Train Loss: 0.0258, Hit Rate: 0.8385 | Val Loss: 0.1178, Hit Rate: 0.5948
Epoch 151/200 | Train Loss: 0.0253, Hit Rate: 0.8423 | Val Loss: 0.1148, Hit Rate: 0.5853
Epoch 152/200 | Train Loss: 0.0256, Hit Rate: 0.8410 | Val Loss: 0.1157, Hit Rate: 0.5845
Epoch 153/200 | Train Loss: 0.0247, Hit Rate: 0.8439 | Val Loss: 0.1158, Hit Rate: 0.5951
Epoch 154/200 | Train Loss: 0.0241, Hit Rate: 0.8447 | Val Loss: 0.1146, Hit Rate: 0.5944
Epoch 155/200 | Train Loss: 0.0238, Hit Rate: 0.8476 | Val Loss: 0.1146, Hit Rate: 0.5958
Epoch 156/200 | Train Loss: 0.0236, Hit Rate: 0.8483 | Val Loss: 0.1178, Hit Rate: 0.5958
Epoch 157/200 | Train Loss: 0.0236, Hit Rate: 0.8524 | Val Loss: 0.1167, Hit Rate: 0.5922
Epoch 158/200 | Train Loss: 0.0232, Hit Rate: 0.8507 | Val Loss: 0.1160, Hit Rate: 0.5978
Epoch 159/200 | Train Loss: 0.0227, Hit Rate: 0.8551 | Val Loss: 0.1207, Hit Rate: 0.5966
Epoch 160/200 | Train Loss: 0.0227, Hit Rate: 0.8563 | Val Loss: 0.1188, Hit Rate: 0.5920
Epoch 161/200 | Train Loss: 0.0223, Hit Rate: 0.8553 | Val Loss: 0.1177, Hit Rate: 0.5883
Epoch 162/200 | Train Loss: 0.0218, Hit Rate: 0.8587 | Val Loss: 0.1195, Hit Rate: 0.5909
Epoch 163/200 | Train Loss: 0.0218, Hit Rate: 0.8624 | Val Loss: 0.1222, Hit Rate: 0.5926
Epoch 164/200 | Train Loss: 0.0218, Hit Rate: 0.8604 | Val Loss: 0.1213, Hit Rate: 0.5927
Epoch 165/200 | Train Loss: 0.0215, Hit Rate: 0.8636 | Val Loss: 0.1203, Hit Rate: 0.5958
Epoch 166/200 | Train Loss: 0.0214, Hit Rate: 0.8613 | Val Loss: 0.1183, Hit Rate: 0.6005
Epoch 167/200 | Train Loss: 0.0217, Hit Rate: 0.8601 | Val Loss: 0.1180, Hit Rate: 0.6028
Epoch 168/200 | Train Loss: 0.0207, Hit Rate: 0.8651 | Val Loss: 0.1193, Hit Rate: 0.5984
Epoch 169/200 | Train Loss: 0.0204, Hit Rate: 0.8687 | Val Loss: 0.1217, Hit Rate: 0.5903
Epoch 170/200 | Train Loss: 0.0208, Hit Rate: 0.8688 | Val Loss: 0.1195, Hit Rate: 0.5906
Epoch 171/200 | Train Loss: 0.0205, Hit Rate: 0.8667 | Val Loss: 0.1195, Hit Rate: 0.5983
Epoch 172/200 | Train Loss: 0.0205, Hit Rate: 0.8695 | Val Loss: 0.1189, Hit Rate: 0.5964
Epoch 173/200 | Train Loss: 0.0194, Hit Rate: 0.8758 | Val Loss: 0.1197, Hit Rate: 0.6006
Epoch 174/200 | Train Loss: 0.0198, Hit Rate: 0.8718 | Val Loss: 0.1215, Hit Rate: 0.5984
Epoch 175/200 | Train Loss: 0.0196, Hit Rate: 0.8735 | Val Loss: 0.1200, Hit Rate: 0.5976
Epoch 176/200 | Train Loss: 0.0198, Hit Rate: 0.8754 | Val Loss: 0.1223, Hit Rate: 0.5896
Epoch 177/200 | Train Loss: 0.0197, Hit Rate: 0.8710 | Val Loss: 0.1206, Hit Rate: 0.5985
Epoch 178/200 | Train Loss: 0.0186, Hit Rate: 0.8794 | Val Loss: 0.1218, Hit Rate: 0.6020
Epoch 179/200 | Train Loss: 0.0185, Hit Rate: 0.8812 | Val Loss: 0.1244, Hit Rate: 0.6040
Epoch 180/200 | Train Loss: 0.0195, Hit Rate: 0.8754 | Val Loss: 0.1214, Hit Rate: 0.6004
Epoch 181/200 | Train Loss: 0.0185, Hit Rate: 0.8797 | Val Loss: 0.1206, Hit Rate: 0.5994
Epoch 182/200 | Train Loss: 0.0185, Hit Rate: 0.8812 | Val Loss: 0.1205, Hit Rate: 0.6029
Epoch 183/200 | Train Loss: 0.0182, Hit Rate: 0.8841 | Val Loss: 0.1209, Hit Rate: 0.6045
Epoch 184/200 | Train Loss: 0.0187, Hit Rate: 0.8788 | Val Loss: 0.1202, Hit Rate: 0.6033
Epoch 185/200 | Train Loss: 0.0181, Hit Rate: 0.8822 | Val Loss: 0.1197, Hit Rate: 0.6072
Epoch 186/200 | Train Loss: 0.0188, Hit Rate: 0.8796 | Val Loss: 0.1220, Hit Rate: 0.6052
Epoch 187/200 | Train Loss: 0.0184, Hit Rate: 0.8810 | Val Loss: 0.1196, Hit Rate: 0.6085
Epoch 188/200 | Train Loss: 0.0180, Hit Rate: 0.8828 | Val Loss: 0.1210, Hit Rate: 0.6079
Epoch 189/200 | Train Loss: 0.0177, Hit Rate: 0.8859 | Val Loss: 0.1227, Hit Rate: 0.6027
Epoch 190/200 | Train Loss: 0.0173, Hit Rate: 0.8862 | Val Loss: 0.1213, Hit Rate: 0.6058
Epoch 191/200 | Train Loss: 0.0174, Hit Rate: 0.8875 | Val Loss: 0.1219, Hit Rate: 0.6102
Epoch 192/200 | Train Loss: 0.0179, Hit Rate: 0.8857 | Val Loss: 0.1217, Hit Rate: 0.6072
Epoch 193/200 | Train Loss: 0.0172, Hit Rate: 0.8883 | Val Loss: 0.1227, Hit Rate: 0.6017
Epoch 194/200 | Train Loss: 0.0181, Hit Rate: 0.8832 | Val Loss: 0.1238, Hit Rate: 0.6013
Epoch 195/200 | Train Loss: 0.0174, Hit Rate: 0.8880 | Val Loss: 0.1237, Hit Rate: 0.6010
Epoch 196/200 | Train Loss: 0.0168, Hit Rate: 0.8922 | Val Loss: 0.1251, Hit Rate: 0.6017
Epoch 197/200 | Train Loss: 0.0169, Hit Rate: 0.8918 | Val Loss: 0.1244, Hit Rate: 0.6055
Epoch 198/200 | Train Loss: 0.0169, Hit Rate: 0.8904 | Val Loss: 0.1251, Hit Rate: 0.6081
Epoch 199/200 | Train Loss: 0.0177, Hit Rate: 0.8879 | Val Loss: 0.1231, Hit Rate: 0.6044
Epoch 200/200 | Train Loss: 0.0170, Hit Rate: 0.8895 | Val Loss: 0.1248, Hit Rate: 0.6024

Best validation hit rate: 0.6102
