Using device: cuda
Loaded 24900 samples
Input vocab size: 4, Output vocab size: 6
Fold 3: train=19920, val=4980
Data tensors loaded on: cuda:0
Model: transformer, params=1,243,654
  num_heads=4, num_layers=4, dropout=0.1
  batch_size=64, lr=0.001, weight_decay=0.0001, grad_clip=1.0
  lr_scheduler=warmup
Epoch 1/200 | Train Loss: 1.0324, Hit Rate: 0.0000 | Val Loss: 0.9298, Hit Rate: 0.0000
Epoch 2/200 | Train Loss: 0.8837, Hit Rate: 0.0000 | Val Loss: 0.7446, Hit Rate: 0.0000
Epoch 3/200 | Train Loss: 0.7734, Hit Rate: 0.0001 | Val Loss: 0.6631, Hit Rate: 0.0000
Epoch 4/200 | Train Loss: 0.6887, Hit Rate: 0.0003 | Val Loss: 0.5789, Hit Rate: 0.0004
Epoch 5/200 | Train Loss: 0.6086, Hit Rate: 0.0012 | Val Loss: 0.4554, Hit Rate: 0.0118
Epoch 6/200 | Train Loss: 0.4821, Hit Rate: 0.0144 | Val Loss: 0.3543, Hit Rate: 0.0431
Epoch 7/200 | Train Loss: 0.3903, Hit Rate: 0.0324 | Val Loss: 0.3059, Hit Rate: 0.0707
Epoch 8/200 | Train Loss: 0.3462, Hit Rate: 0.0478 | Val Loss: 0.2693, Hit Rate: 0.0945
Epoch 9/200 | Train Loss: 0.3152, Hit Rate: 0.0697 | Val Loss: 0.2557, Hit Rate: 0.1108
Epoch 10/200 | Train Loss: 0.2939, Hit Rate: 0.0830 | Val Loss: 0.2448, Hit Rate: 0.1213
Epoch 11/200 | Train Loss: 0.2753, Hit Rate: 0.1006 | Val Loss: 0.2349, Hit Rate: 0.1408
Epoch 12/200 | Train Loss: 0.2600, Hit Rate: 0.1141 | Val Loss: 0.2183, Hit Rate: 0.1694
Epoch 13/200 | Train Loss: 0.2489, Hit Rate: 0.1280 | Val Loss: 0.2233, Hit Rate: 0.1500
Epoch 14/200 | Train Loss: 0.2380, Hit Rate: 0.1454 | Val Loss: 0.2092, Hit Rate: 0.1901
Epoch 15/200 | Train Loss: 0.2279, Hit Rate: 0.1594 | Val Loss: 0.2112, Hit Rate: 0.1776
Epoch 16/200 | Train Loss: 0.2187, Hit Rate: 0.1728 | Val Loss: 0.1980, Hit Rate: 0.2074
Epoch 17/200 | Train Loss: 0.2130, Hit Rate: 0.1823 | Val Loss: 0.1928, Hit Rate: 0.2161
Epoch 18/200 | Train Loss: 0.2045, Hit Rate: 0.1961 | Val Loss: 0.1907, Hit Rate: 0.2160
Epoch 19/200 | Train Loss: 0.1982, Hit Rate: 0.2101 | Val Loss: 0.1791, Hit Rate: 0.2528
Epoch 20/200 | Train Loss: 0.1914, Hit Rate: 0.2234 | Val Loss: 0.1776, Hit Rate: 0.2381
Epoch 21/200 | Train Loss: 0.1856, Hit Rate: 0.2401 | Val Loss: 0.1729, Hit Rate: 0.2810
Epoch 22/200 | Train Loss: 0.1794, Hit Rate: 0.2558 | Val Loss: 0.1744, Hit Rate: 0.2587
Epoch 23/200 | Train Loss: 0.1769, Hit Rate: 0.2541 | Val Loss: 0.1761, Hit Rate: 0.2611
Epoch 24/200 | Train Loss: 0.1696, Hit Rate: 0.2758 | Val Loss: 0.1685, Hit Rate: 0.2672
Epoch 25/200 | Train Loss: 0.1655, Hit Rate: 0.2834 | Val Loss: 0.1692, Hit Rate: 0.2749
Epoch 26/200 | Train Loss: 0.1609, Hit Rate: 0.2920 | Val Loss: 0.1620, Hit Rate: 0.2912
Epoch 27/200 | Train Loss: 0.1582, Hit Rate: 0.3059 | Val Loss: 0.1560, Hit Rate: 0.3057
Epoch 28/200 | Train Loss: 0.1529, Hit Rate: 0.3137 | Val Loss: 0.1626, Hit Rate: 0.2987
Epoch 29/200 | Train Loss: 0.1474, Hit Rate: 0.3313 | Val Loss: 0.1669, Hit Rate: 0.2886
Epoch 30/200 | Train Loss: 0.1462, Hit Rate: 0.3330 | Val Loss: 0.1492, Hit Rate: 0.3385
Epoch 31/200 | Train Loss: 0.1423, Hit Rate: 0.3455 | Val Loss: 0.1577, Hit Rate: 0.3298
Epoch 32/200 | Train Loss: 0.1385, Hit Rate: 0.3596 | Val Loss: 0.1535, Hit Rate: 0.3323
Epoch 33/200 | Train Loss: 0.1344, Hit Rate: 0.3719 | Val Loss: 0.1517, Hit Rate: 0.3260
Epoch 34/200 | Train Loss: 0.1315, Hit Rate: 0.3778 | Val Loss: 0.1489, Hit Rate: 0.3479
Epoch 35/200 | Train Loss: 0.1314, Hit Rate: 0.3866 | Val Loss: 0.1461, Hit Rate: 0.3549
Epoch 36/200 | Train Loss: 0.1249, Hit Rate: 0.4025 | Val Loss: 0.1414, Hit Rate: 0.3560
Epoch 37/200 | Train Loss: 0.1232, Hit Rate: 0.4038 | Val Loss: 0.1421, Hit Rate: 0.3627
Epoch 38/200 | Train Loss: 0.1211, Hit Rate: 0.4098 | Val Loss: 0.1465, Hit Rate: 0.3603
Epoch 39/200 | Train Loss: 0.1186, Hit Rate: 0.4256 | Val Loss: 0.1435, Hit Rate: 0.3650
Epoch 40/200 | Train Loss: 0.1159, Hit Rate: 0.4316 | Val Loss: 0.1377, Hit Rate: 0.3846
Epoch 41/200 | Train Loss: 0.1139, Hit Rate: 0.4363 | Val Loss: 0.1375, Hit Rate: 0.3934
Epoch 42/200 | Train Loss: 0.1120, Hit Rate: 0.4467 | Val Loss: 0.1380, Hit Rate: 0.3809
Epoch 43/200 | Train Loss: 0.1089, Hit Rate: 0.4540 | Val Loss: 0.1331, Hit Rate: 0.4033
Epoch 44/200 | Train Loss: 0.1062, Hit Rate: 0.4727 | Val Loss: 0.1366, Hit Rate: 0.4079
Epoch 45/200 | Train Loss: 0.1070, Hit Rate: 0.4628 | Val Loss: 0.1321, Hit Rate: 0.4033
Epoch 46/200 | Train Loss: 0.1037, Hit Rate: 0.4698 | Val Loss: 0.1319, Hit Rate: 0.4143
Epoch 47/200 | Train Loss: 0.1016, Hit Rate: 0.4839 | Val Loss: 0.1315, Hit Rate: 0.4129
Epoch 48/200 | Train Loss: 0.0999, Hit Rate: 0.4910 | Val Loss: 0.1326, Hit Rate: 0.4114
Epoch 49/200 | Train Loss: 0.0966, Hit Rate: 0.4989 | Val Loss: 0.1263, Hit Rate: 0.4337
Epoch 50/200 | Train Loss: 0.0952, Hit Rate: 0.5059 | Val Loss: 0.1281, Hit Rate: 0.4279
Epoch 51/200 | Train Loss: 0.0934, Hit Rate: 0.5125 | Val Loss: 0.1252, Hit Rate: 0.4371
Epoch 52/200 | Train Loss: 0.0945, Hit Rate: 0.5122 | Val Loss: 0.1251, Hit Rate: 0.4371
Epoch 53/200 | Train Loss: 0.0912, Hit Rate: 0.5238 | Val Loss: 0.1290, Hit Rate: 0.4307
Epoch 54/200 | Train Loss: 0.0894, Hit Rate: 0.5288 | Val Loss: 0.1297, Hit Rate: 0.4361
Epoch 55/200 | Train Loss: 0.0886, Hit Rate: 0.5338 | Val Loss: 0.1284, Hit Rate: 0.4364
Epoch 56/200 | Train Loss: 0.0881, Hit Rate: 0.5362 | Val Loss: 0.1253, Hit Rate: 0.4558
Epoch 57/200 | Train Loss: 0.0842, Hit Rate: 0.5495 | Val Loss: 0.1238, Hit Rate: 0.4598
Epoch 58/200 | Train Loss: 0.0838, Hit Rate: 0.5539 | Val Loss: 0.1245, Hit Rate: 0.4593
Epoch 59/200 | Train Loss: 0.0825, Hit Rate: 0.5599 | Val Loss: 0.1249, Hit Rate: 0.4598
Epoch 60/200 | Train Loss: 0.0805, Hit Rate: 0.5718 | Val Loss: 0.1281, Hit Rate: 0.4493
Epoch 61/200 | Train Loss: 0.0797, Hit Rate: 0.5711 | Val Loss: 0.1276, Hit Rate: 0.4483
Epoch 62/200 | Train Loss: 0.0797, Hit Rate: 0.5748 | Val Loss: 0.1266, Hit Rate: 0.4473
Epoch 63/200 | Train Loss: 0.0777, Hit Rate: 0.5742 | Val Loss: 0.1238, Hit Rate: 0.4729
Epoch 64/200 | Train Loss: 0.0769, Hit Rate: 0.5816 | Val Loss: 0.1235, Hit Rate: 0.4660
Epoch 65/200 | Train Loss: 0.0750, Hit Rate: 0.5917 | Val Loss: 0.1203, Hit Rate: 0.4828
Epoch 66/200 | Train Loss: 0.0745, Hit Rate: 0.5922 | Val Loss: 0.1231, Hit Rate: 0.4820
Epoch 67/200 | Train Loss: 0.0720, Hit Rate: 0.6043 | Val Loss: 0.1243, Hit Rate: 0.4701
Epoch 68/200 | Train Loss: 0.0719, Hit Rate: 0.5999 | Val Loss: 0.1245, Hit Rate: 0.4699
Epoch 69/200 | Train Loss: 0.0710, Hit Rate: 0.6078 | Val Loss: 0.1207, Hit Rate: 0.4745
Epoch 70/200 | Train Loss: 0.0703, Hit Rate: 0.6165 | Val Loss: 0.1183, Hit Rate: 0.4796
Epoch 71/200 | Train Loss: 0.0688, Hit Rate: 0.6180 | Val Loss: 0.1182, Hit Rate: 0.4816
Epoch 72/200 | Train Loss: 0.0674, Hit Rate: 0.6253 | Val Loss: 0.1224, Hit Rate: 0.4805
Epoch 73/200 | Train Loss: 0.0675, Hit Rate: 0.6248 | Val Loss: 0.1212, Hit Rate: 0.4875
Epoch 74/200 | Train Loss: 0.0657, Hit Rate: 0.6357 | Val Loss: 0.1217, Hit Rate: 0.4893
Epoch 75/200 | Train Loss: 0.0649, Hit Rate: 0.6313 | Val Loss: 0.1222, Hit Rate: 0.4848
Epoch 76/200 | Train Loss: 0.0638, Hit Rate: 0.6429 | Val Loss: 0.1193, Hit Rate: 0.4956
Epoch 77/200 | Train Loss: 0.0624, Hit Rate: 0.6416 | Val Loss: 0.1200, Hit Rate: 0.4932
Epoch 78/200 | Train Loss: 0.0625, Hit Rate: 0.6461 | Val Loss: 0.1163, Hit Rate: 0.5015
Epoch 79/200 | Train Loss: 0.0609, Hit Rate: 0.6543 | Val Loss: 0.1217, Hit Rate: 0.4874
Epoch 80/200 | Train Loss: 0.0612, Hit Rate: 0.6519 | Val Loss: 0.1199, Hit Rate: 0.5027
Epoch 81/200 | Train Loss: 0.0600, Hit Rate: 0.6608 | Val Loss: 0.1189, Hit Rate: 0.4909
Epoch 82/200 | Train Loss: 0.0592, Hit Rate: 0.6624 | Val Loss: 0.1197, Hit Rate: 0.5047
Epoch 83/200 | Train Loss: 0.0581, Hit Rate: 0.6723 | Val Loss: 0.1214, Hit Rate: 0.5008
Epoch 84/200 | Train Loss: 0.0575, Hit Rate: 0.6719 | Val Loss: 0.1191, Hit Rate: 0.5068
Epoch 85/200 | Train Loss: 0.0563, Hit Rate: 0.6785 | Val Loss: 0.1184, Hit Rate: 0.5146
Epoch 86/200 | Train Loss: 0.0558, Hit Rate: 0.6788 | Val Loss: 0.1182, Hit Rate: 0.5080
Epoch 87/200 | Train Loss: 0.0557, Hit Rate: 0.6792 | Val Loss: 0.1179, Hit Rate: 0.5108
Epoch 88/200 | Train Loss: 0.0538, Hit Rate: 0.6901 | Val Loss: 0.1168, Hit Rate: 0.5140
Epoch 89/200 | Train Loss: 0.0537, Hit Rate: 0.6915 | Val Loss: 0.1240, Hit Rate: 0.5131
Epoch 90/200 | Train Loss: 0.0519, Hit Rate: 0.6983 | Val Loss: 0.1223, Hit Rate: 0.5257
Epoch 91/200 | Train Loss: 0.0527, Hit Rate: 0.6899 | Val Loss: 0.1203, Hit Rate: 0.5231
Epoch 92/200 | Train Loss: 0.0514, Hit Rate: 0.7006 | Val Loss: 0.1180, Hit Rate: 0.5259
Epoch 93/200 | Train Loss: 0.0511, Hit Rate: 0.7013 | Val Loss: 0.1201, Hit Rate: 0.5192
Epoch 94/200 | Train Loss: 0.0508, Hit Rate: 0.7055 | Val Loss: 0.1222, Hit Rate: 0.5232
Epoch 95/200 | Train Loss: 0.0480, Hit Rate: 0.7146 | Val Loss: 0.1163, Hit Rate: 0.5247
Epoch 96/200 | Train Loss: 0.0490, Hit Rate: 0.7110 | Val Loss: 0.1204, Hit Rate: 0.5133
Epoch 97/200 | Train Loss: 0.0484, Hit Rate: 0.7155 | Val Loss: 0.1195, Hit Rate: 0.5231
Epoch 98/200 | Train Loss: 0.0467, Hit Rate: 0.7225 | Val Loss: 0.1221, Hit Rate: 0.5198
Epoch 99/200 | Train Loss: 0.0471, Hit Rate: 0.7252 | Val Loss: 0.1154, Hit Rate: 0.5306
Epoch 100/200 | Train Loss: 0.0457, Hit Rate: 0.7304 | Val Loss: 0.1179, Hit Rate: 0.5264
Epoch 101/200 | Train Loss: 0.0463, Hit Rate: 0.7242 | Val Loss: 0.1198, Hit Rate: 0.5265
Epoch 102/200 | Train Loss: 0.0447, Hit Rate: 0.7361 | Val Loss: 0.1207, Hit Rate: 0.5281
Epoch 103/200 | Train Loss: 0.0431, Hit Rate: 0.7433 | Val Loss: 0.1204, Hit Rate: 0.5398
Epoch 104/200 | Train Loss: 0.0434, Hit Rate: 0.7400 | Val Loss: 0.1240, Hit Rate: 0.5195
Epoch 105/200 | Train Loss: 0.0424, Hit Rate: 0.7456 | Val Loss: 0.1224, Hit Rate: 0.5374
Epoch 106/200 | Train Loss: 0.0429, Hit Rate: 0.7454 | Val Loss: 0.1216, Hit Rate: 0.5356
Epoch 107/200 | Train Loss: 0.0415, Hit Rate: 0.7524 | Val Loss: 0.1202, Hit Rate: 0.5413
Epoch 108/200 | Train Loss: 0.0414, Hit Rate: 0.7530 | Val Loss: 0.1190, Hit Rate: 0.5466
Epoch 109/200 | Train Loss: 0.0400, Hit Rate: 0.7563 | Val Loss: 0.1226, Hit Rate: 0.5453
Epoch 110/200 | Train Loss: 0.0393, Hit Rate: 0.7659 | Val Loss: 0.1242, Hit Rate: 0.5321
Epoch 111/200 | Train Loss: 0.0399, Hit Rate: 0.7596 | Val Loss: 0.1198, Hit Rate: 0.5428
Epoch 112/200 | Train Loss: 0.0394, Hit Rate: 0.7664 | Val Loss: 0.1182, Hit Rate: 0.5604
Epoch 113/200 | Train Loss: 0.0381, Hit Rate: 0.7662 | Val Loss: 0.1222, Hit Rate: 0.5497
Epoch 114/200 | Train Loss: 0.0387, Hit Rate: 0.7675 | Val Loss: 0.1209, Hit Rate: 0.5461
Epoch 115/200 | Train Loss: 0.0371, Hit Rate: 0.7713 | Val Loss: 0.1206, Hit Rate: 0.5488
Epoch 116/200 | Train Loss: 0.0365, Hit Rate: 0.7746 | Val Loss: 0.1225, Hit Rate: 0.5521
Epoch 117/200 | Train Loss: 0.0367, Hit Rate: 0.7775 | Val Loss: 0.1228, Hit Rate: 0.5517
Epoch 118/200 | Train Loss: 0.0356, Hit Rate: 0.7819 | Val Loss: 0.1207, Hit Rate: 0.5542
Epoch 119/200 | Train Loss: 0.0360, Hit Rate: 0.7817 | Val Loss: 0.1242, Hit Rate: 0.5457
Epoch 120/200 | Train Loss: 0.0357, Hit Rate: 0.7833 | Val Loss: 0.1215, Hit Rate: 0.5423
Epoch 121/200 | Train Loss: 0.0351, Hit Rate: 0.7847 | Val Loss: 0.1216, Hit Rate: 0.5507
Epoch 122/200 | Train Loss: 0.0347, Hit Rate: 0.7895 | Val Loss: 0.1256, Hit Rate: 0.5512
Epoch 123/200 | Train Loss: 0.0338, Hit Rate: 0.7946 | Val Loss: 0.1246, Hit Rate: 0.5585
Epoch 124/200 | Train Loss: 0.0328, Hit Rate: 0.7970 | Val Loss: 0.1213, Hit Rate: 0.5643
Epoch 125/200 | Train Loss: 0.0322, Hit Rate: 0.8025 | Val Loss: 0.1256, Hit Rate: 0.5507
Epoch 126/200 | Train Loss: 0.0319, Hit Rate: 0.8033 | Val Loss: 0.1212, Hit Rate: 0.5606
Epoch 127/200 | Train Loss: 0.0320, Hit Rate: 0.8029 | Val Loss: 0.1223, Hit Rate: 0.5594
Epoch 128/200 | Train Loss: 0.0309, Hit Rate: 0.8100 | Val Loss: 0.1226, Hit Rate: 0.5575
Epoch 129/200 | Train Loss: 0.0307, Hit Rate: 0.8089 | Val Loss: 0.1206, Hit Rate: 0.5572
Epoch 130/200 | Train Loss: 0.0299, Hit Rate: 0.8161 | Val Loss: 0.1240, Hit Rate: 0.5624
Epoch 131/200 | Train Loss: 0.0298, Hit Rate: 0.8147 | Val Loss: 0.1229, Hit Rate: 0.5696
Epoch 132/200 | Train Loss: 0.0288, Hit Rate: 0.8205 | Val Loss: 0.1267, Hit Rate: 0.5665
Epoch 133/200 | Train Loss: 0.0293, Hit Rate: 0.8181 | Val Loss: 0.1220, Hit Rate: 0.5664
Epoch 134/200 | Train Loss: 0.0293, Hit Rate: 0.8173 | Val Loss: 0.1213, Hit Rate: 0.5630
Epoch 135/200 | Train Loss: 0.0283, Hit Rate: 0.8234 | Val Loss: 0.1253, Hit Rate: 0.5706
Epoch 136/200 | Train Loss: 0.0281, Hit Rate: 0.8257 | Val Loss: 0.1232, Hit Rate: 0.5725
Epoch 137/200 | Train Loss: 0.0274, Hit Rate: 0.8301 | Val Loss: 0.1254, Hit Rate: 0.5647
Epoch 138/200 | Train Loss: 0.0273, Hit Rate: 0.8268 | Val Loss: 0.1238, Hit Rate: 0.5771
Epoch 139/200 | Train Loss: 0.0259, Hit Rate: 0.8368 | Val Loss: 0.1249, Hit Rate: 0.5730
Epoch 140/200 | Train Loss: 0.0263, Hit Rate: 0.8352 | Val Loss: 0.1231, Hit Rate: 0.5742
Epoch 141/200 | Train Loss: 0.0264, Hit Rate: 0.8374 | Val Loss: 0.1249, Hit Rate: 0.5738
Epoch 142/200 | Train Loss: 0.0252, Hit Rate: 0.8412 | Val Loss: 0.1275, Hit Rate: 0.5719
Epoch 143/200 | Train Loss: 0.0260, Hit Rate: 0.8370 | Val Loss: 0.1237, Hit Rate: 0.5772
Epoch 144/200 | Train Loss: 0.0259, Hit Rate: 0.8387 | Val Loss: 0.1266, Hit Rate: 0.5640
Epoch 145/200 | Train Loss: 0.0253, Hit Rate: 0.8447 | Val Loss: 0.1277, Hit Rate: 0.5698
Epoch 146/200 | Train Loss: 0.0248, Hit Rate: 0.8431 | Val Loss: 0.1262, Hit Rate: 0.5782
Epoch 147/200 | Train Loss: 0.0237, Hit Rate: 0.8537 | Val Loss: 0.1277, Hit Rate: 0.5769
Epoch 148/200 | Train Loss: 0.0238, Hit Rate: 0.8518 | Val Loss: 0.1259, Hit Rate: 0.5794
Epoch 149/200 | Train Loss: 0.0237, Hit Rate: 0.8496 | Val Loss: 0.1259, Hit Rate: 0.5749
Epoch 150/200 | Train Loss: 0.0233, Hit Rate: 0.8541 | Val Loss: 0.1273, Hit Rate: 0.5813
Epoch 151/200 | Train Loss: 0.0239, Hit Rate: 0.8509 | Val Loss: 0.1255, Hit Rate: 0.5766
Epoch 152/200 | Train Loss: 0.0225, Hit Rate: 0.8602 | Val Loss: 0.1220, Hit Rate: 0.5838
Epoch 153/200 | Train Loss: 0.0220, Hit Rate: 0.8639 | Val Loss: 0.1290, Hit Rate: 0.5876
Epoch 154/200 | Train Loss: 0.0229, Hit Rate: 0.8574 | Val Loss: 0.1256, Hit Rate: 0.5796
Epoch 155/200 | Train Loss: 0.0215, Hit Rate: 0.8644 | Val Loss: 0.1293, Hit Rate: 0.5854
Epoch 156/200 | Train Loss: 0.0218, Hit Rate: 0.8622 | Val Loss: 0.1284, Hit Rate: 0.5886
Epoch 157/200 | Train Loss: 0.0211, Hit Rate: 0.8666 | Val Loss: 0.1290, Hit Rate: 0.5839
Epoch 158/200 | Train Loss: 0.0210, Hit Rate: 0.8671 | Val Loss: 0.1292, Hit Rate: 0.5825
Epoch 159/200 | Train Loss: 0.0211, Hit Rate: 0.8666 | Val Loss: 0.1283, Hit Rate: 0.5846
Epoch 160/200 | Train Loss: 0.0208, Hit Rate: 0.8652 | Val Loss: 0.1305, Hit Rate: 0.5809
Epoch 161/200 | Train Loss: 0.0206, Hit Rate: 0.8684 | Val Loss: 0.1300, Hit Rate: 0.5868
Epoch 162/200 | Train Loss: 0.0206, Hit Rate: 0.8691 | Val Loss: 0.1300, Hit Rate: 0.5854
Epoch 163/200 | Train Loss: 0.0196, Hit Rate: 0.8756 | Val Loss: 0.1322, Hit Rate: 0.5829
Epoch 164/200 | Train Loss: 0.0194, Hit Rate: 0.8760 | Val Loss: 0.1314, Hit Rate: 0.5766
Epoch 165/200 | Train Loss: 0.0201, Hit Rate: 0.8730 | Val Loss: 0.1303, Hit Rate: 0.5846
Epoch 166/200 | Train Loss: 0.0197, Hit Rate: 0.8754 | Val Loss: 0.1325, Hit Rate: 0.5775
Epoch 167/200 | Train Loss: 0.0187, Hit Rate: 0.8814 | Val Loss: 0.1324, Hit Rate: 0.5873
Epoch 168/200 | Train Loss: 0.0189, Hit Rate: 0.8792 | Val Loss: 0.1311, Hit Rate: 0.5923
Epoch 169/200 | Train Loss: 0.0194, Hit Rate: 0.8762 | Val Loss: 0.1307, Hit Rate: 0.5836
Epoch 170/200 | Train Loss: 0.0185, Hit Rate: 0.8810 | Val Loss: 0.1327, Hit Rate: 0.5822
Epoch 171/200 | Train Loss: 0.0177, Hit Rate: 0.8869 | Val Loss: 0.1320, Hit Rate: 0.5915
Epoch 172/200 | Train Loss: 0.0186, Hit Rate: 0.8841 | Val Loss: 0.1330, Hit Rate: 0.5886
Epoch 173/200 | Train Loss: 0.0182, Hit Rate: 0.8823 | Val Loss: 0.1334, Hit Rate: 0.5878
Epoch 174/200 | Train Loss: 0.0179, Hit Rate: 0.8851 | Val Loss: 0.1315, Hit Rate: 0.5882
Epoch 175/200 | Train Loss: 0.0175, Hit Rate: 0.8878 | Val Loss: 0.1345, Hit Rate: 0.5837
Epoch 176/200 | Train Loss: 0.0176, Hit Rate: 0.8857 | Val Loss: 0.1331, Hit Rate: 0.5886
Epoch 177/200 | Train Loss: 0.0172, Hit Rate: 0.8883 | Val Loss: 0.1361, Hit Rate: 0.5899
Epoch 178/200 | Train Loss: 0.0178, Hit Rate: 0.8878 | Val Loss: 0.1344, Hit Rate: 0.5896
Epoch 179/200 | Train Loss: 0.0169, Hit Rate: 0.8920 | Val Loss: 0.1345, Hit Rate: 0.5862
Epoch 180/200 | Train Loss: 0.0175, Hit Rate: 0.8877 | Val Loss: 0.1325, Hit Rate: 0.5876
Epoch 181/200 | Train Loss: 0.0163, Hit Rate: 0.8934 | Val Loss: 0.1368, Hit Rate: 0.5958
Epoch 182/200 | Train Loss: 0.0167, Hit Rate: 0.8935 | Val Loss: 0.1379, Hit Rate: 0.5850
Epoch 183/200 | Train Loss: 0.0162, Hit Rate: 0.8947 | Val Loss: 0.1337, Hit Rate: 0.5976
Epoch 184/200 | Train Loss: 0.0161, Hit Rate: 0.8953 | Val Loss: 0.1362, Hit Rate: 0.5899
Epoch 185/200 | Train Loss: 0.0168, Hit Rate: 0.8921 | Val Loss: 0.1340, Hit Rate: 0.5899
Epoch 186/200 | Train Loss: 0.0168, Hit Rate: 0.8941 | Val Loss: 0.1340, Hit Rate: 0.5921
Epoch 187/200 | Train Loss: 0.0158, Hit Rate: 0.8983 | Val Loss: 0.1364, Hit Rate: 0.5942
Epoch 188/200 | Train Loss: 0.0154, Hit Rate: 0.9013 | Val Loss: 0.1381, Hit Rate: 0.5889
Epoch 189/200 | Train Loss: 0.0154, Hit Rate: 0.9009 | Val Loss: 0.1370, Hit Rate: 0.5976
Epoch 190/200 | Train Loss: 0.0160, Hit Rate: 0.8974 | Val Loss: 0.1366, Hit Rate: 0.5974
Epoch 191/200 | Train Loss: 0.0164, Hit Rate: 0.8927 | Val Loss: 0.1353, Hit Rate: 0.5996
Epoch 192/200 | Train Loss: 0.0155, Hit Rate: 0.8971 | Val Loss: 0.1354, Hit Rate: 0.5979
Epoch 193/200 | Train Loss: 0.0154, Hit Rate: 0.8979 | Val Loss: 0.1377, Hit Rate: 0.5927
Epoch 194/200 | Train Loss: 0.0157, Hit Rate: 0.9009 | Val Loss: 0.1367, Hit Rate: 0.5941
Epoch 195/200 | Train Loss: 0.0152, Hit Rate: 0.9019 | Val Loss: 0.1385, Hit Rate: 0.5913
Epoch 196/200 | Train Loss: 0.0155, Hit Rate: 0.8977 | Val Loss: 0.1370, Hit Rate: 0.5897
Epoch 197/200 | Train Loss: 0.0151, Hit Rate: 0.9001 | Val Loss: 0.1368, Hit Rate: 0.5963
Epoch 198/200 | Train Loss: 0.0152, Hit Rate: 0.9033 | Val Loss: 0.1368, Hit Rate: 0.5954
Epoch 199/200 | Train Loss: 0.0155, Hit Rate: 0.9000 | Val Loss: 0.1364, Hit Rate: 0.5957
Epoch 200/200 | Train Loss: 0.0147, Hit Rate: 0.9056 | Val Loss: 0.1353, Hit Rate: 0.6001

Best validation hit rate: 0.6001
