Using device: cuda
Loaded 24900 samples
Input vocab size: 4, Output vocab size: 6
Fold 4: train=19920, val=4980
Model: cnn, params=247,942
Epoch 1/100 | Train Loss: 1.1487, Hit Rate: 0.0000 | Val Loss: 0.9570, Hit Rate: 0.0000
Epoch 2/100 | Train Loss: 0.9222, Hit Rate: 0.0000 | Val Loss: 0.8756, Hit Rate: 0.0000
Epoch 3/100 | Train Loss: 0.8498, Hit Rate: 0.0000 | Val Loss: 0.7926, Hit Rate: 0.0000
Epoch 4/100 | Train Loss: 0.7375, Hit Rate: 0.0004 | Val Loss: 0.6756, Hit Rate: 0.0000
Epoch 5/100 | Train Loss: 0.6450, Hit Rate: 0.0009 | Val Loss: 0.8254, Hit Rate: 0.0000
Epoch 6/100 | Train Loss: 0.5931, Hit Rate: 0.0022 | Val Loss: 0.5936, Hit Rate: 0.0004
Epoch 7/100 | Train Loss: 0.5642, Hit Rate: 0.0028 | Val Loss: 0.5449, Hit Rate: 0.0032
Epoch 8/100 | Train Loss: 0.5240, Hit Rate: 0.0038 | Val Loss: 0.5595, Hit Rate: 0.0030
Epoch 9/100 | Train Loss: 0.5187, Hit Rate: 0.0046 | Val Loss: 0.5055, Hit Rate: 0.0044
Epoch 10/100 | Train Loss: 0.4988, Hit Rate: 0.0062 | Val Loss: 0.6130, Hit Rate: 0.0010
Epoch 11/100 | Train Loss: 0.4804, Hit Rate: 0.0087 | Val Loss: 0.5041, Hit Rate: 0.0024
Epoch 12/100 | Train Loss: 0.4649, Hit Rate: 0.0098 | Val Loss: 0.4772, Hit Rate: 0.0076
Epoch 13/100 | Train Loss: 0.4596, Hit Rate: 0.0114 | Val Loss: 0.4675, Hit Rate: 0.0062
Epoch 14/100 | Train Loss: 0.4346, Hit Rate: 0.0141 | Val Loss: 0.4861, Hit Rate: 0.0048
Epoch 15/100 | Train Loss: 0.4242, Hit Rate: 0.0169 | Val Loss: 0.4559, Hit Rate: 0.0088
Epoch 16/100 | Train Loss: 0.4286, Hit Rate: 0.0180 | Val Loss: 0.4375, Hit Rate: 0.0102
Epoch 17/100 | Train Loss: 0.4023, Hit Rate: 0.0211 | Val Loss: 0.4391, Hit Rate: 0.0168
Epoch 18/100 | Train Loss: 0.4041, Hit Rate: 0.0237 | Val Loss: 0.4242, Hit Rate: 0.0092
Epoch 19/100 | Train Loss: 0.3852, Hit Rate: 0.0282 | Val Loss: 0.4385, Hit Rate: 0.0096
Epoch 20/100 | Train Loss: 0.3843, Hit Rate: 0.0317 | Val Loss: 0.4302, Hit Rate: 0.0142
Epoch 21/100 | Train Loss: 0.3657, Hit Rate: 0.0377 | Val Loss: 0.4880, Hit Rate: 0.0080
Epoch 22/100 | Train Loss: 0.3741, Hit Rate: 0.0385 | Val Loss: 0.4269, Hit Rate: 0.0114
Epoch 23/100 | Train Loss: 0.3539, Hit Rate: 0.0442 | Val Loss: 0.4100, Hit Rate: 0.0190
Epoch 24/100 | Train Loss: 0.3465, Hit Rate: 0.0477 | Val Loss: 0.4013, Hit Rate: 0.0136
Epoch 25/100 | Train Loss: 0.3534, Hit Rate: 0.0483 | Val Loss: 0.4193, Hit Rate: 0.0168
Epoch 26/100 | Train Loss: 0.3351, Hit Rate: 0.0527 | Val Loss: 0.4302, Hit Rate: 0.0118
Epoch 27/100 | Train Loss: 0.3410, Hit Rate: 0.0531 | Val Loss: 0.4003, Hit Rate: 0.0134
Epoch 28/100 | Train Loss: 0.3257, Hit Rate: 0.0588 | Val Loss: 0.3968, Hit Rate: 0.0238
Epoch 29/100 | Train Loss: 0.3230, Hit Rate: 0.0596 | Val Loss: 0.4121, Hit Rate: 0.0174
Epoch 30/100 | Train Loss: 0.3372, Hit Rate: 0.0569 | Val Loss: 0.3837, Hit Rate: 0.0167
Epoch 31/100 | Train Loss: 0.3122, Hit Rate: 0.0686 | Val Loss: 0.4057, Hit Rate: 0.0164
Epoch 32/100 | Train Loss: 0.3252, Hit Rate: 0.0656 | Val Loss: 0.3801, Hit Rate: 0.0198
Epoch 33/100 | Train Loss: 0.3056, Hit Rate: 0.0741 | Val Loss: 0.4273, Hit Rate: 0.0154
Epoch 34/100 | Train Loss: 0.3071, Hit Rate: 0.0738 | Val Loss: 0.3754, Hit Rate: 0.0236
Epoch 35/100 | Train Loss: 0.3172, Hit Rate: 0.0711 | Val Loss: 0.3865, Hit Rate: 0.0163
Epoch 36/100 | Train Loss: 0.2926, Hit Rate: 0.0862 | Val Loss: 0.3780, Hit Rate: 0.0260
Epoch 37/100 | Train Loss: 0.2955, Hit Rate: 0.0811 | Val Loss: 0.4347, Hit Rate: 0.0176
Epoch 38/100 | Train Loss: 0.3002, Hit Rate: 0.0851 | Val Loss: 0.3966, Hit Rate: 0.0260
Epoch 39/100 | Train Loss: 0.2856, Hit Rate: 0.0915 | Val Loss: 0.3757, Hit Rate: 0.0232
Epoch 40/100 | Train Loss: 0.2845, Hit Rate: 0.0919 | Val Loss: 0.4036, Hit Rate: 0.0176
Epoch 41/100 | Train Loss: 0.2943, Hit Rate: 0.0918 | Val Loss: 0.3892, Hit Rate: 0.0252
Epoch 42/100 | Train Loss: 0.2795, Hit Rate: 0.0985 | Val Loss: 0.3772, Hit Rate: 0.0184
Epoch 43/100 | Train Loss: 0.2848, Hit Rate: 0.0949 | Val Loss: 0.3875, Hit Rate: 0.0258
Epoch 44/100 | Train Loss: 0.2782, Hit Rate: 0.1078 | Val Loss: 0.5112, Hit Rate: 0.0074
Epoch 45/100 | Train Loss: 0.2830, Hit Rate: 0.1017 | Val Loss: 0.3873, Hit Rate: 0.0182
Epoch 46/100 | Train Loss: 0.2717, Hit Rate: 0.1095 | Val Loss: 0.3898, Hit Rate: 0.0229
Epoch 47/100 | Train Loss: 0.2785, Hit Rate: 0.1082 | Val Loss: 0.4022, Hit Rate: 0.0230
Epoch 48/100 | Train Loss: 0.2715, Hit Rate: 0.1153 | Val Loss: 0.3754, Hit Rate: 0.0220
Epoch 49/100 | Train Loss: 0.2646, Hit Rate: 0.1138 | Val Loss: 0.3797, Hit Rate: 0.0266
Epoch 50/100 | Train Loss: 0.2730, Hit Rate: 0.1090 | Val Loss: 0.4160, Hit Rate: 0.0250
Epoch 51/100 | Train Loss: 0.2650, Hit Rate: 0.1165 | Val Loss: 0.4077, Hit Rate: 0.0184
Epoch 52/100 | Train Loss: 0.2647, Hit Rate: 0.1218 | Val Loss: 0.3886, Hit Rate: 0.0242
Epoch 53/100 | Train Loss: 0.2716, Hit Rate: 0.1174 | Val Loss: 0.4009, Hit Rate: 0.0230
Epoch 54/100 | Train Loss: 0.2592, Hit Rate: 0.1236 | Val Loss: 0.4047, Hit Rate: 0.0242
Epoch 55/100 | Train Loss: 0.2611, Hit Rate: 0.1237 | Val Loss: 0.3897, Hit Rate: 0.0236
Epoch 56/100 | Train Loss: 0.2562, Hit Rate: 0.1288 | Val Loss: 0.3757, Hit Rate: 0.0306
Epoch 57/100 | Train Loss: 0.2550, Hit Rate: 0.1317 | Val Loss: 0.3829, Hit Rate: 0.0240
Epoch 58/100 | Train Loss: 0.2604, Hit Rate: 0.1283 | Val Loss: 0.3919, Hit Rate: 0.0286
Epoch 59/100 | Train Loss: 0.2541, Hit Rate: 0.1333 | Val Loss: 0.3986, Hit Rate: 0.0205
Epoch 60/100 | Train Loss: 0.2501, Hit Rate: 0.1382 | Val Loss: 0.3859, Hit Rate: 0.0226
Epoch 61/100 | Train Loss: 0.2489, Hit Rate: 0.1373 | Val Loss: 0.4128, Hit Rate: 0.0234
Epoch 62/100 | Train Loss: 0.2509, Hit Rate: 0.1369 | Val Loss: 0.4079, Hit Rate: 0.0194
Epoch 63/100 | Train Loss: 0.2578, Hit Rate: 0.1333 | Val Loss: 0.3788, Hit Rate: 0.0270
Epoch 64/100 | Train Loss: 0.2441, Hit Rate: 0.1456 | Val Loss: 0.4079, Hit Rate: 0.0288
Epoch 65/100 | Train Loss: 0.2467, Hit Rate: 0.1432 | Val Loss: 0.3998, Hit Rate: 0.0274
Epoch 66/100 | Train Loss: 0.2462, Hit Rate: 0.1426 | Val Loss: 0.3841, Hit Rate: 0.0258
Epoch 67/100 | Train Loss: 0.2424, Hit Rate: 0.1481 | Val Loss: 0.4097, Hit Rate: 0.0173
Epoch 68/100 | Train Loss: 0.2413, Hit Rate: 0.1483 | Val Loss: 0.3926, Hit Rate: 0.0202
Epoch 69/100 | Train Loss: 0.2511, Hit Rate: 0.1442 | Val Loss: 0.4196, Hit Rate: 0.0204
Epoch 70/100 | Train Loss: 0.2380, Hit Rate: 0.1519 | Val Loss: 0.3891, Hit Rate: 0.0198
Epoch 71/100 | Train Loss: 0.2389, Hit Rate: 0.1531 | Val Loss: 0.4123, Hit Rate: 0.0242
Epoch 72/100 | Train Loss: 0.2372, Hit Rate: 0.1563 | Val Loss: 0.3957, Hit Rate: 0.0266
Epoch 73/100 | Train Loss: 0.2391, Hit Rate: 0.1521 | Val Loss: 0.4030, Hit Rate: 0.0234
Epoch 74/100 | Train Loss: 0.2441, Hit Rate: 0.1491 | Val Loss: 0.4015, Hit Rate: 0.0268
Epoch 75/100 | Train Loss: 0.2339, Hit Rate: 0.1633 | Val Loss: 0.3919, Hit Rate: 0.0203
Epoch 76/100 | Train Loss: 0.2362, Hit Rate: 0.1577 | Val Loss: 0.4648, Hit Rate: 0.0140
Epoch 77/100 | Train Loss: 0.2342, Hit Rate: 0.1628 | Val Loss: 0.4141, Hit Rate: 0.0242
Epoch 78/100 | Train Loss: 0.2463, Hit Rate: 0.1504 | Val Loss: 0.3916, Hit Rate: 0.0298
Epoch 79/100 | Train Loss: 0.2305, Hit Rate: 0.1699 | Val Loss: 0.4197, Hit Rate: 0.0220
Epoch 80/100 | Train Loss: 0.2302, Hit Rate: 0.1642 | Val Loss: 0.4037, Hit Rate: 0.0284
Epoch 81/100 | Train Loss: 0.2329, Hit Rate: 0.1616 | Val Loss: 0.4005, Hit Rate: 0.0270
Epoch 82/100 | Train Loss: 0.2306, Hit Rate: 0.1674 | Val Loss: 0.4149, Hit Rate: 0.0182
Epoch 83/100 | Train Loss: 0.2499, Hit Rate: 0.1495 | Val Loss: 0.3793, Hit Rate: 0.0319
Epoch 84/100 | Train Loss: 0.2213, Hit Rate: 0.1787 | Val Loss: 0.4364, Hit Rate: 0.0161
Epoch 85/100 | Train Loss: 0.2247, Hit Rate: 0.1783 | Val Loss: 0.3989, Hit Rate: 0.0274
Epoch 86/100 | Train Loss: 0.2319, Hit Rate: 0.1663 | Val Loss: 0.4043, Hit Rate: 0.0298
Epoch 87/100 | Train Loss: 0.2287, Hit Rate: 0.1695 | Val Loss: 0.3944, Hit Rate: 0.0291
Epoch 88/100 | Train Loss: 0.2280, Hit Rate: 0.1680 | Val Loss: 0.3940, Hit Rate: 0.0198
Epoch 89/100 | Train Loss: 0.2289, Hit Rate: 0.1681 | Val Loss: 0.4082, Hit Rate: 0.0206
Epoch 90/100 | Train Loss: 0.2220, Hit Rate: 0.1814 | Val Loss: 0.4147, Hit Rate: 0.0238
Epoch 91/100 | Train Loss: 0.2226, Hit Rate: 0.1769 | Val Loss: 0.4771, Hit Rate: 0.0148
Epoch 92/100 | Train Loss: 0.2286, Hit Rate: 0.1706 | Val Loss: 0.4089, Hit Rate: 0.0208
Epoch 93/100 | Train Loss: 0.2241, Hit Rate: 0.1757 | Val Loss: 0.4177, Hit Rate: 0.0154
Epoch 94/100 | Train Loss: 0.2224, Hit Rate: 0.1846 | Val Loss: 0.4101, Hit Rate: 0.0235
Epoch 95/100 | Train Loss: 0.2289, Hit Rate: 0.1740 | Val Loss: 0.3910, Hit Rate: 0.0255
Epoch 96/100 | Train Loss: 0.2213, Hit Rate: 0.1802 | Val Loss: 0.3973, Hit Rate: 0.0216
Epoch 97/100 | Train Loss: 0.2230, Hit Rate: 0.1805 | Val Loss: 0.4171, Hit Rate: 0.0172
Epoch 98/100 | Train Loss: 0.2283, Hit Rate: 0.1747 | Val Loss: 0.3919, Hit Rate: 0.0218
Epoch 99/100 | Train Loss: 0.2308, Hit Rate: 0.1812 | Val Loss: 0.4214, Hit Rate: 0.0237
Epoch 100/100 | Train Loss: 0.2156, Hit Rate: 0.1916 | Val Loss: 0.4182, Hit Rate: 0.0233

Best validation hit rate: 0.0319
