Using device: cuda
Loaded 24900 samples
Input vocab size: 4, Output vocab size: 6
Fold 0: train=19920, val=4980
Model: cnn, params=247,942
Epoch 1/100 | Train Loss: 1.0878, Hit Rate: 0.0000 | Val Loss: 0.9183, Hit Rate: 0.0000
Epoch 2/100 | Train Loss: 0.8575, Hit Rate: 0.0001 | Val Loss: 0.7806, Hit Rate: 0.0000
Epoch 3/100 | Train Loss: 0.7021, Hit Rate: 0.0001 | Val Loss: 0.6634, Hit Rate: 0.0032
Epoch 4/100 | Train Loss: 0.6205, Hit Rate: 0.0003 | Val Loss: 0.6408, Hit Rate: 0.0004
Epoch 5/100 | Train Loss: 0.5876, Hit Rate: 0.0008 | Val Loss: 0.5647, Hit Rate: 0.0030
Epoch 6/100 | Train Loss: 0.5361, Hit Rate: 0.0022 | Val Loss: 0.5520, Hit Rate: 0.0036
Epoch 7/100 | Train Loss: 0.5052, Hit Rate: 0.0047 | Val Loss: 0.5353, Hit Rate: 0.0088
Epoch 8/100 | Train Loss: 0.5020, Hit Rate: 0.0074 | Val Loss: 0.4955, Hit Rate: 0.0094
Epoch 9/100 | Train Loss: 0.4662, Hit Rate: 0.0110 | Val Loss: 0.5844, Hit Rate: 0.0052
Epoch 10/100 | Train Loss: 0.4541, Hit Rate: 0.0130 | Val Loss: 0.4792, Hit Rate: 0.0072
Epoch 11/100 | Train Loss: 0.4258, Hit Rate: 0.0186 | Val Loss: 0.4700, Hit Rate: 0.0094
Epoch 12/100 | Train Loss: 0.4145, Hit Rate: 0.0206 | Val Loss: 0.4666, Hit Rate: 0.0106
Epoch 13/100 | Train Loss: 0.4189, Hit Rate: 0.0218 | Val Loss: 0.4639, Hit Rate: 0.0058
Epoch 14/100 | Train Loss: 0.3952, Hit Rate: 0.0283 | Val Loss: 0.4873, Hit Rate: 0.0064
Epoch 15/100 | Train Loss: 0.3990, Hit Rate: 0.0279 | Val Loss: 0.4569, Hit Rate: 0.0098
Epoch 16/100 | Train Loss: 0.3779, Hit Rate: 0.0330 | Val Loss: 0.4277, Hit Rate: 0.0146
Epoch 17/100 | Train Loss: 0.3745, Hit Rate: 0.0389 | Val Loss: 0.4626, Hit Rate: 0.0172
Epoch 18/100 | Train Loss: 0.3702, Hit Rate: 0.0393 | Val Loss: 0.7785, Hit Rate: 0.0024
Epoch 19/100 | Train Loss: 0.3776, Hit Rate: 0.0373 | Val Loss: 0.4212, Hit Rate: 0.0168
Epoch 20/100 | Train Loss: 0.3526, Hit Rate: 0.0479 | Val Loss: 0.4324, Hit Rate: 0.0146
Epoch 21/100 | Train Loss: 0.3653, Hit Rate: 0.0449 | Val Loss: 0.4170, Hit Rate: 0.0242
Epoch 22/100 | Train Loss: 0.3404, Hit Rate: 0.0538 | Val Loss: 0.4098, Hit Rate: 0.0168
Epoch 23/100 | Train Loss: 0.3394, Hit Rate: 0.0573 | Val Loss: 0.4300, Hit Rate: 0.0140
Epoch 24/100 | Train Loss: 0.3493, Hit Rate: 0.0528 | Val Loss: 0.4158, Hit Rate: 0.0212
Epoch 25/100 | Train Loss: 0.3280, Hit Rate: 0.0650 | Val Loss: 0.4281, Hit Rate: 0.0114
Epoch 26/100 | Train Loss: 0.3258, Hit Rate: 0.0630 | Val Loss: 0.4094, Hit Rate: 0.0204
Epoch 27/100 | Train Loss: 0.3217, Hit Rate: 0.0670 | Val Loss: 0.4132, Hit Rate: 0.0120
Epoch 28/100 | Train Loss: 0.3312, Hit Rate: 0.0653 | Val Loss: 0.4089, Hit Rate: 0.0244
Epoch 29/100 | Train Loss: 0.3119, Hit Rate: 0.0771 | Val Loss: 0.4198, Hit Rate: 0.0074
Epoch 30/100 | Train Loss: 0.3105, Hit Rate: 0.0743 | Val Loss: 0.3926, Hit Rate: 0.0192
Epoch 31/100 | Train Loss: 0.3120, Hit Rate: 0.0762 | Val Loss: 0.4450, Hit Rate: 0.0088
Epoch 32/100 | Train Loss: 0.3055, Hit Rate: 0.0793 | Val Loss: 0.4083, Hit Rate: 0.0214
Epoch 33/100 | Train Loss: 0.3047, Hit Rate: 0.0821 | Val Loss: 0.4073, Hit Rate: 0.0140
Epoch 34/100 | Train Loss: 0.2986, Hit Rate: 0.0850 | Val Loss: 0.4082, Hit Rate: 0.0208
Epoch 35/100 | Train Loss: 0.2951, Hit Rate: 0.0898 | Val Loss: 0.4348, Hit Rate: 0.0168
Epoch 36/100 | Train Loss: 0.3108, Hit Rate: 0.0813 | Val Loss: 0.3970, Hit Rate: 0.0164
Epoch 37/100 | Train Loss: 0.2873, Hit Rate: 0.0956 | Val Loss: 0.4063, Hit Rate: 0.0246
Epoch 38/100 | Train Loss: 0.2891, Hit Rate: 0.0916 | Val Loss: 0.4188, Hit Rate: 0.0076
Epoch 39/100 | Train Loss: 0.2855, Hit Rate: 0.0981 | Val Loss: 0.4059, Hit Rate: 0.0220
Epoch 40/100 | Train Loss: 0.3039, Hit Rate: 0.0950 | Val Loss: 0.3978, Hit Rate: 0.0221
Epoch 41/100 | Train Loss: 0.2780, Hit Rate: 0.1033 | Val Loss: 0.4117, Hit Rate: 0.0196
Epoch 42/100 | Train Loss: 0.2785, Hit Rate: 0.1052 | Val Loss: 0.4220, Hit Rate: 0.0182
Epoch 43/100 | Train Loss: 0.2792, Hit Rate: 0.1061 | Val Loss: 0.4266, Hit Rate: 0.0168
Epoch 44/100 | Train Loss: 0.2758, Hit Rate: 0.1082 | Val Loss: 0.4544, Hit Rate: 0.0142
Epoch 45/100 | Train Loss: 0.2940, Hit Rate: 0.1002 | Val Loss: 0.4082, Hit Rate: 0.0146
Epoch 46/100 | Train Loss: 0.2685, Hit Rate: 0.1184 | Val Loss: 0.3981, Hit Rate: 0.0186
Epoch 47/100 | Train Loss: 0.2648, Hit Rate: 0.1225 | Val Loss: 0.4122, Hit Rate: 0.0166
Epoch 48/100 | Train Loss: 0.2694, Hit Rate: 0.1191 | Val Loss: 0.4035, Hit Rate: 0.0194
Epoch 49/100 | Train Loss: 0.2674, Hit Rate: 0.1201 | Val Loss: 0.4167, Hit Rate: 0.0162
Epoch 50/100 | Train Loss: 0.2763, Hit Rate: 0.1164 | Val Loss: 0.4269, Hit Rate: 0.0154
Epoch 51/100 | Train Loss: 0.2589, Hit Rate: 0.1289 | Val Loss: 0.4327, Hit Rate: 0.0136
Epoch 52/100 | Train Loss: 0.2659, Hit Rate: 0.1230 | Val Loss: 0.4054, Hit Rate: 0.0224
Epoch 53/100 | Train Loss: 0.2585, Hit Rate: 0.1331 | Val Loss: 0.4548, Hit Rate: 0.0130
Epoch 54/100 | Train Loss: 0.2612, Hit Rate: 0.1304 | Val Loss: 0.4061, Hit Rate: 0.0248
Epoch 55/100 | Train Loss: 0.2728, Hit Rate: 0.1227 | Val Loss: 0.4649, Hit Rate: 0.0086
Epoch 56/100 | Train Loss: 0.2559, Hit Rate: 0.1369 | Val Loss: 0.3996, Hit Rate: 0.0291
Epoch 57/100 | Train Loss: 0.2559, Hit Rate: 0.1332 | Val Loss: 0.4027, Hit Rate: 0.0226
Epoch 58/100 | Train Loss: 0.2532, Hit Rate: 0.1387 | Val Loss: 0.4178, Hit Rate: 0.0239
Epoch 59/100 | Train Loss: 0.2543, Hit Rate: 0.1357 | Val Loss: 0.4078, Hit Rate: 0.0162
Epoch 60/100 | Train Loss: 0.2626, Hit Rate: 0.1309 | Val Loss: 0.4022, Hit Rate: 0.0201
Epoch 61/100 | Train Loss: 0.2483, Hit Rate: 0.1448 | Val Loss: 0.4382, Hit Rate: 0.0178
Epoch 62/100 | Train Loss: 0.2507, Hit Rate: 0.1416 | Val Loss: 0.4253, Hit Rate: 0.0146
Epoch 63/100 | Train Loss: 0.2506, Hit Rate: 0.1428 | Val Loss: 0.4552, Hit Rate: 0.0112
Epoch 64/100 | Train Loss: 0.2489, Hit Rate: 0.1447 | Val Loss: 0.4150, Hit Rate: 0.0222
Epoch 65/100 | Train Loss: 0.2458, Hit Rate: 0.1468 | Val Loss: 0.4184, Hit Rate: 0.0154
Epoch 66/100 | Train Loss: 0.2490, Hit Rate: 0.1451 | Val Loss: 0.4671, Hit Rate: 0.0134
Epoch 67/100 | Train Loss: 0.2479, Hit Rate: 0.1469 | Val Loss: 0.4238, Hit Rate: 0.0145
Epoch 68/100 | Train Loss: 0.2454, Hit Rate: 0.1491 | Val Loss: 0.4109, Hit Rate: 0.0184
Epoch 69/100 | Train Loss: 0.2481, Hit Rate: 0.1465 | Val Loss: 0.4335, Hit Rate: 0.0178
Epoch 70/100 | Train Loss: 0.2434, Hit Rate: 0.1502 | Val Loss: 0.4077, Hit Rate: 0.0234
Epoch 71/100 | Train Loss: 0.2417, Hit Rate: 0.1528 | Val Loss: 0.4120, Hit Rate: 0.0238
Epoch 72/100 | Train Loss: 0.2382, Hit Rate: 0.1549 | Val Loss: 0.4346, Hit Rate: 0.0148
Epoch 73/100 | Train Loss: 0.2439, Hit Rate: 0.1548 | Val Loss: 0.4024, Hit Rate: 0.0171
Epoch 74/100 | Train Loss: 0.2426, Hit Rate: 0.1558 | Val Loss: 0.4166, Hit Rate: 0.0158
Epoch 75/100 | Train Loss: 0.2383, Hit Rate: 0.1594 | Val Loss: 0.4192, Hit Rate: 0.0191
Epoch 76/100 | Train Loss: 0.2455, Hit Rate: 0.1535 | Val Loss: 0.4053, Hit Rate: 0.0186
Epoch 77/100 | Train Loss: 0.2295, Hit Rate: 0.1706 | Val Loss: 0.4398, Hit Rate: 0.0142
Epoch 78/100 | Train Loss: 0.2332, Hit Rate: 0.1634 | Val Loss: 0.4094, Hit Rate: 0.0218
Epoch 79/100 | Train Loss: 0.2563, Hit Rate: 0.1504 | Val Loss: 0.4133, Hit Rate: 0.0188
Epoch 80/100 | Train Loss: 0.2314, Hit Rate: 0.1721 | Val Loss: 0.4116, Hit Rate: 0.0204
Epoch 81/100 | Train Loss: 0.2287, Hit Rate: 0.1768 | Val Loss: 0.4136, Hit Rate: 0.0230
Epoch 82/100 | Train Loss: 0.2290, Hit Rate: 0.1728 | Val Loss: 0.4196, Hit Rate: 0.0199
Epoch 83/100 | Train Loss: 0.2321, Hit Rate: 0.1660 | Val Loss: 0.4255, Hit Rate: 0.0178
Epoch 84/100 | Train Loss: 0.2322, Hit Rate: 0.1686 | Val Loss: 0.4389, Hit Rate: 0.0193
Epoch 85/100 | Train Loss: 0.2315, Hit Rate: 0.1732 | Val Loss: 0.4319, Hit Rate: 0.0224
Epoch 86/100 | Train Loss: 0.2333, Hit Rate: 0.1725 | Val Loss: 0.4452, Hit Rate: 0.0180
Epoch 87/100 | Train Loss: 0.2292, Hit Rate: 0.1708 | Val Loss: 0.4234, Hit Rate: 0.0213
Epoch 88/100 | Train Loss: 0.2337, Hit Rate: 0.1680 | Val Loss: 0.4251, Hit Rate: 0.0206
Epoch 89/100 | Train Loss: 0.2308, Hit Rate: 0.1753 | Val Loss: 0.4265, Hit Rate: 0.0167
Epoch 90/100 | Train Loss: 0.2310, Hit Rate: 0.1753 | Val Loss: 0.4283, Hit Rate: 0.0229
Epoch 91/100 | Train Loss: 0.2243, Hit Rate: 0.1804 | Val Loss: 0.4265, Hit Rate: 0.0212
Epoch 92/100 | Train Loss: 0.2311, Hit Rate: 0.1745 | Val Loss: 0.4277, Hit Rate: 0.0293
Epoch 93/100 | Train Loss: 0.2472, Hit Rate: 0.1619 | Val Loss: 0.4118, Hit Rate: 0.0248
Epoch 94/100 | Train Loss: 0.2196, Hit Rate: 0.1895 | Val Loss: 0.4426, Hit Rate: 0.0193
Epoch 95/100 | Train Loss: 0.2232, Hit Rate: 0.1810 | Val Loss: 0.4625, Hit Rate: 0.0170
Epoch 96/100 | Train Loss: 0.2213, Hit Rate: 0.1816 | Val Loss: 0.4318, Hit Rate: 0.0232
Epoch 97/100 | Train Loss: 0.2232, Hit Rate: 0.1834 | Val Loss: 0.4326, Hit Rate: 0.0220
Epoch 98/100 | Train Loss: 0.2217, Hit Rate: 0.1845 | Val Loss: 0.4587, Hit Rate: 0.0231
Epoch 99/100 | Train Loss: 0.2263, Hit Rate: 0.1782 | Val Loss: 0.4472, Hit Rate: 0.0226
Epoch 100/100 | Train Loss: 0.2230, Hit Rate: 0.1823 | Val Loss: 0.4367, Hit Rate: 0.0199

Best validation hit rate: 0.0293
