Using device: cuda
Loaded 24900 samples
Input vocab size: 4, Output vocab size: 6
Fold 1: train=19920, val=4980
Model: cnn, params=247,942
Epoch 1/100 | Train Loss: 1.1689, Hit Rate: 0.0000 | Val Loss: 0.9584, Hit Rate: 0.0000
Epoch 2/100 | Train Loss: 0.9067, Hit Rate: 0.0000 | Val Loss: 0.8682, Hit Rate: 0.0000
Epoch 3/100 | Train Loss: 0.8252, Hit Rate: 0.0001 | Val Loss: 0.7811, Hit Rate: 0.0008
Epoch 4/100 | Train Loss: 0.7377, Hit Rate: 0.0008 | Val Loss: 0.6831, Hit Rate: 0.0000
Epoch 5/100 | Train Loss: 0.6365, Hit Rate: 0.0014 | Val Loss: 0.6153, Hit Rate: 0.0004
Epoch 6/100 | Train Loss: 0.5932, Hit Rate: 0.0021 | Val Loss: 0.5749, Hit Rate: 0.0018
Epoch 7/100 | Train Loss: 0.5631, Hit Rate: 0.0031 | Val Loss: 0.5341, Hit Rate: 0.0026
Epoch 8/100 | Train Loss: 0.5390, Hit Rate: 0.0045 | Val Loss: 0.5106, Hit Rate: 0.0062
Epoch 9/100 | Train Loss: 0.5051, Hit Rate: 0.0057 | Val Loss: 0.4924, Hit Rate: 0.0071
Epoch 10/100 | Train Loss: 0.5039, Hit Rate: 0.0068 | Val Loss: 0.4702, Hit Rate: 0.0073
Epoch 11/100 | Train Loss: 0.4728, Hit Rate: 0.0090 | Val Loss: 0.4662, Hit Rate: 0.0105
Epoch 12/100 | Train Loss: 0.4580, Hit Rate: 0.0103 | Val Loss: 0.4527, Hit Rate: 0.0057
Epoch 13/100 | Train Loss: 0.4535, Hit Rate: 0.0121 | Val Loss: 0.4967, Hit Rate: 0.0083
Epoch 14/100 | Train Loss: 0.4463, Hit Rate: 0.0140 | Val Loss: 0.5996, Hit Rate: 0.0033
Epoch 15/100 | Train Loss: 0.4299, Hit Rate: 0.0166 | Val Loss: 0.4199, Hit Rate: 0.0160
Epoch 16/100 | Train Loss: 0.4196, Hit Rate: 0.0203 | Val Loss: 0.4225, Hit Rate: 0.0179
Epoch 17/100 | Train Loss: 0.4054, Hit Rate: 0.0231 | Val Loss: 0.4040, Hit Rate: 0.0219
Epoch 18/100 | Train Loss: 0.4094, Hit Rate: 0.0244 | Val Loss: 0.3984, Hit Rate: 0.0182
Epoch 19/100 | Train Loss: 0.3872, Hit Rate: 0.0288 | Val Loss: 0.3927, Hit Rate: 0.0290
Epoch 20/100 | Train Loss: 0.4033, Hit Rate: 0.0276 | Val Loss: 0.3810, Hit Rate: 0.0258
Epoch 21/100 | Train Loss: 0.3731, Hit Rate: 0.0339 | Val Loss: 0.3895, Hit Rate: 0.0316
Epoch 22/100 | Train Loss: 0.3701, Hit Rate: 0.0339 | Val Loss: 0.3750, Hit Rate: 0.0332
Epoch 23/100 | Train Loss: 0.3600, Hit Rate: 0.0412 | Val Loss: 0.3671, Hit Rate: 0.0378
Epoch 24/100 | Train Loss: 0.3636, Hit Rate: 0.0399 | Val Loss: 0.3728, Hit Rate: 0.0357
Epoch 25/100 | Train Loss: 0.3503, Hit Rate: 0.0432 | Val Loss: 0.3697, Hit Rate: 0.0406
Epoch 26/100 | Train Loss: 0.3548, Hit Rate: 0.0462 | Val Loss: 0.3589, Hit Rate: 0.0449
Epoch 27/100 | Train Loss: 0.3349, Hit Rate: 0.0493 | Val Loss: 0.3590, Hit Rate: 0.0460
Epoch 28/100 | Train Loss: 0.3359, Hit Rate: 0.0497 | Val Loss: 0.3513, Hit Rate: 0.0368
Epoch 29/100 | Train Loss: 0.3320, Hit Rate: 0.0533 | Val Loss: 0.3694, Hit Rate: 0.0372
Epoch 30/100 | Train Loss: 0.3319, Hit Rate: 0.0545 | Val Loss: 0.3417, Hit Rate: 0.0596
Epoch 31/100 | Train Loss: 0.3245, Hit Rate: 0.0551 | Val Loss: 0.3436, Hit Rate: 0.0499
Epoch 32/100 | Train Loss: 0.3253, Hit Rate: 0.0556 | Val Loss: 0.3345, Hit Rate: 0.0490
Epoch 33/100 | Train Loss: 0.3255, Hit Rate: 0.0582 | Val Loss: 0.3466, Hit Rate: 0.0503
Epoch 34/100 | Train Loss: 0.3103, Hit Rate: 0.0639 | Val Loss: 0.3314, Hit Rate: 0.0515
Epoch 35/100 | Train Loss: 0.3132, Hit Rate: 0.0644 | Val Loss: 0.3370, Hit Rate: 0.0519
Epoch 36/100 | Train Loss: 0.3085, Hit Rate: 0.0685 | Val Loss: 0.3235, Hit Rate: 0.0645
Epoch 37/100 | Train Loss: 0.3037, Hit Rate: 0.0696 | Val Loss: 0.3179, Hit Rate: 0.0641
Epoch 38/100 | Train Loss: 0.3023, Hit Rate: 0.0731 | Val Loss: 0.3264, Hit Rate: 0.0725
Epoch 39/100 | Train Loss: 0.2979, Hit Rate: 0.0769 | Val Loss: 0.3254, Hit Rate: 0.0546
Epoch 40/100 | Train Loss: 0.2974, Hit Rate: 0.0755 | Val Loss: 0.3191, Hit Rate: 0.0720
Epoch 41/100 | Train Loss: 0.3102, Hit Rate: 0.0743 | Val Loss: 0.3194, Hit Rate: 0.0665
Epoch 42/100 | Train Loss: 0.2862, Hit Rate: 0.0852 | Val Loss: 0.3306, Hit Rate: 0.0616
Epoch 43/100 | Train Loss: 0.2865, Hit Rate: 0.0868 | Val Loss: 0.3301, Hit Rate: 0.0705
Epoch 44/100 | Train Loss: 0.2903, Hit Rate: 0.0833 | Val Loss: 0.3348, Hit Rate: 0.0545
Epoch 45/100 | Train Loss: 0.2844, Hit Rate: 0.0875 | Val Loss: 0.3933, Hit Rate: 0.0317
Epoch 46/100 | Train Loss: 0.2920, Hit Rate: 0.0854 | Val Loss: 0.3117, Hit Rate: 0.0701
Epoch 47/100 | Train Loss: 0.2738, Hit Rate: 0.0954 | Val Loss: 0.3074, Hit Rate: 0.0727
Epoch 48/100 | Train Loss: 0.2808, Hit Rate: 0.0930 | Val Loss: 0.3282, Hit Rate: 0.0611
Epoch 49/100 | Train Loss: 0.2861, Hit Rate: 0.0889 | Val Loss: 0.3763, Hit Rate: 0.0402
Epoch 50/100 | Train Loss: 0.2718, Hit Rate: 0.1003 | Val Loss: 0.3202, Hit Rate: 0.0729
Epoch 51/100 | Train Loss: 0.2674, Hit Rate: 0.1054 | Val Loss: 0.2932, Hit Rate: 0.0898
Epoch 52/100 | Train Loss: 0.2722, Hit Rate: 0.1003 | Val Loss: 0.3040, Hit Rate: 0.0789
Epoch 53/100 | Train Loss: 0.2730, Hit Rate: 0.1016 | Val Loss: 0.3236, Hit Rate: 0.0741
Epoch 54/100 | Train Loss: 0.2659, Hit Rate: 0.1065 | Val Loss: 0.3074, Hit Rate: 0.0645
Epoch 55/100 | Train Loss: 0.2727, Hit Rate: 0.1022 | Val Loss: 0.2872, Hit Rate: 0.0934
Epoch 56/100 | Train Loss: 0.2645, Hit Rate: 0.1084 | Val Loss: 0.3129, Hit Rate: 0.0753
Epoch 57/100 | Train Loss: 0.2794, Hit Rate: 0.0974 | Val Loss: 0.3539, Hit Rate: 0.0468
Epoch 58/100 | Train Loss: 0.2626, Hit Rate: 0.1102 | Val Loss: 0.3034, Hit Rate: 0.0744
Epoch 59/100 | Train Loss: 0.2545, Hit Rate: 0.1180 | Val Loss: 0.2903, Hit Rate: 0.0873
Epoch 60/100 | Train Loss: 0.2586, Hit Rate: 0.1130 | Val Loss: 0.3226, Hit Rate: 0.0828
Epoch 61/100 | Train Loss: 0.2680, Hit Rate: 0.1094 | Val Loss: 0.2959, Hit Rate: 0.0844
Epoch 62/100 | Train Loss: 0.2584, Hit Rate: 0.1157 | Val Loss: 0.2948, Hit Rate: 0.0940
Epoch 63/100 | Train Loss: 0.2524, Hit Rate: 0.1221 | Val Loss: 0.3168, Hit Rate: 0.0760
Epoch 64/100 | Train Loss: 0.2576, Hit Rate: 0.1168 | Val Loss: 0.2776, Hit Rate: 0.1079
Epoch 65/100 | Train Loss: 0.2560, Hit Rate: 0.1193 | Val Loss: 0.2890, Hit Rate: 0.0954
Epoch 66/100 | Train Loss: 0.2545, Hit Rate: 0.1212 | Val Loss: 0.2928, Hit Rate: 0.0912
Epoch 67/100 | Train Loss: 0.2533, Hit Rate: 0.1199 | Val Loss: 0.2830, Hit Rate: 0.0975
Epoch 68/100 | Train Loss: 0.2540, Hit Rate: 0.1215 | Val Loss: 0.3019, Hit Rate: 0.0847
Epoch 69/100 | Train Loss: 0.2506, Hit Rate: 0.1237 | Val Loss: 0.2949, Hit Rate: 0.0824
Epoch 70/100 | Train Loss: 0.2473, Hit Rate: 0.1274 | Val Loss: 0.2831, Hit Rate: 0.0961
Epoch 71/100 | Train Loss: 0.2643, Hit Rate: 0.1158 | Val Loss: 0.2802, Hit Rate: 0.1041
Epoch 72/100 | Train Loss: 0.2427, Hit Rate: 0.1352 | Val Loss: 0.2959, Hit Rate: 0.0875
Epoch 73/100 | Train Loss: 0.2426, Hit Rate: 0.1370 | Val Loss: 0.2841, Hit Rate: 0.0966
Epoch 74/100 | Train Loss: 0.2421, Hit Rate: 0.1343 | Val Loss: 0.2892, Hit Rate: 0.0990
Epoch 75/100 | Train Loss: 0.2415, Hit Rate: 0.1368 | Val Loss: 0.2975, Hit Rate: 0.0969
Epoch 76/100 | Train Loss: 0.2433, Hit Rate: 0.1327 | Val Loss: 0.2790, Hit Rate: 0.1035
Epoch 77/100 | Train Loss: 0.2659, Hit Rate: 0.1188 | Val Loss: 0.2854, Hit Rate: 0.1015
Epoch 78/100 | Train Loss: 0.2433, Hit Rate: 0.1371 | Val Loss: 0.2825, Hit Rate: 0.1038
Epoch 79/100 | Train Loss: 0.2380, Hit Rate: 0.1436 | Val Loss: 0.2796, Hit Rate: 0.1124
Epoch 80/100 | Train Loss: 0.2390, Hit Rate: 0.1417 | Val Loss: 0.3376, Hit Rate: 0.0721
Epoch 81/100 | Train Loss: 0.2457, Hit Rate: 0.1352 | Val Loss: 0.2872, Hit Rate: 0.0986
Epoch 82/100 | Train Loss: 0.2384, Hit Rate: 0.1411 | Val Loss: 0.2679, Hit Rate: 0.1123
Epoch 83/100 | Train Loss: 0.2357, Hit Rate: 0.1458 | Val Loss: 0.2883, Hit Rate: 0.0973
Epoch 84/100 | Train Loss: 0.2419, Hit Rate: 0.1407 | Val Loss: 0.3021, Hit Rate: 0.0905
Epoch 85/100 | Train Loss: 0.2362, Hit Rate: 0.1466 | Val Loss: 0.2721, Hit Rate: 0.1166
Epoch 86/100 | Train Loss: 0.2360, Hit Rate: 0.1460 | Val Loss: 0.2877, Hit Rate: 0.1124
Epoch 87/100 | Train Loss: 0.2376, Hit Rate: 0.1433 | Val Loss: 0.2764, Hit Rate: 0.1105
Epoch 88/100 | Train Loss: 0.2336, Hit Rate: 0.1495 | Val Loss: 0.2859, Hit Rate: 0.1079
Epoch 89/100 | Train Loss: 0.2341, Hit Rate: 0.1478 | Val Loss: 0.2692, Hit Rate: 0.1260
Epoch 90/100 | Train Loss: 0.2500, Hit Rate: 0.1395 | Val Loss: 0.2784, Hit Rate: 0.1170
Epoch 91/100 | Train Loss: 0.2266, Hit Rate: 0.1555 | Val Loss: 0.2860, Hit Rate: 0.1119
Epoch 92/100 | Train Loss: 0.2295, Hit Rate: 0.1544 | Val Loss: 0.2959, Hit Rate: 0.1094
Epoch 93/100 | Train Loss: 0.2370, Hit Rate: 0.1452 | Val Loss: 0.2767, Hit Rate: 0.1146
Epoch 94/100 | Train Loss: 0.2366, Hit Rate: 0.1470 | Val Loss: 0.2860, Hit Rate: 0.0990
Epoch 95/100 | Train Loss: 0.2307, Hit Rate: 0.1540 | Val Loss: 0.2885, Hit Rate: 0.1009
Epoch 96/100 | Train Loss: 0.2309, Hit Rate: 0.1525 | Val Loss: 0.2920, Hit Rate: 0.1049
Epoch 97/100 | Train Loss: 0.2315, Hit Rate: 0.1508 | Val Loss: 0.2935, Hit Rate: 0.1112
Epoch 98/100 | Train Loss: 0.2460, Hit Rate: 0.1415 | Val Loss: 0.2965, Hit Rate: 0.1027
Epoch 99/100 | Train Loss: 0.2240, Hit Rate: 0.1654 | Val Loss: 0.2947, Hit Rate: 0.0946
Epoch 100/100 | Train Loss: 0.2259, Hit Rate: 0.1591 | Val Loss: 0.2681, Hit Rate: 0.1276

Best validation hit rate: 0.1276
