Using device: cuda
Loaded 24900 samples
Input vocab size: 4, Output vocab size: 6
Fold 4: train=19920, val=4980
Model: cnn, params=247,942
Epoch 1/100 | Train Loss: 1.1191, Hit Rate: 0.0000 | Val Loss: 0.9869, Hit Rate: 0.0000
Epoch 2/100 | Train Loss: 0.9091, Hit Rate: 0.0000 | Val Loss: 0.8853, Hit Rate: 0.0000
Epoch 3/100 | Train Loss: 0.8213, Hit Rate: 0.0001 | Val Loss: 0.7333, Hit Rate: 0.0010
Epoch 4/100 | Train Loss: 0.6951, Hit Rate: 0.0005 | Val Loss: 0.6765, Hit Rate: 0.0000
Epoch 5/100 | Train Loss: 0.6325, Hit Rate: 0.0005 | Val Loss: 0.6393, Hit Rate: 0.0002
Epoch 6/100 | Train Loss: 0.5747, Hit Rate: 0.0008 | Val Loss: 0.5632, Hit Rate: 0.0034
Epoch 7/100 | Train Loss: 0.5451, Hit Rate: 0.0030 | Val Loss: 0.5156, Hit Rate: 0.0014
Epoch 8/100 | Train Loss: 0.5271, Hit Rate: 0.0034 | Val Loss: 0.5068, Hit Rate: 0.0072
Epoch 9/100 | Train Loss: 0.4831, Hit Rate: 0.0060 | Val Loss: 0.4691, Hit Rate: 0.0085
Epoch 10/100 | Train Loss: 0.4749, Hit Rate: 0.0062 | Val Loss: 0.4588, Hit Rate: 0.0073
Epoch 11/100 | Train Loss: 0.4588, Hit Rate: 0.0085 | Val Loss: 0.4491, Hit Rate: 0.0136
Epoch 12/100 | Train Loss: 0.4334, Hit Rate: 0.0119 | Val Loss: 0.4436, Hit Rate: 0.0085
Epoch 13/100 | Train Loss: 0.4571, Hit Rate: 0.0107 | Val Loss: 0.4440, Hit Rate: 0.0086
Epoch 14/100 | Train Loss: 0.4137, Hit Rate: 0.0156 | Val Loss: 0.4281, Hit Rate: 0.0142
Epoch 15/100 | Train Loss: 0.4013, Hit Rate: 0.0172 | Val Loss: 0.4000, Hit Rate: 0.0203
Epoch 16/100 | Train Loss: 0.4075, Hit Rate: 0.0183 | Val Loss: 0.3919, Hit Rate: 0.0202
Epoch 17/100 | Train Loss: 0.3793, Hit Rate: 0.0234 | Val Loss: 0.3948, Hit Rate: 0.0205
Epoch 18/100 | Train Loss: 0.3766, Hit Rate: 0.0256 | Val Loss: 0.4443, Hit Rate: 0.0126
Epoch 19/100 | Train Loss: 0.3831, Hit Rate: 0.0253 | Val Loss: 0.3599, Hit Rate: 0.0306
Epoch 20/100 | Train Loss: 0.3560, Hit Rate: 0.0320 | Val Loss: 0.3653, Hit Rate: 0.0303
Epoch 21/100 | Train Loss: 0.3514, Hit Rate: 0.0364 | Val Loss: 0.3659, Hit Rate: 0.0314
Epoch 22/100 | Train Loss: 0.3405, Hit Rate: 0.0391 | Val Loss: 0.3564, Hit Rate: 0.0398
Epoch 23/100 | Train Loss: 0.3585, Hit Rate: 0.0370 | Val Loss: 0.3402, Hit Rate: 0.0484
Epoch 24/100 | Train Loss: 0.3297, Hit Rate: 0.0458 | Val Loss: 0.3456, Hit Rate: 0.0458
Epoch 25/100 | Train Loss: 0.3281, Hit Rate: 0.0474 | Val Loss: 0.3377, Hit Rate: 0.0431
Epoch 26/100 | Train Loss: 0.3663, Hit Rate: 0.0411 | Val Loss: 0.3449, Hit Rate: 0.0426
Epoch 27/100 | Train Loss: 0.3230, Hit Rate: 0.0530 | Val Loss: 0.3278, Hit Rate: 0.0516
Epoch 28/100 | Train Loss: 0.3127, Hit Rate: 0.0562 | Val Loss: 0.3431, Hit Rate: 0.0423
Epoch 29/100 | Train Loss: 0.3193, Hit Rate: 0.0575 | Val Loss: 0.3247, Hit Rate: 0.0505
Epoch 30/100 | Train Loss: 0.3076, Hit Rate: 0.0635 | Val Loss: 0.3112, Hit Rate: 0.0701
Epoch 31/100 | Train Loss: 0.3137, Hit Rate: 0.0604 | Val Loss: 0.3139, Hit Rate: 0.0651
Epoch 32/100 | Train Loss: 0.2984, Hit Rate: 0.0672 | Val Loss: 0.3557, Hit Rate: 0.0343
Epoch 33/100 | Train Loss: 0.2953, Hit Rate: 0.0716 | Val Loss: 0.3162, Hit Rate: 0.0537
Epoch 34/100 | Train Loss: 0.3182, Hit Rate: 0.0643 | Val Loss: 0.3088, Hit Rate: 0.0621
Epoch 35/100 | Train Loss: 0.2904, Hit Rate: 0.0764 | Val Loss: 0.3209, Hit Rate: 0.0542
Epoch 36/100 | Train Loss: 0.2869, Hit Rate: 0.0800 | Val Loss: 0.3001, Hit Rate: 0.0711
Epoch 37/100 | Train Loss: 0.2910, Hit Rate: 0.0764 | Val Loss: 0.3101, Hit Rate: 0.0633
Epoch 38/100 | Train Loss: 0.2959, Hit Rate: 0.0777 | Val Loss: 0.3455, Hit Rate: 0.0562
Epoch 39/100 | Train Loss: 0.2822, Hit Rate: 0.0837 | Val Loss: 0.3032, Hit Rate: 0.0715
Epoch 40/100 | Train Loss: 0.2766, Hit Rate: 0.0878 | Val Loss: 0.2920, Hit Rate: 0.0800
Epoch 41/100 | Train Loss: 0.2807, Hit Rate: 0.0885 | Val Loss: 0.3104, Hit Rate: 0.0610
Epoch 42/100 | Train Loss: 0.2775, Hit Rate: 0.0943 | Val Loss: 0.3437, Hit Rate: 0.0440
Epoch 43/100 | Train Loss: 0.2735, Hit Rate: 0.0941 | Val Loss: 0.3010, Hit Rate: 0.0790
Epoch 44/100 | Train Loss: 0.2724, Hit Rate: 0.0984 | Val Loss: 0.2903, Hit Rate: 0.0711
Epoch 45/100 | Train Loss: 0.2688, Hit Rate: 0.0978 | Val Loss: 0.2863, Hit Rate: 0.0849
Epoch 46/100 | Train Loss: 0.2846, Hit Rate: 0.0942 | Val Loss: 0.2874, Hit Rate: 0.0868
Epoch 47/100 | Train Loss: 0.2641, Hit Rate: 0.1030 | Val Loss: 0.2985, Hit Rate: 0.0769
Epoch 48/100 | Train Loss: 0.2630, Hit Rate: 0.1032 | Val Loss: 0.2876, Hit Rate: 0.0758
Epoch 49/100 | Train Loss: 0.2623, Hit Rate: 0.1041 | Val Loss: 0.2993, Hit Rate: 0.0825
Epoch 50/100 | Train Loss: 0.2643, Hit Rate: 0.1048 | Val Loss: 0.2905, Hit Rate: 0.0757
Epoch 51/100 | Train Loss: 0.2587, Hit Rate: 0.1091 | Val Loss: 0.3208, Hit Rate: 0.0625
Epoch 52/100 | Train Loss: 0.2649, Hit Rate: 0.1068 | Val Loss: 0.2770, Hit Rate: 0.0970
Epoch 53/100 | Train Loss: 0.2525, Hit Rate: 0.1180 | Val Loss: 0.2935, Hit Rate: 0.0867
Epoch 54/100 | Train Loss: 0.2546, Hit Rate: 0.1146 | Val Loss: 0.2998, Hit Rate: 0.0687
Epoch 55/100 | Train Loss: 0.2588, Hit Rate: 0.1111 | Val Loss: 0.2829, Hit Rate: 0.0890
Epoch 56/100 | Train Loss: 0.2519, Hit Rate: 0.1174 | Val Loss: 0.2877, Hit Rate: 0.0823
Epoch 57/100 | Train Loss: 0.2527, Hit Rate: 0.1212 | Val Loss: 0.3056, Hit Rate: 0.0843
Epoch 58/100 | Train Loss: 0.2514, Hit Rate: 0.1189 | Val Loss: 0.2980, Hit Rate: 0.0848
Epoch 59/100 | Train Loss: 0.2550, Hit Rate: 0.1157 | Val Loss: 0.2916, Hit Rate: 0.0878
Epoch 60/100 | Train Loss: 0.2499, Hit Rate: 0.1220 | Val Loss: 0.2782, Hit Rate: 0.1022
Epoch 61/100 | Train Loss: 0.2434, Hit Rate: 0.1278 | Val Loss: 0.2953, Hit Rate: 0.0904
Epoch 62/100 | Train Loss: 0.2587, Hit Rate: 0.1207 | Val Loss: 0.2769, Hit Rate: 0.1095
Epoch 63/100 | Train Loss: 0.2404, Hit Rate: 0.1336 | Val Loss: 0.2884, Hit Rate: 0.0926
Epoch 64/100 | Train Loss: 0.2406, Hit Rate: 0.1263 | Val Loss: 0.2787, Hit Rate: 0.1021
Epoch 65/100 | Train Loss: 0.2478, Hit Rate: 0.1277 | Val Loss: 0.2778, Hit Rate: 0.1052
Epoch 66/100 | Train Loss: 0.2402, Hit Rate: 0.1352 | Val Loss: 0.2893, Hit Rate: 0.1016
Epoch 67/100 | Train Loss: 0.2434, Hit Rate: 0.1284 | Val Loss: 0.2764, Hit Rate: 0.0950
Epoch 68/100 | Train Loss: 0.2369, Hit Rate: 0.1372 | Val Loss: 0.2871, Hit Rate: 0.0981
Epoch 69/100 | Train Loss: 0.2459, Hit Rate: 0.1312 | Val Loss: 0.2739, Hit Rate: 0.1056
Epoch 70/100 | Train Loss: 0.2352, Hit Rate: 0.1437 | Val Loss: 0.4336, Hit Rate: 0.0400
Epoch 71/100 | Train Loss: 0.2524, Hit Rate: 0.1284 | Val Loss: 0.2902, Hit Rate: 0.1008
Epoch 72/100 | Train Loss: 0.2302, Hit Rate: 0.1511 | Val Loss: 0.2658, Hit Rate: 0.1094
Epoch 73/100 | Train Loss: 0.2523, Hit Rate: 0.1276 | Val Loss: 0.2889, Hit Rate: 0.0833
Epoch 74/100 | Train Loss: 0.2313, Hit Rate: 0.1449 | Val Loss: 0.2822, Hit Rate: 0.0940
Epoch 75/100 | Train Loss: 0.2329, Hit Rate: 0.1465 | Val Loss: 0.2692, Hit Rate: 0.1114
Epoch 76/100 | Train Loss: 0.2327, Hit Rate: 0.1448 | Val Loss: 0.2947, Hit Rate: 0.0996
Epoch 77/100 | Train Loss: 0.2352, Hit Rate: 0.1438 | Val Loss: 0.2804, Hit Rate: 0.1067
Epoch 78/100 | Train Loss: 0.2318, Hit Rate: 0.1499 | Val Loss: 0.2764, Hit Rate: 0.1144
Epoch 79/100 | Train Loss: 0.2322, Hit Rate: 0.1478 | Val Loss: 0.2723, Hit Rate: 0.1134
Epoch 80/100 | Train Loss: 0.2322, Hit Rate: 0.1445 | Val Loss: 0.3175, Hit Rate: 0.0863
Epoch 81/100 | Train Loss: 0.2267, Hit Rate: 0.1532 | Val Loss: 0.2874, Hit Rate: 0.1074
Epoch 82/100 | Train Loss: 0.2355, Hit Rate: 0.1464 | Val Loss: 0.2686, Hit Rate: 0.1198
Epoch 83/100 | Train Loss: 0.2295, Hit Rate: 0.1544 | Val Loss: 0.2763, Hit Rate: 0.1111
Epoch 84/100 | Train Loss: 0.2257, Hit Rate: 0.1583 | Val Loss: 0.2819, Hit Rate: 0.1086
Epoch 85/100 | Train Loss: 0.2438, Hit Rate: 0.1435 | Val Loss: 0.2779, Hit Rate: 0.1107
Epoch 86/100 | Train Loss: 0.2229, Hit Rate: 0.1565 | Val Loss: 0.2783, Hit Rate: 0.1068
Epoch 87/100 | Train Loss: 0.2247, Hit Rate: 0.1587 | Val Loss: 0.2697, Hit Rate: 0.1192
Epoch 88/100 | Train Loss: 0.2273, Hit Rate: 0.1567 | Val Loss: 0.2832, Hit Rate: 0.1032
Epoch 89/100 | Train Loss: 0.2245, Hit Rate: 0.1631 | Val Loss: 0.2758, Hit Rate: 0.1141
Epoch 90/100 | Train Loss: 0.2258, Hit Rate: 0.1581 | Val Loss: 0.2636, Hit Rate: 0.1241
Epoch 91/100 | Train Loss: 0.2260, Hit Rate: 0.1616 | Val Loss: 0.2730, Hit Rate: 0.1105
Epoch 92/100 | Train Loss: 0.2227, Hit Rate: 0.1668 | Val Loss: 0.2778, Hit Rate: 0.1123
Epoch 93/100 | Train Loss: 0.2339, Hit Rate: 0.1489 | Val Loss: 0.2877, Hit Rate: 0.1005
Epoch 94/100 | Train Loss: 0.2160, Hit Rate: 0.1735 | Val Loss: 0.2675, Hit Rate: 0.1202
Epoch 95/100 | Train Loss: 0.2220, Hit Rate: 0.1655 | Val Loss: 0.4500, Hit Rate: 0.0451
Epoch 96/100 | Train Loss: 0.2217, Hit Rate: 0.1649 | Val Loss: 0.2888, Hit Rate: 0.1098
Epoch 97/100 | Train Loss: 0.2225, Hit Rate: 0.1642 | Val Loss: 0.2793, Hit Rate: 0.1114
Epoch 98/100 | Train Loss: 0.2236, Hit Rate: 0.1641 | Val Loss: 0.2599, Hit Rate: 0.1243
Epoch 99/100 | Train Loss: 0.2152, Hit Rate: 0.1731 | Val Loss: 0.2878, Hit Rate: 0.1014
Epoch 100/100 | Train Loss: 0.2218, Hit Rate: 0.1648 | Val Loss: 0.3602, Hit Rate: 0.0774

Best validation hit rate: 0.1243
