Using device: cuda
Loaded 24900 samples
Input vocab size: 4, Output vocab size: 6
Fold 2: train=19920, val=4980
Model: cnn, params=247,942
Epoch 1/100 | Train Loss: 1.1949, Hit Rate: 0.0000 | Val Loss: 0.9597, Hit Rate: 0.0000
Epoch 2/100 | Train Loss: 0.9223, Hit Rate: 0.0000 | Val Loss: 0.8831, Hit Rate: 0.0000
Epoch 3/100 | Train Loss: 0.8546, Hit Rate: 0.0000 | Val Loss: 0.7996, Hit Rate: 0.0000
Epoch 4/100 | Train Loss: 0.7822, Hit Rate: 0.0008 | Val Loss: 0.7133, Hit Rate: 0.0014
Epoch 5/100 | Train Loss: 0.6839, Hit Rate: 0.0006 | Val Loss: 0.6713, Hit Rate: 0.0000
Epoch 6/100 | Train Loss: 0.6241, Hit Rate: 0.0005 | Val Loss: 0.6326, Hit Rate: 0.0000
Epoch 7/100 | Train Loss: 0.5969, Hit Rate: 0.0012 | Val Loss: 0.5901, Hit Rate: 0.0010
Epoch 8/100 | Train Loss: 0.5506, Hit Rate: 0.0028 | Val Loss: 0.5380, Hit Rate: 0.0038
Epoch 9/100 | Train Loss: 0.5375, Hit Rate: 0.0042 | Val Loss: 0.5497, Hit Rate: 0.0034
Epoch 10/100 | Train Loss: 0.5010, Hit Rate: 0.0064 | Val Loss: 0.5328, Hit Rate: 0.0032
Epoch 11/100 | Train Loss: 0.4823, Hit Rate: 0.0076 | Val Loss: 0.4995, Hit Rate: 0.0070
Epoch 12/100 | Train Loss: 0.4779, Hit Rate: 0.0103 | Val Loss: 0.4522, Hit Rate: 0.0151
Epoch 13/100 | Train Loss: 0.4528, Hit Rate: 0.0119 | Val Loss: 0.4483, Hit Rate: 0.0130
Epoch 14/100 | Train Loss: 0.4511, Hit Rate: 0.0143 | Val Loss: 0.4660, Hit Rate: 0.0102
Epoch 15/100 | Train Loss: 0.4278, Hit Rate: 0.0168 | Val Loss: 0.4712, Hit Rate: 0.0086
Epoch 16/100 | Train Loss: 0.4226, Hit Rate: 0.0196 | Val Loss: 0.4233, Hit Rate: 0.0200
Epoch 17/100 | Train Loss: 0.4019, Hit Rate: 0.0225 | Val Loss: 0.4006, Hit Rate: 0.0266
Epoch 18/100 | Train Loss: 0.3938, Hit Rate: 0.0276 | Val Loss: 0.4019, Hit Rate: 0.0217
Epoch 19/100 | Train Loss: 0.4005, Hit Rate: 0.0254 | Val Loss: 0.3813, Hit Rate: 0.0307
Epoch 20/100 | Train Loss: 0.3771, Hit Rate: 0.0341 | Val Loss: 0.3896, Hit Rate: 0.0256
Epoch 21/100 | Train Loss: 0.3737, Hit Rate: 0.0356 | Val Loss: 0.3865, Hit Rate: 0.0313
Epoch 22/100 | Train Loss: 0.3625, Hit Rate: 0.0411 | Val Loss: 0.3928, Hit Rate: 0.0283
Epoch 23/100 | Train Loss: 0.3659, Hit Rate: 0.0383 | Val Loss: 0.3610, Hit Rate: 0.0432
Epoch 24/100 | Train Loss: 0.3678, Hit Rate: 0.0435 | Val Loss: 0.3678, Hit Rate: 0.0415
Epoch 25/100 | Train Loss: 0.3456, Hit Rate: 0.0500 | Val Loss: 0.3477, Hit Rate: 0.0498
Epoch 26/100 | Train Loss: 0.3420, Hit Rate: 0.0495 | Val Loss: 0.3578, Hit Rate: 0.0448
Epoch 27/100 | Train Loss: 0.3489, Hit Rate: 0.0516 | Val Loss: 0.3418, Hit Rate: 0.0564
Epoch 28/100 | Train Loss: 0.3281, Hit Rate: 0.0597 | Val Loss: 0.3637, Hit Rate: 0.0418
Epoch 29/100 | Train Loss: 0.3297, Hit Rate: 0.0558 | Val Loss: 0.3401, Hit Rate: 0.0509
Epoch 30/100 | Train Loss: 0.3207, Hit Rate: 0.0659 | Val Loss: 0.3426, Hit Rate: 0.0550
Epoch 31/100 | Train Loss: 0.3244, Hit Rate: 0.0609 | Val Loss: 0.3340, Hit Rate: 0.0543
Epoch 32/100 | Train Loss: 0.3209, Hit Rate: 0.0630 | Val Loss: 0.3275, Hit Rate: 0.0617
Epoch 33/100 | Train Loss: 0.3123, Hit Rate: 0.0701 | Val Loss: 0.4345, Hit Rate: 0.0212
Epoch 34/100 | Train Loss: 0.3144, Hit Rate: 0.0693 | Val Loss: 0.3311, Hit Rate: 0.0599
Epoch 35/100 | Train Loss: 0.3030, Hit Rate: 0.0778 | Val Loss: 0.3190, Hit Rate: 0.0654
Epoch 36/100 | Train Loss: 0.3180, Hit Rate: 0.0741 | Val Loss: 0.3575, Hit Rate: 0.0457
Epoch 37/100 | Train Loss: 0.2981, Hit Rate: 0.0809 | Val Loss: 0.3769, Hit Rate: 0.0483
Epoch 38/100 | Train Loss: 0.2982, Hit Rate: 0.0789 | Val Loss: 0.3588, Hit Rate: 0.0397
Epoch 39/100 | Train Loss: 0.2946, Hit Rate: 0.0838 | Val Loss: 0.3013, Hit Rate: 0.0867
Epoch 40/100 | Train Loss: 0.2915, Hit Rate: 0.0855 | Val Loss: 0.3166, Hit Rate: 0.0704
Epoch 41/100 | Train Loss: 0.2912, Hit Rate: 0.0866 | Val Loss: 0.3324, Hit Rate: 0.0530
Epoch 42/100 | Train Loss: 0.2899, Hit Rate: 0.0890 | Val Loss: 0.3025, Hit Rate: 0.0767
Epoch 43/100 | Train Loss: 0.3017, Hit Rate: 0.0832 | Val Loss: 0.3036, Hit Rate: 0.0741
Epoch 44/100 | Train Loss: 0.2774, Hit Rate: 0.1028 | Val Loss: 0.2997, Hit Rate: 0.0767
Epoch 45/100 | Train Loss: 0.2819, Hit Rate: 0.0931 | Val Loss: 0.3180, Hit Rate: 0.0730
Epoch 46/100 | Train Loss: 0.2946, Hit Rate: 0.0928 | Val Loss: 0.3453, Hit Rate: 0.0465
Epoch 47/100 | Train Loss: 0.2732, Hit Rate: 0.1044 | Val Loss: 0.2952, Hit Rate: 0.0883
Epoch 48/100 | Train Loss: 0.2699, Hit Rate: 0.1088 | Val Loss: 0.3896, Hit Rate: 0.0368
Epoch 49/100 | Train Loss: 0.2708, Hit Rate: 0.1080 | Val Loss: 0.3033, Hit Rate: 0.0938
Epoch 50/100 | Train Loss: 0.2901, Hit Rate: 0.0947 | Val Loss: 0.2962, Hit Rate: 0.0921
Epoch 51/100 | Train Loss: 0.2654, Hit Rate: 0.1143 | Val Loss: 0.3067, Hit Rate: 0.0882
Epoch 52/100 | Train Loss: 0.2632, Hit Rate: 0.1142 | Val Loss: 0.3022, Hit Rate: 0.0790
Epoch 53/100 | Train Loss: 0.2639, Hit Rate: 0.1139 | Val Loss: 0.2888, Hit Rate: 0.0998
Epoch 54/100 | Train Loss: 0.2632, Hit Rate: 0.1146 | Val Loss: 0.2923, Hit Rate: 0.0989
Epoch 55/100 | Train Loss: 0.2591, Hit Rate: 0.1184 | Val Loss: 0.2974, Hit Rate: 0.0892
Epoch 56/100 | Train Loss: 0.2614, Hit Rate: 0.1181 | Val Loss: 0.2931, Hit Rate: 0.0867
Epoch 57/100 | Train Loss: 0.2582, Hit Rate: 0.1201 | Val Loss: 0.3355, Hit Rate: 0.0647
Epoch 58/100 | Train Loss: 0.2692, Hit Rate: 0.1175 | Val Loss: 0.3264, Hit Rate: 0.0667
Epoch 59/100 | Train Loss: 0.2532, Hit Rate: 0.1274 | Val Loss: 0.2931, Hit Rate: 0.1044
Epoch 60/100 | Train Loss: 0.2561, Hit Rate: 0.1232 | Val Loss: 0.2899, Hit Rate: 0.1038
Epoch 61/100 | Train Loss: 0.2553, Hit Rate: 0.1276 | Val Loss: 0.2972, Hit Rate: 0.0847
Epoch 62/100 | Train Loss: 0.2503, Hit Rate: 0.1295 | Val Loss: 0.3361, Hit Rate: 0.0684
Epoch 63/100 | Train Loss: 0.2543, Hit Rate: 0.1281 | Val Loss: 0.2905, Hit Rate: 0.0960
Epoch 64/100 | Train Loss: 0.2529, Hit Rate: 0.1262 | Val Loss: 0.2850, Hit Rate: 0.1054
Epoch 65/100 | Train Loss: 0.2607, Hit Rate: 0.1237 | Val Loss: 0.2729, Hit Rate: 0.1205
Epoch 66/100 | Train Loss: 0.2430, Hit Rate: 0.1388 | Val Loss: 0.2780, Hit Rate: 0.1066
Epoch 67/100 | Train Loss: 0.2440, Hit Rate: 0.1371 | Val Loss: 0.2921, Hit Rate: 0.0905
Epoch 68/100 | Train Loss: 0.2438, Hit Rate: 0.1384 | Val Loss: 0.2866, Hit Rate: 0.1125
Epoch 69/100 | Train Loss: 0.2481, Hit Rate: 0.1325 | Val Loss: 0.2745, Hit Rate: 0.1099
Epoch 70/100 | Train Loss: 0.2430, Hit Rate: 0.1376 | Val Loss: 0.2935, Hit Rate: 0.0993
Epoch 71/100 | Train Loss: 0.2428, Hit Rate: 0.1412 | Val Loss: 0.2708, Hit Rate: 0.1168
Epoch 72/100 | Train Loss: 0.2501, Hit Rate: 0.1346 | Val Loss: 0.2959, Hit Rate: 0.0901
Epoch 73/100 | Train Loss: 0.2379, Hit Rate: 0.1479 | Val Loss: 0.2902, Hit Rate: 0.1084
Epoch 74/100 | Train Loss: 0.2420, Hit Rate: 0.1405 | Val Loss: 0.3005, Hit Rate: 0.0868
Epoch 75/100 | Train Loss: 0.2407, Hit Rate: 0.1409 | Val Loss: 0.2992, Hit Rate: 0.0982
Epoch 76/100 | Train Loss: 0.2487, Hit Rate: 0.1396 | Val Loss: 0.2692, Hit Rate: 0.1198
Epoch 77/100 | Train Loss: 0.2357, Hit Rate: 0.1482 | Val Loss: 0.2959, Hit Rate: 0.1022
Epoch 78/100 | Train Loss: 0.2320, Hit Rate: 0.1556 | Val Loss: 0.2899, Hit Rate: 0.1038
Epoch 79/100 | Train Loss: 0.2370, Hit Rate: 0.1489 | Val Loss: 0.2650, Hit Rate: 0.1261
Epoch 80/100 | Train Loss: 0.2344, Hit Rate: 0.1526 | Val Loss: 0.3035, Hit Rate: 0.0962
Epoch 81/100 | Train Loss: 0.2315, Hit Rate: 0.1526 | Val Loss: 0.2702, Hit Rate: 0.1262
Epoch 82/100 | Train Loss: 0.2378, Hit Rate: 0.1475 | Val Loss: 0.2791, Hit Rate: 0.1079
Epoch 83/100 | Train Loss: 0.2371, Hit Rate: 0.1512 | Val Loss: 0.2796, Hit Rate: 0.1048
Epoch 84/100 | Train Loss: 0.2312, Hit Rate: 0.1534 | Val Loss: 0.2787, Hit Rate: 0.1186
Epoch 85/100 | Train Loss: 0.2343, Hit Rate: 0.1525 | Val Loss: 0.2867, Hit Rate: 0.1119
Epoch 86/100 | Train Loss: 0.2326, Hit Rate: 0.1524 | Val Loss: 0.2830, Hit Rate: 0.1181
Epoch 87/100 | Train Loss: 0.2331, Hit Rate: 0.1510 | Val Loss: 0.2874, Hit Rate: 0.1119
Epoch 88/100 | Train Loss: 0.2339, Hit Rate: 0.1526 | Val Loss: 0.2753, Hit Rate: 0.1145
Epoch 89/100 | Train Loss: 0.2277, Hit Rate: 0.1636 | Val Loss: 0.2909, Hit Rate: 0.1100
Epoch 90/100 | Train Loss: 0.2582, Hit Rate: 0.1457 | Val Loss: 0.3307, Hit Rate: 0.0717
Epoch 91/100 | Train Loss: 0.2259, Hit Rate: 0.1643 | Val Loss: 0.2794, Hit Rate: 0.1179
Epoch 92/100 | Train Loss: 0.2265, Hit Rate: 0.1607 | Val Loss: 0.2605, Hit Rate: 0.1404
Epoch 93/100 | Train Loss: 0.2226, Hit Rate: 0.1693 | Val Loss: 0.2923, Hit Rate: 0.0989
Epoch 94/100 | Train Loss: 0.2247, Hit Rate: 0.1670 | Val Loss: 0.2783, Hit Rate: 0.1157
Epoch 95/100 | Train Loss: 0.2237, Hit Rate: 0.1682 | Val Loss: 0.3366, Hit Rate: 0.0745
Epoch 96/100 | Train Loss: 0.2297, Hit Rate: 0.1628 | Val Loss: 0.3107, Hit Rate: 0.1046
Epoch 97/100 | Train Loss: 0.2257, Hit Rate: 0.1642 | Val Loss: 0.2757, Hit Rate: 0.1221
Epoch 98/100 | Train Loss: 0.2229, Hit Rate: 0.1709 | Val Loss: 0.2991, Hit Rate: 0.1011
Epoch 99/100 | Train Loss: 0.2520, Hit Rate: 0.1468 | Val Loss: 0.2702, Hit Rate: 0.1298
Epoch 100/100 | Train Loss: 0.2177, Hit Rate: 0.1756 | Val Loss: 0.2664, Hit Rate: 0.1236

Best validation hit rate: 0.1404
