Using device: cuda
Loaded 24900 samples
Input vocab size: 4, Output vocab size: 6
Fold 0: train=19920, val=4980
Model: cnn, params=264,710
  cross_attn=enabled
Epoch 1/100 | Train Loss: 1.0953, Hit Rate: 0.0000 | Val Loss: 0.9211, Hit Rate: 0.0000
Epoch 2/100 | Train Loss: 0.8917, Hit Rate: 0.0000 | Val Loss: 0.8584, Hit Rate: 0.0000
Epoch 3/100 | Train Loss: 0.7887, Hit Rate: 0.0004 | Val Loss: 0.7182, Hit Rate: 0.0000
Epoch 4/100 | Train Loss: 0.6709, Hit Rate: 0.0011 | Val Loss: 0.6367, Hit Rate: 0.0016
Epoch 5/100 | Train Loss: 0.6056, Hit Rate: 0.0008 | Val Loss: 0.5931, Hit Rate: 0.0006
Epoch 6/100 | Train Loss: 0.5755, Hit Rate: 0.0017 | Val Loss: 0.5680, Hit Rate: 0.0010
Epoch 7/100 | Train Loss: 0.5465, Hit Rate: 0.0022 | Val Loss: 0.5194, Hit Rate: 0.0020
Epoch 8/100 | Train Loss: 0.5136, Hit Rate: 0.0030 | Val Loss: 0.5207, Hit Rate: 0.0030
Epoch 9/100 | Train Loss: 0.5186, Hit Rate: 0.0034 | Val Loss: 0.5125, Hit Rate: 0.0020
Epoch 10/100 | Train Loss: 0.4828, Hit Rate: 0.0043 | Val Loss: 0.5032, Hit Rate: 0.0032
Epoch 11/100 | Train Loss: 0.4809, Hit Rate: 0.0079 | Val Loss: 0.4747, Hit Rate: 0.0066
Epoch 12/100 | Train Loss: 0.4511, Hit Rate: 0.0089 | Val Loss: 0.4482, Hit Rate: 0.0101
Epoch 13/100 | Train Loss: 0.4414, Hit Rate: 0.0111 | Val Loss: 0.4597, Hit Rate: 0.0109
Epoch 14/100 | Train Loss: 0.4421, Hit Rate: 0.0108 | Val Loss: 0.4226, Hit Rate: 0.0146
Epoch 15/100 | Train Loss: 0.4305, Hit Rate: 0.0115 | Val Loss: 0.4222, Hit Rate: 0.0151
Epoch 16/100 | Train Loss: 0.4084, Hit Rate: 0.0170 | Val Loss: 0.4378, Hit Rate: 0.0124
Epoch 17/100 | Train Loss: 0.4076, Hit Rate: 0.0178 | Val Loss: 0.4469, Hit Rate: 0.0100
Epoch 18/100 | Train Loss: 0.3911, Hit Rate: 0.0210 | Val Loss: 0.3952, Hit Rate: 0.0220
Epoch 19/100 | Train Loss: 0.3987, Hit Rate: 0.0211 | Val Loss: 0.4013, Hit Rate: 0.0176
Epoch 20/100 | Train Loss: 0.3744, Hit Rate: 0.0260 | Val Loss: 0.4332, Hit Rate: 0.0094
Epoch 21/100 | Train Loss: 0.3706, Hit Rate: 0.0263 | Val Loss: 0.3845, Hit Rate: 0.0194
Epoch 22/100 | Train Loss: 0.3787, Hit Rate: 0.0274 | Val Loss: 0.3636, Hit Rate: 0.0340
Epoch 23/100 | Train Loss: 0.3515, Hit Rate: 0.0361 | Val Loss: 0.4278, Hit Rate: 0.0150
Epoch 24/100 | Train Loss: 0.3553, Hit Rate: 0.0341 | Val Loss: 0.3744, Hit Rate: 0.0256
Epoch 25/100 | Train Loss: 0.3626, Hit Rate: 0.0338 | Val Loss: 0.3582, Hit Rate: 0.0381
Epoch 26/100 | Train Loss: 0.3390, Hit Rate: 0.0426 | Val Loss: 0.3501, Hit Rate: 0.0406
Epoch 27/100 | Train Loss: 0.3391, Hit Rate: 0.0440 | Val Loss: 0.3860, Hit Rate: 0.0268
Epoch 28/100 | Train Loss: 0.3365, Hit Rate: 0.0438 | Val Loss: 0.4137, Hit Rate: 0.0281
Epoch 29/100 | Train Loss: 0.3321, Hit Rate: 0.0476 | Val Loss: 0.3460, Hit Rate: 0.0395
Epoch 30/100 | Train Loss: 0.3318, Hit Rate: 0.0444 | Val Loss: 0.3327, Hit Rate: 0.0497
Epoch 31/100 | Train Loss: 0.3293, Hit Rate: 0.0506 | Val Loss: 0.3329, Hit Rate: 0.0511
Epoch 32/100 | Train Loss: 0.3191, Hit Rate: 0.0518 | Val Loss: 0.3367, Hit Rate: 0.0468
Epoch 33/100 | Train Loss: 0.3336, Hit Rate: 0.0478 | Val Loss: 0.3276, Hit Rate: 0.0497
Epoch 34/100 | Train Loss: 0.3109, Hit Rate: 0.0580 | Val Loss: 0.3556, Hit Rate: 0.0300
Epoch 35/100 | Train Loss: 0.3114, Hit Rate: 0.0591 | Val Loss: 0.3401, Hit Rate: 0.0440
Epoch 36/100 | Train Loss: 0.3132, Hit Rate: 0.0611 | Val Loss: 0.3193, Hit Rate: 0.0549
Epoch 37/100 | Train Loss: 0.3191, Hit Rate: 0.0597 | Val Loss: 0.3174, Hit Rate: 0.0546
Epoch 38/100 | Train Loss: 0.3014, Hit Rate: 0.0676 | Val Loss: 0.3317, Hit Rate: 0.0532
Epoch 39/100 | Train Loss: 0.3015, Hit Rate: 0.0678 | Val Loss: 0.3293, Hit Rate: 0.0495
Epoch 40/100 | Train Loss: 0.3365, Hit Rate: 0.0568 | Val Loss: 0.3196, Hit Rate: 0.0639
Epoch 41/100 | Train Loss: 0.2957, Hit Rate: 0.0732 | Val Loss: 0.3097, Hit Rate: 0.0636
Epoch 42/100 | Train Loss: 0.2979, Hit Rate: 0.0736 | Val Loss: 0.3269, Hit Rate: 0.0504
Epoch 43/100 | Train Loss: 0.2916, Hit Rate: 0.0739 | Val Loss: 0.3356, Hit Rate: 0.0523
Epoch 44/100 | Train Loss: 0.2961, Hit Rate: 0.0725 | Val Loss: 0.3321, Hit Rate: 0.0460
Epoch 45/100 | Train Loss: 0.2999, Hit Rate: 0.0715 | Val Loss: 0.2949, Hit Rate: 0.0719
Epoch 46/100 | Train Loss: 0.2808, Hit Rate: 0.0830 | Val Loss: 0.3575, Hit Rate: 0.0502
Epoch 47/100 | Train Loss: 0.2862, Hit Rate: 0.0782 | Val Loss: 0.3504, Hit Rate: 0.0483
Epoch 48/100 | Train Loss: 0.2927, Hit Rate: 0.0781 | Val Loss: 0.2968, Hit Rate: 0.0793
Epoch 49/100 | Train Loss: 0.2778, Hit Rate: 0.0885 | Val Loss: 0.3208, Hit Rate: 0.0612
Epoch 50/100 | Train Loss: 0.2793, Hit Rate: 0.0857 | Val Loss: 0.3080, Hit Rate: 0.0641
Epoch 51/100 | Train Loss: 0.2841, Hit Rate: 0.0863 | Val Loss: 0.3101, Hit Rate: 0.0627
Epoch 52/100 | Train Loss: 0.2812, Hit Rate: 0.0844 | Val Loss: 0.3230, Hit Rate: 0.0574
Epoch 53/100 | Train Loss: 0.2782, Hit Rate: 0.0852 | Val Loss: 0.3140, Hit Rate: 0.0642
Epoch 54/100 | Train Loss: 0.2740, Hit Rate: 0.0936 | Val Loss: 0.2953, Hit Rate: 0.0758
Epoch 55/100 | Train Loss: 0.2942, Hit Rate: 0.0827 | Val Loss: 0.3373, Hit Rate: 0.0431
Epoch 56/100 | Train Loss: 0.2675, Hit Rate: 0.0951 | Val Loss: 0.3373, Hit Rate: 0.0615
Epoch 57/100 | Train Loss: 0.2725, Hit Rate: 0.0967 | Val Loss: 0.2910, Hit Rate: 0.0807
Epoch 58/100 | Train Loss: 0.2649, Hit Rate: 0.0993 | Val Loss: 0.3042, Hit Rate: 0.0739
Epoch 59/100 | Train Loss: 0.2696, Hit Rate: 0.0955 | Val Loss: 0.2949, Hit Rate: 0.0780
Epoch 60/100 | Train Loss: 0.2754, Hit Rate: 0.0903 | Val Loss: 0.2985, Hit Rate: 0.0834
Epoch 61/100 | Train Loss: 0.2623, Hit Rate: 0.1026 | Val Loss: 0.2915, Hit Rate: 0.0821
Epoch 62/100 | Train Loss: 0.2664, Hit Rate: 0.0975 | Val Loss: 0.2902, Hit Rate: 0.0902
Epoch 63/100 | Train Loss: 0.2632, Hit Rate: 0.1008 | Val Loss: 0.2884, Hit Rate: 0.0852
Epoch 64/100 | Train Loss: 0.2684, Hit Rate: 0.0971 | Val Loss: 0.3027, Hit Rate: 0.0753
Epoch 65/100 | Train Loss: 0.2734, Hit Rate: 0.0936 | Val Loss: 0.3055, Hit Rate: 0.0816
Epoch 66/100 | Train Loss: 0.2608, Hit Rate: 0.1059 | Val Loss: 0.3111, Hit Rate: 0.0763
Epoch 67/100 | Train Loss: 0.2598, Hit Rate: 0.1046 | Val Loss: 0.3306, Hit Rate: 0.0631
Epoch 68/100 | Train Loss: 0.2618, Hit Rate: 0.1033 | Val Loss: 0.2974, Hit Rate: 0.0796
Epoch 69/100 | Train Loss: 0.2625, Hit Rate: 0.1038 | Val Loss: 0.3632, Hit Rate: 0.0439
Epoch 70/100 | Train Loss: 0.2586, Hit Rate: 0.1061 | Val Loss: 0.2920, Hit Rate: 0.0781
Epoch 71/100 | Train Loss: 0.2568, Hit Rate: 0.1124 | Val Loss: 0.3049, Hit Rate: 0.0760
Epoch 72/100 | Train Loss: 0.2593, Hit Rate: 0.1075 | Val Loss: 0.2976, Hit Rate: 0.0774
Epoch 73/100 | Train Loss: 0.2521, Hit Rate: 0.1142 | Val Loss: 0.2856, Hit Rate: 0.0895
Epoch 74/100 | Train Loss: 0.2561, Hit Rate: 0.1081 | Val Loss: 0.3010, Hit Rate: 0.0727
Epoch 75/100 | Train Loss: 0.2550, Hit Rate: 0.1093 | Val Loss: 0.2925, Hit Rate: 0.0846
Epoch 76/100 | Train Loss: 0.2516, Hit Rate: 0.1137 | Val Loss: 0.2919, Hit Rate: 0.0881
Epoch 77/100 | Train Loss: 0.2582, Hit Rate: 0.1131 | Val Loss: 0.2863, Hit Rate: 0.0917
Epoch 78/100 | Train Loss: 0.2527, Hit Rate: 0.1135 | Val Loss: 0.2989, Hit Rate: 0.0850
Epoch 79/100 | Train Loss: 0.2659, Hit Rate: 0.1081 | Val Loss: 0.2783, Hit Rate: 0.0964
Epoch 80/100 | Train Loss: 0.2420, Hit Rate: 0.1240 | Val Loss: 0.2791, Hit Rate: 0.0991
Epoch 81/100 | Train Loss: 0.2461, Hit Rate: 0.1206 | Val Loss: 0.2877, Hit Rate: 0.0893
Epoch 82/100 | Train Loss: 0.2513, Hit Rate: 0.1131 | Val Loss: 0.3273, Hit Rate: 0.0655
Epoch 83/100 | Train Loss: 0.2572, Hit Rate: 0.1151 | Val Loss: 0.2972, Hit Rate: 0.0839
Epoch 84/100 | Train Loss: 0.2447, Hit Rate: 0.1236 | Val Loss: 0.2900, Hit Rate: 0.0944
Epoch 85/100 | Train Loss: 0.2454, Hit Rate: 0.1193 | Val Loss: 0.2755, Hit Rate: 0.1043
Epoch 86/100 | Train Loss: 0.2435, Hit Rate: 0.1210 | Val Loss: 0.2767, Hit Rate: 0.0958
Epoch 87/100 | Train Loss: 0.2427, Hit Rate: 0.1272 | Val Loss: 0.2867, Hit Rate: 0.0988
Epoch 88/100 | Train Loss: 0.2627, Hit Rate: 0.1084 | Val Loss: 0.3213, Hit Rate: 0.0798
Epoch 89/100 | Train Loss: 0.2417, Hit Rate: 0.1280 | Val Loss: 0.2912, Hit Rate: 0.0876
Epoch 90/100 | Train Loss: 0.2469, Hit Rate: 0.1252 | Val Loss: 0.2745, Hit Rate: 0.1023
Epoch 91/100 | Train Loss: 0.2412, Hit Rate: 0.1292 | Val Loss: 0.3007, Hit Rate: 0.0985
Epoch 92/100 | Train Loss: 0.2470, Hit Rate: 0.1211 | Val Loss: 0.2873, Hit Rate: 0.0948
Epoch 93/100 | Train Loss: 0.2394, Hit Rate: 0.1308 | Val Loss: 0.2827, Hit Rate: 0.1077
Epoch 94/100 | Train Loss: 0.2411, Hit Rate: 0.1256 | Val Loss: 0.2754, Hit Rate: 0.1046
Epoch 95/100 | Train Loss: 0.2452, Hit Rate: 0.1228 | Val Loss: 0.2936, Hit Rate: 0.0940
Epoch 96/100 | Train Loss: 0.2364, Hit Rate: 0.1319 | Val Loss: 0.2913, Hit Rate: 0.0955
Epoch 97/100 | Train Loss: 0.2440, Hit Rate: 0.1235 | Val Loss: 0.2824, Hit Rate: 0.1056
Epoch 98/100 | Train Loss: 0.2408, Hit Rate: 0.1295 | Val Loss: 0.2957, Hit Rate: 0.0967
Epoch 99/100 | Train Loss: 0.2469, Hit Rate: 0.1232 | Val Loss: 0.2854, Hit Rate: 0.0976
Epoch 100/100 | Train Loss: 0.2348, Hit Rate: 0.1365 | Val Loss: 0.2830, Hit Rate: 0.1049

Best validation hit rate: 0.1077
