Using device: cuda
Loaded 24900 samples
Input vocab size: 4, Output vocab size: 6
Fold 2: train=19920, val=4980
Model: cnn, params=264,710
  cross_attn=enabled
Epoch 1/100 | Train Loss: 1.0779, Hit Rate: 0.0000 | Val Loss: 0.9004, Hit Rate: 0.0000
Epoch 2/100 | Train Loss: 0.8739, Hit Rate: 0.0000 | Val Loss: 0.8377, Hit Rate: 0.0000
Epoch 3/100 | Train Loss: 0.8216, Hit Rate: 0.0001 | Val Loss: 0.7595, Hit Rate: 0.0010
Epoch 4/100 | Train Loss: 0.6981, Hit Rate: 0.0006 | Val Loss: 0.6453, Hit Rate: 0.0002
Epoch 5/100 | Train Loss: 0.6179, Hit Rate: 0.0008 | Val Loss: 0.5814, Hit Rate: 0.0020
Epoch 6/100 | Train Loss: 0.5615, Hit Rate: 0.0033 | Val Loss: 0.5360, Hit Rate: 0.0028
Epoch 7/100 | Train Loss: 0.5231, Hit Rate: 0.0039 | Val Loss: 0.8076, Hit Rate: 0.0006
Epoch 8/100 | Train Loss: 0.4960, Hit Rate: 0.0071 | Val Loss: 0.4797, Hit Rate: 0.0064
Epoch 9/100 | Train Loss: 0.4808, Hit Rate: 0.0095 | Val Loss: 0.4625, Hit Rate: 0.0124
Epoch 10/100 | Train Loss: 0.4526, Hit Rate: 0.0119 | Val Loss: 0.4495, Hit Rate: 0.0149
Epoch 11/100 | Train Loss: 0.4350, Hit Rate: 0.0171 | Val Loss: 0.4308, Hit Rate: 0.0153
Epoch 12/100 | Train Loss: 0.4344, Hit Rate: 0.0175 | Val Loss: 0.4329, Hit Rate: 0.0162
Epoch 13/100 | Train Loss: 0.4142, Hit Rate: 0.0219 | Val Loss: 0.4576, Hit Rate: 0.0189
Epoch 14/100 | Train Loss: 0.4016, Hit Rate: 0.0253 | Val Loss: 0.4150, Hit Rate: 0.0222
Epoch 15/100 | Train Loss: 0.4488, Hit Rate: 0.0192 | Val Loss: 0.4217, Hit Rate: 0.0221
Epoch 16/100 | Train Loss: 0.3937, Hit Rate: 0.0276 | Val Loss: 0.3944, Hit Rate: 0.0285
Epoch 17/100 | Train Loss: 0.3853, Hit Rate: 0.0294 | Val Loss: 0.3842, Hit Rate: 0.0321
Epoch 18/100 | Train Loss: 0.3772, Hit Rate: 0.0307 | Val Loss: 0.3651, Hit Rate: 0.0364
Epoch 19/100 | Train Loss: 0.3585, Hit Rate: 0.0369 | Val Loss: 0.3813, Hit Rate: 0.0326
Epoch 20/100 | Train Loss: 0.3589, Hit Rate: 0.0365 | Val Loss: 0.3734, Hit Rate: 0.0416
Epoch 21/100 | Train Loss: 0.3654, Hit Rate: 0.0381 | Val Loss: 0.3841, Hit Rate: 0.0299
Epoch 22/100 | Train Loss: 0.3446, Hit Rate: 0.0444 | Val Loss: 0.3521, Hit Rate: 0.0486
Epoch 23/100 | Train Loss: 0.3385, Hit Rate: 0.0472 | Val Loss: 0.3664, Hit Rate: 0.0391
Epoch 24/100 | Train Loss: 0.3411, Hit Rate: 0.0471 | Val Loss: 0.3524, Hit Rate: 0.0384
Epoch 25/100 | Train Loss: 0.3261, Hit Rate: 0.0559 | Val Loss: 0.3422, Hit Rate: 0.0506
Epoch 26/100 | Train Loss: 0.3245, Hit Rate: 0.0570 | Val Loss: 0.3561, Hit Rate: 0.0403
Epoch 27/100 | Train Loss: 0.3395, Hit Rate: 0.0556 | Val Loss: 0.3365, Hit Rate: 0.0536
Epoch 28/100 | Train Loss: 0.3187, Hit Rate: 0.0621 | Val Loss: 0.3291, Hit Rate: 0.0534
Epoch 29/100 | Train Loss: 0.3165, Hit Rate: 0.0637 | Val Loss: 0.3349, Hit Rate: 0.0534
Epoch 30/100 | Train Loss: 0.3064, Hit Rate: 0.0709 | Val Loss: 0.3314, Hit Rate: 0.0560
Epoch 31/100 | Train Loss: 0.3086, Hit Rate: 0.0681 | Val Loss: 0.4128, Hit Rate: 0.0221
Epoch 32/100 | Train Loss: 0.3070, Hit Rate: 0.0690 | Val Loss: 0.3144, Hit Rate: 0.0620
Epoch 33/100 | Train Loss: 0.2984, Hit Rate: 0.0754 | Val Loss: 0.3438, Hit Rate: 0.0584
Epoch 34/100 | Train Loss: 0.3067, Hit Rate: 0.0736 | Val Loss: 0.3101, Hit Rate: 0.0753
Epoch 35/100 | Train Loss: 0.2916, Hit Rate: 0.0834 | Val Loss: 0.3079, Hit Rate: 0.0681
Epoch 36/100 | Train Loss: 0.2940, Hit Rate: 0.0797 | Val Loss: 0.3124, Hit Rate: 0.0694
Epoch 37/100 | Train Loss: 0.2897, Hit Rate: 0.0837 | Val Loss: 0.3319, Hit Rate: 0.0618
Epoch 38/100 | Train Loss: 0.2883, Hit Rate: 0.0859 | Val Loss: 0.3175, Hit Rate: 0.0613
Epoch 39/100 | Train Loss: 0.2978, Hit Rate: 0.0881 | Val Loss: 0.3088, Hit Rate: 0.0653
Epoch 40/100 | Train Loss: 0.2766, Hit Rate: 0.0949 | Val Loss: 0.2978, Hit Rate: 0.0836
Epoch 41/100 | Train Loss: 0.2782, Hit Rate: 0.0953 | Val Loss: 0.3093, Hit Rate: 0.0769
Epoch 42/100 | Train Loss: 0.2885, Hit Rate: 0.0915 | Val Loss: 0.3154, Hit Rate: 0.0630
Epoch 43/100 | Train Loss: 0.2750, Hit Rate: 0.0990 | Val Loss: 0.2960, Hit Rate: 0.0944
Epoch 44/100 | Train Loss: 0.2712, Hit Rate: 0.1055 | Val Loss: 0.3050, Hit Rate: 0.0788
Epoch 45/100 | Train Loss: 0.2769, Hit Rate: 0.0991 | Val Loss: 0.3175, Hit Rate: 0.0803
Epoch 46/100 | Train Loss: 0.2663, Hit Rate: 0.1104 | Val Loss: 0.3317, Hit Rate: 0.0690
Epoch 47/100 | Train Loss: 0.2678, Hit Rate: 0.1056 | Val Loss: 0.2889, Hit Rate: 0.1013
Epoch 48/100 | Train Loss: 0.2788, Hit Rate: 0.1012 | Val Loss: 0.2983, Hit Rate: 0.0835
Epoch 49/100 | Train Loss: 0.2593, Hit Rate: 0.1132 | Val Loss: 0.2933, Hit Rate: 0.0840
Epoch 50/100 | Train Loss: 0.2638, Hit Rate: 0.1120 | Val Loss: 0.3265, Hit Rate: 0.0615
Epoch 51/100 | Train Loss: 0.2693, Hit Rate: 0.1093 | Val Loss: 0.3002, Hit Rate: 0.0791
Epoch 52/100 | Train Loss: 0.2570, Hit Rate: 0.1193 | Val Loss: 0.3001, Hit Rate: 0.0741
Epoch 53/100 | Train Loss: 0.2707, Hit Rate: 0.1164 | Val Loss: 0.3441, Hit Rate: 0.0538
Epoch 54/100 | Train Loss: 0.2560, Hit Rate: 0.1189 | Val Loss: 0.2848, Hit Rate: 0.0999
Epoch 55/100 | Train Loss: 0.2523, Hit Rate: 0.1208 | Val Loss: 0.2943, Hit Rate: 0.0871
Epoch 56/100 | Train Loss: 0.2761, Hit Rate: 0.1093 | Val Loss: 0.2992, Hit Rate: 0.0932
Epoch 57/100 | Train Loss: 0.2479, Hit Rate: 0.1318 | Val Loss: 0.2857, Hit Rate: 0.0938
Epoch 58/100 | Train Loss: 0.2470, Hit Rate: 0.1317 | Val Loss: 0.2927, Hit Rate: 0.0914
Epoch 59/100 | Train Loss: 0.2519, Hit Rate: 0.1273 | Val Loss: 0.3005, Hit Rate: 0.0819
Epoch 60/100 | Train Loss: 0.2489, Hit Rate: 0.1308 | Val Loss: 0.2878, Hit Rate: 0.0957
Epoch 61/100 | Train Loss: 0.2520, Hit Rate: 0.1273 | Val Loss: 0.2847, Hit Rate: 0.0899
Epoch 62/100 | Train Loss: 0.2488, Hit Rate: 0.1322 | Val Loss: 0.2903, Hit Rate: 0.0856
Epoch 63/100 | Train Loss: 0.2472, Hit Rate: 0.1292 | Val Loss: 0.2802, Hit Rate: 0.1003
Epoch 64/100 | Train Loss: 0.2452, Hit Rate: 0.1355 | Val Loss: 0.2737, Hit Rate: 0.1128
Epoch 65/100 | Train Loss: 0.2457, Hit Rate: 0.1351 | Val Loss: 0.2858, Hit Rate: 0.0962
Epoch 66/100 | Train Loss: 0.2474, Hit Rate: 0.1362 | Val Loss: 0.2828, Hit Rate: 0.1044
Epoch 67/100 | Train Loss: 0.2547, Hit Rate: 0.1313 | Val Loss: 0.3067, Hit Rate: 0.0772
Epoch 68/100 | Train Loss: 0.2357, Hit Rate: 0.1464 | Val Loss: 0.2784, Hit Rate: 0.1142
Epoch 69/100 | Train Loss: 0.2365, Hit Rate: 0.1462 | Val Loss: 0.2715, Hit Rate: 0.1227
Epoch 70/100 | Train Loss: 0.2384, Hit Rate: 0.1479 | Val Loss: 0.2773, Hit Rate: 0.1053
Epoch 71/100 | Train Loss: 0.2424, Hit Rate: 0.1453 | Val Loss: 0.2669, Hit Rate: 0.1202
Epoch 72/100 | Train Loss: 0.2350, Hit Rate: 0.1492 | Val Loss: 0.2884, Hit Rate: 0.1001
Epoch 73/100 | Train Loss: 0.2393, Hit Rate: 0.1443 | Val Loss: 0.2932, Hit Rate: 0.1006
Epoch 74/100 | Train Loss: 0.2515, Hit Rate: 0.1385 | Val Loss: 0.2725, Hit Rate: 0.1197
Epoch 75/100 | Train Loss: 0.2320, Hit Rate: 0.1538 | Val Loss: 0.2743, Hit Rate: 0.1149
Epoch 76/100 | Train Loss: 0.2298, Hit Rate: 0.1575 | Val Loss: 0.2738, Hit Rate: 0.1205
Epoch 77/100 | Train Loss: 0.2330, Hit Rate: 0.1525 | Val Loss: 0.3272, Hit Rate: 0.0781
Epoch 78/100 | Train Loss: 0.2402, Hit Rate: 0.1474 | Val Loss: 0.2786, Hit Rate: 0.1173
Epoch 79/100 | Train Loss: 0.2322, Hit Rate: 0.1553 | Val Loss: 0.2806, Hit Rate: 0.1120
Epoch 80/100 | Train Loss: 0.2307, Hit Rate: 0.1573 | Val Loss: 0.2732, Hit Rate: 0.1138
Epoch 81/100 | Train Loss: 0.2321, Hit Rate: 0.1554 | Val Loss: 0.2798, Hit Rate: 0.1165
Epoch 82/100 | Train Loss: 0.2308, Hit Rate: 0.1584 | Val Loss: 0.2805, Hit Rate: 0.0966
Epoch 83/100 | Train Loss: 0.2364, Hit Rate: 0.1541 | Val Loss: 0.4557, Hit Rate: 0.0288
Epoch 84/100 | Train Loss: 0.2326, Hit Rate: 0.1568 | Val Loss: 0.2742, Hit Rate: 0.1263
Epoch 85/100 | Train Loss: 0.2227, Hit Rate: 0.1680 | Val Loss: 0.2698, Hit Rate: 0.1262
Epoch 86/100 | Train Loss: 0.2418, Hit Rate: 0.1508 | Val Loss: 0.3142, Hit Rate: 0.0941
Epoch 87/100 | Train Loss: 0.2263, Hit Rate: 0.1627 | Val Loss: 0.2918, Hit Rate: 0.1003
Epoch 88/100 | Train Loss: 0.2226, Hit Rate: 0.1668 | Val Loss: 0.2739, Hit Rate: 0.1109
Epoch 89/100 | Train Loss: 0.2269, Hit Rate: 0.1603 | Val Loss: 0.2801, Hit Rate: 0.1126
Epoch 90/100 | Train Loss: 0.2248, Hit Rate: 0.1681 | Val Loss: 0.2748, Hit Rate: 0.1176
Epoch 91/100 | Train Loss: 0.2232, Hit Rate: 0.1685 | Val Loss: 0.2699, Hit Rate: 0.1251
Epoch 92/100 | Train Loss: 0.2292, Hit Rate: 0.1606 | Val Loss: 0.4825, Hit Rate: 0.0478
Epoch 93/100 | Train Loss: 0.2258, Hit Rate: 0.1650 | Val Loss: 0.2865, Hit Rate: 0.1256
Epoch 94/100 | Train Loss: 0.2231, Hit Rate: 0.1642 | Val Loss: 0.2680, Hit Rate: 0.1219
Epoch 95/100 | Train Loss: 0.2244, Hit Rate: 0.1660 | Val Loss: 0.2803, Hit Rate: 0.1234
Epoch 96/100 | Train Loss: 0.2249, Hit Rate: 0.1664 | Val Loss: 0.2929, Hit Rate: 0.1141
Epoch 97/100 | Train Loss: 0.2367, Hit Rate: 0.1594 | Val Loss: 0.2735, Hit Rate: 0.1305
Epoch 98/100 | Train Loss: 0.2175, Hit Rate: 0.1804 | Val Loss: 0.2713, Hit Rate: 0.1199
Epoch 99/100 | Train Loss: 0.2253, Hit Rate: 0.1639 | Val Loss: 0.2739, Hit Rate: 0.1172
Epoch 100/100 | Train Loss: 0.2217, Hit Rate: 0.1722 | Val Loss: 0.2629, Hit Rate: 0.1326

Best validation hit rate: 0.1326
