Using device: cuda
Loaded 24900 samples
Input vocab size: 4, Output vocab size: 6
Fold 1: train=19920, val=4980
Model: cnn, params=247,942
Epoch 1/100 | Train Loss: 1.1171, Hit Rate: 0.0000 | Val Loss: 0.9449, Hit Rate: 0.0000
Epoch 2/100 | Train Loss: 0.8829, Hit Rate: 0.0000 | Val Loss: 0.8127, Hit Rate: 0.0000
Epoch 3/100 | Train Loss: 0.7147, Hit Rate: 0.0007 | Val Loss: 0.6762, Hit Rate: 0.0000
Epoch 4/100 | Train Loss: 0.6390, Hit Rate: 0.0014 | Val Loss: 0.6213, Hit Rate: 0.0004
Epoch 5/100 | Train Loss: 0.5913, Hit Rate: 0.0021 | Val Loss: 0.6085, Hit Rate: 0.0004
Epoch 6/100 | Train Loss: 0.5691, Hit Rate: 0.0020 | Val Loss: 0.5847, Hit Rate: 0.0002
Epoch 7/100 | Train Loss: 0.5356, Hit Rate: 0.0032 | Val Loss: 0.5456, Hit Rate: 0.0012
Epoch 8/100 | Train Loss: 0.5348, Hit Rate: 0.0039 | Val Loss: 0.5849, Hit Rate: 0.0012
Epoch 9/100 | Train Loss: 0.4946, Hit Rate: 0.0047 | Val Loss: 0.5195, Hit Rate: 0.0046
Epoch 10/100 | Train Loss: 0.4963, Hit Rate: 0.0049 | Val Loss: 0.5304, Hit Rate: 0.0020
Epoch 11/100 | Train Loss: 0.4640, Hit Rate: 0.0069 | Val Loss: 0.4932, Hit Rate: 0.0048
Epoch 12/100 | Train Loss: 0.4630, Hit Rate: 0.0090 | Val Loss: 0.4884, Hit Rate: 0.0052
Epoch 13/100 | Train Loss: 0.4334, Hit Rate: 0.0123 | Val Loss: 0.4899, Hit Rate: 0.0078
Epoch 14/100 | Train Loss: 0.4405, Hit Rate: 0.0137 | Val Loss: 0.4646, Hit Rate: 0.0076
Epoch 15/100 | Train Loss: 0.4140, Hit Rate: 0.0173 | Val Loss: 0.4634, Hit Rate: 0.0048
Epoch 16/100 | Train Loss: 0.4191, Hit Rate: 0.0208 | Val Loss: 0.4386, Hit Rate: 0.0100
Epoch 17/100 | Train Loss: 0.3901, Hit Rate: 0.0260 | Val Loss: 0.4534, Hit Rate: 0.0102
Epoch 18/100 | Train Loss: 0.3897, Hit Rate: 0.0268 | Val Loss: 0.4830, Hit Rate: 0.0064
Epoch 19/100 | Train Loss: 0.3731, Hit Rate: 0.0337 | Val Loss: 0.4224, Hit Rate: 0.0122
Epoch 20/100 | Train Loss: 0.3737, Hit Rate: 0.0351 | Val Loss: 0.4180, Hit Rate: 0.0166
Epoch 21/100 | Train Loss: 0.3571, Hit Rate: 0.0395 | Val Loss: 0.4409, Hit Rate: 0.0150
Epoch 22/100 | Train Loss: 0.3512, Hit Rate: 0.0438 | Val Loss: 0.4537, Hit Rate: 0.0152
Epoch 23/100 | Train Loss: 0.3488, Hit Rate: 0.0465 | Val Loss: 0.4122, Hit Rate: 0.0146
Epoch 24/100 | Train Loss: 0.3609, Hit Rate: 0.0457 | Val Loss: 0.4033, Hit Rate: 0.0196
Epoch 25/100 | Train Loss: 0.3323, Hit Rate: 0.0557 | Val Loss: 0.3989, Hit Rate: 0.0170
Epoch 26/100 | Train Loss: 0.3318, Hit Rate: 0.0550 | Val Loss: 0.3922, Hit Rate: 0.0200
Epoch 27/100 | Train Loss: 0.3261, Hit Rate: 0.0617 | Val Loss: 0.4002, Hit Rate: 0.0206
Epoch 28/100 | Train Loss: 0.3197, Hit Rate: 0.0662 | Val Loss: 0.4163, Hit Rate: 0.0126
Epoch 29/100 | Train Loss: 0.3218, Hit Rate: 0.0660 | Val Loss: 0.4190, Hit Rate: 0.0138
Epoch 30/100 | Train Loss: 0.3312, Hit Rate: 0.0653 | Val Loss: 0.3984, Hit Rate: 0.0158
Epoch 31/100 | Train Loss: 0.3088, Hit Rate: 0.0720 | Val Loss: 0.4004, Hit Rate: 0.0197
Epoch 32/100 | Train Loss: 0.3050, Hit Rate: 0.0803 | Val Loss: 0.3976, Hit Rate: 0.0222
Epoch 33/100 | Train Loss: 0.3018, Hit Rate: 0.0779 | Val Loss: 0.4162, Hit Rate: 0.0178
Epoch 34/100 | Train Loss: 0.3077, Hit Rate: 0.0806 | Val Loss: 0.3903, Hit Rate: 0.0202
Epoch 35/100 | Train Loss: 0.2938, Hit Rate: 0.0870 | Val Loss: 0.4256, Hit Rate: 0.0175
Epoch 36/100 | Train Loss: 0.2939, Hit Rate: 0.0920 | Val Loss: 0.3950, Hit Rate: 0.0186
Epoch 37/100 | Train Loss: 0.2862, Hit Rate: 0.0940 | Val Loss: 0.3894, Hit Rate: 0.0195
Epoch 38/100 | Train Loss: 0.2932, Hit Rate: 0.0895 | Val Loss: 0.4538, Hit Rate: 0.0188
Epoch 39/100 | Train Loss: 0.2869, Hit Rate: 0.0958 | Val Loss: 0.3963, Hit Rate: 0.0158
Epoch 40/100 | Train Loss: 0.2783, Hit Rate: 0.1030 | Val Loss: 0.4043, Hit Rate: 0.0219
Epoch 41/100 | Train Loss: 0.2795, Hit Rate: 0.1014 | Val Loss: 0.3911, Hit Rate: 0.0204
Epoch 42/100 | Train Loss: 0.2998, Hit Rate: 0.0939 | Val Loss: 0.4063, Hit Rate: 0.0188
Epoch 43/100 | Train Loss: 0.2711, Hit Rate: 0.1125 | Val Loss: 0.3913, Hit Rate: 0.0191
Epoch 44/100 | Train Loss: 0.2676, Hit Rate: 0.1095 | Val Loss: 0.3846, Hit Rate: 0.0285
Epoch 45/100 | Train Loss: 0.2735, Hit Rate: 0.1069 | Val Loss: 0.3960, Hit Rate: 0.0273
Epoch 46/100 | Train Loss: 0.2772, Hit Rate: 0.1067 | Val Loss: 0.3778, Hit Rate: 0.0365
Epoch 47/100 | Train Loss: 0.2644, Hit Rate: 0.1199 | Val Loss: 0.4307, Hit Rate: 0.0134
Epoch 48/100 | Train Loss: 0.2739, Hit Rate: 0.1124 | Val Loss: 0.4261, Hit Rate: 0.0187
Epoch 49/100 | Train Loss: 0.2609, Hit Rate: 0.1247 | Val Loss: 0.4009, Hit Rate: 0.0210
Epoch 50/100 | Train Loss: 0.2622, Hit Rate: 0.1239 | Val Loss: 0.3935, Hit Rate: 0.0232
Epoch 51/100 | Train Loss: 0.2619, Hit Rate: 0.1226 | Val Loss: 0.3939, Hit Rate: 0.0245
Epoch 52/100 | Train Loss: 0.2597, Hit Rate: 0.1240 | Val Loss: 0.3940, Hit Rate: 0.0261
Epoch 53/100 | Train Loss: 0.2582, Hit Rate: 0.1271 | Val Loss: 0.4244, Hit Rate: 0.0168
Epoch 54/100 | Train Loss: 0.2557, Hit Rate: 0.1317 | Val Loss: 0.3995, Hit Rate: 0.0200
Epoch 55/100 | Train Loss: 0.2701, Hit Rate: 0.1224 | Val Loss: 0.3837, Hit Rate: 0.0261
Epoch 56/100 | Train Loss: 0.2491, Hit Rate: 0.1369 | Val Loss: 0.3995, Hit Rate: 0.0237
Epoch 57/100 | Train Loss: 0.2496, Hit Rate: 0.1378 | Val Loss: 0.3859, Hit Rate: 0.0315
Epoch 58/100 | Train Loss: 0.2491, Hit Rate: 0.1381 | Val Loss: 0.3913, Hit Rate: 0.0244
Epoch 59/100 | Train Loss: 0.2505, Hit Rate: 0.1386 | Val Loss: 0.3930, Hit Rate: 0.0309
Epoch 60/100 | Train Loss: 0.2647, Hit Rate: 0.1291 | Val Loss: 0.3952, Hit Rate: 0.0275
Epoch 61/100 | Train Loss: 0.2426, Hit Rate: 0.1493 | Val Loss: 0.4004, Hit Rate: 0.0262
Epoch 62/100 | Train Loss: 0.2410, Hit Rate: 0.1483 | Val Loss: 0.3871, Hit Rate: 0.0252
Epoch 63/100 | Train Loss: 0.2528, Hit Rate: 0.1374 | Val Loss: 0.4069, Hit Rate: 0.0195
Epoch 64/100 | Train Loss: 0.2381, Hit Rate: 0.1495 | Val Loss: 0.4101, Hit Rate: 0.0252
Epoch 65/100 | Train Loss: 0.2428, Hit Rate: 0.1509 | Val Loss: 0.3839, Hit Rate: 0.0337
Epoch 66/100 | Train Loss: 0.2376, Hit Rate: 0.1560 | Val Loss: 0.4422, Hit Rate: 0.0192
Epoch 67/100 | Train Loss: 0.2448, Hit Rate: 0.1480 | Val Loss: 0.3944, Hit Rate: 0.0290
Epoch 68/100 | Train Loss: 0.2403, Hit Rate: 0.1524 | Val Loss: 0.3980, Hit Rate: 0.0310
Epoch 69/100 | Train Loss: 0.2390, Hit Rate: 0.1541 | Val Loss: 0.4417, Hit Rate: 0.0218
Epoch 70/100 | Train Loss: 0.2440, Hit Rate: 0.1535 | Val Loss: 0.3877, Hit Rate: 0.0312
Epoch 71/100 | Train Loss: 0.2317, Hit Rate: 0.1657 | Val Loss: 0.4063, Hit Rate: 0.0289
Epoch 72/100 | Train Loss: 0.2364, Hit Rate: 0.1582 | Val Loss: 0.4168, Hit Rate: 0.0234
Epoch 73/100 | Train Loss: 0.2342, Hit Rate: 0.1599 | Val Loss: 0.3979, Hit Rate: 0.0297
Epoch 74/100 | Train Loss: 0.2331, Hit Rate: 0.1621 | Val Loss: 0.3888, Hit Rate: 0.0277
Epoch 75/100 | Train Loss: 0.2348, Hit Rate: 0.1630 | Val Loss: 0.4278, Hit Rate: 0.0222
Epoch 76/100 | Train Loss: 0.2354, Hit Rate: 0.1578 | Val Loss: 0.3992, Hit Rate: 0.0258
Epoch 77/100 | Train Loss: 0.2348, Hit Rate: 0.1613 | Val Loss: 0.3889, Hit Rate: 0.0261
Epoch 78/100 | Train Loss: 0.2453, Hit Rate: 0.1591 | Val Loss: 0.4072, Hit Rate: 0.0248
Epoch 79/100 | Train Loss: 0.2251, Hit Rate: 0.1755 | Val Loss: 0.4025, Hit Rate: 0.0303
Epoch 80/100 | Train Loss: 0.2276, Hit Rate: 0.1703 | Val Loss: 0.4076, Hit Rate: 0.0282
Epoch 81/100 | Train Loss: 0.2279, Hit Rate: 0.1693 | Val Loss: 0.4042, Hit Rate: 0.0341
Epoch 82/100 | Train Loss: 0.2270, Hit Rate: 0.1742 | Val Loss: 0.4150, Hit Rate: 0.0292
Epoch 83/100 | Train Loss: 0.2287, Hit Rate: 0.1723 | Val Loss: 0.3947, Hit Rate: 0.0329
Epoch 84/100 | Train Loss: 0.2287, Hit Rate: 0.1723 | Val Loss: 0.3946, Hit Rate: 0.0299
Epoch 85/100 | Train Loss: 0.2261, Hit Rate: 0.1763 | Val Loss: 0.4380, Hit Rate: 0.0238
Epoch 86/100 | Train Loss: 0.2293, Hit Rate: 0.1675 | Val Loss: 0.4284, Hit Rate: 0.0164
Epoch 87/100 | Train Loss: 0.2242, Hit Rate: 0.1757 | Val Loss: 0.4083, Hit Rate: 0.0246
Epoch 88/100 | Train Loss: 0.2223, Hit Rate: 0.1831 | Val Loss: 0.4238, Hit Rate: 0.0261
Epoch 89/100 | Train Loss: 0.2355, Hit Rate: 0.1698 | Val Loss: 0.4161, Hit Rate: 0.0244
Epoch 90/100 | Train Loss: 0.2199, Hit Rate: 0.1787 | Val Loss: 0.4479, Hit Rate: 0.0190
Epoch 91/100 | Train Loss: 0.2251, Hit Rate: 0.1751 | Val Loss: 0.3973, Hit Rate: 0.0323
Epoch 92/100 | Train Loss: 0.2166, Hit Rate: 0.1888 | Val Loss: 0.4497, Hit Rate: 0.0203
Epoch 93/100 | Train Loss: 0.2263, Hit Rate: 0.1780 | Val Loss: 0.4486, Hit Rate: 0.0266
Epoch 94/100 | Train Loss: 0.2159, Hit Rate: 0.1924 | Val Loss: 0.4412, Hit Rate: 0.0166
Epoch 95/100 | Train Loss: 0.2196, Hit Rate: 0.1862 | Val Loss: 0.4172, Hit Rate: 0.0245
Epoch 96/100 | Train Loss: 0.2288, Hit Rate: 0.1753 | Val Loss: 0.4158, Hit Rate: 0.0281
Epoch 97/100 | Train Loss: 0.2152, Hit Rate: 0.1918 | Val Loss: 0.4178, Hit Rate: 0.0299
Epoch 98/100 | Train Loss: 0.2345, Hit Rate: 0.1746 | Val Loss: 0.4024, Hit Rate: 0.0285
Epoch 99/100 | Train Loss: 0.2136, Hit Rate: 0.1935 | Val Loss: 0.4005, Hit Rate: 0.0286
Epoch 100/100 | Train Loss: 0.2126, Hit Rate: 0.1953 | Val Loss: 0.4819, Hit Rate: 0.0132

Best validation hit rate: 0.0365
