Using device: cuda
Loaded 24900 samples
Input vocab size: 4, Output vocab size: 6
Fold 3: train=19920, val=4980
Model: cnn, params=247,942
Epoch 1/100 | Train Loss: 1.1311, Hit Rate: 0.0000 | Val Loss: 0.9249, Hit Rate: 0.0000
Epoch 2/100 | Train Loss: 0.8913, Hit Rate: 0.0000 | Val Loss: 0.8516, Hit Rate: 0.0000
Epoch 3/100 | Train Loss: 0.7728, Hit Rate: 0.0002 | Val Loss: 0.6996, Hit Rate: 0.0022
Epoch 4/100 | Train Loss: 0.6515, Hit Rate: 0.0007 | Val Loss: 0.6375, Hit Rate: 0.0030
Epoch 5/100 | Train Loss: 0.5901, Hit Rate: 0.0012 | Val Loss: 0.5738, Hit Rate: 0.0016
Epoch 6/100 | Train Loss: 0.5580, Hit Rate: 0.0026 | Val Loss: 0.5655, Hit Rate: 0.0014
Epoch 7/100 | Train Loss: 0.5207, Hit Rate: 0.0039 | Val Loss: 0.5241, Hit Rate: 0.0034
Epoch 8/100 | Train Loss: 0.5037, Hit Rate: 0.0052 | Val Loss: 0.5461, Hit Rate: 0.0014
Epoch 9/100 | Train Loss: 0.4890, Hit Rate: 0.0078 | Val Loss: 0.5134, Hit Rate: 0.0044
Epoch 10/100 | Train Loss: 0.4677, Hit Rate: 0.0092 | Val Loss: 0.5165, Hit Rate: 0.0032
Epoch 11/100 | Train Loss: 0.4739, Hit Rate: 0.0091 | Val Loss: 0.5458, Hit Rate: 0.0008
Epoch 12/100 | Train Loss: 0.4390, Hit Rate: 0.0148 | Val Loss: 0.4959, Hit Rate: 0.0052
Epoch 13/100 | Train Loss: 0.4252, Hit Rate: 0.0182 | Val Loss: 0.4672, Hit Rate: 0.0073
Epoch 14/100 | Train Loss: 0.4262, Hit Rate: 0.0198 | Val Loss: 0.4567, Hit Rate: 0.0070
Epoch 15/100 | Train Loss: 0.4059, Hit Rate: 0.0223 | Val Loss: 0.4683, Hit Rate: 0.0066
Epoch 16/100 | Train Loss: 0.4046, Hit Rate: 0.0248 | Val Loss: 0.4420, Hit Rate: 0.0082
Epoch 17/100 | Train Loss: 0.3825, Hit Rate: 0.0306 | Val Loss: 0.4542, Hit Rate: 0.0076
Epoch 18/100 | Train Loss: 0.3978, Hit Rate: 0.0300 | Val Loss: 0.4412, Hit Rate: 0.0084
Epoch 19/100 | Train Loss: 0.3674, Hit Rate: 0.0368 | Val Loss: 0.4629, Hit Rate: 0.0040
Epoch 20/100 | Train Loss: 0.3630, Hit Rate: 0.0371 | Val Loss: 0.4376, Hit Rate: 0.0124
Epoch 21/100 | Train Loss: 0.3692, Hit Rate: 0.0397 | Val Loss: 0.4160, Hit Rate: 0.0102
Epoch 22/100 | Train Loss: 0.3465, Hit Rate: 0.0494 | Val Loss: 0.4306, Hit Rate: 0.0150
Epoch 23/100 | Train Loss: 0.3538, Hit Rate: 0.0467 | Val Loss: 0.4111, Hit Rate: 0.0140
Epoch 24/100 | Train Loss: 0.3364, Hit Rate: 0.0548 | Val Loss: 0.4173, Hit Rate: 0.0144
Epoch 25/100 | Train Loss: 0.3358, Hit Rate: 0.0538 | Val Loss: 0.4140, Hit Rate: 0.0072
Epoch 26/100 | Train Loss: 0.3384, Hit Rate: 0.0550 | Val Loss: 0.4263, Hit Rate: 0.0128
Epoch 27/100 | Train Loss: 0.3189, Hit Rate: 0.0624 | Val Loss: 0.4149, Hit Rate: 0.0140
Epoch 28/100 | Train Loss: 0.3348, Hit Rate: 0.0581 | Val Loss: 0.4153, Hit Rate: 0.0132
Epoch 29/100 | Train Loss: 0.3172, Hit Rate: 0.0697 | Val Loss: 0.4248, Hit Rate: 0.0138
Epoch 30/100 | Train Loss: 0.3189, Hit Rate: 0.0672 | Val Loss: 0.4103, Hit Rate: 0.0174
Epoch 31/100 | Train Loss: 0.3050, Hit Rate: 0.0752 | Val Loss: 0.3839, Hit Rate: 0.0184
Epoch 32/100 | Train Loss: 0.3128, Hit Rate: 0.0755 | Val Loss: 0.3982, Hit Rate: 0.0166
Epoch 33/100 | Train Loss: 0.3023, Hit Rate: 0.0778 | Val Loss: 0.3956, Hit Rate: 0.0200
Epoch 34/100 | Train Loss: 0.2964, Hit Rate: 0.0813 | Val Loss: 0.3973, Hit Rate: 0.0194
Epoch 35/100 | Train Loss: 0.3072, Hit Rate: 0.0793 | Val Loss: 0.4049, Hit Rate: 0.0138
Epoch 36/100 | Train Loss: 0.2904, Hit Rate: 0.0922 | Val Loss: 0.3938, Hit Rate: 0.0172
Epoch 37/100 | Train Loss: 0.3045, Hit Rate: 0.0853 | Val Loss: 0.3980, Hit Rate: 0.0174
Epoch 38/100 | Train Loss: 0.2838, Hit Rate: 0.0981 | Val Loss: 0.4234, Hit Rate: 0.0174
Epoch 39/100 | Train Loss: 0.2846, Hit Rate: 0.0960 | Val Loss: 0.4156, Hit Rate: 0.0148
Epoch 40/100 | Train Loss: 0.2966, Hit Rate: 0.0922 | Val Loss: 0.3869, Hit Rate: 0.0182
Epoch 41/100 | Train Loss: 0.2842, Hit Rate: 0.0976 | Val Loss: 0.3989, Hit Rate: 0.0152
Epoch 42/100 | Train Loss: 0.2800, Hit Rate: 0.1002 | Val Loss: 0.3868, Hit Rate: 0.0209
Epoch 43/100 | Train Loss: 0.2787, Hit Rate: 0.1045 | Val Loss: 0.3908, Hit Rate: 0.0124
Epoch 44/100 | Train Loss: 0.2840, Hit Rate: 0.1056 | Val Loss: 0.4064, Hit Rate: 0.0179
Epoch 45/100 | Train Loss: 0.2714, Hit Rate: 0.1137 | Val Loss: 0.3904, Hit Rate: 0.0260
Epoch 46/100 | Train Loss: 0.2681, Hit Rate: 0.1150 | Val Loss: 0.4155, Hit Rate: 0.0194
Epoch 47/100 | Train Loss: 0.2893, Hit Rate: 0.1004 | Val Loss: 0.4084, Hit Rate: 0.0197
Epoch 48/100 | Train Loss: 0.2653, Hit Rate: 0.1187 | Val Loss: 0.4045, Hit Rate: 0.0176
Epoch 49/100 | Train Loss: 0.2713, Hit Rate: 0.1163 | Val Loss: 0.3859, Hit Rate: 0.0244
Epoch 50/100 | Train Loss: 0.2601, Hit Rate: 0.1234 | Val Loss: 0.4086, Hit Rate: 0.0154
Epoch 51/100 | Train Loss: 0.2622, Hit Rate: 0.1260 | Val Loss: 0.3952, Hit Rate: 0.0212
Epoch 52/100 | Train Loss: 0.2640, Hit Rate: 0.1232 | Val Loss: 0.3923, Hit Rate: 0.0188
Epoch 53/100 | Train Loss: 0.2672, Hit Rate: 0.1213 | Val Loss: 0.3821, Hit Rate: 0.0198
Epoch 54/100 | Train Loss: 0.2563, Hit Rate: 0.1323 | Val Loss: 0.3951, Hit Rate: 0.0241
Epoch 55/100 | Train Loss: 0.2588, Hit Rate: 0.1260 | Val Loss: 0.4256, Hit Rate: 0.0094
Epoch 56/100 | Train Loss: 0.2568, Hit Rate: 0.1317 | Val Loss: 0.4150, Hit Rate: 0.0232
Epoch 57/100 | Train Loss: 0.2544, Hit Rate: 0.1337 | Val Loss: 0.3888, Hit Rate: 0.0186
Epoch 58/100 | Train Loss: 0.2523, Hit Rate: 0.1391 | Val Loss: 0.3940, Hit Rate: 0.0242
Epoch 59/100 | Train Loss: 0.2510, Hit Rate: 0.1390 | Val Loss: 0.4125, Hit Rate: 0.0198
Epoch 60/100 | Train Loss: 0.2519, Hit Rate: 0.1392 | Val Loss: 0.4010, Hit Rate: 0.0211
Epoch 61/100 | Train Loss: 0.2542, Hit Rate: 0.1370 | Val Loss: 0.3980, Hit Rate: 0.0219
Epoch 62/100 | Train Loss: 0.2591, Hit Rate: 0.1361 | Val Loss: 0.4016, Hit Rate: 0.0207
Epoch 63/100 | Train Loss: 0.2459, Hit Rate: 0.1411 | Val Loss: 0.3855, Hit Rate: 0.0176
Epoch 64/100 | Train Loss: 0.2425, Hit Rate: 0.1469 | Val Loss: 0.3909, Hit Rate: 0.0190
Epoch 65/100 | Train Loss: 0.2483, Hit Rate: 0.1410 | Val Loss: 0.3949, Hit Rate: 0.0171
Epoch 66/100 | Train Loss: 0.2581, Hit Rate: 0.1375 | Val Loss: 0.4105, Hit Rate: 0.0269
Epoch 67/100 | Train Loss: 0.2415, Hit Rate: 0.1474 | Val Loss: 0.4200, Hit Rate: 0.0198
Epoch 68/100 | Train Loss: 0.2393, Hit Rate: 0.1511 | Val Loss: 0.3967, Hit Rate: 0.0252
Epoch 69/100 | Train Loss: 0.2414, Hit Rate: 0.1545 | Val Loss: 0.4002, Hit Rate: 0.0233
Epoch 70/100 | Train Loss: 0.2390, Hit Rate: 0.1546 | Val Loss: 0.4019, Hit Rate: 0.0254
Epoch 71/100 | Train Loss: 0.2401, Hit Rate: 0.1526 | Val Loss: 0.4264, Hit Rate: 0.0164
Epoch 72/100 | Train Loss: 0.2396, Hit Rate: 0.1561 | Val Loss: 0.3920, Hit Rate: 0.0205
Epoch 73/100 | Train Loss: 0.2472, Hit Rate: 0.1476 | Val Loss: 0.4030, Hit Rate: 0.0224
Epoch 74/100 | Train Loss: 0.2304, Hit Rate: 0.1667 | Val Loss: 0.4046, Hit Rate: 0.0228
Epoch 75/100 | Train Loss: 0.2357, Hit Rate: 0.1615 | Val Loss: 0.3936, Hit Rate: 0.0236
Epoch 76/100 | Train Loss: 0.2408, Hit Rate: 0.1594 | Val Loss: 0.4320, Hit Rate: 0.0138
Epoch 77/100 | Train Loss: 0.2308, Hit Rate: 0.1681 | Val Loss: 0.4051, Hit Rate: 0.0220
Epoch 78/100 | Train Loss: 0.2345, Hit Rate: 0.1615 | Val Loss: 0.4092, Hit Rate: 0.0169
Epoch 79/100 | Train Loss: 0.2329, Hit Rate: 0.1625 | Val Loss: 0.3925, Hit Rate: 0.0210
Epoch 80/100 | Train Loss: 0.2325, Hit Rate: 0.1639 | Val Loss: 0.4346, Hit Rate: 0.0180
Epoch 81/100 | Train Loss: 0.2470, Hit Rate: 0.1514 | Val Loss: 0.4000, Hit Rate: 0.0238
Epoch 82/100 | Train Loss: 0.2271, Hit Rate: 0.1721 | Val Loss: 0.4184, Hit Rate: 0.0124
Epoch 83/100 | Train Loss: 0.2351, Hit Rate: 0.1598 | Val Loss: 0.4001, Hit Rate: 0.0273
Epoch 84/100 | Train Loss: 0.2247, Hit Rate: 0.1755 | Val Loss: 0.4112, Hit Rate: 0.0242
Epoch 85/100 | Train Loss: 0.2337, Hit Rate: 0.1663 | Val Loss: 0.4117, Hit Rate: 0.0228
Epoch 86/100 | Train Loss: 0.2460, Hit Rate: 0.1596 | Val Loss: 0.4016, Hit Rate: 0.0156
Epoch 87/100 | Train Loss: 0.2217, Hit Rate: 0.1839 | Val Loss: 0.4096, Hit Rate: 0.0236
Epoch 88/100 | Train Loss: 0.2215, Hit Rate: 0.1761 | Val Loss: 0.4169, Hit Rate: 0.0180
Epoch 89/100 | Train Loss: 0.2284, Hit Rate: 0.1735 | Val Loss: 0.4110, Hit Rate: 0.0182
Epoch 90/100 | Train Loss: 0.2305, Hit Rate: 0.1731 | Val Loss: 0.4125, Hit Rate: 0.0195
Epoch 91/100 | Train Loss: 0.2261, Hit Rate: 0.1719 | Val Loss: 0.4093, Hit Rate: 0.0188
Epoch 92/100 | Train Loss: 0.2222, Hit Rate: 0.1754 | Val Loss: 0.4110, Hit Rate: 0.0194
Epoch 93/100 | Train Loss: 0.2223, Hit Rate: 0.1781 | Val Loss: 0.4105, Hit Rate: 0.0210
Epoch 94/100 | Train Loss: 0.2249, Hit Rate: 0.1819 | Val Loss: 0.4067, Hit Rate: 0.0204
Epoch 95/100 | Train Loss: 0.2230, Hit Rate: 0.1775 | Val Loss: 0.4280, Hit Rate: 0.0138
Epoch 96/100 | Train Loss: 0.2255, Hit Rate: 0.1761 | Val Loss: 0.3940, Hit Rate: 0.0254
Epoch 97/100 | Train Loss: 0.2217, Hit Rate: 0.1873 | Val Loss: 0.4308, Hit Rate: 0.0158
Epoch 98/100 | Train Loss: 0.2316, Hit Rate: 0.1733 | Val Loss: 0.4098, Hit Rate: 0.0198
Epoch 99/100 | Train Loss: 0.2170, Hit Rate: 0.1907 | Val Loss: 0.4281, Hit Rate: 0.0222
Epoch 100/100 | Train Loss: 0.2258, Hit Rate: 0.1761 | Val Loss: 0.4004, Hit Rate: 0.0259

Best validation hit rate: 0.0273
