Using device: cuda
Loaded 24900 samples
Input vocab size: 4, Output vocab size: 6
Fold 3: train=19920, val=4980
Model: cnn, params=247,942
Epoch 1/100 | Train Loss: 1.1321, Hit Rate: 0.0000 | Val Loss: 0.9446, Hit Rate: 0.0000
Epoch 2/100 | Train Loss: 0.9086, Hit Rate: 0.0000 | Val Loss: 0.8674, Hit Rate: 0.0000
Epoch 3/100 | Train Loss: 0.8469, Hit Rate: 0.0000 | Val Loss: 0.8156, Hit Rate: 0.0002
Epoch 4/100 | Train Loss: 0.7504, Hit Rate: 0.0001 | Val Loss: 0.6982, Hit Rate: 0.0008
Epoch 5/100 | Train Loss: 0.6501, Hit Rate: 0.0011 | Val Loss: 0.6388, Hit Rate: 0.0000
Epoch 6/100 | Train Loss: 0.5908, Hit Rate: 0.0019 | Val Loss: 0.5907, Hit Rate: 0.0006
Epoch 7/100 | Train Loss: 0.5816, Hit Rate: 0.0017 | Val Loss: 0.5476, Hit Rate: 0.0038
Epoch 8/100 | Train Loss: 0.5428, Hit Rate: 0.0033 | Val Loss: 0.5299, Hit Rate: 0.0034
Epoch 9/100 | Train Loss: 0.5064, Hit Rate: 0.0058 | Val Loss: 0.4955, Hit Rate: 0.0050
Epoch 10/100 | Train Loss: 0.4879, Hit Rate: 0.0064 | Val Loss: 0.4768, Hit Rate: 0.0099
Epoch 11/100 | Train Loss: 0.4819, Hit Rate: 0.0088 | Val Loss: 0.4637, Hit Rate: 0.0135
Epoch 12/100 | Train Loss: 0.4533, Hit Rate: 0.0113 | Val Loss: 0.4661, Hit Rate: 0.0083
Epoch 13/100 | Train Loss: 0.4530, Hit Rate: 0.0129 | Val Loss: 0.4422, Hit Rate: 0.0158
Epoch 14/100 | Train Loss: 0.4286, Hit Rate: 0.0164 | Val Loss: 0.4247, Hit Rate: 0.0175
Epoch 15/100 | Train Loss: 0.4149, Hit Rate: 0.0183 | Val Loss: 0.4279, Hit Rate: 0.0185
Epoch 16/100 | Train Loss: 0.4181, Hit Rate: 0.0191 | Val Loss: 0.4054, Hit Rate: 0.0199
Epoch 17/100 | Train Loss: 0.3946, Hit Rate: 0.0228 | Val Loss: 0.4080, Hit Rate: 0.0274
Epoch 18/100 | Train Loss: 0.3943, Hit Rate: 0.0239 | Val Loss: 0.4061, Hit Rate: 0.0213
Epoch 19/100 | Train Loss: 0.3784, Hit Rate: 0.0292 | Val Loss: 0.3832, Hit Rate: 0.0278
Epoch 20/100 | Train Loss: 0.3701, Hit Rate: 0.0320 | Val Loss: 0.3838, Hit Rate: 0.0281
Epoch 21/100 | Train Loss: 0.3906, Hit Rate: 0.0287 | Val Loss: 0.3973, Hit Rate: 0.0250
Epoch 22/100 | Train Loss: 0.3570, Hit Rate: 0.0387 | Val Loss: 0.3702, Hit Rate: 0.0380
Epoch 23/100 | Train Loss: 0.3556, Hit Rate: 0.0359 | Val Loss: 0.3647, Hit Rate: 0.0361
Epoch 24/100 | Train Loss: 0.3488, Hit Rate: 0.0395 | Val Loss: 0.3468, Hit Rate: 0.0475
Epoch 25/100 | Train Loss: 0.3427, Hit Rate: 0.0413 | Val Loss: 0.3770, Hit Rate: 0.0394
Epoch 26/100 | Train Loss: 0.3511, Hit Rate: 0.0428 | Val Loss: 0.3543, Hit Rate: 0.0378
Epoch 27/100 | Train Loss: 0.3309, Hit Rate: 0.0487 | Val Loss: 0.3548, Hit Rate: 0.0460
Epoch 28/100 | Train Loss: 0.3325, Hit Rate: 0.0506 | Val Loss: 0.3560, Hit Rate: 0.0376
Epoch 29/100 | Train Loss: 0.3209, Hit Rate: 0.0544 | Val Loss: 0.3699, Hit Rate: 0.0419
Epoch 30/100 | Train Loss: 0.3430, Hit Rate: 0.0514 | Val Loss: 0.4042, Hit Rate: 0.0297
Epoch 31/100 | Train Loss: 0.3167, Hit Rate: 0.0600 | Val Loss: 0.3390, Hit Rate: 0.0445
Epoch 32/100 | Train Loss: 0.3085, Hit Rate: 0.0626 | Val Loss: 0.3251, Hit Rate: 0.0556
Epoch 33/100 | Train Loss: 0.3195, Hit Rate: 0.0605 | Val Loss: 0.3356, Hit Rate: 0.0557
Epoch 34/100 | Train Loss: 0.3030, Hit Rate: 0.0712 | Val Loss: 0.3224, Hit Rate: 0.0590
Epoch 35/100 | Train Loss: 0.2996, Hit Rate: 0.0737 | Val Loss: 0.3237, Hit Rate: 0.0629
Epoch 36/100 | Train Loss: 0.2979, Hit Rate: 0.0732 | Val Loss: 0.3279, Hit Rate: 0.0556
Epoch 37/100 | Train Loss: 0.3114, Hit Rate: 0.0687 | Val Loss: 0.3141, Hit Rate: 0.0622
Epoch 38/100 | Train Loss: 0.2905, Hit Rate: 0.0802 | Val Loss: 0.3289, Hit Rate: 0.0577
Epoch 39/100 | Train Loss: 0.2895, Hit Rate: 0.0824 | Val Loss: 0.3043, Hit Rate: 0.0729
Epoch 40/100 | Train Loss: 0.3125, Hit Rate: 0.0760 | Val Loss: 0.3115, Hit Rate: 0.0740
Epoch 41/100 | Train Loss: 0.2840, Hit Rate: 0.0874 | Val Loss: 0.3096, Hit Rate: 0.0666
Epoch 42/100 | Train Loss: 0.2803, Hit Rate: 0.0887 | Val Loss: 0.3252, Hit Rate: 0.0569
Epoch 43/100 | Train Loss: 0.2816, Hit Rate: 0.0875 | Val Loss: 0.3066, Hit Rate: 0.0710
Epoch 44/100 | Train Loss: 0.2767, Hit Rate: 0.0933 | Val Loss: 0.3055, Hit Rate: 0.0778
Epoch 45/100 | Train Loss: 0.2964, Hit Rate: 0.0837 | Val Loss: 0.3596, Hit Rate: 0.0406
Epoch 46/100 | Train Loss: 0.2745, Hit Rate: 0.0981 | Val Loss: 0.3072, Hit Rate: 0.0766
Epoch 47/100 | Train Loss: 0.2753, Hit Rate: 0.0965 | Val Loss: 0.3038, Hit Rate: 0.0737
Epoch 48/100 | Train Loss: 0.2741, Hit Rate: 0.0980 | Val Loss: 0.3048, Hit Rate: 0.0827
Epoch 49/100 | Train Loss: 0.2674, Hit Rate: 0.1065 | Val Loss: 0.2974, Hit Rate: 0.0888
Epoch 50/100 | Train Loss: 0.2755, Hit Rate: 0.1011 | Val Loss: 0.2954, Hit Rate: 0.0935
Epoch 51/100 | Train Loss: 0.2602, Hit Rate: 0.1134 | Val Loss: 0.2989, Hit Rate: 0.0888
Epoch 52/100 | Train Loss: 0.2695, Hit Rate: 0.1029 | Val Loss: 0.3032, Hit Rate: 0.0891
Epoch 53/100 | Train Loss: 0.2613, Hit Rate: 0.1122 | Val Loss: 0.2930, Hit Rate: 0.0857
Epoch 54/100 | Train Loss: 0.2602, Hit Rate: 0.1165 | Val Loss: 0.2863, Hit Rate: 0.1006
Epoch 55/100 | Train Loss: 0.2611, Hit Rate: 0.1158 | Val Loss: 0.2962, Hit Rate: 0.0857
Epoch 56/100 | Train Loss: 0.2664, Hit Rate: 0.1062 | Val Loss: 0.2809, Hit Rate: 0.1025
Epoch 57/100 | Train Loss: 0.2571, Hit Rate: 0.1145 | Val Loss: 0.2762, Hit Rate: 0.1113
Epoch 58/100 | Train Loss: 0.2518, Hit Rate: 0.1222 | Val Loss: 0.3054, Hit Rate: 0.0865
Epoch 59/100 | Train Loss: 0.2548, Hit Rate: 0.1199 | Val Loss: 0.2771, Hit Rate: 0.1066
Epoch 60/100 | Train Loss: 0.2537, Hit Rate: 0.1195 | Val Loss: 0.2960, Hit Rate: 0.0792
Epoch 61/100 | Train Loss: 0.2569, Hit Rate: 0.1196 | Val Loss: 0.3310, Hit Rate: 0.0634
Epoch 62/100 | Train Loss: 0.2801, Hit Rate: 0.1095 | Val Loss: 0.3215, Hit Rate: 0.0646
Epoch 63/100 | Train Loss: 0.2494, Hit Rate: 0.1284 | Val Loss: 0.2880, Hit Rate: 0.0993
Epoch 64/100 | Train Loss: 0.2431, Hit Rate: 0.1358 | Val Loss: 0.2839, Hit Rate: 0.1072
Epoch 65/100 | Train Loss: 0.2457, Hit Rate: 0.1348 | Val Loss: 0.2819, Hit Rate: 0.1076
Epoch 66/100 | Train Loss: 0.2449, Hit Rate: 0.1319 | Val Loss: 0.3302, Hit Rate: 0.0718
Epoch 67/100 | Train Loss: 0.2474, Hit Rate: 0.1317 | Val Loss: 0.2815, Hit Rate: 0.1076
Epoch 68/100 | Train Loss: 0.2428, Hit Rate: 0.1372 | Val Loss: 0.3232, Hit Rate: 0.0772
Epoch 69/100 | Train Loss: 0.2429, Hit Rate: 0.1381 | Val Loss: 0.2864, Hit Rate: 0.0973
Epoch 70/100 | Train Loss: 0.2470, Hit Rate: 0.1305 | Val Loss: 0.3115, Hit Rate: 0.0899
Epoch 71/100 | Train Loss: 0.2421, Hit Rate: 0.1382 | Val Loss: 0.3372, Hit Rate: 0.0765
Epoch 72/100 | Train Loss: 0.2477, Hit Rate: 0.1348 | Val Loss: 0.3199, Hit Rate: 0.0753
Epoch 73/100 | Train Loss: 0.2455, Hit Rate: 0.1325 | Val Loss: 0.2917, Hit Rate: 0.0980
Epoch 74/100 | Train Loss: 0.2600, Hit Rate: 0.1294 | Val Loss: 0.2985, Hit Rate: 0.0936
Epoch 75/100 | Train Loss: 0.2323, Hit Rate: 0.1533 | Val Loss: 0.2831, Hit Rate: 0.1004
Epoch 76/100 | Train Loss: 0.2382, Hit Rate: 0.1431 | Val Loss: 0.2818, Hit Rate: 0.1050
Epoch 77/100 | Train Loss: 0.2348, Hit Rate: 0.1465 | Val Loss: 0.3047, Hit Rate: 0.0913
Epoch 78/100 | Train Loss: 0.2378, Hit Rate: 0.1425 | Val Loss: 0.3013, Hit Rate: 0.1048
Epoch 79/100 | Train Loss: 0.2545, Hit Rate: 0.1405 | Val Loss: 0.2757, Hit Rate: 0.1049
Epoch 80/100 | Train Loss: 0.2297, Hit Rate: 0.1534 | Val Loss: 0.2930, Hit Rate: 0.0988
Epoch 81/100 | Train Loss: 0.2361, Hit Rate: 0.1487 | Val Loss: 0.2758, Hit Rate: 0.1104
Epoch 82/100 | Train Loss: 0.2344, Hit Rate: 0.1510 | Val Loss: 0.2782, Hit Rate: 0.1080
Epoch 83/100 | Train Loss: 0.2350, Hit Rate: 0.1474 | Val Loss: 0.2864, Hit Rate: 0.0963
Epoch 84/100 | Train Loss: 0.2310, Hit Rate: 0.1532 | Val Loss: 0.2669, Hit Rate: 0.1184
Epoch 85/100 | Train Loss: 0.2288, Hit Rate: 0.1574 | Val Loss: 0.2826, Hit Rate: 0.1086
Epoch 86/100 | Train Loss: 0.2418, Hit Rate: 0.1402 | Val Loss: 0.2760, Hit Rate: 0.1208
Epoch 87/100 | Train Loss: 0.2254, Hit Rate: 0.1607 | Val Loss: 0.2832, Hit Rate: 0.1099
Epoch 88/100 | Train Loss: 0.2317, Hit Rate: 0.1526 | Val Loss: 0.2849, Hit Rate: 0.1093
Epoch 89/100 | Train Loss: 0.2292, Hit Rate: 0.1576 | Val Loss: 0.3471, Hit Rate: 0.0761
Epoch 90/100 | Train Loss: 0.2447, Hit Rate: 0.1470 | Val Loss: 0.2651, Hit Rate: 0.1155
Epoch 91/100 | Train Loss: 0.2221, Hit Rate: 0.1663 | Val Loss: 0.2659, Hit Rate: 0.1164
Epoch 92/100 | Train Loss: 0.2222, Hit Rate: 0.1656 | Val Loss: 0.2729, Hit Rate: 0.1219
Epoch 93/100 | Train Loss: 0.2281, Hit Rate: 0.1612 | Val Loss: 0.2692, Hit Rate: 0.1229
Epoch 94/100 | Train Loss: 0.2239, Hit Rate: 0.1666 | Val Loss: 0.2656, Hit Rate: 0.1241
Epoch 95/100 | Train Loss: 0.2503, Hit Rate: 0.1427 | Val Loss: 0.2713, Hit Rate: 0.1115
Epoch 96/100 | Train Loss: 0.2163, Hit Rate: 0.1788 | Val Loss: 0.2898, Hit Rate: 0.1058
Epoch 97/100 | Train Loss: 0.2217, Hit Rate: 0.1692 | Val Loss: 0.2703, Hit Rate: 0.1241
Epoch 98/100 | Train Loss: 0.2321, Hit Rate: 0.1546 | Val Loss: 0.2649, Hit Rate: 0.1247
Epoch 99/100 | Train Loss: 0.2201, Hit Rate: 0.1718 | Val Loss: 0.2919, Hit Rate: 0.1010
Epoch 100/100 | Train Loss: 0.2211, Hit Rate: 0.1684 | Val Loss: 0.2748, Hit Rate: 0.1250

Best validation hit rate: 0.1250
