Using device: cuda
Loaded 24900 samples
Input vocab size: 4, Output vocab size: 6
Fold 2: train=19920, val=4980
Model: cnn, params=247,942
Epoch 1/100 | Train Loss: 1.2448, Hit Rate: 0.0000 | Val Loss: 0.9368, Hit Rate: 0.0000
Epoch 2/100 | Train Loss: 0.9061, Hit Rate: 0.0000 | Val Loss: 0.8325, Hit Rate: 0.0000
Epoch 3/100 | Train Loss: 0.7823, Hit Rate: 0.0003 | Val Loss: 0.7435, Hit Rate: 0.0000
Epoch 4/100 | Train Loss: 0.7037, Hit Rate: 0.0003 | Val Loss: 0.6743, Hit Rate: 0.0000
Epoch 5/100 | Train Loss: 0.6391, Hit Rate: 0.0006 | Val Loss: 0.6344, Hit Rate: 0.0002
Epoch 6/100 | Train Loss: 0.6170, Hit Rate: 0.0014 | Val Loss: 0.6179, Hit Rate: 0.0000
Epoch 7/100 | Train Loss: 0.5747, Hit Rate: 0.0015 | Val Loss: 0.5771, Hit Rate: 0.0026
Epoch 8/100 | Train Loss: 0.5567, Hit Rate: 0.0024 | Val Loss: 0.5577, Hit Rate: 0.0044
Epoch 9/100 | Train Loss: 0.5244, Hit Rate: 0.0032 | Val Loss: 0.5559, Hit Rate: 0.0000
Epoch 10/100 | Train Loss: 0.5114, Hit Rate: 0.0041 | Val Loss: 0.5256, Hit Rate: 0.0040
Epoch 11/100 | Train Loss: 0.4932, Hit Rate: 0.0058 | Val Loss: 0.5261, Hit Rate: 0.0034
Epoch 12/100 | Train Loss: 0.4936, Hit Rate: 0.0068 | Val Loss: 0.5375, Hit Rate: 0.0012
Epoch 13/100 | Train Loss: 0.4626, Hit Rate: 0.0103 | Val Loss: 0.4855, Hit Rate: 0.0030
Epoch 14/100 | Train Loss: 0.4663, Hit Rate: 0.0106 | Val Loss: 0.4866, Hit Rate: 0.0046
Epoch 15/100 | Train Loss: 0.4404, Hit Rate: 0.0146 | Val Loss: 0.6413, Hit Rate: 0.0030
Epoch 16/100 | Train Loss: 0.4341, Hit Rate: 0.0158 | Val Loss: 0.4550, Hit Rate: 0.0024
Epoch 17/100 | Train Loss: 0.4236, Hit Rate: 0.0189 | Val Loss: 0.4510, Hit Rate: 0.0060
Epoch 18/100 | Train Loss: 0.4029, Hit Rate: 0.0233 | Val Loss: 0.4503, Hit Rate: 0.0061
Epoch 19/100 | Train Loss: 0.4008, Hit Rate: 0.0260 | Val Loss: 0.4686, Hit Rate: 0.0032
Epoch 20/100 | Train Loss: 0.3833, Hit Rate: 0.0327 | Val Loss: 0.4310, Hit Rate: 0.0060
Epoch 21/100 | Train Loss: 0.3872, Hit Rate: 0.0331 | Val Loss: 0.4385, Hit Rate: 0.0063
Epoch 22/100 | Train Loss: 0.3703, Hit Rate: 0.0375 | Val Loss: 0.4238, Hit Rate: 0.0079
Epoch 23/100 | Train Loss: 0.3572, Hit Rate: 0.0409 | Val Loss: 0.4450, Hit Rate: 0.0080
Epoch 24/100 | Train Loss: 0.3572, Hit Rate: 0.0407 | Val Loss: 0.4332, Hit Rate: 0.0068
Epoch 25/100 | Train Loss: 0.3538, Hit Rate: 0.0459 | Val Loss: 0.4107, Hit Rate: 0.0083
Epoch 26/100 | Train Loss: 0.3433, Hit Rate: 0.0509 | Val Loss: 0.4069, Hit Rate: 0.0159
Epoch 27/100 | Train Loss: 0.3390, Hit Rate: 0.0523 | Val Loss: 0.4807, Hit Rate: 0.0080
Epoch 28/100 | Train Loss: 0.3483, Hit Rate: 0.0526 | Val Loss: 0.4199, Hit Rate: 0.0110
Epoch 29/100 | Train Loss: 0.3296, Hit Rate: 0.0593 | Val Loss: 0.4218, Hit Rate: 0.0120
Epoch 30/100 | Train Loss: 0.3262, Hit Rate: 0.0630 | Val Loss: 0.4093, Hit Rate: 0.0189
Epoch 31/100 | Train Loss: 0.3278, Hit Rate: 0.0606 | Val Loss: 0.4238, Hit Rate: 0.0140
Epoch 32/100 | Train Loss: 0.3160, Hit Rate: 0.0697 | Val Loss: 0.4147, Hit Rate: 0.0124
Epoch 33/100 | Train Loss: 0.3126, Hit Rate: 0.0719 | Val Loss: 0.3946, Hit Rate: 0.0209
Epoch 34/100 | Train Loss: 0.3180, Hit Rate: 0.0659 | Val Loss: 0.3964, Hit Rate: 0.0144
Epoch 35/100 | Train Loss: 0.3117, Hit Rate: 0.0737 | Val Loss: 0.4299, Hit Rate: 0.0116
Epoch 36/100 | Train Loss: 0.3005, Hit Rate: 0.0804 | Val Loss: 0.4003, Hit Rate: 0.0136
Epoch 37/100 | Train Loss: 0.3159, Hit Rate: 0.0763 | Val Loss: 0.4050, Hit Rate: 0.0188
Epoch 38/100 | Train Loss: 0.2913, Hit Rate: 0.0875 | Val Loss: 0.4036, Hit Rate: 0.0160
Epoch 39/100 | Train Loss: 0.2887, Hit Rate: 0.0897 | Val Loss: 0.3936, Hit Rate: 0.0224
Epoch 40/100 | Train Loss: 0.3078, Hit Rate: 0.0834 | Val Loss: 0.4262, Hit Rate: 0.0146
Epoch 41/100 | Train Loss: 0.2832, Hit Rate: 0.0970 | Val Loss: 0.3872, Hit Rate: 0.0208
Epoch 42/100 | Train Loss: 0.2839, Hit Rate: 0.0932 | Val Loss: 0.4122, Hit Rate: 0.0136
Epoch 43/100 | Train Loss: 0.2941, Hit Rate: 0.0900 | Val Loss: 0.4118, Hit Rate: 0.0132
Epoch 44/100 | Train Loss: 0.2766, Hit Rate: 0.1019 | Val Loss: 0.4006, Hit Rate: 0.0162
Epoch 45/100 | Train Loss: 0.2811, Hit Rate: 0.0973 | Val Loss: 0.3936, Hit Rate: 0.0182
Epoch 46/100 | Train Loss: 0.2738, Hit Rate: 0.1051 | Val Loss: 0.3910, Hit Rate: 0.0178
Epoch 47/100 | Train Loss: 0.2736, Hit Rate: 0.1050 | Val Loss: 0.4092, Hit Rate: 0.0174
Epoch 48/100 | Train Loss: 0.2725, Hit Rate: 0.1078 | Val Loss: 0.3969, Hit Rate: 0.0190
Epoch 49/100 | Train Loss: 0.2725, Hit Rate: 0.1094 | Val Loss: 0.4023, Hit Rate: 0.0178
Epoch 50/100 | Train Loss: 0.2707, Hit Rate: 0.1076 | Val Loss: 0.3993, Hit Rate: 0.0171
Epoch 51/100 | Train Loss: 0.2653, Hit Rate: 0.1128 | Val Loss: 0.4049, Hit Rate: 0.0183
Epoch 52/100 | Train Loss: 0.2648, Hit Rate: 0.1130 | Val Loss: 0.4121, Hit Rate: 0.0160
Epoch 53/100 | Train Loss: 0.2688, Hit Rate: 0.1130 | Val Loss: 0.3909, Hit Rate: 0.0189
Epoch 54/100 | Train Loss: 0.2618, Hit Rate: 0.1186 | Val Loss: 0.4057, Hit Rate: 0.0192
Epoch 55/100 | Train Loss: 0.2589, Hit Rate: 0.1223 | Val Loss: 0.4158, Hit Rate: 0.0172
Epoch 56/100 | Train Loss: 0.2771, Hit Rate: 0.1128 | Val Loss: 0.4030, Hit Rate: 0.0196
Epoch 57/100 | Train Loss: 0.2576, Hit Rate: 0.1252 | Val Loss: 0.4080, Hit Rate: 0.0239
Epoch 58/100 | Train Loss: 0.2549, Hit Rate: 0.1261 | Val Loss: 0.4149, Hit Rate: 0.0164
Epoch 59/100 | Train Loss: 0.2591, Hit Rate: 0.1209 | Val Loss: 0.4161, Hit Rate: 0.0146
Epoch 60/100 | Train Loss: 0.2569, Hit Rate: 0.1279 | Val Loss: 0.4322, Hit Rate: 0.0142
Epoch 61/100 | Train Loss: 0.2469, Hit Rate: 0.1369 | Val Loss: 0.4353, Hit Rate: 0.0147
Epoch 62/100 | Train Loss: 0.2540, Hit Rate: 0.1294 | Val Loss: 0.4167, Hit Rate: 0.0165
Epoch 63/100 | Train Loss: 0.2495, Hit Rate: 0.1370 | Val Loss: 0.4575, Hit Rate: 0.0126
Epoch 64/100 | Train Loss: 0.2505, Hit Rate: 0.1353 | Val Loss: 0.4017, Hit Rate: 0.0190
Epoch 65/100 | Train Loss: 0.2496, Hit Rate: 0.1344 | Val Loss: 0.3995, Hit Rate: 0.0216
Epoch 66/100 | Train Loss: 0.2459, Hit Rate: 0.1391 | Val Loss: 0.4049, Hit Rate: 0.0213
Epoch 67/100 | Train Loss: 0.2403, Hit Rate: 0.1452 | Val Loss: 0.4464, Hit Rate: 0.0203
Epoch 68/100 | Train Loss: 0.2622, Hit Rate: 0.1338 | Val Loss: 0.4113, Hit Rate: 0.0151
Epoch 69/100 | Train Loss: 0.2380, Hit Rate: 0.1498 | Val Loss: 0.3974, Hit Rate: 0.0201
Epoch 70/100 | Train Loss: 0.2368, Hit Rate: 0.1502 | Val Loss: 0.4352, Hit Rate: 0.0104
Epoch 71/100 | Train Loss: 0.2404, Hit Rate: 0.1487 | Val Loss: 0.4121, Hit Rate: 0.0169
Epoch 72/100 | Train Loss: 0.2418, Hit Rate: 0.1486 | Val Loss: 0.4105, Hit Rate: 0.0232
Epoch 73/100 | Train Loss: 0.2495, Hit Rate: 0.1433 | Val Loss: 0.4022, Hit Rate: 0.0195
Epoch 74/100 | Train Loss: 0.2343, Hit Rate: 0.1565 | Val Loss: 0.4156, Hit Rate: 0.0195
Epoch 75/100 | Train Loss: 0.2326, Hit Rate: 0.1617 | Val Loss: 0.4113, Hit Rate: 0.0183
Epoch 76/100 | Train Loss: 0.2382, Hit Rate: 0.1605 | Val Loss: 0.4092, Hit Rate: 0.0185
Epoch 77/100 | Train Loss: 0.2338, Hit Rate: 0.1545 | Val Loss: 0.4095, Hit Rate: 0.0196
Epoch 78/100 | Train Loss: 0.2352, Hit Rate: 0.1583 | Val Loss: 0.4099, Hit Rate: 0.0216
Epoch 79/100 | Train Loss: 0.2303, Hit Rate: 0.1627 | Val Loss: 0.4100, Hit Rate: 0.0186
Epoch 80/100 | Train Loss: 0.2356, Hit Rate: 0.1597 | Val Loss: 0.4173, Hit Rate: 0.0208
Epoch 81/100 | Train Loss: 0.2361, Hit Rate: 0.1542 | Val Loss: 0.4368, Hit Rate: 0.0181
Epoch 82/100 | Train Loss: 0.2263, Hit Rate: 0.1715 | Val Loss: 0.4231, Hit Rate: 0.0148
Epoch 83/100 | Train Loss: 0.2274, Hit Rate: 0.1680 | Val Loss: 0.4204, Hit Rate: 0.0172
Epoch 84/100 | Train Loss: 0.2275, Hit Rate: 0.1692 | Val Loss: 0.4763, Hit Rate: 0.0132
Epoch 85/100 | Train Loss: 0.2277, Hit Rate: 0.1663 | Val Loss: 0.4914, Hit Rate: 0.0082
Epoch 86/100 | Train Loss: 0.2284, Hit Rate: 0.1646 | Val Loss: 0.4469, Hit Rate: 0.0166
Epoch 87/100 | Train Loss: 0.2294, Hit Rate: 0.1651 | Val Loss: 0.4045, Hit Rate: 0.0189
Epoch 88/100 | Train Loss: 0.2233, Hit Rate: 0.1775 | Val Loss: 0.4191, Hit Rate: 0.0218
Epoch 89/100 | Train Loss: 0.2281, Hit Rate: 0.1690 | Val Loss: 0.4155, Hit Rate: 0.0164
Epoch 90/100 | Train Loss: 0.2264, Hit Rate: 0.1710 | Val Loss: 0.4160, Hit Rate: 0.0230
Epoch 91/100 | Train Loss: 0.2201, Hit Rate: 0.1755 | Val Loss: 0.4294, Hit Rate: 0.0196
Epoch 92/100 | Train Loss: 0.2210, Hit Rate: 0.1780 | Val Loss: 0.4433, Hit Rate: 0.0183
Epoch 93/100 | Train Loss: 0.2227, Hit Rate: 0.1730 | Val Loss: 0.4052, Hit Rate: 0.0232
Epoch 94/100 | Train Loss: 0.2256, Hit Rate: 0.1746 | Val Loss: 0.4217, Hit Rate: 0.0192
Epoch 95/100 | Train Loss: 0.2171, Hit Rate: 0.1824 | Val Loss: 0.4093, Hit Rate: 0.0197
Epoch 96/100 | Train Loss: 0.2206, Hit Rate: 0.1779 | Val Loss: 0.4391, Hit Rate: 0.0234
Epoch 97/100 | Train Loss: 0.2227, Hit Rate: 0.1754 | Val Loss: 0.4385, Hit Rate: 0.0180
Epoch 98/100 | Train Loss: 0.2188, Hit Rate: 0.1835 | Val Loss: 0.4323, Hit Rate: 0.0206
Epoch 99/100 | Train Loss: 0.2207, Hit Rate: 0.1763 | Val Loss: 0.4048, Hit Rate: 0.0246
Epoch 100/100 | Train Loss: 0.2168, Hit Rate: 0.1858 | Val Loss: 0.4510, Hit Rate: 0.0214

Best validation hit rate: 0.0246
