Using device: cuda
Loaded 24900 samples
Input vocab size: 4, Output vocab size: 6
Fold 3: train=19920, val=4980
Model: cnn, params=264,710
  cross_attn=enabled
Epoch 1/100 | Train Loss: 1.0820, Hit Rate: 0.0000 | Val Loss: 0.9056, Hit Rate: 0.0000
Epoch 2/100 | Train Loss: 0.8817, Hit Rate: 0.0000 | Val Loss: 0.8436, Hit Rate: 0.0000
Epoch 3/100 | Train Loss: 0.7415, Hit Rate: 0.0006 | Val Loss: 0.6721, Hit Rate: 0.0008
Epoch 4/100 | Train Loss: 0.6786, Hit Rate: 0.0009 | Val Loss: 0.6413, Hit Rate: 0.0000
Epoch 5/100 | Train Loss: 0.6111, Hit Rate: 0.0009 | Val Loss: 0.5914, Hit Rate: 0.0010
Epoch 6/100 | Train Loss: 0.5961, Hit Rate: 0.0011 | Val Loss: 0.6288, Hit Rate: 0.0016
Epoch 7/100 | Train Loss: 0.5521, Hit Rate: 0.0021 | Val Loss: 0.5417, Hit Rate: 0.0038
Epoch 8/100 | Train Loss: 0.5275, Hit Rate: 0.0036 | Val Loss: 0.5044, Hit Rate: 0.0034
Epoch 9/100 | Train Loss: 0.4959, Hit Rate: 0.0057 | Val Loss: 0.4853, Hit Rate: 0.0054
Epoch 10/100 | Train Loss: 0.4802, Hit Rate: 0.0071 | Val Loss: 0.4804, Hit Rate: 0.0068
Epoch 11/100 | Train Loss: 0.4630, Hit Rate: 0.0101 | Val Loss: 0.4939, Hit Rate: 0.0040
Epoch 12/100 | Train Loss: 0.4469, Hit Rate: 0.0116 | Val Loss: 0.4489, Hit Rate: 0.0120
Epoch 13/100 | Train Loss: 0.4473, Hit Rate: 0.0119 | Val Loss: 0.4142, Hit Rate: 0.0160
Epoch 14/100 | Train Loss: 0.4146, Hit Rate: 0.0166 | Val Loss: 0.4122, Hit Rate: 0.0190
Epoch 15/100 | Train Loss: 0.4079, Hit Rate: 0.0182 | Val Loss: 0.3991, Hit Rate: 0.0220
Epoch 16/100 | Train Loss: 0.3964, Hit Rate: 0.0236 | Val Loss: 0.3966, Hit Rate: 0.0211
Epoch 17/100 | Train Loss: 0.4014, Hit Rate: 0.0222 | Val Loss: 0.3795, Hit Rate: 0.0268
Epoch 18/100 | Train Loss: 0.3786, Hit Rate: 0.0278 | Val Loss: 0.4051, Hit Rate: 0.0145
Epoch 19/100 | Train Loss: 0.3682, Hit Rate: 0.0324 | Val Loss: 0.3759, Hit Rate: 0.0302
Epoch 20/100 | Train Loss: 0.4041, Hit Rate: 0.0290 | Val Loss: 0.3718, Hit Rate: 0.0341
Epoch 21/100 | Train Loss: 0.3605, Hit Rate: 0.0358 | Val Loss: 0.3613, Hit Rate: 0.0440
Epoch 22/100 | Train Loss: 0.3505, Hit Rate: 0.0409 | Val Loss: 0.3802, Hit Rate: 0.0287
Epoch 23/100 | Train Loss: 0.3578, Hit Rate: 0.0427 | Val Loss: 0.6860, Hit Rate: 0.0010
Epoch 24/100 | Train Loss: 0.3670, Hit Rate: 0.0401 | Val Loss: 0.3862, Hit Rate: 0.0300
Epoch 25/100 | Train Loss: 0.3361, Hit Rate: 0.0476 | Val Loss: 0.3302, Hit Rate: 0.0552
Epoch 26/100 | Train Loss: 0.3326, Hit Rate: 0.0496 | Val Loss: 0.3511, Hit Rate: 0.0406
Epoch 27/100 | Train Loss: 0.3346, Hit Rate: 0.0486 | Val Loss: 0.3407, Hit Rate: 0.0429
Epoch 28/100 | Train Loss: 0.3213, Hit Rate: 0.0540 | Val Loss: 0.3307, Hit Rate: 0.0564
Epoch 29/100 | Train Loss: 0.3184, Hit Rate: 0.0584 | Val Loss: 0.3508, Hit Rate: 0.0505
Epoch 30/100 | Train Loss: 0.3146, Hit Rate: 0.0603 | Val Loss: 0.3234, Hit Rate: 0.0600
Epoch 31/100 | Train Loss: 0.3161, Hit Rate: 0.0620 | Val Loss: 0.3288, Hit Rate: 0.0563
Epoch 32/100 | Train Loss: 0.3104, Hit Rate: 0.0651 | Val Loss: 0.3263, Hit Rate: 0.0513
Epoch 33/100 | Train Loss: 0.3084, Hit Rate: 0.0694 | Val Loss: 0.3424, Hit Rate: 0.0523
Epoch 34/100 | Train Loss: 0.3020, Hit Rate: 0.0722 | Val Loss: 0.3058, Hit Rate: 0.0757
Epoch 35/100 | Train Loss: 0.3101, Hit Rate: 0.0717 | Val Loss: 0.3827, Hit Rate: 0.0347
Epoch 36/100 | Train Loss: 0.2962, Hit Rate: 0.0765 | Val Loss: 0.3053, Hit Rate: 0.0783
Epoch 37/100 | Train Loss: 0.2921, Hit Rate: 0.0803 | Val Loss: 0.3143, Hit Rate: 0.0635
Epoch 38/100 | Train Loss: 0.2908, Hit Rate: 0.0784 | Val Loss: 0.3168, Hit Rate: 0.0587
Epoch 39/100 | Train Loss: 0.2909, Hit Rate: 0.0817 | Val Loss: 0.3346, Hit Rate: 0.0583
Epoch 40/100 | Train Loss: 0.3108, Hit Rate: 0.0798 | Val Loss: 0.3149, Hit Rate: 0.0684
Epoch 41/100 | Train Loss: 0.2758, Hit Rate: 0.0957 | Val Loss: 0.3047, Hit Rate: 0.0701
Epoch 42/100 | Train Loss: 0.2767, Hit Rate: 0.0953 | Val Loss: 0.3110, Hit Rate: 0.0743
Epoch 43/100 | Train Loss: 0.2812, Hit Rate: 0.0876 | Val Loss: 0.3117, Hit Rate: 0.0733
Epoch 44/100 | Train Loss: 0.2744, Hit Rate: 0.0947 | Val Loss: 0.2971, Hit Rate: 0.0808
Epoch 45/100 | Train Loss: 0.2769, Hit Rate: 0.0939 | Val Loss: 0.3254, Hit Rate: 0.0634
Epoch 46/100 | Train Loss: 0.2835, Hit Rate: 0.0914 | Val Loss: 0.3019, Hit Rate: 0.0871
Epoch 47/100 | Train Loss: 0.2664, Hit Rate: 0.1079 | Val Loss: 0.2877, Hit Rate: 0.0951
Epoch 48/100 | Train Loss: 0.2706, Hit Rate: 0.1046 | Val Loss: 0.2912, Hit Rate: 0.0897
Epoch 49/100 | Train Loss: 0.2668, Hit Rate: 0.1092 | Val Loss: 0.2967, Hit Rate: 0.0910
Epoch 50/100 | Train Loss: 0.2652, Hit Rate: 0.1059 | Val Loss: 0.2788, Hit Rate: 0.1033
Epoch 51/100 | Train Loss: 0.2770, Hit Rate: 0.1041 | Val Loss: 0.2785, Hit Rate: 0.1026
Epoch 52/100 | Train Loss: 0.2589, Hit Rate: 0.1156 | Val Loss: 0.2994, Hit Rate: 0.0934
Epoch 53/100 | Train Loss: 0.2588, Hit Rate: 0.1154 | Val Loss: 0.3011, Hit Rate: 0.0817
Epoch 54/100 | Train Loss: 0.2595, Hit Rate: 0.1139 | Val Loss: 0.2992, Hit Rate: 0.0951
Epoch 55/100 | Train Loss: 0.2593, Hit Rate: 0.1142 | Val Loss: 0.2823, Hit Rate: 0.0986
Epoch 56/100 | Train Loss: 0.2615, Hit Rate: 0.1130 | Val Loss: 0.3081, Hit Rate: 0.0762
Epoch 57/100 | Train Loss: 0.2583, Hit Rate: 0.1167 | Val Loss: 0.2919, Hit Rate: 0.0975
Epoch 58/100 | Train Loss: 0.2572, Hit Rate: 0.1208 | Val Loss: 0.2897, Hit Rate: 0.1019
Epoch 59/100 | Train Loss: 0.2579, Hit Rate: 0.1203 | Val Loss: 0.2892, Hit Rate: 0.0922
Epoch 60/100 | Train Loss: 0.2498, Hit Rate: 0.1269 | Val Loss: 0.2884, Hit Rate: 0.1012
Epoch 61/100 | Train Loss: 0.2485, Hit Rate: 0.1289 | Val Loss: 0.2866, Hit Rate: 0.0984
Epoch 62/100 | Train Loss: 0.2472, Hit Rate: 0.1307 | Val Loss: 0.2918, Hit Rate: 0.0933
Epoch 63/100 | Train Loss: 0.2624, Hit Rate: 0.1241 | Val Loss: 0.2720, Hit Rate: 0.1089
Epoch 64/100 | Train Loss: 0.2455, Hit Rate: 0.1336 | Val Loss: 0.2908, Hit Rate: 0.0965
Epoch 65/100 | Train Loss: 0.2423, Hit Rate: 0.1350 | Val Loss: 0.3017, Hit Rate: 0.0813
Epoch 66/100 | Train Loss: 0.2496, Hit Rate: 0.1310 | Val Loss: 0.2795, Hit Rate: 0.1118
Epoch 67/100 | Train Loss: 0.2398, Hit Rate: 0.1397 | Val Loss: 0.2732, Hit Rate: 0.1242
Epoch 68/100 | Train Loss: 0.2443, Hit Rate: 0.1371 | Val Loss: 0.2959, Hit Rate: 0.0923
Epoch 69/100 | Train Loss: 0.2431, Hit Rate: 0.1351 | Val Loss: 0.2743, Hit Rate: 0.1128
Epoch 70/100 | Train Loss: 0.2388, Hit Rate: 0.1442 | Val Loss: 0.2859, Hit Rate: 0.1156
Epoch 71/100 | Train Loss: 0.2397, Hit Rate: 0.1393 | Val Loss: 0.2828, Hit Rate: 0.1050
Epoch 72/100 | Train Loss: 0.2414, Hit Rate: 0.1408 | Val Loss: 0.2750, Hit Rate: 0.1206
Epoch 73/100 | Train Loss: 0.2395, Hit Rate: 0.1397 | Val Loss: 0.3050, Hit Rate: 0.0808
Epoch 74/100 | Train Loss: 0.2423, Hit Rate: 0.1402 | Val Loss: 0.2823, Hit Rate: 0.1095
Epoch 75/100 | Train Loss: 0.2318, Hit Rate: 0.1486 | Val Loss: 0.2835, Hit Rate: 0.1114
Epoch 76/100 | Train Loss: 0.2393, Hit Rate: 0.1453 | Val Loss: 0.2694, Hit Rate: 0.1191
Epoch 77/100 | Train Loss: 0.2363, Hit Rate: 0.1445 | Val Loss: 0.2847, Hit Rate: 0.1097
Epoch 78/100 | Train Loss: 0.2361, Hit Rate: 0.1468 | Val Loss: 0.2654, Hit Rate: 0.1214
Epoch 79/100 | Train Loss: 0.2337, Hit Rate: 0.1536 | Val Loss: 0.3007, Hit Rate: 0.1002
Epoch 80/100 | Train Loss: 0.2358, Hit Rate: 0.1474 | Val Loss: 0.2698, Hit Rate: 0.1284
Epoch 81/100 | Train Loss: 0.2336, Hit Rate: 0.1494 | Val Loss: 0.2853, Hit Rate: 0.1146
Epoch 82/100 | Train Loss: 0.2373, Hit Rate: 0.1502 | Val Loss: 0.2652, Hit Rate: 0.1292
Epoch 83/100 | Train Loss: 0.2262, Hit Rate: 0.1610 | Val Loss: 0.2588, Hit Rate: 0.1273
Epoch 84/100 | Train Loss: 0.2296, Hit Rate: 0.1582 | Val Loss: 0.2694, Hit Rate: 0.1283
Epoch 85/100 | Train Loss: 0.2297, Hit Rate: 0.1524 | Val Loss: 0.2700, Hit Rate: 0.1298
Epoch 86/100 | Train Loss: 0.2256, Hit Rate: 0.1621 | Val Loss: 0.2718, Hit Rate: 0.1246
Epoch 87/100 | Train Loss: 0.2306, Hit Rate: 0.1561 | Val Loss: 0.2857, Hit Rate: 0.1082
Epoch 88/100 | Train Loss: 0.2291, Hit Rate: 0.1608 | Val Loss: 0.2837, Hit Rate: 0.1091
Epoch 89/100 | Train Loss: 0.2280, Hit Rate: 0.1591 | Val Loss: 0.2655, Hit Rate: 0.1256
Epoch 90/100 | Train Loss: 0.2294, Hit Rate: 0.1614 | Val Loss: 0.2723, Hit Rate: 0.1243
Epoch 91/100 | Train Loss: 0.2274, Hit Rate: 0.1582 | Val Loss: 0.2609, Hit Rate: 0.1349
Epoch 92/100 | Train Loss: 0.2208, Hit Rate: 0.1717 | Val Loss: 0.2868, Hit Rate: 0.1126
Epoch 93/100 | Train Loss: 0.2275, Hit Rate: 0.1605 | Val Loss: 0.2695, Hit Rate: 0.1203
Epoch 94/100 | Train Loss: 0.2309, Hit Rate: 0.1612 | Val Loss: 0.2640, Hit Rate: 0.1339
Epoch 95/100 | Train Loss: 0.2190, Hit Rate: 0.1723 | Val Loss: 0.3235, Hit Rate: 0.0874
Epoch 96/100 | Train Loss: 0.2291, Hit Rate: 0.1592 | Val Loss: 0.2643, Hit Rate: 0.1336
Epoch 97/100 | Train Loss: 0.2202, Hit Rate: 0.1729 | Val Loss: 0.3113, Hit Rate: 0.1015
Epoch 98/100 | Train Loss: 0.2257, Hit Rate: 0.1654 | Val Loss: 0.3013, Hit Rate: 0.1031
Epoch 99/100 | Train Loss: 0.2204, Hit Rate: 0.1700 | Val Loss: 0.2624, Hit Rate: 0.1401
Epoch 100/100 | Train Loss: 0.2243, Hit Rate: 0.1641 | Val Loss: 0.2690, Hit Rate: 0.1296

Best validation hit rate: 0.1401
