Using device: cuda
Loaded 24900 samples
Input vocab size: 4, Output vocab size: 6
Fold 1: train=19920, val=4980
Model: cnn, params=264,710
  cross_attn=enabled
Epoch 1/100 | Train Loss: 1.1149, Hit Rate: 0.0000 | Val Loss: 0.9492, Hit Rate: 0.0000
Epoch 2/100 | Train Loss: 0.9120, Hit Rate: 0.0000 | Val Loss: 0.8613, Hit Rate: 0.0000
Epoch 3/100 | Train Loss: 0.7758, Hit Rate: 0.0009 | Val Loss: 0.7277, Hit Rate: 0.0002
Epoch 4/100 | Train Loss: 0.6648, Hit Rate: 0.0014 | Val Loss: 0.6407, Hit Rate: 0.0008
Epoch 5/100 | Train Loss: 0.5924, Hit Rate: 0.0021 | Val Loss: 0.5712, Hit Rate: 0.0032
Epoch 6/100 | Train Loss: 0.5605, Hit Rate: 0.0030 | Val Loss: 0.5360, Hit Rate: 0.0048
Epoch 7/100 | Train Loss: 0.5335, Hit Rate: 0.0037 | Val Loss: 0.6086, Hit Rate: 0.0004
Epoch 8/100 | Train Loss: 0.5152, Hit Rate: 0.0053 | Val Loss: 0.5099, Hit Rate: 0.0055
Epoch 9/100 | Train Loss: 0.4857, Hit Rate: 0.0073 | Val Loss: 0.5034, Hit Rate: 0.0032
Epoch 10/100 | Train Loss: 0.4989, Hit Rate: 0.0074 | Val Loss: 0.4915, Hit Rate: 0.0042
Epoch 11/100 | Train Loss: 0.4557, Hit Rate: 0.0106 | Val Loss: 0.4495, Hit Rate: 0.0115
Epoch 12/100 | Train Loss: 0.4413, Hit Rate: 0.0141 | Val Loss: 0.4475, Hit Rate: 0.0161
Epoch 13/100 | Train Loss: 0.4547, Hit Rate: 0.0146 | Val Loss: 0.4660, Hit Rate: 0.0133
Epoch 14/100 | Train Loss: 0.4202, Hit Rate: 0.0206 | Val Loss: 0.4301, Hit Rate: 0.0197
Epoch 15/100 | Train Loss: 0.4103, Hit Rate: 0.0231 | Val Loss: 0.4143, Hit Rate: 0.0219
Epoch 16/100 | Train Loss: 0.4340, Hit Rate: 0.0204 | Val Loss: 0.4179, Hit Rate: 0.0167
Epoch 17/100 | Train Loss: 0.3976, Hit Rate: 0.0280 | Val Loss: 0.3914, Hit Rate: 0.0289
Epoch 18/100 | Train Loss: 0.3924, Hit Rate: 0.0289 | Val Loss: 0.3908, Hit Rate: 0.0322
Epoch 19/100 | Train Loss: 0.3808, Hit Rate: 0.0318 | Val Loss: 0.3868, Hit Rate: 0.0295
Epoch 20/100 | Train Loss: 0.3887, Hit Rate: 0.0310 | Val Loss: 0.3825, Hit Rate: 0.0290
Epoch 21/100 | Train Loss: 0.3685, Hit Rate: 0.0351 | Val Loss: 0.3778, Hit Rate: 0.0370
Epoch 22/100 | Train Loss: 0.3629, Hit Rate: 0.0397 | Val Loss: 0.3840, Hit Rate: 0.0337
Epoch 23/100 | Train Loss: 0.3552, Hit Rate: 0.0395 | Val Loss: 0.3571, Hit Rate: 0.0472
Epoch 24/100 | Train Loss: 0.3502, Hit Rate: 0.0408 | Val Loss: 0.3472, Hit Rate: 0.0468
Epoch 25/100 | Train Loss: 0.3563, Hit Rate: 0.0417 | Val Loss: 0.3489, Hit Rate: 0.0501
Epoch 26/100 | Train Loss: 0.3398, Hit Rate: 0.0473 | Val Loss: 0.3442, Hit Rate: 0.0524
Epoch 27/100 | Train Loss: 0.3332, Hit Rate: 0.0489 | Val Loss: 0.3486, Hit Rate: 0.0516
Epoch 28/100 | Train Loss: 0.3458, Hit Rate: 0.0475 | Val Loss: 0.3401, Hit Rate: 0.0470
Epoch 29/100 | Train Loss: 0.3237, Hit Rate: 0.0578 | Val Loss: 0.3507, Hit Rate: 0.0446
Epoch 30/100 | Train Loss: 0.3217, Hit Rate: 0.0586 | Val Loss: 0.3310, Hit Rate: 0.0574
Epoch 31/100 | Train Loss: 0.3368, Hit Rate: 0.0522 | Val Loss: 0.3177, Hit Rate: 0.0625
Epoch 32/100 | Train Loss: 0.3155, Hit Rate: 0.0597 | Val Loss: 0.3665, Hit Rate: 0.0356
Epoch 33/100 | Train Loss: 0.3232, Hit Rate: 0.0569 | Val Loss: 0.3264, Hit Rate: 0.0587
Epoch 34/100 | Train Loss: 0.3057, Hit Rate: 0.0660 | Val Loss: 0.3109, Hit Rate: 0.0674
Epoch 35/100 | Train Loss: 0.3059, Hit Rate: 0.0663 | Val Loss: 0.3147, Hit Rate: 0.0687
Epoch 36/100 | Train Loss: 0.3059, Hit Rate: 0.0682 | Val Loss: 0.4229, Hit Rate: 0.0311
Epoch 37/100 | Train Loss: 0.3032, Hit Rate: 0.0709 | Val Loss: 0.3083, Hit Rate: 0.0709
Epoch 38/100 | Train Loss: 0.2969, Hit Rate: 0.0737 | Val Loss: 0.3169, Hit Rate: 0.0597
Epoch 39/100 | Train Loss: 0.2950, Hit Rate: 0.0805 | Val Loss: 0.3159, Hit Rate: 0.0667
Epoch 40/100 | Train Loss: 0.3018, Hit Rate: 0.0730 | Val Loss: 0.3036, Hit Rate: 0.0721
Epoch 41/100 | Train Loss: 0.2874, Hit Rate: 0.0810 | Val Loss: 0.3160, Hit Rate: 0.0650
Epoch 42/100 | Train Loss: 0.2893, Hit Rate: 0.0817 | Val Loss: 0.3236, Hit Rate: 0.0648
Epoch 43/100 | Train Loss: 0.2843, Hit Rate: 0.0836 | Val Loss: 0.3019, Hit Rate: 0.0861
Epoch 44/100 | Train Loss: 0.2934, Hit Rate: 0.0787 | Val Loss: 0.3173, Hit Rate: 0.0656
Epoch 45/100 | Train Loss: 0.2773, Hit Rate: 0.0901 | Val Loss: 0.2951, Hit Rate: 0.0837
Epoch 46/100 | Train Loss: 0.2820, Hit Rate: 0.0878 | Val Loss: 0.2940, Hit Rate: 0.0870
Epoch 47/100 | Train Loss: 0.2838, Hit Rate: 0.0888 | Val Loss: 0.3140, Hit Rate: 0.0626
Epoch 48/100 | Train Loss: 0.2707, Hit Rate: 0.0972 | Val Loss: 0.3133, Hit Rate: 0.0729
Epoch 49/100 | Train Loss: 0.2747, Hit Rate: 0.0934 | Val Loss: 0.3083, Hit Rate: 0.0753
Epoch 50/100 | Train Loss: 0.2754, Hit Rate: 0.0959 | Val Loss: 0.3122, Hit Rate: 0.0674
Epoch 51/100 | Train Loss: 0.2792, Hit Rate: 0.0931 | Val Loss: 0.2889, Hit Rate: 0.0867
Epoch 52/100 | Train Loss: 0.2676, Hit Rate: 0.0989 | Val Loss: 0.2917, Hit Rate: 0.0816
Epoch 53/100 | Train Loss: 0.2668, Hit Rate: 0.0990 | Val Loss: 0.2858, Hit Rate: 0.0973
Epoch 54/100 | Train Loss: 0.2685, Hit Rate: 0.0998 | Val Loss: 0.5040, Hit Rate: 0.0259
Epoch 55/100 | Train Loss: 0.2689, Hit Rate: 0.1000 | Val Loss: 0.2814, Hit Rate: 0.0979
Epoch 56/100 | Train Loss: 0.2589, Hit Rate: 0.1107 | Val Loss: 0.2859, Hit Rate: 0.0972
Epoch 57/100 | Train Loss: 0.2620, Hit Rate: 0.1071 | Val Loss: 0.3120, Hit Rate: 0.0727
Epoch 58/100 | Train Loss: 0.2782, Hit Rate: 0.0978 | Val Loss: 0.3460, Hit Rate: 0.0496
Epoch 59/100 | Train Loss: 0.2604, Hit Rate: 0.1068 | Val Loss: 0.3391, Hit Rate: 0.0700
Epoch 60/100 | Train Loss: 0.2593, Hit Rate: 0.1075 | Val Loss: 0.2988, Hit Rate: 0.0805
Epoch 61/100 | Train Loss: 0.2585, Hit Rate: 0.1124 | Val Loss: 0.2961, Hit Rate: 0.0703
Epoch 62/100 | Train Loss: 0.2601, Hit Rate: 0.1076 | Val Loss: 0.2975, Hit Rate: 0.0875
Epoch 63/100 | Train Loss: 0.2551, Hit Rate: 0.1171 | Val Loss: 0.3040, Hit Rate: 0.0827
Epoch 64/100 | Train Loss: 0.2584, Hit Rate: 0.1128 | Val Loss: 0.2841, Hit Rate: 0.0942
Epoch 65/100 | Train Loss: 0.2568, Hit Rate: 0.1127 | Val Loss: 0.3069, Hit Rate: 0.0796
Epoch 66/100 | Train Loss: 0.2502, Hit Rate: 0.1196 | Val Loss: 0.2715, Hit Rate: 0.1072
Epoch 67/100 | Train Loss: 0.2567, Hit Rate: 0.1144 | Val Loss: 0.2833, Hit Rate: 0.0937
Epoch 68/100 | Train Loss: 0.2506, Hit Rate: 0.1189 | Val Loss: 0.2939, Hit Rate: 0.0908
Epoch 69/100 | Train Loss: 0.2610, Hit Rate: 0.1131 | Val Loss: 0.2966, Hit Rate: 0.0970
Epoch 70/100 | Train Loss: 0.2444, Hit Rate: 0.1240 | Val Loss: 0.2722, Hit Rate: 0.1026
Epoch 71/100 | Train Loss: 0.2494, Hit Rate: 0.1211 | Val Loss: 0.2793, Hit Rate: 0.1049
Epoch 72/100 | Train Loss: 0.2471, Hit Rate: 0.1241 | Val Loss: 0.2862, Hit Rate: 0.0941
Epoch 73/100 | Train Loss: 0.2474, Hit Rate: 0.1276 | Val Loss: 0.2835, Hit Rate: 0.0995
Epoch 74/100 | Train Loss: 0.2570, Hit Rate: 0.1204 | Val Loss: 0.3344, Hit Rate: 0.0619
Epoch 75/100 | Train Loss: 0.2419, Hit Rate: 0.1302 | Val Loss: 0.2862, Hit Rate: 0.0921
Epoch 76/100 | Train Loss: 0.2469, Hit Rate: 0.1251 | Val Loss: 0.3013, Hit Rate: 0.0815
Epoch 77/100 | Train Loss: 0.2404, Hit Rate: 0.1334 | Val Loss: 0.3666, Hit Rate: 0.0609
Epoch 78/100 | Train Loss: 0.2494, Hit Rate: 0.1239 | Val Loss: 0.2833, Hit Rate: 0.0946
Epoch 79/100 | Train Loss: 0.2461, Hit Rate: 0.1310 | Val Loss: 0.2739, Hit Rate: 0.1038
Epoch 80/100 | Train Loss: 0.2375, Hit Rate: 0.1349 | Val Loss: 0.2801, Hit Rate: 0.1062
Epoch 81/100 | Train Loss: 0.2396, Hit Rate: 0.1325 | Val Loss: 0.2914, Hit Rate: 0.0945
Epoch 82/100 | Train Loss: 0.2408, Hit Rate: 0.1338 | Val Loss: 0.2933, Hit Rate: 0.0968
Epoch 83/100 | Train Loss: 0.2417, Hit Rate: 0.1317 | Val Loss: 0.2824, Hit Rate: 0.1026
Epoch 84/100 | Train Loss: 0.2391, Hit Rate: 0.1359 | Val Loss: 0.3143, Hit Rate: 0.0802
Epoch 85/100 | Train Loss: 0.2488, Hit Rate: 0.1325 | Val Loss: 0.2682, Hit Rate: 0.1224
Epoch 86/100 | Train Loss: 0.2335, Hit Rate: 0.1421 | Val Loss: 0.2819, Hit Rate: 0.1023
Epoch 87/100 | Train Loss: 0.2352, Hit Rate: 0.1434 | Val Loss: 0.2912, Hit Rate: 0.0969
Epoch 88/100 | Train Loss: 0.2408, Hit Rate: 0.1355 | Val Loss: 0.2794, Hit Rate: 0.1066
Epoch 89/100 | Train Loss: 0.2576, Hit Rate: 0.1292 | Val Loss: 0.2657, Hit Rate: 0.1161
Epoch 90/100 | Train Loss: 0.2281, Hit Rate: 0.1519 | Val Loss: 0.2959, Hit Rate: 0.0926
Epoch 91/100 | Train Loss: 0.2341, Hit Rate: 0.1452 | Val Loss: 0.2706, Hit Rate: 0.1170
Epoch 92/100 | Train Loss: 0.2366, Hit Rate: 0.1375 | Val Loss: 0.2818, Hit Rate: 0.1141
Epoch 93/100 | Train Loss: 0.2317, Hit Rate: 0.1431 | Val Loss: 0.2769, Hit Rate: 0.1040
Epoch 94/100 | Train Loss: 0.2327, Hit Rate: 0.1428 | Val Loss: 0.2671, Hit Rate: 0.1093
Epoch 95/100 | Train Loss: 0.2306, Hit Rate: 0.1474 | Val Loss: 0.2847, Hit Rate: 0.0942
Epoch 96/100 | Train Loss: 0.2319, Hit Rate: 0.1460 | Val Loss: 0.2729, Hit Rate: 0.1095
Epoch 97/100 | Train Loss: 0.2312, Hit Rate: 0.1459 | Val Loss: 0.2723, Hit Rate: 0.1180
Epoch 98/100 | Train Loss: 0.2465, Hit Rate: 0.1349 | Val Loss: 0.2692, Hit Rate: 0.1092
Epoch 99/100 | Train Loss: 0.2268, Hit Rate: 0.1542 | Val Loss: 0.2742, Hit Rate: 0.1057
Epoch 100/100 | Train Loss: 0.2273, Hit Rate: 0.1574 | Val Loss: 0.2791, Hit Rate: 0.1005

Best validation hit rate: 0.1224
