Using device: cuda
Loaded 24900 samples
Input vocab size: 4, Output vocab size: 6
Fold 4: train=19920, val=4980
Model: cnn, params=264,710
  cross_attn=enabled
Epoch 1/100 | Train Loss: 1.1514, Hit Rate: 0.0000 | Val Loss: 0.9088, Hit Rate: 0.0000
Epoch 2/100 | Train Loss: 0.9099, Hit Rate: 0.0000 | Val Loss: 0.8666, Hit Rate: 0.0000
Epoch 3/100 | Train Loss: 0.8129, Hit Rate: 0.0001 | Val Loss: 0.7871, Hit Rate: 0.0000
Epoch 4/100 | Train Loss: 0.7088, Hit Rate: 0.0003 | Val Loss: 0.6794, Hit Rate: 0.0010
Epoch 5/100 | Train Loss: 0.6593, Hit Rate: 0.0012 | Val Loss: 0.6891, Hit Rate: 0.0000
Epoch 6/100 | Train Loss: 0.6114, Hit Rate: 0.0015 | Val Loss: 0.5919, Hit Rate: 0.0016
Epoch 7/100 | Train Loss: 0.5773, Hit Rate: 0.0017 | Val Loss: 0.5871, Hit Rate: 0.0014
Epoch 8/100 | Train Loss: 0.5381, Hit Rate: 0.0030 | Val Loss: 0.5273, Hit Rate: 0.0038
Epoch 9/100 | Train Loss: 0.5190, Hit Rate: 0.0036 | Val Loss: 0.5170, Hit Rate: 0.0047
Epoch 10/100 | Train Loss: 0.5039, Hit Rate: 0.0050 | Val Loss: 0.5081, Hit Rate: 0.0072
Epoch 11/100 | Train Loss: 0.4824, Hit Rate: 0.0056 | Val Loss: 0.4617, Hit Rate: 0.0116
Epoch 12/100 | Train Loss: 0.4624, Hit Rate: 0.0091 | Val Loss: 0.4680, Hit Rate: 0.0053
Epoch 13/100 | Train Loss: 0.4520, Hit Rate: 0.0107 | Val Loss: 0.4349, Hit Rate: 0.0150
Epoch 14/100 | Train Loss: 0.4444, Hit Rate: 0.0142 | Val Loss: 0.4852, Hit Rate: 0.0056
Epoch 15/100 | Train Loss: 0.4252, Hit Rate: 0.0158 | Val Loss: 0.4169, Hit Rate: 0.0213
Epoch 16/100 | Train Loss: 0.4191, Hit Rate: 0.0174 | Val Loss: 0.4143, Hit Rate: 0.0215
Epoch 17/100 | Train Loss: 0.4054, Hit Rate: 0.0199 | Val Loss: 0.3946, Hit Rate: 0.0261
Epoch 18/100 | Train Loss: 0.3955, Hit Rate: 0.0238 | Val Loss: 0.3985, Hit Rate: 0.0215
Epoch 19/100 | Train Loss: 0.4038, Hit Rate: 0.0233 | Val Loss: 0.3837, Hit Rate: 0.0271
Epoch 20/100 | Train Loss: 0.3780, Hit Rate: 0.0280 | Val Loss: 0.3838, Hit Rate: 0.0268
Epoch 21/100 | Train Loss: 0.3757, Hit Rate: 0.0312 | Val Loss: 0.3883, Hit Rate: 0.0293
Epoch 22/100 | Train Loss: 0.3893, Hit Rate: 0.0292 | Val Loss: 0.3960, Hit Rate: 0.0251
Epoch 23/100 | Train Loss: 0.3632, Hit Rate: 0.0357 | Val Loss: 0.4096, Hit Rate: 0.0173
Epoch 24/100 | Train Loss: 0.3671, Hit Rate: 0.0370 | Val Loss: 0.3775, Hit Rate: 0.0254
Epoch 25/100 | Train Loss: 0.3455, Hit Rate: 0.0462 | Val Loss: 0.3612, Hit Rate: 0.0376
Epoch 26/100 | Train Loss: 0.3436, Hit Rate: 0.0443 | Val Loss: 0.3474, Hit Rate: 0.0473
Epoch 27/100 | Train Loss: 0.3377, Hit Rate: 0.0500 | Val Loss: 0.3594, Hit Rate: 0.0406
Epoch 28/100 | Train Loss: 0.4045, Hit Rate: 0.0370 | Val Loss: 0.3671, Hit Rate: 0.0355
Epoch 29/100 | Train Loss: 0.3368, Hit Rate: 0.0535 | Val Loss: 0.3477, Hit Rate: 0.0432
Epoch 30/100 | Train Loss: 0.3273, Hit Rate: 0.0549 | Val Loss: 0.3421, Hit Rate: 0.0484
Epoch 31/100 | Train Loss: 0.3237, Hit Rate: 0.0604 | Val Loss: 0.3670, Hit Rate: 0.0423
Epoch 32/100 | Train Loss: 0.3305, Hit Rate: 0.0573 | Val Loss: 0.3333, Hit Rate: 0.0526
Epoch 33/100 | Train Loss: 0.3161, Hit Rate: 0.0646 | Val Loss: 0.3402, Hit Rate: 0.0455
Epoch 34/100 | Train Loss: 0.3126, Hit Rate: 0.0667 | Val Loss: 0.3328, Hit Rate: 0.0538
Epoch 35/100 | Train Loss: 0.3065, Hit Rate: 0.0719 | Val Loss: 0.3274, Hit Rate: 0.0633
Epoch 36/100 | Train Loss: 0.3171, Hit Rate: 0.0659 | Val Loss: 0.3309, Hit Rate: 0.0648
Epoch 37/100 | Train Loss: 0.3009, Hit Rate: 0.0738 | Val Loss: 0.3347, Hit Rate: 0.0505
Epoch 38/100 | Train Loss: 0.3097, Hit Rate: 0.0722 | Val Loss: 0.3115, Hit Rate: 0.0686
Epoch 39/100 | Train Loss: 0.2947, Hit Rate: 0.0777 | Val Loss: 0.3250, Hit Rate: 0.0685
Epoch 40/100 | Train Loss: 0.2938, Hit Rate: 0.0790 | Val Loss: 0.3317, Hit Rate: 0.0602
Epoch 41/100 | Train Loss: 0.2910, Hit Rate: 0.0870 | Val Loss: 0.3183, Hit Rate: 0.0582
Epoch 42/100 | Train Loss: 0.2894, Hit Rate: 0.0832 | Val Loss: 0.3073, Hit Rate: 0.0696
Epoch 43/100 | Train Loss: 0.2888, Hit Rate: 0.0858 | Val Loss: 0.3046, Hit Rate: 0.0824
Epoch 44/100 | Train Loss: 0.2908, Hit Rate: 0.0868 | Val Loss: 0.3046, Hit Rate: 0.0728
Epoch 45/100 | Train Loss: 0.2820, Hit Rate: 0.0930 | Val Loss: 0.3191, Hit Rate: 0.0625
Epoch 46/100 | Train Loss: 0.2829, Hit Rate: 0.0954 | Val Loss: 0.3134, Hit Rate: 0.0632
Epoch 47/100 | Train Loss: 0.2764, Hit Rate: 0.0952 | Val Loss: 0.2970, Hit Rate: 0.0835
Epoch 48/100 | Train Loss: 0.2782, Hit Rate: 0.0947 | Val Loss: 0.3184, Hit Rate: 0.0741
Epoch 49/100 | Train Loss: 0.2765, Hit Rate: 0.0932 | Val Loss: 0.3061, Hit Rate: 0.0688
Epoch 50/100 | Train Loss: 0.2756, Hit Rate: 0.0960 | Val Loss: 0.3116, Hit Rate: 0.0685
Epoch 51/100 | Train Loss: 0.2816, Hit Rate: 0.0912 | Val Loss: 0.2991, Hit Rate: 0.0772
Epoch 52/100 | Train Loss: 0.2610, Hit Rate: 0.1097 | Val Loss: 0.2847, Hit Rate: 0.0899
Epoch 53/100 | Train Loss: 0.2674, Hit Rate: 0.1026 | Val Loss: 0.2874, Hit Rate: 0.1051
Epoch 54/100 | Train Loss: 0.2653, Hit Rate: 0.1062 | Val Loss: 0.3016, Hit Rate: 0.0698
Epoch 55/100 | Train Loss: 0.2612, Hit Rate: 0.1117 | Val Loss: 0.2978, Hit Rate: 0.0889
Epoch 56/100 | Train Loss: 0.2633, Hit Rate: 0.1101 | Val Loss: 0.2894, Hit Rate: 0.0855
Epoch 57/100 | Train Loss: 0.2796, Hit Rate: 0.1025 | Val Loss: 0.2910, Hit Rate: 0.0988
Epoch 58/100 | Train Loss: 0.2524, Hit Rate: 0.1217 | Val Loss: 0.3045, Hit Rate: 0.0797
Epoch 59/100 | Train Loss: 0.2575, Hit Rate: 0.1153 | Val Loss: 0.2993, Hit Rate: 0.0881
Epoch 60/100 | Train Loss: 0.2551, Hit Rate: 0.1177 | Val Loss: 0.3056, Hit Rate: 0.0760
Epoch 61/100 | Train Loss: 0.2560, Hit Rate: 0.1199 | Val Loss: 0.2927, Hit Rate: 0.0987
Epoch 62/100 | Train Loss: 0.2667, Hit Rate: 0.1127 | Val Loss: 0.2862, Hit Rate: 0.0949
Epoch 63/100 | Train Loss: 0.2501, Hit Rate: 0.1257 | Val Loss: 0.2935, Hit Rate: 0.0848
Epoch 64/100 | Train Loss: 0.2459, Hit Rate: 0.1286 | Val Loss: 0.2880, Hit Rate: 0.0946
Epoch 65/100 | Train Loss: 0.2516, Hit Rate: 0.1259 | Val Loss: 0.2772, Hit Rate: 0.1066
Epoch 66/100 | Train Loss: 0.2483, Hit Rate: 0.1276 | Val Loss: 0.3025, Hit Rate: 0.0882
Epoch 67/100 | Train Loss: 0.2481, Hit Rate: 0.1274 | Val Loss: 0.2875, Hit Rate: 0.0973
Epoch 68/100 | Train Loss: 0.2494, Hit Rate: 0.1274 | Val Loss: 0.2884, Hit Rate: 0.0962
Epoch 69/100 | Train Loss: 0.2470, Hit Rate: 0.1298 | Val Loss: 0.2780, Hit Rate: 0.1058
Epoch 70/100 | Train Loss: 0.2458, Hit Rate: 0.1338 | Val Loss: 0.3113, Hit Rate: 0.0741
Epoch 71/100 | Train Loss: 0.2405, Hit Rate: 0.1378 | Val Loss: 0.2947, Hit Rate: 0.0960
Epoch 72/100 | Train Loss: 0.2424, Hit Rate: 0.1360 | Val Loss: 0.2830, Hit Rate: 0.1037
Epoch 73/100 | Train Loss: 0.2474, Hit Rate: 0.1336 | Val Loss: 0.2740, Hit Rate: 0.1110
Epoch 74/100 | Train Loss: 0.2376, Hit Rate: 0.1426 | Val Loss: 0.3065, Hit Rate: 0.0981
Epoch 75/100 | Train Loss: 0.2419, Hit Rate: 0.1375 | Val Loss: 0.2761, Hit Rate: 0.1083
Epoch 76/100 | Train Loss: 0.2322, Hit Rate: 0.1447 | Val Loss: 0.2852, Hit Rate: 0.1052
Epoch 77/100 | Train Loss: 0.2599, Hit Rate: 0.1316 | Val Loss: 0.2687, Hit Rate: 0.1151
Epoch 78/100 | Train Loss: 0.2333, Hit Rate: 0.1465 | Val Loss: 0.2770, Hit Rate: 0.1191
Epoch 79/100 | Train Loss: 0.2363, Hit Rate: 0.1433 | Val Loss: 0.2922, Hit Rate: 0.0906
Epoch 80/100 | Train Loss: 0.2382, Hit Rate: 0.1440 | Val Loss: 0.3074, Hit Rate: 0.0878
Epoch 81/100 | Train Loss: 0.2396, Hit Rate: 0.1488 | Val Loss: 0.4314, Hit Rate: 0.0289
Epoch 82/100 | Train Loss: 0.2341, Hit Rate: 0.1514 | Val Loss: 0.2768, Hit Rate: 0.1157
Epoch 83/100 | Train Loss: 0.2345, Hit Rate: 0.1453 | Val Loss: 0.3014, Hit Rate: 0.0849
Epoch 84/100 | Train Loss: 0.2321, Hit Rate: 0.1532 | Val Loss: 0.2828, Hit Rate: 0.0967
Epoch 85/100 | Train Loss: 0.2350, Hit Rate: 0.1472 | Val Loss: 0.2802, Hit Rate: 0.1121
Epoch 86/100 | Train Loss: 0.2271, Hit Rate: 0.1574 | Val Loss: 0.2673, Hit Rate: 0.1238
Epoch 87/100 | Train Loss: 0.2339, Hit Rate: 0.1493 | Val Loss: 0.2783, Hit Rate: 0.1202
Epoch 88/100 | Train Loss: 0.2293, Hit Rate: 0.1546 | Val Loss: 0.2759, Hit Rate: 0.1150
Epoch 89/100 | Train Loss: 0.2570, Hit Rate: 0.1361 | Val Loss: 0.3595, Hit Rate: 0.0543
Epoch 90/100 | Train Loss: 0.2288, Hit Rate: 0.1594 | Val Loss: 0.2763, Hit Rate: 0.1117
Epoch 91/100 | Train Loss: 0.2257, Hit Rate: 0.1610 | Val Loss: 0.2784, Hit Rate: 0.1127
Epoch 92/100 | Train Loss: 0.2259, Hit Rate: 0.1594 | Val Loss: 0.2742, Hit Rate: 0.1239
Epoch 93/100 | Train Loss: 0.2241, Hit Rate: 0.1638 | Val Loss: 0.2738, Hit Rate: 0.1171
Epoch 94/100 | Train Loss: 0.2284, Hit Rate: 0.1566 | Val Loss: 0.2677, Hit Rate: 0.1157
Epoch 95/100 | Train Loss: 0.2290, Hit Rate: 0.1602 | Val Loss: 0.2736, Hit Rate: 0.1263
Epoch 96/100 | Train Loss: 0.2310, Hit Rate: 0.1540 | Val Loss: 0.2775, Hit Rate: 0.1104
Epoch 97/100 | Train Loss: 0.2205, Hit Rate: 0.1683 | Val Loss: 0.2798, Hit Rate: 0.1239
Epoch 98/100 | Train Loss: 0.2403, Hit Rate: 0.1513 | Val Loss: 0.2594, Hit Rate: 0.1325
Epoch 99/100 | Train Loss: 0.2173, Hit Rate: 0.1699 | Val Loss: 0.2672, Hit Rate: 0.1296
Epoch 100/100 | Train Loss: 0.2177, Hit Rate: 0.1724 | Val Loss: 0.2630, Hit Rate: 0.1315

Best validation hit rate: 0.1325
