Using device: cuda
Loaded 24900 samples
Input vocab size: 4, Output vocab size: 6
Fold 0: train=19920, val=4980
Model: cnn, params=247,942
Epoch 1/100 | Train Loss: 1.1604, Hit Rate: 0.0000 | Val Loss: 0.9353, Hit Rate: 0.0000
Epoch 2/100 | Train Loss: 0.9343, Hit Rate: 0.0000 | Val Loss: 0.8667, Hit Rate: 0.0000
Epoch 3/100 | Train Loss: 0.8007, Hit Rate: 0.0003 | Val Loss: 0.7307, Hit Rate: 0.0004
Epoch 4/100 | Train Loss: 0.7050, Hit Rate: 0.0007 | Val Loss: 0.6835, Hit Rate: 0.0002
Epoch 5/100 | Train Loss: 0.6354, Hit Rate: 0.0012 | Val Loss: 0.6140, Hit Rate: 0.0016
Epoch 6/100 | Train Loss: 0.6180, Hit Rate: 0.0010 | Val Loss: 0.6497, Hit Rate: 0.0002
Epoch 7/100 | Train Loss: 0.5726, Hit Rate: 0.0015 | Val Loss: 0.5864, Hit Rate: 0.0016
Epoch 8/100 | Train Loss: 0.5669, Hit Rate: 0.0016 | Val Loss: 0.5398, Hit Rate: 0.0018
Epoch 9/100 | Train Loss: 0.5319, Hit Rate: 0.0021 | Val Loss: 0.5247, Hit Rate: 0.0034
Epoch 10/100 | Train Loss: 0.5324, Hit Rate: 0.0020 | Val Loss: 0.5472, Hit Rate: 0.0016
Epoch 11/100 | Train Loss: 0.4992, Hit Rate: 0.0034 | Val Loss: 0.4852, Hit Rate: 0.0052
Epoch 12/100 | Train Loss: 0.4952, Hit Rate: 0.0046 | Val Loss: 0.5255, Hit Rate: 0.0028
Epoch 13/100 | Train Loss: 0.4718, Hit Rate: 0.0061 | Val Loss: 0.4765, Hit Rate: 0.0090
Epoch 14/100 | Train Loss: 0.4777, Hit Rate: 0.0059 | Val Loss: 0.4785, Hit Rate: 0.0063
Epoch 15/100 | Train Loss: 0.4602, Hit Rate: 0.0084 | Val Loss: 0.4500, Hit Rate: 0.0054
Epoch 16/100 | Train Loss: 0.4392, Hit Rate: 0.0099 | Val Loss: 0.4540, Hit Rate: 0.0122
Epoch 17/100 | Train Loss: 0.4321, Hit Rate: 0.0121 | Val Loss: 0.4185, Hit Rate: 0.0133
Epoch 18/100 | Train Loss: 0.4216, Hit Rate: 0.0124 | Val Loss: 0.4087, Hit Rate: 0.0155
Epoch 19/100 | Train Loss: 0.4128, Hit Rate: 0.0158 | Val Loss: 0.3979, Hit Rate: 0.0207
Epoch 20/100 | Train Loss: 0.4297, Hit Rate: 0.0142 | Val Loss: 0.4031, Hit Rate: 0.0215
Epoch 21/100 | Train Loss: 0.3935, Hit Rate: 0.0200 | Val Loss: 0.3899, Hit Rate: 0.0207
Epoch 22/100 | Train Loss: 0.3835, Hit Rate: 0.0205 | Val Loss: 0.4065, Hit Rate: 0.0245
Epoch 23/100 | Train Loss: 0.3812, Hit Rate: 0.0243 | Val Loss: 0.4557, Hit Rate: 0.0163
Epoch 24/100 | Train Loss: 0.3806, Hit Rate: 0.0265 | Val Loss: 0.4175, Hit Rate: 0.0166
Epoch 25/100 | Train Loss: 0.3937, Hit Rate: 0.0240 | Val Loss: 0.3838, Hit Rate: 0.0257
Epoch 26/100 | Train Loss: 0.3628, Hit Rate: 0.0307 | Val Loss: 0.3743, Hit Rate: 0.0293
Epoch 27/100 | Train Loss: 0.3564, Hit Rate: 0.0332 | Val Loss: 0.3527, Hit Rate: 0.0327
Epoch 28/100 | Train Loss: 0.3539, Hit Rate: 0.0326 | Val Loss: 0.3631, Hit Rate: 0.0299
Epoch 29/100 | Train Loss: 0.3602, Hit Rate: 0.0351 | Val Loss: 0.3505, Hit Rate: 0.0372
Epoch 30/100 | Train Loss: 0.3413, Hit Rate: 0.0400 | Val Loss: 0.3508, Hit Rate: 0.0393
Epoch 31/100 | Train Loss: 0.3547, Hit Rate: 0.0407 | Val Loss: 0.3473, Hit Rate: 0.0408
Epoch 32/100 | Train Loss: 0.3315, Hit Rate: 0.0443 | Val Loss: 0.3419, Hit Rate: 0.0500
Epoch 33/100 | Train Loss: 0.3427, Hit Rate: 0.0436 | Val Loss: 0.3517, Hit Rate: 0.0440
Epoch 34/100 | Train Loss: 0.3209, Hit Rate: 0.0559 | Val Loss: 0.3308, Hit Rate: 0.0498
Epoch 35/100 | Train Loss: 0.3246, Hit Rate: 0.0534 | Val Loss: 0.3505, Hit Rate: 0.0445
Epoch 36/100 | Train Loss: 0.3366, Hit Rate: 0.0509 | Val Loss: 0.3353, Hit Rate: 0.0478
Epoch 37/100 | Train Loss: 0.3142, Hit Rate: 0.0568 | Val Loss: 0.3326, Hit Rate: 0.0510
Epoch 38/100 | Train Loss: 0.3145, Hit Rate: 0.0585 | Val Loss: 0.3295, Hit Rate: 0.0500
Epoch 39/100 | Train Loss: 0.3220, Hit Rate: 0.0541 | Val Loss: 0.3294, Hit Rate: 0.0549
Epoch 40/100 | Train Loss: 0.3095, Hit Rate: 0.0592 | Val Loss: 0.3203, Hit Rate: 0.0581
Epoch 41/100 | Train Loss: 0.3044, Hit Rate: 0.0666 | Val Loss: 0.3363, Hit Rate: 0.0554
Epoch 42/100 | Train Loss: 0.3232, Hit Rate: 0.0613 | Val Loss: 0.3140, Hit Rate: 0.0692
Epoch 43/100 | Train Loss: 0.2997, Hit Rate: 0.0688 | Val Loss: 0.3160, Hit Rate: 0.0610
Epoch 44/100 | Train Loss: 0.3018, Hit Rate: 0.0657 | Val Loss: 0.3240, Hit Rate: 0.0596
Epoch 45/100 | Train Loss: 0.2991, Hit Rate: 0.0701 | Val Loss: 0.3185, Hit Rate: 0.0703
Epoch 46/100 | Train Loss: 0.2978, Hit Rate: 0.0725 | Val Loss: 0.3088, Hit Rate: 0.0652
Epoch 47/100 | Train Loss: 0.2954, Hit Rate: 0.0725 | Val Loss: 0.3372, Hit Rate: 0.0515
Epoch 48/100 | Train Loss: 0.3055, Hit Rate: 0.0680 | Val Loss: 0.3159, Hit Rate: 0.0629
Epoch 49/100 | Train Loss: 0.2898, Hit Rate: 0.0791 | Val Loss: 0.3158, Hit Rate: 0.0690
Epoch 50/100 | Train Loss: 0.2936, Hit Rate: 0.0746 | Val Loss: 0.3075, Hit Rate: 0.0680
Epoch 51/100 | Train Loss: 0.2850, Hit Rate: 0.0822 | Val Loss: 0.3178, Hit Rate: 0.0650
Epoch 52/100 | Train Loss: 0.2834, Hit Rate: 0.0828 | Val Loss: 0.3178, Hit Rate: 0.0630
Epoch 53/100 | Train Loss: 0.2990, Hit Rate: 0.0762 | Val Loss: 0.5075, Hit Rate: 0.0159
Epoch 54/100 | Train Loss: 0.2882, Hit Rate: 0.0796 | Val Loss: 0.3088, Hit Rate: 0.0665
Epoch 55/100 | Train Loss: 0.2771, Hit Rate: 0.0868 | Val Loss: 0.3199, Hit Rate: 0.0612
Epoch 56/100 | Train Loss: 0.2796, Hit Rate: 0.0857 | Val Loss: 0.3360, Hit Rate: 0.0606
Epoch 57/100 | Train Loss: 0.2817, Hit Rate: 0.0854 | Val Loss: 0.3094, Hit Rate: 0.0639
Epoch 58/100 | Train Loss: 0.2835, Hit Rate: 0.0811 | Val Loss: 0.3040, Hit Rate: 0.0666
Epoch 59/100 | Train Loss: 0.2810, Hit Rate: 0.0854 | Val Loss: 0.3141, Hit Rate: 0.0715
Epoch 60/100 | Train Loss: 0.2710, Hit Rate: 0.0951 | Val Loss: 0.3164, Hit Rate: 0.0752
Epoch 61/100 | Train Loss: 0.2780, Hit Rate: 0.0890 | Val Loss: 0.3111, Hit Rate: 0.0714
Epoch 62/100 | Train Loss: 0.2831, Hit Rate: 0.0884 | Val Loss: 0.3014, Hit Rate: 0.0718
Epoch 63/100 | Train Loss: 0.2687, Hit Rate: 0.0939 | Val Loss: 0.2970, Hit Rate: 0.0801
Epoch 64/100 | Train Loss: 0.2709, Hit Rate: 0.0927 | Val Loss: 0.3023, Hit Rate: 0.0769
Epoch 65/100 | Train Loss: 0.2715, Hit Rate: 0.0950 | Val Loss: 0.2968, Hit Rate: 0.0848
Epoch 66/100 | Train Loss: 0.2706, Hit Rate: 0.0945 | Val Loss: 0.2876, Hit Rate: 0.0876
Epoch 67/100 | Train Loss: 0.2703, Hit Rate: 0.0960 | Val Loss: 0.3243, Hit Rate: 0.0672
Epoch 68/100 | Train Loss: 0.2694, Hit Rate: 0.0962 | Val Loss: 0.3094, Hit Rate: 0.0715
Epoch 69/100 | Train Loss: 0.2829, Hit Rate: 0.0896 | Val Loss: 0.3008, Hit Rate: 0.0754
Epoch 70/100 | Train Loss: 0.2596, Hit Rate: 0.1079 | Val Loss: 0.2926, Hit Rate: 0.0902
Epoch 71/100 | Train Loss: 0.2708, Hit Rate: 0.0987 | Val Loss: 0.2984, Hit Rate: 0.0781
Epoch 72/100 | Train Loss: 0.2599, Hit Rate: 0.1092 | Val Loss: 0.2993, Hit Rate: 0.0854
Epoch 73/100 | Train Loss: 0.2621, Hit Rate: 0.1031 | Val Loss: 0.3029, Hit Rate: 0.0776
Epoch 74/100 | Train Loss: 0.2668, Hit Rate: 0.1028 | Val Loss: 0.3069, Hit Rate: 0.0746
Epoch 75/100 | Train Loss: 0.2579, Hit Rate: 0.1111 | Val Loss: 0.2961, Hit Rate: 0.0815
Epoch 76/100 | Train Loss: 0.2656, Hit Rate: 0.1024 | Val Loss: 0.2965, Hit Rate: 0.0887
Epoch 77/100 | Train Loss: 0.2571, Hit Rate: 0.1081 | Val Loss: 0.2857, Hit Rate: 0.0992
Epoch 78/100 | Train Loss: 0.2642, Hit Rate: 0.1054 | Val Loss: 0.2885, Hit Rate: 0.0930
Epoch 79/100 | Train Loss: 0.2588, Hit Rate: 0.1074 | Val Loss: 0.3149, Hit Rate: 0.0663
Epoch 80/100 | Train Loss: 0.2600, Hit Rate: 0.1087 | Val Loss: 0.2926, Hit Rate: 0.0888
Epoch 81/100 | Train Loss: 0.2573, Hit Rate: 0.1093 | Val Loss: 0.2910, Hit Rate: 0.0981
Epoch 82/100 | Train Loss: 0.2644, Hit Rate: 0.1079 | Val Loss: 0.2822, Hit Rate: 0.0908
Epoch 83/100 | Train Loss: 0.2521, Hit Rate: 0.1155 | Val Loss: 0.2920, Hit Rate: 0.0867
Epoch 84/100 | Train Loss: 0.2550, Hit Rate: 0.1124 | Val Loss: 0.3497, Hit Rate: 0.0551
Epoch 85/100 | Train Loss: 0.2732, Hit Rate: 0.1042 | Val Loss: 0.2848, Hit Rate: 0.1003
Epoch 86/100 | Train Loss: 0.2466, Hit Rate: 0.1243 | Val Loss: 0.2842, Hit Rate: 0.0989
Epoch 87/100 | Train Loss: 0.2496, Hit Rate: 0.1188 | Val Loss: 0.2785, Hit Rate: 0.1043
Epoch 88/100 | Train Loss: 0.2581, Hit Rate: 0.1121 | Val Loss: 0.2781, Hit Rate: 0.0970
Epoch 89/100 | Train Loss: 0.2496, Hit Rate: 0.1217 | Val Loss: 0.2874, Hit Rate: 0.0892
Epoch 90/100 | Train Loss: 0.2511, Hit Rate: 0.1199 | Val Loss: 0.2812, Hit Rate: 0.1014
Epoch 91/100 | Train Loss: 0.2483, Hit Rate: 0.1192 | Val Loss: 0.3063, Hit Rate: 0.0833
Epoch 92/100 | Train Loss: 0.2560, Hit Rate: 0.1141 | Val Loss: 0.3142, Hit Rate: 0.0825
Epoch 93/100 | Train Loss: 0.2518, Hit Rate: 0.1194 | Val Loss: 0.3092, Hit Rate: 0.0795
Epoch 94/100 | Train Loss: 0.2530, Hit Rate: 0.1167 | Val Loss: 0.3031, Hit Rate: 0.0857
Epoch 95/100 | Train Loss: 0.2514, Hit Rate: 0.1184 | Val Loss: 0.2910, Hit Rate: 0.0916
Epoch 96/100 | Train Loss: 0.2475, Hit Rate: 0.1225 | Val Loss: 0.2804, Hit Rate: 0.0991
Epoch 97/100 | Train Loss: 0.2459, Hit Rate: 0.1227 | Val Loss: 0.2954, Hit Rate: 0.0977
Epoch 98/100 | Train Loss: 0.2491, Hit Rate: 0.1172 | Val Loss: 0.2768, Hit Rate: 0.1053
Epoch 99/100 | Train Loss: 0.2501, Hit Rate: 0.1176 | Val Loss: 0.3031, Hit Rate: 0.0895
Epoch 100/100 | Train Loss: 0.2470, Hit Rate: 0.1229 | Val Loss: 0.2873, Hit Rate: 0.0939

Best validation hit rate: 0.1053
