Using device: cuda
Loaded 24900 samples
Input vocab size: 4, Output vocab size: 6
Fold 4: train=19920, val=4980
Model: lstm, params=381,382
Epoch 1/100 | Train Loss: 0.9247, Hit Rate: 0.0000 | Val Loss: 0.7611, Hit Rate: 0.0000
Epoch 2/100 | Train Loss: 0.7136, Hit Rate: 0.0001 | Val Loss: 0.6978, Hit Rate: 0.0000
Epoch 3/100 | Train Loss: 0.6565, Hit Rate: 0.0001 | Val Loss: 0.6405, Hit Rate: 0.0000
Epoch 4/100 | Train Loss: 0.6081, Hit Rate: 0.0003 | Val Loss: 0.6078, Hit Rate: 0.0000
Epoch 5/100 | Train Loss: 0.5474, Hit Rate: 0.0017 | Val Loss: 0.5362, Hit Rate: 0.0000
Epoch 6/100 | Train Loss: 0.5075, Hit Rate: 0.0026 | Val Loss: 0.5052, Hit Rate: 0.0010
Epoch 7/100 | Train Loss: 0.4786, Hit Rate: 0.0067 | Val Loss: 0.4792, Hit Rate: 0.0030
Epoch 8/100 | Train Loss: 0.4514, Hit Rate: 0.0099 | Val Loss: 0.4566, Hit Rate: 0.0066
Epoch 9/100 | Train Loss: 0.4263, Hit Rate: 0.0169 | Val Loss: 0.4452, Hit Rate: 0.0060
Epoch 10/100 | Train Loss: 0.4045, Hit Rate: 0.0216 | Val Loss: 0.4343, Hit Rate: 0.0094
Epoch 11/100 | Train Loss: 0.3839, Hit Rate: 0.0321 | Val Loss: 0.4028, Hit Rate: 0.0168
Epoch 12/100 | Train Loss: 0.3674, Hit Rate: 0.0392 | Val Loss: 0.4145, Hit Rate: 0.0102
Epoch 13/100 | Train Loss: 0.3503, Hit Rate: 0.0501 | Val Loss: 0.3848, Hit Rate: 0.0166
Epoch 14/100 | Train Loss: 0.3345, Hit Rate: 0.0596 | Val Loss: 0.3697, Hit Rate: 0.0254
Epoch 15/100 | Train Loss: 0.3195, Hit Rate: 0.0744 | Val Loss: 0.3688, Hit Rate: 0.0212
Epoch 16/100 | Train Loss: 0.3070, Hit Rate: 0.0829 | Val Loss: 0.3615, Hit Rate: 0.0286
Epoch 17/100 | Train Loss: 0.2965, Hit Rate: 0.0947 | Val Loss: 0.3558, Hit Rate: 0.0359
Epoch 18/100 | Train Loss: 0.2851, Hit Rate: 0.1085 | Val Loss: 0.3453, Hit Rate: 0.0438
Epoch 19/100 | Train Loss: 0.2708, Hit Rate: 0.1240 | Val Loss: 0.3466, Hit Rate: 0.0443
Epoch 20/100 | Train Loss: 0.2628, Hit Rate: 0.1347 | Val Loss: 0.3627, Hit Rate: 0.0339
Epoch 21/100 | Train Loss: 0.2541, Hit Rate: 0.1509 | Val Loss: 0.3475, Hit Rate: 0.0447
Epoch 22/100 | Train Loss: 0.2447, Hit Rate: 0.1636 | Val Loss: 0.3285, Hit Rate: 0.0527
Epoch 23/100 | Train Loss: 0.2354, Hit Rate: 0.1775 | Val Loss: 0.3289, Hit Rate: 0.0565
Epoch 24/100 | Train Loss: 0.2272, Hit Rate: 0.1979 | Val Loss: 0.3284, Hit Rate: 0.0493
Epoch 25/100 | Train Loss: 0.2194, Hit Rate: 0.2066 | Val Loss: 0.3265, Hit Rate: 0.0585
Epoch 26/100 | Train Loss: 0.2140, Hit Rate: 0.2156 | Val Loss: 0.3275, Hit Rate: 0.0581
Epoch 27/100 | Train Loss: 0.2048, Hit Rate: 0.2333 | Val Loss: 0.3259, Hit Rate: 0.0611
Epoch 28/100 | Train Loss: 0.1992, Hit Rate: 0.2472 | Val Loss: 0.3456, Hit Rate: 0.0599
Epoch 29/100 | Train Loss: 0.1934, Hit Rate: 0.2596 | Val Loss: 0.3214, Hit Rate: 0.0622
Epoch 30/100 | Train Loss: 0.1848, Hit Rate: 0.2817 | Val Loss: 0.3311, Hit Rate: 0.0611
Epoch 31/100 | Train Loss: 0.1784, Hit Rate: 0.2928 | Val Loss: 0.3282, Hit Rate: 0.0672
Epoch 32/100 | Train Loss: 0.1773, Hit Rate: 0.2985 | Val Loss: 0.3229, Hit Rate: 0.0741
Epoch 33/100 | Train Loss: 0.1689, Hit Rate: 0.3211 | Val Loss: 0.3274, Hit Rate: 0.0658
Epoch 34/100 | Train Loss: 0.1617, Hit Rate: 0.3382 | Val Loss: 0.3248, Hit Rate: 0.0755
Epoch 35/100 | Train Loss: 0.1580, Hit Rate: 0.3466 | Val Loss: 0.3216, Hit Rate: 0.0782
Epoch 36/100 | Train Loss: 0.1540, Hit Rate: 0.3571 | Val Loss: 0.3269, Hit Rate: 0.0774
Epoch 37/100 | Train Loss: 0.1480, Hit Rate: 0.3786 | Val Loss: 0.3242, Hit Rate: 0.0791
Epoch 38/100 | Train Loss: 0.1415, Hit Rate: 0.3913 | Val Loss: 0.3314, Hit Rate: 0.0756
Epoch 39/100 | Train Loss: 0.1369, Hit Rate: 0.4033 | Val Loss: 0.3271, Hit Rate: 0.0785
Epoch 40/100 | Train Loss: 0.1342, Hit Rate: 0.4126 | Val Loss: 0.3286, Hit Rate: 0.0887
Epoch 41/100 | Train Loss: 0.1288, Hit Rate: 0.4297 | Val Loss: 0.3310, Hit Rate: 0.0916
Epoch 42/100 | Train Loss: 0.1254, Hit Rate: 0.4404 | Val Loss: 0.3357, Hit Rate: 0.0799
Epoch 43/100 | Train Loss: 0.1216, Hit Rate: 0.4520 | Val Loss: 0.3363, Hit Rate: 0.0851
Epoch 44/100 | Train Loss: 0.1178, Hit Rate: 0.4640 | Val Loss: 0.3444, Hit Rate: 0.0754
Epoch 45/100 | Train Loss: 0.1121, Hit Rate: 0.4828 | Val Loss: 0.3424, Hit Rate: 0.0905
Epoch 46/100 | Train Loss: 0.1085, Hit Rate: 0.4941 | Val Loss: 0.3456, Hit Rate: 0.0930
Epoch 47/100 | Train Loss: 0.1060, Hit Rate: 0.5066 | Val Loss: 0.3605, Hit Rate: 0.0813
Epoch 48/100 | Train Loss: 0.1026, Hit Rate: 0.5135 | Val Loss: 0.3483, Hit Rate: 0.0950
Epoch 49/100 | Train Loss: 0.0988, Hit Rate: 0.5283 | Val Loss: 0.3567, Hit Rate: 0.0860
Epoch 50/100 | Train Loss: 0.0958, Hit Rate: 0.5387 | Val Loss: 0.3604, Hit Rate: 0.0905
Epoch 51/100 | Train Loss: 0.0921, Hit Rate: 0.5543 | Val Loss: 0.3732, Hit Rate: 0.0919
Epoch 52/100 | Train Loss: 0.0893, Hit Rate: 0.5625 | Val Loss: 0.3742, Hit Rate: 0.0951
Epoch 53/100 | Train Loss: 0.0870, Hit Rate: 0.5727 | Val Loss: 0.3652, Hit Rate: 0.0954
Epoch 54/100 | Train Loss: 0.0838, Hit Rate: 0.5816 | Val Loss: 0.3778, Hit Rate: 0.0977
Epoch 55/100 | Train Loss: 0.0825, Hit Rate: 0.5879 | Val Loss: 0.3762, Hit Rate: 0.0929
Epoch 56/100 | Train Loss: 0.0766, Hit Rate: 0.6171 | Val Loss: 0.3807, Hit Rate: 0.0930
Epoch 57/100 | Train Loss: 0.0770, Hit Rate: 0.6106 | Val Loss: 0.3798, Hit Rate: 0.0918
Epoch 58/100 | Train Loss: 0.0732, Hit Rate: 0.6271 | Val Loss: 0.3987, Hit Rate: 0.0912
Epoch 59/100 | Train Loss: 0.0697, Hit Rate: 0.6485 | Val Loss: 0.3922, Hit Rate: 0.0958
Epoch 60/100 | Train Loss: 0.0684, Hit Rate: 0.6480 | Val Loss: 0.4027, Hit Rate: 0.0835
Epoch 61/100 | Train Loss: 0.0657, Hit Rate: 0.6625 | Val Loss: 0.3974, Hit Rate: 0.1035
Epoch 62/100 | Train Loss: 0.0647, Hit Rate: 0.6606 | Val Loss: 0.4017, Hit Rate: 0.0950
Epoch 63/100 | Train Loss: 0.0623, Hit Rate: 0.6757 | Val Loss: 0.4235, Hit Rate: 0.0868
Epoch 64/100 | Train Loss: 0.0609, Hit Rate: 0.6803 | Val Loss: 0.4112, Hit Rate: 0.1025
Epoch 65/100 | Train Loss: 0.0578, Hit Rate: 0.6993 | Val Loss: 0.4179, Hit Rate: 0.0956
Epoch 66/100 | Train Loss: 0.0555, Hit Rate: 0.7058 | Val Loss: 0.4176, Hit Rate: 0.1052
Epoch 67/100 | Train Loss: 0.0559, Hit Rate: 0.7045 | Val Loss: 0.4362, Hit Rate: 0.1017
Epoch 68/100 | Train Loss: 0.0526, Hit Rate: 0.7229 | Val Loss: 0.4584, Hit Rate: 0.0879
Epoch 69/100 | Train Loss: 0.0512, Hit Rate: 0.7294 | Val Loss: 0.4590, Hit Rate: 0.0970
Epoch 70/100 | Train Loss: 0.0495, Hit Rate: 0.7366 | Val Loss: 0.4565, Hit Rate: 0.0976
Epoch 71/100 | Train Loss: 0.0497, Hit Rate: 0.7351 | Val Loss: 0.4493, Hit Rate: 0.0975
Epoch 72/100 | Train Loss: 0.0452, Hit Rate: 0.7567 | Val Loss: 0.4507, Hit Rate: 0.0995
Epoch 73/100 | Train Loss: 0.0437, Hit Rate: 0.7660 | Val Loss: 0.4588, Hit Rate: 0.1087
Epoch 74/100 | Train Loss: 0.0426, Hit Rate: 0.7724 | Val Loss: 0.4844, Hit Rate: 0.0917
Epoch 75/100 | Train Loss: 0.0426, Hit Rate: 0.7700 | Val Loss: 0.4738, Hit Rate: 0.1031
Epoch 76/100 | Train Loss: 0.0437, Hit Rate: 0.7636 | Val Loss: 0.4849, Hit Rate: 0.0860
Epoch 77/100 | Train Loss: 0.0416, Hit Rate: 0.7732 | Val Loss: 0.4806, Hit Rate: 0.0941
Epoch 78/100 | Train Loss: 0.0382, Hit Rate: 0.7939 | Val Loss: 0.4862, Hit Rate: 0.1023
Epoch 79/100 | Train Loss: 0.0379, Hit Rate: 0.7950 | Val Loss: 0.4929, Hit Rate: 0.0988
Epoch 80/100 | Train Loss: 0.0385, Hit Rate: 0.7920 | Val Loss: 0.4882, Hit Rate: 0.1052
Epoch 81/100 | Train Loss: 0.0363, Hit Rate: 0.7992 | Val Loss: 0.4925, Hit Rate: 0.1107
Epoch 82/100 | Train Loss: 0.0347, Hit Rate: 0.8111 | Val Loss: 0.4980, Hit Rate: 0.0977
Epoch 83/100 | Train Loss: 0.0325, Hit Rate: 0.8259 | Val Loss: 0.5435, Hit Rate: 0.0873
Epoch 84/100 | Train Loss: 0.0355, Hit Rate: 0.8027 | Val Loss: 0.5210, Hit Rate: 0.0881
Epoch 85/100 | Train Loss: 0.0341, Hit Rate: 0.8128 | Val Loss: 0.5271, Hit Rate: 0.0883
Epoch 86/100 | Train Loss: 0.0265, Hit Rate: 0.8605 | Val Loss: 0.5443, Hit Rate: 0.0865
Epoch 87/100 | Train Loss: 0.0305, Hit Rate: 0.8355 | Val Loss: 0.5249, Hit Rate: 0.0934
Epoch 88/100 | Train Loss: 0.0275, Hit Rate: 0.8534 | Val Loss: 0.5408, Hit Rate: 0.0931
Epoch 89/100 | Train Loss: 0.0318, Hit Rate: 0.8240 | Val Loss: 0.5378, Hit Rate: 0.0963
Epoch 90/100 | Train Loss: 0.0291, Hit Rate: 0.8411 | Val Loss: 0.5415, Hit Rate: 0.1010
Epoch 91/100 | Train Loss: 0.0261, Hit Rate: 0.8589 | Val Loss: 0.5534, Hit Rate: 0.0863
Epoch 92/100 | Train Loss: 0.0302, Hit Rate: 0.8303 | Val Loss: 0.5647, Hit Rate: 0.1034
Epoch 93/100 | Train Loss: 0.0297, Hit Rate: 0.8338 | Val Loss: 0.5591, Hit Rate: 0.0964
Epoch 94/100 | Train Loss: 0.0213, Hit Rate: 0.8901 | Val Loss: 0.5715, Hit Rate: 0.0890
Epoch 95/100 | Train Loss: 0.0251, Hit Rate: 0.8622 | Val Loss: 0.5764, Hit Rate: 0.0965
Epoch 96/100 | Train Loss: 0.0310, Hit Rate: 0.8229 | Val Loss: 0.5785, Hit Rate: 0.0920
Epoch 97/100 | Train Loss: 0.0239, Hit Rate: 0.8698 | Val Loss: 0.5646, Hit Rate: 0.0987
Epoch 98/100 | Train Loss: 0.0200, Hit Rate: 0.8956 | Val Loss: 0.5782, Hit Rate: 0.0911
Epoch 99/100 | Train Loss: 0.0237, Hit Rate: 0.8739 | Val Loss: 0.6036, Hit Rate: 0.0833
Epoch 100/100 | Train Loss: 0.0284, Hit Rate: 0.8374 | Val Loss: 0.6102, Hit Rate: 0.0893

Best validation hit rate: 0.1107
