Using device: cuda
Loaded 24900 samples
Input vocab size: 4, Output vocab size: 6
Fold 1: train=19920, val=4980
Model: lstm, params=398,150
  cross_attn=enabled
Epoch 1/100 | Train Loss: 0.9204, Hit Rate: 0.0000 | Val Loss: 0.7591, Hit Rate: 0.0000
Epoch 2/100 | Train Loss: 0.6561, Hit Rate: 0.0006 | Val Loss: 0.5900, Hit Rate: 0.0018
Epoch 3/100 | Train Loss: 0.5414, Hit Rate: 0.0040 | Val Loss: 0.5369, Hit Rate: 0.0054
Epoch 4/100 | Train Loss: 0.4758, Hit Rate: 0.0117 | Val Loss: 0.4694, Hit Rate: 0.0112
Epoch 5/100 | Train Loss: 0.4295, Hit Rate: 0.0248 | Val Loss: 0.4304, Hit Rate: 0.0231
Epoch 6/100 | Train Loss: 0.3907, Hit Rate: 0.0419 | Val Loss: 0.3835, Hit Rate: 0.0481
Epoch 7/100 | Train Loss: 0.3611, Hit Rate: 0.0572 | Val Loss: 0.3557, Hit Rate: 0.0632
Epoch 8/100 | Train Loss: 0.3319, Hit Rate: 0.0829 | Val Loss: 0.3453, Hit Rate: 0.0695
Epoch 9/100 | Train Loss: 0.3082, Hit Rate: 0.1038 | Val Loss: 0.3202, Hit Rate: 0.0898
Epoch 10/100 | Train Loss: 0.2878, Hit Rate: 0.1262 | Val Loss: 0.3062, Hit Rate: 0.1039
Epoch 11/100 | Train Loss: 0.2680, Hit Rate: 0.1532 | Val Loss: 0.2826, Hit Rate: 0.1426
Epoch 12/100 | Train Loss: 0.2504, Hit Rate: 0.1828 | Val Loss: 0.2794, Hit Rate: 0.1573
Epoch 13/100 | Train Loss: 0.2357, Hit Rate: 0.2016 | Val Loss: 0.2620, Hit Rate: 0.1820
Epoch 14/100 | Train Loss: 0.2201, Hit Rate: 0.2263 | Val Loss: 0.2641, Hit Rate: 0.1632
Epoch 15/100 | Train Loss: 0.2083, Hit Rate: 0.2505 | Val Loss: 0.2472, Hit Rate: 0.1942
Epoch 16/100 | Train Loss: 0.1949, Hit Rate: 0.2786 | Val Loss: 0.2326, Hit Rate: 0.2392
Epoch 17/100 | Train Loss: 0.1872, Hit Rate: 0.2886 | Val Loss: 0.2304, Hit Rate: 0.2359
Epoch 18/100 | Train Loss: 0.1719, Hit Rate: 0.3318 | Val Loss: 0.2216, Hit Rate: 0.2507
Epoch 19/100 | Train Loss: 0.1640, Hit Rate: 0.3460 | Val Loss: 0.2149, Hit Rate: 0.2733
Epoch 20/100 | Train Loss: 0.1552, Hit Rate: 0.3727 | Val Loss: 0.2093, Hit Rate: 0.2965
Epoch 21/100 | Train Loss: 0.1462, Hit Rate: 0.3932 | Val Loss: 0.2055, Hit Rate: 0.2927
Epoch 22/100 | Train Loss: 0.1402, Hit Rate: 0.4093 | Val Loss: 0.2027, Hit Rate: 0.3014
Epoch 23/100 | Train Loss: 0.1324, Hit Rate: 0.4370 | Val Loss: 0.2019, Hit Rate: 0.3247
Epoch 24/100 | Train Loss: 0.1266, Hit Rate: 0.4496 | Val Loss: 0.1969, Hit Rate: 0.3338
Epoch 25/100 | Train Loss: 0.1194, Hit Rate: 0.4748 | Val Loss: 0.1959, Hit Rate: 0.3199
Epoch 26/100 | Train Loss: 0.1116, Hit Rate: 0.4989 | Val Loss: 0.1951, Hit Rate: 0.3467
Epoch 27/100 | Train Loss: 0.1069, Hit Rate: 0.5162 | Val Loss: 0.2035, Hit Rate: 0.3243
Epoch 28/100 | Train Loss: 0.1018, Hit Rate: 0.5274 | Val Loss: 0.1968, Hit Rate: 0.3440
Epoch 29/100 | Train Loss: 0.0962, Hit Rate: 0.5525 | Val Loss: 0.1985, Hit Rate: 0.3542
Epoch 30/100 | Train Loss: 0.0928, Hit Rate: 0.5614 | Val Loss: 0.1953, Hit Rate: 0.3602
Epoch 31/100 | Train Loss: 0.0876, Hit Rate: 0.5792 | Val Loss: 0.2000, Hit Rate: 0.3544
Epoch 32/100 | Train Loss: 0.0846, Hit Rate: 0.5942 | Val Loss: 0.1889, Hit Rate: 0.3817
Epoch 33/100 | Train Loss: 0.0795, Hit Rate: 0.6146 | Val Loss: 0.1867, Hit Rate: 0.3873
Epoch 34/100 | Train Loss: 0.0763, Hit Rate: 0.6236 | Val Loss: 0.1945, Hit Rate: 0.3760
Epoch 35/100 | Train Loss: 0.0732, Hit Rate: 0.6360 | Val Loss: 0.1962, Hit Rate: 0.3735
Epoch 36/100 | Train Loss: 0.0674, Hit Rate: 0.6607 | Val Loss: 0.1954, Hit Rate: 0.3810
Epoch 37/100 | Train Loss: 0.0656, Hit Rate: 0.6653 | Val Loss: 0.1967, Hit Rate: 0.3865
Epoch 38/100 | Train Loss: 0.0654, Hit Rate: 0.6656 | Val Loss: 0.1940, Hit Rate: 0.3909
Epoch 39/100 | Train Loss: 0.0591, Hit Rate: 0.6959 | Val Loss: 0.1953, Hit Rate: 0.4082
Epoch 40/100 | Train Loss: 0.0569, Hit Rate: 0.7030 | Val Loss: 0.1997, Hit Rate: 0.4022
Epoch 41/100 | Train Loss: 0.0550, Hit Rate: 0.7118 | Val Loss: 0.1980, Hit Rate: 0.3935
Epoch 42/100 | Train Loss: 0.0507, Hit Rate: 0.7310 | Val Loss: 0.2037, Hit Rate: 0.4045
Epoch 43/100 | Train Loss: 0.0523, Hit Rate: 0.7201 | Val Loss: 0.2037, Hit Rate: 0.4038
Epoch 44/100 | Train Loss: 0.0474, Hit Rate: 0.7461 | Val Loss: 0.1932, Hit Rate: 0.4298
Epoch 45/100 | Train Loss: 0.0484, Hit Rate: 0.7415 | Val Loss: 0.1969, Hit Rate: 0.4137
Epoch 46/100 | Train Loss: 0.0465, Hit Rate: 0.7520 | Val Loss: 0.1905, Hit Rate: 0.4322
Epoch 47/100 | Train Loss: 0.0412, Hit Rate: 0.7768 | Val Loss: 0.2006, Hit Rate: 0.4220
Epoch 48/100 | Train Loss: 0.0414, Hit Rate: 0.7763 | Val Loss: 0.2009, Hit Rate: 0.4161
Epoch 49/100 | Train Loss: 0.0386, Hit Rate: 0.7923 | Val Loss: 0.2073, Hit Rate: 0.4311
Epoch 50/100 | Train Loss: 0.0415, Hit Rate: 0.7714 | Val Loss: 0.2015, Hit Rate: 0.4398
Epoch 51/100 | Train Loss: 0.0350, Hit Rate: 0.8116 | Val Loss: 0.2045, Hit Rate: 0.4386
Epoch 52/100 | Train Loss: 0.0337, Hit Rate: 0.8135 | Val Loss: 0.2091, Hit Rate: 0.4282
Epoch 53/100 | Train Loss: 0.0361, Hit Rate: 0.7983 | Val Loss: 0.2163, Hit Rate: 0.4148
Epoch 54/100 | Train Loss: 0.0338, Hit Rate: 0.8099 | Val Loss: 0.2190, Hit Rate: 0.4230
Epoch 55/100 | Train Loss: 0.0325, Hit Rate: 0.8219 | Val Loss: 0.2223, Hit Rate: 0.4091
Epoch 56/100 | Train Loss: 0.0334, Hit Rate: 0.8155 | Val Loss: 0.2074, Hit Rate: 0.4462
Epoch 57/100 | Train Loss: 0.0311, Hit Rate: 0.8263 | Val Loss: 0.2117, Hit Rate: 0.4383
Epoch 58/100 | Train Loss: 0.0309, Hit Rate: 0.8239 | Val Loss: 0.2193, Hit Rate: 0.4460
Epoch 59/100 | Train Loss: 0.0279, Hit Rate: 0.8440 | Val Loss: 0.2192, Hit Rate: 0.4427
Epoch 60/100 | Train Loss: 0.0227, Hit Rate: 0.8796 | Val Loss: 0.2076, Hit Rate: 0.4714
Epoch 61/100 | Train Loss: 0.0318, Hit Rate: 0.8232 | Val Loss: 0.2236, Hit Rate: 0.4318
Epoch 62/100 | Train Loss: 0.0326, Hit Rate: 0.8137 | Val Loss: 0.2250, Hit Rate: 0.4285
Epoch 63/100 | Train Loss: 0.0240, Hit Rate: 0.8687 | Val Loss: 0.2173, Hit Rate: 0.4527
Epoch 64/100 | Train Loss: 0.0279, Hit Rate: 0.8411 | Val Loss: 0.2243, Hit Rate: 0.4309
Epoch 65/100 | Train Loss: 0.0251, Hit Rate: 0.8585 | Val Loss: 0.2194, Hit Rate: 0.4491
Epoch 66/100 | Train Loss: 0.0224, Hit Rate: 0.8720 | Val Loss: 0.2198, Hit Rate: 0.4465
Epoch 67/100 | Train Loss: 0.0239, Hit Rate: 0.8671 | Val Loss: 0.2247, Hit Rate: 0.4518
Epoch 68/100 | Train Loss: 0.0278, Hit Rate: 0.8414 | Val Loss: 0.2138, Hit Rate: 0.4819
Epoch 69/100 | Train Loss: 0.0163, Hit Rate: 0.9156 | Val Loss: 0.2126, Hit Rate: 0.4757
Epoch 70/100 | Train Loss: 0.0168, Hit Rate: 0.9112 | Val Loss: 0.2286, Hit Rate: 0.4418
Epoch 71/100 | Train Loss: 0.0291, Hit Rate: 0.8326 | Val Loss: 0.2390, Hit Rate: 0.4409
Epoch 72/100 | Train Loss: 0.0315, Hit Rate: 0.8175 | Val Loss: 0.2272, Hit Rate: 0.4510
Epoch 73/100 | Train Loss: 0.0182, Hit Rate: 0.8993 | Val Loss: 0.2155, Hit Rate: 0.4889
Epoch 74/100 | Train Loss: 0.0127, Hit Rate: 0.9371 | Val Loss: 0.2031, Hit Rate: 0.5188
Epoch 75/100 | Train Loss: 0.0102, Hit Rate: 0.9540 | Val Loss: 0.2333, Hit Rate: 0.4588
Epoch 76/100 | Train Loss: 0.0358, Hit Rate: 0.7977 | Val Loss: 0.2659, Hit Rate: 0.3910
Epoch 77/100 | Train Loss: 0.0332, Hit Rate: 0.8119 | Val Loss: 0.2214, Hit Rate: 0.4792
Epoch 78/100 | Train Loss: 0.0128, Hit Rate: 0.9360 | Val Loss: 0.2237, Hit Rate: 0.4892
Epoch 79/100 | Train Loss: 0.0083, Hit Rate: 0.9663 | Val Loss: 0.2119, Hit Rate: 0.5123
Epoch 80/100 | Train Loss: 0.0063, Hit Rate: 0.9791 | Val Loss: 0.2188, Hit Rate: 0.5141
Epoch 81/100 | Train Loss: 0.0235, Hit Rate: 0.8762 | Val Loss: 0.2793, Hit Rate: 0.3902
Epoch 82/100 | Train Loss: 0.0487, Hit Rate: 0.7384 | Val Loss: 0.2336, Hit Rate: 0.4671
Epoch 83/100 | Train Loss: 0.0152, Hit Rate: 0.9167 | Val Loss: 0.2143, Hit Rate: 0.4971
Epoch 84/100 | Train Loss: 0.0073, Hit Rate: 0.9718 | Val Loss: 0.2052, Hit Rate: 0.5359
Epoch 85/100 | Train Loss: 0.0036, Hit Rate: 0.9945 | Val Loss: 0.2023, Hit Rate: 0.5529
Epoch 86/100 | Train Loss: 0.0021, Hit Rate: 0.9993 | Val Loss: 0.2034, Hit Rate: 0.5551
Epoch 87/100 | Train Loss: 0.0014, Hit Rate: 0.9999 | Val Loss: 0.2057, Hit Rate: 0.5566
Epoch 88/100 | Train Loss: 0.0011, Hit Rate: 1.0000 | Val Loss: 0.2088, Hit Rate: 0.5549
Epoch 89/100 | Train Loss: 0.0010, Hit Rate: 1.0000 | Val Loss: 0.2118, Hit Rate: 0.5568
Epoch 90/100 | Train Loss: 0.0009, Hit Rate: 1.0000 | Val Loss: 0.2150, Hit Rate: 0.5566
Epoch 91/100 | Train Loss: 0.0008, Hit Rate: 1.0000 | Val Loss: 0.2193, Hit Rate: 0.5569
Epoch 92/100 | Train Loss: 0.0007, Hit Rate: 1.0000 | Val Loss: 0.2227, Hit Rate: 0.5553
Epoch 93/100 | Train Loss: 0.0006, Hit Rate: 1.0000 | Val Loss: 0.2267, Hit Rate: 0.5483
Epoch 94/100 | Train Loss: 0.0006, Hit Rate: 1.0000 | Val Loss: 0.2305, Hit Rate: 0.5520
Epoch 95/100 | Train Loss: 0.1144, Hit Rate: 0.7240 | Val Loss: 0.3063, Hit Rate: 0.2947
Epoch 96/100 | Train Loss: 0.0691, Hit Rate: 0.6640 | Val Loss: 0.2326, Hit Rate: 0.4468
Epoch 97/100 | Train Loss: 0.0197, Hit Rate: 0.8902 | Val Loss: 0.2070, Hit Rate: 0.5067
Epoch 98/100 | Train Loss: 0.0103, Hit Rate: 0.9510 | Val Loss: 0.2106, Hit Rate: 0.5135
Epoch 99/100 | Train Loss: 0.0049, Hit Rate: 0.9872 | Val Loss: 0.2077, Hit Rate: 0.5359
Epoch 100/100 | Train Loss: 0.0028, Hit Rate: 0.9969 | Val Loss: 0.2026, Hit Rate: 0.5507

Best validation hit rate: 0.5569
