Using device: cuda
Loaded 24900 samples
Input vocab size: 4, Output vocab size: 6
Fold 2: train=19920, val=4980
Model: lstm, params=381,382
Epoch 1/100 | Train Loss: 0.9138, Hit Rate: 0.0000 | Val Loss: 0.7577, Hit Rate: 0.0000
Epoch 2/100 | Train Loss: 0.6955, Hit Rate: 0.0001 | Val Loss: 0.6789, Hit Rate: 0.0000
Epoch 3/100 | Train Loss: 0.6216, Hit Rate: 0.0004 | Val Loss: 0.6080, Hit Rate: 0.0000
Epoch 4/100 | Train Loss: 0.5659, Hit Rate: 0.0009 | Val Loss: 0.5637, Hit Rate: 0.0022
Epoch 5/100 | Train Loss: 0.5126, Hit Rate: 0.0030 | Val Loss: 0.5285, Hit Rate: 0.0020
Epoch 6/100 | Train Loss: 0.4734, Hit Rate: 0.0070 | Val Loss: 0.5131, Hit Rate: 0.0028
Epoch 7/100 | Train Loss: 0.4408, Hit Rate: 0.0120 | Val Loss: 0.4706, Hit Rate: 0.0054
Epoch 8/100 | Train Loss: 0.4106, Hit Rate: 0.0217 | Val Loss: 0.4427, Hit Rate: 0.0078
Epoch 9/100 | Train Loss: 0.3845, Hit Rate: 0.0321 | Val Loss: 0.4239, Hit Rate: 0.0158
Epoch 10/100 | Train Loss: 0.3615, Hit Rate: 0.0445 | Val Loss: 0.4219, Hit Rate: 0.0130
Epoch 11/100 | Train Loss: 0.3443, Hit Rate: 0.0574 | Val Loss: 0.4016, Hit Rate: 0.0154
Epoch 12/100 | Train Loss: 0.3247, Hit Rate: 0.0730 | Val Loss: 0.4108, Hit Rate: 0.0158
Epoch 13/100 | Train Loss: 0.3162, Hit Rate: 0.0860 | Val Loss: 0.3772, Hit Rate: 0.0276
Epoch 14/100 | Train Loss: 0.2940, Hit Rate: 0.1046 | Val Loss: 0.3746, Hit Rate: 0.0238
Epoch 15/100 | Train Loss: 0.2813, Hit Rate: 0.1196 | Val Loss: 0.3742, Hit Rate: 0.0280
Epoch 16/100 | Train Loss: 0.2703, Hit Rate: 0.1318 | Val Loss: 0.3649, Hit Rate: 0.0308
Epoch 17/100 | Train Loss: 0.2586, Hit Rate: 0.1542 | Val Loss: 0.3534, Hit Rate: 0.0377
Epoch 18/100 | Train Loss: 0.2472, Hit Rate: 0.1667 | Val Loss: 0.3594, Hit Rate: 0.0331
Epoch 19/100 | Train Loss: 0.2365, Hit Rate: 0.1855 | Val Loss: 0.3622, Hit Rate: 0.0443
Epoch 20/100 | Train Loss: 0.2290, Hit Rate: 0.1954 | Val Loss: 0.3567, Hit Rate: 0.0449
Epoch 21/100 | Train Loss: 0.2197, Hit Rate: 0.2131 | Val Loss: 0.3463, Hit Rate: 0.0439
Epoch 22/100 | Train Loss: 0.2100, Hit Rate: 0.2313 | Val Loss: 0.3493, Hit Rate: 0.0471
Epoch 23/100 | Train Loss: 0.2025, Hit Rate: 0.2494 | Val Loss: 0.3460, Hit Rate: 0.0459
Epoch 24/100 | Train Loss: 0.1934, Hit Rate: 0.2682 | Val Loss: 0.3319, Hit Rate: 0.0660
Epoch 25/100 | Train Loss: 0.1870, Hit Rate: 0.2796 | Val Loss: 0.3352, Hit Rate: 0.0679
Epoch 26/100 | Train Loss: 0.1814, Hit Rate: 0.2961 | Val Loss: 0.3325, Hit Rate: 0.0671
Epoch 27/100 | Train Loss: 0.1746, Hit Rate: 0.3070 | Val Loss: 0.3433, Hit Rate: 0.0639
Epoch 28/100 | Train Loss: 0.1673, Hit Rate: 0.3285 | Val Loss: 0.3370, Hit Rate: 0.0708
Epoch 29/100 | Train Loss: 0.1613, Hit Rate: 0.3425 | Val Loss: 0.3344, Hit Rate: 0.0694
Epoch 30/100 | Train Loss: 0.1553, Hit Rate: 0.3570 | Val Loss: 0.3370, Hit Rate: 0.0765
Epoch 31/100 | Train Loss: 0.1496, Hit Rate: 0.3719 | Val Loss: 0.3387, Hit Rate: 0.0777
Epoch 32/100 | Train Loss: 0.1444, Hit Rate: 0.3824 | Val Loss: 0.3509, Hit Rate: 0.0710
Epoch 33/100 | Train Loss: 0.1409, Hit Rate: 0.3996 | Val Loss: 0.3519, Hit Rate: 0.0784
Epoch 34/100 | Train Loss: 0.1352, Hit Rate: 0.4131 | Val Loss: 0.3444, Hit Rate: 0.0830
Epoch 35/100 | Train Loss: 0.1298, Hit Rate: 0.4293 | Val Loss: 0.3448, Hit Rate: 0.0868
Epoch 36/100 | Train Loss: 0.1242, Hit Rate: 0.4477 | Val Loss: 0.3556, Hit Rate: 0.0804
Epoch 37/100 | Train Loss: 0.1204, Hit Rate: 0.4603 | Val Loss: 0.3515, Hit Rate: 0.0844
Epoch 38/100 | Train Loss: 0.1160, Hit Rate: 0.4725 | Val Loss: 0.3612, Hit Rate: 0.0779
Epoch 39/100 | Train Loss: 0.1112, Hit Rate: 0.4935 | Val Loss: 0.3642, Hit Rate: 0.0782
Epoch 40/100 | Train Loss: 0.1078, Hit Rate: 0.5039 | Val Loss: 0.3640, Hit Rate: 0.0891
Epoch 41/100 | Train Loss: 0.1047, Hit Rate: 0.5130 | Val Loss: 0.3704, Hit Rate: 0.0820
Epoch 42/100 | Train Loss: 0.1000, Hit Rate: 0.5294 | Val Loss: 0.3765, Hit Rate: 0.0857
Epoch 43/100 | Train Loss: 0.0983, Hit Rate: 0.5356 | Val Loss: 0.3837, Hit Rate: 0.0889
Epoch 44/100 | Train Loss: 0.0950, Hit Rate: 0.5488 | Val Loss: 0.3791, Hit Rate: 0.0875
Epoch 45/100 | Train Loss: 0.0905, Hit Rate: 0.5630 | Val Loss: 0.3934, Hit Rate: 0.0832
Epoch 46/100 | Train Loss: 0.0861, Hit Rate: 0.5822 | Val Loss: 0.3895, Hit Rate: 0.0932
Epoch 47/100 | Train Loss: 0.0851, Hit Rate: 0.5820 | Val Loss: 0.3985, Hit Rate: 0.0906
Epoch 48/100 | Train Loss: 0.0814, Hit Rate: 0.6017 | Val Loss: 0.3956, Hit Rate: 0.0946
Epoch 49/100 | Train Loss: 0.0809, Hit Rate: 0.6026 | Val Loss: 0.4006, Hit Rate: 0.0930
Epoch 50/100 | Train Loss: 0.0743, Hit Rate: 0.6295 | Val Loss: 0.4019, Hit Rate: 0.0949
Epoch 51/100 | Train Loss: 0.0723, Hit Rate: 0.6399 | Val Loss: 0.4150, Hit Rate: 0.0850
Epoch 52/100 | Train Loss: 0.0736, Hit Rate: 0.6299 | Val Loss: 0.4107, Hit Rate: 0.0916
Epoch 53/100 | Train Loss: 0.0668, Hit Rate: 0.6598 | Val Loss: 0.4201, Hit Rate: 0.0928
Epoch 54/100 | Train Loss: 0.0658, Hit Rate: 0.6632 | Val Loss: 0.4278, Hit Rate: 0.0878
Epoch 55/100 | Train Loss: 0.0624, Hit Rate: 0.6807 | Val Loss: 0.4374, Hit Rate: 0.0949
Epoch 56/100 | Train Loss: 0.0636, Hit Rate: 0.6701 | Val Loss: 0.4421, Hit Rate: 0.0944
Epoch 57/100 | Train Loss: 0.0594, Hit Rate: 0.6902 | Val Loss: 0.4450, Hit Rate: 0.0900
Epoch 58/100 | Train Loss: 0.0558, Hit Rate: 0.7079 | Val Loss: 0.4626, Hit Rate: 0.0833
Epoch 59/100 | Train Loss: 0.0564, Hit Rate: 0.7041 | Val Loss: 0.4532, Hit Rate: 0.0909
Epoch 60/100 | Train Loss: 0.0523, Hit Rate: 0.7266 | Val Loss: 0.4723, Hit Rate: 0.0867
Epoch 61/100 | Train Loss: 0.0543, Hit Rate: 0.7117 | Val Loss: 0.4605, Hit Rate: 0.0920
Epoch 62/100 | Train Loss: 0.0509, Hit Rate: 0.7332 | Val Loss: 0.4882, Hit Rate: 0.0831
Epoch 63/100 | Train Loss: 0.0500, Hit Rate: 0.7354 | Val Loss: 0.4725, Hit Rate: 0.0894
Epoch 64/100 | Train Loss: 0.0452, Hit Rate: 0.7627 | Val Loss: 0.4955, Hit Rate: 0.0864
Epoch 65/100 | Train Loss: 0.0446, Hit Rate: 0.7658 | Val Loss: 0.5165, Hit Rate: 0.0802
Epoch 66/100 | Train Loss: 0.0472, Hit Rate: 0.7443 | Val Loss: 0.4956, Hit Rate: 0.0906
Epoch 67/100 | Train Loss: 0.0473, Hit Rate: 0.7477 | Val Loss: 0.4928, Hit Rate: 0.0931
Epoch 68/100 | Train Loss: 0.0373, Hit Rate: 0.8034 | Val Loss: 0.5059, Hit Rate: 0.0897
Epoch 69/100 | Train Loss: 0.0411, Hit Rate: 0.7777 | Val Loss: 0.5257, Hit Rate: 0.0872
Epoch 70/100 | Train Loss: 0.0402, Hit Rate: 0.7808 | Val Loss: 0.5100, Hit Rate: 0.0959
Epoch 71/100 | Train Loss: 0.0359, Hit Rate: 0.8096 | Val Loss: 0.5409, Hit Rate: 0.0905
Epoch 72/100 | Train Loss: 0.0394, Hit Rate: 0.7819 | Val Loss: 0.5346, Hit Rate: 0.0881
Epoch 73/100 | Train Loss: 0.0376, Hit Rate: 0.7959 | Val Loss: 0.5540, Hit Rate: 0.0854
Epoch 74/100 | Train Loss: 0.0330, Hit Rate: 0.8200 | Val Loss: 0.5347, Hit Rate: 0.0925
Epoch 75/100 | Train Loss: 0.0329, Hit Rate: 0.8199 | Val Loss: 0.5446, Hit Rate: 0.0873
Epoch 76/100 | Train Loss: 0.0357, Hit Rate: 0.8016 | Val Loss: 0.5511, Hit Rate: 0.0882
Epoch 77/100 | Train Loss: 0.0290, Hit Rate: 0.8485 | Val Loss: 0.5676, Hit Rate: 0.0911
Epoch 78/100 | Train Loss: 0.0328, Hit Rate: 0.8182 | Val Loss: 0.5648, Hit Rate: 0.0909
Epoch 79/100 | Train Loss: 0.0303, Hit Rate: 0.8311 | Val Loss: 0.5725, Hit Rate: 0.0795
Epoch 80/100 | Train Loss: 0.0293, Hit Rate: 0.8367 | Val Loss: 0.5715, Hit Rate: 0.0878
Epoch 81/100 | Train Loss: 0.0269, Hit Rate: 0.8546 | Val Loss: 0.5890, Hit Rate: 0.0879
Epoch 82/100 | Train Loss: 0.0308, Hit Rate: 0.8314 | Val Loss: 0.5933, Hit Rate: 0.0847
Epoch 83/100 | Train Loss: 0.0274, Hit Rate: 0.8513 | Val Loss: 0.5971, Hit Rate: 0.0885
Epoch 84/100 | Train Loss: 0.0255, Hit Rate: 0.8606 | Val Loss: 0.5943, Hit Rate: 0.0930
Epoch 85/100 | Train Loss: 0.0294, Hit Rate: 0.8389 | Val Loss: 0.6018, Hit Rate: 0.0855
Epoch 86/100 | Train Loss: 0.0275, Hit Rate: 0.8489 | Val Loss: 0.5942, Hit Rate: 0.0906
Epoch 87/100 | Train Loss: 0.0193, Hit Rate: 0.9053 | Val Loss: 0.6237, Hit Rate: 0.0924
Epoch 88/100 | Train Loss: 0.0283, Hit Rate: 0.8400 | Val Loss: 0.6347, Hit Rate: 0.0805
Epoch 89/100 | Train Loss: 0.0318, Hit Rate: 0.8247 | Val Loss: 0.6119, Hit Rate: 0.0861
Epoch 90/100 | Train Loss: 0.0193, Hit Rate: 0.9014 | Val Loss: 0.6179, Hit Rate: 0.0878
Epoch 91/100 | Train Loss: 0.0162, Hit Rate: 0.9213 | Val Loss: 0.6218, Hit Rate: 0.0939
Epoch 92/100 | Train Loss: 0.0212, Hit Rate: 0.8847 | Val Loss: 0.6784, Hit Rate: 0.0809
Epoch 93/100 | Train Loss: 0.0312, Hit Rate: 0.8226 | Val Loss: 0.6460, Hit Rate: 0.0857
Epoch 94/100 | Train Loss: 0.0204, Hit Rate: 0.8865 | Val Loss: 0.6407, Hit Rate: 0.0881
Epoch 95/100 | Train Loss: 0.0214, Hit Rate: 0.8807 | Val Loss: 0.6494, Hit Rate: 0.0888
Epoch 96/100 | Train Loss: 0.0216, Hit Rate: 0.8815 | Val Loss: 0.6646, Hit Rate: 0.0930
Epoch 97/100 | Train Loss: 0.0193, Hit Rate: 0.8971 | Val Loss: 0.6722, Hit Rate: 0.0766
Epoch 98/100 | Train Loss: 0.0195, Hit Rate: 0.8919 | Val Loss: 0.6733, Hit Rate: 0.0939
Epoch 99/100 | Train Loss: 0.0198, Hit Rate: 0.8923 | Val Loss: 0.6804, Hit Rate: 0.0784
Epoch 100/100 | Train Loss: 0.0193, Hit Rate: 0.8936 | Val Loss: 0.6859, Hit Rate: 0.0811

Best validation hit rate: 0.0959
