Using device: cuda
Loaded 24900 samples
Input vocab size: 4, Output vocab size: 6
Fold 0: train=19920, val=4980
Model: lstm, params=381,382
Epoch 1/100 | Train Loss: 0.9179, Hit Rate: 0.0000 | Val Loss: 0.7727, Hit Rate: 0.0000
Epoch 2/100 | Train Loss: 0.7245, Hit Rate: 0.0000 | Val Loss: 0.6903, Hit Rate: 0.0000
Epoch 3/100 | Train Loss: 0.6546, Hit Rate: 0.0000 | Val Loss: 0.6254, Hit Rate: 0.0000
Epoch 4/100 | Train Loss: 0.5923, Hit Rate: 0.0003 | Val Loss: 0.5612, Hit Rate: 0.0012
Epoch 5/100 | Train Loss: 0.5325, Hit Rate: 0.0023 | Val Loss: 0.5066, Hit Rate: 0.0038
Epoch 6/100 | Train Loss: 0.4904, Hit Rate: 0.0037 | Val Loss: 0.4729, Hit Rate: 0.0060
Epoch 7/100 | Train Loss: 0.4555, Hit Rate: 0.0096 | Val Loss: 0.4813, Hit Rate: 0.0056
Epoch 8/100 | Train Loss: 0.4290, Hit Rate: 0.0146 | Val Loss: 0.4244, Hit Rate: 0.0167
Epoch 9/100 | Train Loss: 0.4040, Hit Rate: 0.0237 | Val Loss: 0.4039, Hit Rate: 0.0192
Epoch 10/100 | Train Loss: 0.3825, Hit Rate: 0.0304 | Val Loss: 0.3752, Hit Rate: 0.0299
Epoch 11/100 | Train Loss: 0.3634, Hit Rate: 0.0388 | Val Loss: 0.3671, Hit Rate: 0.0364
Epoch 12/100 | Train Loss: 0.3472, Hit Rate: 0.0481 | Val Loss: 0.3567, Hit Rate: 0.0440
Epoch 13/100 | Train Loss: 0.3299, Hit Rate: 0.0617 | Val Loss: 0.3363, Hit Rate: 0.0574
Epoch 14/100 | Train Loss: 0.3162, Hit Rate: 0.0711 | Val Loss: 0.3313, Hit Rate: 0.0585
Epoch 15/100 | Train Loss: 0.3031, Hit Rate: 0.0834 | Val Loss: 0.3109, Hit Rate: 0.0765
Epoch 16/100 | Train Loss: 0.2925, Hit Rate: 0.0951 | Val Loss: 0.3175, Hit Rate: 0.0780
Epoch 17/100 | Train Loss: 0.2803, Hit Rate: 0.1121 | Val Loss: 0.2966, Hit Rate: 0.0979
Epoch 18/100 | Train Loss: 0.2693, Hit Rate: 0.1237 | Val Loss: 0.2952, Hit Rate: 0.0912
Epoch 19/100 | Train Loss: 0.2620, Hit Rate: 0.1343 | Val Loss: 0.2763, Hit Rate: 0.1228
Epoch 20/100 | Train Loss: 0.2509, Hit Rate: 0.1542 | Val Loss: 0.2879, Hit Rate: 0.1206
Epoch 21/100 | Train Loss: 0.2417, Hit Rate: 0.1660 | Val Loss: 0.2773, Hit Rate: 0.1241
Epoch 22/100 | Train Loss: 0.2350, Hit Rate: 0.1763 | Val Loss: 0.2607, Hit Rate: 0.1527
Epoch 23/100 | Train Loss: 0.2268, Hit Rate: 0.1919 | Val Loss: 0.2545, Hit Rate: 0.1669
Epoch 24/100 | Train Loss: 0.2180, Hit Rate: 0.2084 | Val Loss: 0.2512, Hit Rate: 0.1677
Epoch 25/100 | Train Loss: 0.2113, Hit Rate: 0.2176 | Val Loss: 0.2446, Hit Rate: 0.1756
Epoch 26/100 | Train Loss: 0.2047, Hit Rate: 0.2328 | Val Loss: 0.2498, Hit Rate: 0.1836
Epoch 27/100 | Train Loss: 0.1983, Hit Rate: 0.2428 | Val Loss: 0.2420, Hit Rate: 0.1905
Epoch 28/100 | Train Loss: 0.1908, Hit Rate: 0.2609 | Val Loss: 0.2312, Hit Rate: 0.2040
Epoch 29/100 | Train Loss: 0.1849, Hit Rate: 0.2730 | Val Loss: 0.2336, Hit Rate: 0.2100
Epoch 30/100 | Train Loss: 0.1798, Hit Rate: 0.2799 | Val Loss: 0.2292, Hit Rate: 0.2029
Epoch 31/100 | Train Loss: 0.1733, Hit Rate: 0.2995 | Val Loss: 0.2249, Hit Rate: 0.2244
Epoch 32/100 | Train Loss: 0.1695, Hit Rate: 0.3089 | Val Loss: 0.2179, Hit Rate: 0.2371
Epoch 33/100 | Train Loss: 0.1626, Hit Rate: 0.3297 | Val Loss: 0.2166, Hit Rate: 0.2440
Epoch 34/100 | Train Loss: 0.1586, Hit Rate: 0.3399 | Val Loss: 0.2162, Hit Rate: 0.2469
Epoch 35/100 | Train Loss: 0.1527, Hit Rate: 0.3549 | Val Loss: 0.2119, Hit Rate: 0.2486
Epoch 36/100 | Train Loss: 0.1483, Hit Rate: 0.3692 | Val Loss: 0.2073, Hit Rate: 0.2621
Epoch 37/100 | Train Loss: 0.1441, Hit Rate: 0.3798 | Val Loss: 0.2070, Hit Rate: 0.2740
Epoch 38/100 | Train Loss: 0.1382, Hit Rate: 0.4052 | Val Loss: 0.2211, Hit Rate: 0.2446
Epoch 39/100 | Train Loss: 0.1341, Hit Rate: 0.4121 | Val Loss: 0.2084, Hit Rate: 0.2745
Epoch 40/100 | Train Loss: 0.1301, Hit Rate: 0.4224 | Val Loss: 0.2038, Hit Rate: 0.2784
Epoch 41/100 | Train Loss: 0.1279, Hit Rate: 0.4336 | Val Loss: 0.2157, Hit Rate: 0.2624
Epoch 42/100 | Train Loss: 0.1219, Hit Rate: 0.4488 | Val Loss: 0.1995, Hit Rate: 0.2966
Epoch 43/100 | Train Loss: 0.1185, Hit Rate: 0.4562 | Val Loss: 0.2004, Hit Rate: 0.3028
Epoch 44/100 | Train Loss: 0.1146, Hit Rate: 0.4723 | Val Loss: 0.1950, Hit Rate: 0.3095
Epoch 45/100 | Train Loss: 0.1099, Hit Rate: 0.4914 | Val Loss: 0.1944, Hit Rate: 0.3178
Epoch 46/100 | Train Loss: 0.1068, Hit Rate: 0.5015 | Val Loss: 0.1951, Hit Rate: 0.3238
Epoch 47/100 | Train Loss: 0.1045, Hit Rate: 0.5077 | Val Loss: 0.2049, Hit Rate: 0.3026
Epoch 48/100 | Train Loss: 0.1003, Hit Rate: 0.5252 | Val Loss: 0.1948, Hit Rate: 0.3281
Epoch 49/100 | Train Loss: 0.0973, Hit Rate: 0.5373 | Val Loss: 0.1995, Hit Rate: 0.3260
Epoch 50/100 | Train Loss: 0.0947, Hit Rate: 0.5443 | Val Loss: 0.1932, Hit Rate: 0.3245
Epoch 51/100 | Train Loss: 0.0934, Hit Rate: 0.5519 | Val Loss: 0.2180, Hit Rate: 0.2922
Epoch 52/100 | Train Loss: 0.0909, Hit Rate: 0.5584 | Val Loss: 0.1906, Hit Rate: 0.3336
Epoch 53/100 | Train Loss: 0.0858, Hit Rate: 0.5809 | Val Loss: 0.1953, Hit Rate: 0.3398
Epoch 54/100 | Train Loss: 0.0841, Hit Rate: 0.5848 | Val Loss: 0.1942, Hit Rate: 0.3493
Epoch 55/100 | Train Loss: 0.0817, Hit Rate: 0.5965 | Val Loss: 0.1869, Hit Rate: 0.3578
Epoch 56/100 | Train Loss: 0.0785, Hit Rate: 0.6131 | Val Loss: 0.1924, Hit Rate: 0.3572
Epoch 57/100 | Train Loss: 0.0770, Hit Rate: 0.6130 | Val Loss: 0.1944, Hit Rate: 0.3508
Epoch 58/100 | Train Loss: 0.0715, Hit Rate: 0.6390 | Val Loss: 0.2083, Hit Rate: 0.3444
Epoch 59/100 | Train Loss: 0.0722, Hit Rate: 0.6335 | Val Loss: 0.1996, Hit Rate: 0.3577
Epoch 60/100 | Train Loss: 0.0686, Hit Rate: 0.6467 | Val Loss: 0.1936, Hit Rate: 0.3658
Epoch 61/100 | Train Loss: 0.0683, Hit Rate: 0.6519 | Val Loss: 0.1977, Hit Rate: 0.3712
Epoch 62/100 | Train Loss: 0.0653, Hit Rate: 0.6618 | Val Loss: 0.1923, Hit Rate: 0.3775
Epoch 63/100 | Train Loss: 0.0624, Hit Rate: 0.6790 | Val Loss: 0.2020, Hit Rate: 0.3729
Epoch 64/100 | Train Loss: 0.0595, Hit Rate: 0.6919 | Val Loss: 0.1955, Hit Rate: 0.3844
Epoch 65/100 | Train Loss: 0.0614, Hit Rate: 0.6810 | Val Loss: 0.1952, Hit Rate: 0.3871
Epoch 66/100 | Train Loss: 0.0563, Hit Rate: 0.7061 | Val Loss: 0.2050, Hit Rate: 0.3674
Epoch 67/100 | Train Loss: 0.0561, Hit Rate: 0.7046 | Val Loss: 0.1985, Hit Rate: 0.3840
Epoch 68/100 | Train Loss: 0.0525, Hit Rate: 0.7228 | Val Loss: 0.2042, Hit Rate: 0.3668
Epoch 69/100 | Train Loss: 0.0505, Hit Rate: 0.7320 | Val Loss: 0.2064, Hit Rate: 0.3818
Epoch 70/100 | Train Loss: 0.0523, Hit Rate: 0.7219 | Val Loss: 0.2087, Hit Rate: 0.3802
Epoch 71/100 | Train Loss: 0.0505, Hit Rate: 0.7307 | Val Loss: 0.2109, Hit Rate: 0.3847
Epoch 72/100 | Train Loss: 0.0487, Hit Rate: 0.7418 | Val Loss: 0.2187, Hit Rate: 0.3730
Epoch 73/100 | Train Loss: 0.0465, Hit Rate: 0.7508 | Val Loss: 0.2045, Hit Rate: 0.4004
Epoch 74/100 | Train Loss: 0.0464, Hit Rate: 0.7520 | Val Loss: 0.2152, Hit Rate: 0.3879
Epoch 75/100 | Train Loss: 0.0450, Hit Rate: 0.7593 | Val Loss: 0.2028, Hit Rate: 0.4096
Epoch 76/100 | Train Loss: 0.0398, Hit Rate: 0.7918 | Val Loss: 0.2265, Hit Rate: 0.3658
Epoch 77/100 | Train Loss: 0.0406, Hit Rate: 0.7805 | Val Loss: 0.2140, Hit Rate: 0.3989
Epoch 78/100 | Train Loss: 0.0412, Hit Rate: 0.7779 | Val Loss: 0.2129, Hit Rate: 0.3980
Epoch 79/100 | Train Loss: 0.0397, Hit Rate: 0.7846 | Val Loss: 0.2142, Hit Rate: 0.4082
Epoch 80/100 | Train Loss: 0.0346, Hit Rate: 0.8157 | Val Loss: 0.2281, Hit Rate: 0.3757
Epoch 81/100 | Train Loss: 0.0427, Hit Rate: 0.7638 | Val Loss: 0.2152, Hit Rate: 0.4018
Epoch 82/100 | Train Loss: 0.0323, Hit Rate: 0.8305 | Val Loss: 0.2155, Hit Rate: 0.4121
Epoch 83/100 | Train Loss: 0.0339, Hit Rate: 0.8151 | Val Loss: 0.2214, Hit Rate: 0.4060
Epoch 84/100 | Train Loss: 0.0353, Hit Rate: 0.8072 | Val Loss: 0.2272, Hit Rate: 0.4011
Epoch 85/100 | Train Loss: 0.0352, Hit Rate: 0.8071 | Val Loss: 0.2328, Hit Rate: 0.3875
Epoch 86/100 | Train Loss: 0.0324, Hit Rate: 0.8226 | Val Loss: 0.2372, Hit Rate: 0.3813
Epoch 87/100 | Train Loss: 0.0332, Hit Rate: 0.8200 | Val Loss: 0.2287, Hit Rate: 0.4037
Epoch 88/100 | Train Loss: 0.0291, Hit Rate: 0.8446 | Val Loss: 0.2364, Hit Rate: 0.3989
Epoch 89/100 | Train Loss: 0.0292, Hit Rate: 0.8418 | Val Loss: 0.2327, Hit Rate: 0.3949
Epoch 90/100 | Train Loss: 0.0334, Hit Rate: 0.8138 | Val Loss: 0.2466, Hit Rate: 0.3768
Epoch 91/100 | Train Loss: 0.0296, Hit Rate: 0.8375 | Val Loss: 0.2271, Hit Rate: 0.4222
Epoch 92/100 | Train Loss: 0.0235, Hit Rate: 0.8807 | Val Loss: 0.2308, Hit Rate: 0.4137
Epoch 93/100 | Train Loss: 0.0344, Hit Rate: 0.8083 | Val Loss: 0.2512, Hit Rate: 0.3755
Epoch 94/100 | Train Loss: 0.0247, Hit Rate: 0.8672 | Val Loss: 0.2361, Hit Rate: 0.4085
Epoch 95/100 | Train Loss: 0.0197, Hit Rate: 0.9046 | Val Loss: 0.2501, Hit Rate: 0.4000
Epoch 96/100 | Train Loss: 0.0334, Hit Rate: 0.8114 | Val Loss: 0.2496, Hit Rate: 0.3879
Epoch 97/100 | Train Loss: 0.0275, Hit Rate: 0.8500 | Val Loss: 0.2386, Hit Rate: 0.4174
Epoch 98/100 | Train Loss: 0.0202, Hit Rate: 0.8979 | Val Loss: 0.2376, Hit Rate: 0.4267
Epoch 99/100 | Train Loss: 0.0242, Hit Rate: 0.8690 | Val Loss: 0.2493, Hit Rate: 0.4077
Epoch 100/100 | Train Loss: 0.0235, Hit Rate: 0.8724 | Val Loss: 0.2486, Hit Rate: 0.4145

Best validation hit rate: 0.4267
