Using device: cuda
Loaded 24900 samples
Input vocab size: 4, Output vocab size: 6
Fold 1: train=19920, val=4980
Model: lstm, params=381,382
Epoch 1/100 | Train Loss: 0.8965, Hit Rate: 0.0000 | Val Loss: 0.7581, Hit Rate: 0.0000
Epoch 2/100 | Train Loss: 0.6982, Hit Rate: 0.0000 | Val Loss: 0.6681, Hit Rate: 0.0000
Epoch 3/100 | Train Loss: 0.6358, Hit Rate: 0.0002 | Val Loss: 0.5927, Hit Rate: 0.0012
Epoch 4/100 | Train Loss: 0.5617, Hit Rate: 0.0013 | Val Loss: 0.5373, Hit Rate: 0.0031
Epoch 5/100 | Train Loss: 0.5073, Hit Rate: 0.0031 | Val Loss: 0.4891, Hit Rate: 0.0028
Epoch 6/100 | Train Loss: 0.4724, Hit Rate: 0.0047 | Val Loss: 0.4596, Hit Rate: 0.0069
Epoch 7/100 | Train Loss: 0.4446, Hit Rate: 0.0092 | Val Loss: 0.4276, Hit Rate: 0.0110
Epoch 8/100 | Train Loss: 0.4195, Hit Rate: 0.0150 | Val Loss: 0.4214, Hit Rate: 0.0108
Epoch 9/100 | Train Loss: 0.3979, Hit Rate: 0.0198 | Val Loss: 0.4089, Hit Rate: 0.0195
Epoch 10/100 | Train Loss: 0.3792, Hit Rate: 0.0285 | Val Loss: 0.3695, Hit Rate: 0.0357
Epoch 11/100 | Train Loss: 0.3601, Hit Rate: 0.0381 | Val Loss: 0.3665, Hit Rate: 0.0331
Epoch 12/100 | Train Loss: 0.3429, Hit Rate: 0.0468 | Val Loss: 0.3461, Hit Rate: 0.0486
Epoch 13/100 | Train Loss: 0.3275, Hit Rate: 0.0587 | Val Loss: 0.3398, Hit Rate: 0.0544
Epoch 14/100 | Train Loss: 0.3228, Hit Rate: 0.0694 | Val Loss: 0.3179, Hit Rate: 0.0674
Epoch 15/100 | Train Loss: 0.2988, Hit Rate: 0.0816 | Val Loss: 0.3280, Hit Rate: 0.0607
Epoch 16/100 | Train Loss: 0.2862, Hit Rate: 0.0970 | Val Loss: 0.3178, Hit Rate: 0.0776
Epoch 17/100 | Train Loss: 0.2759, Hit Rate: 0.1085 | Val Loss: 0.2822, Hit Rate: 0.1080
Epoch 18/100 | Train Loss: 0.2658, Hit Rate: 0.1234 | Val Loss: 0.2864, Hit Rate: 0.1153
Epoch 19/100 | Train Loss: 0.2534, Hit Rate: 0.1421 | Val Loss: 0.2826, Hit Rate: 0.1160
Epoch 20/100 | Train Loss: 0.2459, Hit Rate: 0.1513 | Val Loss: 0.2733, Hit Rate: 0.1260
Epoch 21/100 | Train Loss: 0.2358, Hit Rate: 0.1640 | Val Loss: 0.2625, Hit Rate: 0.1392
Epoch 22/100 | Train Loss: 0.2258, Hit Rate: 0.1841 | Val Loss: 0.2601, Hit Rate: 0.1570
Epoch 23/100 | Train Loss: 0.2199, Hit Rate: 0.1987 | Val Loss: 0.2521, Hit Rate: 0.1614
Epoch 24/100 | Train Loss: 0.2104, Hit Rate: 0.2128 | Val Loss: 0.2394, Hit Rate: 0.1785
Epoch 25/100 | Train Loss: 0.2028, Hit Rate: 0.2325 | Val Loss: 0.2326, Hit Rate: 0.1889
Epoch 26/100 | Train Loss: 0.1948, Hit Rate: 0.2426 | Val Loss: 0.2339, Hit Rate: 0.1954
Epoch 27/100 | Train Loss: 0.1890, Hit Rate: 0.2617 | Val Loss: 0.2303, Hit Rate: 0.2018
Epoch 28/100 | Train Loss: 0.1821, Hit Rate: 0.2782 | Val Loss: 0.2215, Hit Rate: 0.2215
Epoch 29/100 | Train Loss: 0.1775, Hit Rate: 0.2870 | Val Loss: 0.2196, Hit Rate: 0.2357
Epoch 30/100 | Train Loss: 0.1709, Hit Rate: 0.3022 | Val Loss: 0.2196, Hit Rate: 0.2310
Epoch 31/100 | Train Loss: 0.1645, Hit Rate: 0.3198 | Val Loss: 0.2080, Hit Rate: 0.2574
Epoch 32/100 | Train Loss: 0.1587, Hit Rate: 0.3360 | Val Loss: 0.2138, Hit Rate: 0.2480
Epoch 33/100 | Train Loss: 0.1543, Hit Rate: 0.3486 | Val Loss: 0.2067, Hit Rate: 0.2646
Epoch 34/100 | Train Loss: 0.1479, Hit Rate: 0.3654 | Val Loss: 0.2164, Hit Rate: 0.2451
Epoch 35/100 | Train Loss: 0.1439, Hit Rate: 0.3780 | Val Loss: 0.2009, Hit Rate: 0.2796
Epoch 36/100 | Train Loss: 0.1400, Hit Rate: 0.3893 | Val Loss: 0.1965, Hit Rate: 0.2995
Epoch 37/100 | Train Loss: 0.1348, Hit Rate: 0.4022 | Val Loss: 0.1956, Hit Rate: 0.2902
Epoch 38/100 | Train Loss: 0.1297, Hit Rate: 0.4149 | Val Loss: 0.2000, Hit Rate: 0.2838
Epoch 39/100 | Train Loss: 0.1266, Hit Rate: 0.4311 | Val Loss: 0.1915, Hit Rate: 0.3035
Epoch 40/100 | Train Loss: 0.1214, Hit Rate: 0.4412 | Val Loss: 0.2087, Hit Rate: 0.2750
Epoch 41/100 | Train Loss: 0.1171, Hit Rate: 0.4582 | Val Loss: 0.1913, Hit Rate: 0.2987
Epoch 42/100 | Train Loss: 0.1137, Hit Rate: 0.4724 | Val Loss: 0.1849, Hit Rate: 0.3282
Epoch 43/100 | Train Loss: 0.1093, Hit Rate: 0.4860 | Val Loss: 0.1878, Hit Rate: 0.3218
Epoch 44/100 | Train Loss: 0.1076, Hit Rate: 0.4906 | Val Loss: 0.2026, Hit Rate: 0.2920
Epoch 45/100 | Train Loss: 0.1018, Hit Rate: 0.5103 | Val Loss: 0.1892, Hit Rate: 0.3335
Epoch 46/100 | Train Loss: 0.0988, Hit Rate: 0.5213 | Val Loss: 0.1887, Hit Rate: 0.3287
Epoch 47/100 | Train Loss: 0.0971, Hit Rate: 0.5294 | Val Loss: 0.1881, Hit Rate: 0.3386
Epoch 48/100 | Train Loss: 0.0931, Hit Rate: 0.5428 | Val Loss: 0.1841, Hit Rate: 0.3419
Epoch 49/100 | Train Loss: 0.0883, Hit Rate: 0.5638 | Val Loss: 0.1864, Hit Rate: 0.3499
Epoch 50/100 | Train Loss: 0.0871, Hit Rate: 0.5695 | Val Loss: 0.1951, Hit Rate: 0.3387
Epoch 51/100 | Train Loss: 0.0859, Hit Rate: 0.5730 | Val Loss: 0.1869, Hit Rate: 0.3546
Epoch 52/100 | Train Loss: 0.0769, Hit Rate: 0.6120 | Val Loss: 0.1826, Hit Rate: 0.3680
Epoch 53/100 | Train Loss: 0.0786, Hit Rate: 0.6005 | Val Loss: 0.1911, Hit Rate: 0.3570
Epoch 54/100 | Train Loss: 0.0745, Hit Rate: 0.6191 | Val Loss: 0.1908, Hit Rate: 0.3583
Epoch 55/100 | Train Loss: 0.0724, Hit Rate: 0.6315 | Val Loss: 0.1895, Hit Rate: 0.3622
Epoch 56/100 | Train Loss: 0.0692, Hit Rate: 0.6400 | Val Loss: 0.1926, Hit Rate: 0.3566
Epoch 57/100 | Train Loss: 0.0662, Hit Rate: 0.6576 | Val Loss: 0.1880, Hit Rate: 0.3691
Epoch 58/100 | Train Loss: 0.0660, Hit Rate: 0.6571 | Val Loss: 0.1947, Hit Rate: 0.3550
Epoch 59/100 | Train Loss: 0.0660, Hit Rate: 0.6588 | Val Loss: 0.1890, Hit Rate: 0.3834
Epoch 60/100 | Train Loss: 0.0600, Hit Rate: 0.6892 | Val Loss: 0.1973, Hit Rate: 0.3617
Epoch 61/100 | Train Loss: 0.0585, Hit Rate: 0.6938 | Val Loss: 0.1958, Hit Rate: 0.3707
Epoch 62/100 | Train Loss: 0.0586, Hit Rate: 0.6886 | Val Loss: 0.1917, Hit Rate: 0.3870
Epoch 63/100 | Train Loss: 0.0552, Hit Rate: 0.7093 | Val Loss: 0.1945, Hit Rate: 0.3875
Epoch 64/100 | Train Loss: 0.0521, Hit Rate: 0.7257 | Val Loss: 0.1940, Hit Rate: 0.3914
Epoch 65/100 | Train Loss: 0.0507, Hit Rate: 0.7304 | Val Loss: 0.2003, Hit Rate: 0.3919
Epoch 66/100 | Train Loss: 0.0491, Hit Rate: 0.7363 | Val Loss: 0.1989, Hit Rate: 0.3934
Epoch 67/100 | Train Loss: 0.0500, Hit Rate: 0.7321 | Val Loss: 0.2050, Hit Rate: 0.3699
Epoch 68/100 | Train Loss: 0.0464, Hit Rate: 0.7478 | Val Loss: 0.2031, Hit Rate: 0.3849
Epoch 69/100 | Train Loss: 0.0446, Hit Rate: 0.7588 | Val Loss: 0.2090, Hit Rate: 0.3741
Epoch 70/100 | Train Loss: 0.0451, Hit Rate: 0.7566 | Val Loss: 0.2042, Hit Rate: 0.4037
Epoch 71/100 | Train Loss: 0.0409, Hit Rate: 0.7797 | Val Loss: 0.2136, Hit Rate: 0.3825
Epoch 72/100 | Train Loss: 0.0400, Hit Rate: 0.7837 | Val Loss: 0.2114, Hit Rate: 0.3866
Epoch 73/100 | Train Loss: 0.0426, Hit Rate: 0.7662 | Val Loss: 0.2071, Hit Rate: 0.3980
Epoch 74/100 | Train Loss: 0.0402, Hit Rate: 0.7820 | Val Loss: 0.2147, Hit Rate: 0.3803
Epoch 75/100 | Train Loss: 0.0387, Hit Rate: 0.7861 | Val Loss: 0.2080, Hit Rate: 0.4015
Epoch 76/100 | Train Loss: 0.0369, Hit Rate: 0.7971 | Val Loss: 0.2082, Hit Rate: 0.4094
Epoch 77/100 | Train Loss: 0.0348, Hit Rate: 0.8146 | Val Loss: 0.2102, Hit Rate: 0.4140
Epoch 78/100 | Train Loss: 0.0349, Hit Rate: 0.8086 | Val Loss: 0.2152, Hit Rate: 0.4073
Epoch 79/100 | Train Loss: 0.0315, Hit Rate: 0.8324 | Val Loss: 0.2290, Hit Rate: 0.3824
Epoch 80/100 | Train Loss: 0.0362, Hit Rate: 0.7998 | Val Loss: 0.2304, Hit Rate: 0.3882
Epoch 81/100 | Train Loss: 0.0319, Hit Rate: 0.8224 | Val Loss: 0.2199, Hit Rate: 0.4118
Epoch 82/100 | Train Loss: 0.0283, Hit Rate: 0.8500 | Val Loss: 0.2220, Hit Rate: 0.4082
Epoch 83/100 | Train Loss: 0.0305, Hit Rate: 0.8321 | Val Loss: 0.2201, Hit Rate: 0.4160
Epoch 84/100 | Train Loss: 0.0314, Hit Rate: 0.8234 | Val Loss: 0.2261, Hit Rate: 0.4026
Epoch 85/100 | Train Loss: 0.0294, Hit Rate: 0.8387 | Val Loss: 0.2268, Hit Rate: 0.3952
Epoch 86/100 | Train Loss: 0.0286, Hit Rate: 0.8433 | Val Loss: 0.2270, Hit Rate: 0.4072
Epoch 87/100 | Train Loss: 0.0265, Hit Rate: 0.8560 | Val Loss: 0.2323, Hit Rate: 0.3868
Epoch 88/100 | Train Loss: 0.0265, Hit Rate: 0.8571 | Val Loss: 0.2257, Hit Rate: 0.4291
Epoch 89/100 | Train Loss: 0.0243, Hit Rate: 0.8718 | Val Loss: 0.2381, Hit Rate: 0.4061
Epoch 90/100 | Train Loss: 0.0303, Hit Rate: 0.8305 | Val Loss: 0.2393, Hit Rate: 0.4012
Epoch 91/100 | Train Loss: 0.0271, Hit Rate: 0.8508 | Val Loss: 0.2227, Hit Rate: 0.4353
Epoch 92/100 | Train Loss: 0.0190, Hit Rate: 0.9054 | Val Loss: 0.2217, Hit Rate: 0.4393
Epoch 93/100 | Train Loss: 0.0170, Hit Rate: 0.9186 | Val Loss: 0.2413, Hit Rate: 0.4075
Epoch 94/100 | Train Loss: 0.0337, Hit Rate: 0.8098 | Val Loss: 0.2521, Hit Rate: 0.3832
Epoch 95/100 | Train Loss: 0.0301, Hit Rate: 0.8289 | Val Loss: 0.2316, Hit Rate: 0.4233
Epoch 96/100 | Train Loss: 0.0211, Hit Rate: 0.8865 | Val Loss: 0.2315, Hit Rate: 0.4312
Epoch 97/100 | Train Loss: 0.0133, Hit Rate: 0.9434 | Val Loss: 0.2320, Hit Rate: 0.4427
Epoch 98/100 | Train Loss: 0.0222, Hit Rate: 0.8802 | Val Loss: 0.2474, Hit Rate: 0.4084
Epoch 99/100 | Train Loss: 0.0239, Hit Rate: 0.8661 | Val Loss: 0.2729, Hit Rate: 0.3815
Epoch 100/100 | Train Loss: 0.0263, Hit Rate: 0.8482 | Val Loss: 0.2435, Hit Rate: 0.4247

Best validation hit rate: 0.4427
