Using device: cuda
Loaded 24900 samples
Input vocab size: 4, Output vocab size: 6
Fold 3: train=19920, val=4980
Model: lstm, params=381,382
Epoch 1/100 | Train Loss: 0.9062, Hit Rate: 0.0000 | Val Loss: 0.7463, Hit Rate: 0.0000
Epoch 2/100 | Train Loss: 0.6998, Hit Rate: 0.0000 | Val Loss: 0.6783, Hit Rate: 0.0000
Epoch 3/100 | Train Loss: 0.6358, Hit Rate: 0.0002 | Val Loss: 0.6244, Hit Rate: 0.0000
Epoch 4/100 | Train Loss: 0.5716, Hit Rate: 0.0008 | Val Loss: 0.5661, Hit Rate: 0.0008
Epoch 5/100 | Train Loss: 0.5211, Hit Rate: 0.0017 | Val Loss: 0.5247, Hit Rate: 0.0010
Epoch 6/100 | Train Loss: 0.4817, Hit Rate: 0.0051 | Val Loss: 0.5328, Hit Rate: 0.0016
Epoch 7/100 | Train Loss: 0.4545, Hit Rate: 0.0087 | Val Loss: 0.4835, Hit Rate: 0.0049
Epoch 8/100 | Train Loss: 0.4307, Hit Rate: 0.0133 | Val Loss: 0.4611, Hit Rate: 0.0134
Epoch 9/100 | Train Loss: 0.4096, Hit Rate: 0.0179 | Val Loss: 0.4489, Hit Rate: 0.0082
Epoch 10/100 | Train Loss: 0.3973, Hit Rate: 0.0257 | Val Loss: 0.4269, Hit Rate: 0.0142
Epoch 11/100 | Train Loss: 0.3752, Hit Rate: 0.0343 | Val Loss: 0.4209, Hit Rate: 0.0221
Epoch 12/100 | Train Loss: 0.3575, Hit Rate: 0.0423 | Val Loss: 0.4088, Hit Rate: 0.0198
Epoch 13/100 | Train Loss: 0.3472, Hit Rate: 0.0509 | Val Loss: 0.4092, Hit Rate: 0.0146
Epoch 14/100 | Train Loss: 0.3316, Hit Rate: 0.0608 | Val Loss: 0.3951, Hit Rate: 0.0244
Epoch 15/100 | Train Loss: 0.3183, Hit Rate: 0.0721 | Val Loss: 0.3866, Hit Rate: 0.0335
Epoch 16/100 | Train Loss: 0.3050, Hit Rate: 0.0877 | Val Loss: 0.3837, Hit Rate: 0.0296
Epoch 17/100 | Train Loss: 0.2940, Hit Rate: 0.0993 | Val Loss: 0.3788, Hit Rate: 0.0351
Epoch 18/100 | Train Loss: 0.2836, Hit Rate: 0.1117 | Val Loss: 0.3716, Hit Rate: 0.0439
Epoch 19/100 | Train Loss: 0.2740, Hit Rate: 0.1243 | Val Loss: 0.3756, Hit Rate: 0.0379
Epoch 20/100 | Train Loss: 0.2671, Hit Rate: 0.1337 | Val Loss: 0.3763, Hit Rate: 0.0425
Epoch 21/100 | Train Loss: 0.2563, Hit Rate: 0.1483 | Val Loss: 0.3628, Hit Rate: 0.0443
Epoch 22/100 | Train Loss: 0.2462, Hit Rate: 0.1623 | Val Loss: 0.3610, Hit Rate: 0.0537
Epoch 23/100 | Train Loss: 0.2386, Hit Rate: 0.1780 | Val Loss: 0.3520, Hit Rate: 0.0459
Epoch 24/100 | Train Loss: 0.2296, Hit Rate: 0.1969 | Val Loss: 0.3524, Hit Rate: 0.0509
Epoch 25/100 | Train Loss: 0.2257, Hit Rate: 0.1989 | Val Loss: 0.3495, Hit Rate: 0.0521
Epoch 26/100 | Train Loss: 0.2156, Hit Rate: 0.2203 | Val Loss: 0.3545, Hit Rate: 0.0563
Epoch 27/100 | Train Loss: 0.2082, Hit Rate: 0.2365 | Val Loss: 0.3479, Hit Rate: 0.0611
Epoch 28/100 | Train Loss: 0.2017, Hit Rate: 0.2506 | Val Loss: 0.3602, Hit Rate: 0.0589
Epoch 29/100 | Train Loss: 0.1955, Hit Rate: 0.2623 | Val Loss: 0.3472, Hit Rate: 0.0661
Epoch 30/100 | Train Loss: 0.1905, Hit Rate: 0.2745 | Val Loss: 0.3512, Hit Rate: 0.0617
Epoch 31/100 | Train Loss: 0.1829, Hit Rate: 0.2909 | Val Loss: 0.3438, Hit Rate: 0.0672
Epoch 32/100 | Train Loss: 0.1783, Hit Rate: 0.3031 | Val Loss: 0.3588, Hit Rate: 0.0674
Epoch 33/100 | Train Loss: 0.1724, Hit Rate: 0.3153 | Val Loss: 0.3489, Hit Rate: 0.0649
Epoch 34/100 | Train Loss: 0.1689, Hit Rate: 0.3221 | Val Loss: 0.3517, Hit Rate: 0.0709
Epoch 35/100 | Train Loss: 0.1624, Hit Rate: 0.3405 | Val Loss: 0.3448, Hit Rate: 0.0748
Epoch 36/100 | Train Loss: 0.1583, Hit Rate: 0.3491 | Val Loss: 0.3483, Hit Rate: 0.0770
Epoch 37/100 | Train Loss: 0.1523, Hit Rate: 0.3673 | Val Loss: 0.3527, Hit Rate: 0.0774
Epoch 38/100 | Train Loss: 0.1479, Hit Rate: 0.3828 | Val Loss: 0.3615, Hit Rate: 0.0728
Epoch 39/100 | Train Loss: 0.1427, Hit Rate: 0.3944 | Val Loss: 0.3587, Hit Rate: 0.0735
Epoch 40/100 | Train Loss: 0.1392, Hit Rate: 0.4030 | Val Loss: 0.3633, Hit Rate: 0.0722
Epoch 41/100 | Train Loss: 0.1359, Hit Rate: 0.4118 | Val Loss: 0.3543, Hit Rate: 0.0787
Epoch 42/100 | Train Loss: 0.1310, Hit Rate: 0.4298 | Val Loss: 0.3674, Hit Rate: 0.0669
Epoch 43/100 | Train Loss: 0.1289, Hit Rate: 0.4319 | Val Loss: 0.3661, Hit Rate: 0.0721
Epoch 44/100 | Train Loss: 0.1230, Hit Rate: 0.4521 | Val Loss: 0.3786, Hit Rate: 0.0766
Epoch 45/100 | Train Loss: 0.1194, Hit Rate: 0.4653 | Val Loss: 0.3670, Hit Rate: 0.0807
Epoch 46/100 | Train Loss: 0.1161, Hit Rate: 0.4748 | Val Loss: 0.3689, Hit Rate: 0.0808
Epoch 47/100 | Train Loss: 0.1113, Hit Rate: 0.4907 | Val Loss: 0.3909, Hit Rate: 0.0758
Epoch 48/100 | Train Loss: 0.1088, Hit Rate: 0.4993 | Val Loss: 0.3763, Hit Rate: 0.0827
Epoch 49/100 | Train Loss: 0.1076, Hit Rate: 0.5034 | Val Loss: 0.3801, Hit Rate: 0.0836
Epoch 50/100 | Train Loss: 0.1019, Hit Rate: 0.5263 | Val Loss: 0.3750, Hit Rate: 0.0838
Epoch 51/100 | Train Loss: 0.0988, Hit Rate: 0.5336 | Val Loss: 0.3812, Hit Rate: 0.0860
Epoch 52/100 | Train Loss: 0.0966, Hit Rate: 0.5423 | Val Loss: 0.4008, Hit Rate: 0.0762
Epoch 53/100 | Train Loss: 0.0942, Hit Rate: 0.5485 | Val Loss: 0.3985, Hit Rate: 0.0781
Epoch 54/100 | Train Loss: 0.0915, Hit Rate: 0.5606 | Val Loss: 0.3943, Hit Rate: 0.0819
Epoch 55/100 | Train Loss: 0.0890, Hit Rate: 0.5679 | Val Loss: 0.4060, Hit Rate: 0.0721
Epoch 56/100 | Train Loss: 0.0863, Hit Rate: 0.5796 | Val Loss: 0.4032, Hit Rate: 0.0886
Epoch 57/100 | Train Loss: 0.0830, Hit Rate: 0.5923 | Val Loss: 0.4105, Hit Rate: 0.0868
Epoch 58/100 | Train Loss: 0.0794, Hit Rate: 0.6132 | Val Loss: 0.4121, Hit Rate: 0.0866
Epoch 59/100 | Train Loss: 0.0777, Hit Rate: 0.6128 | Val Loss: 0.4263, Hit Rate: 0.0802
Epoch 60/100 | Train Loss: 0.0776, Hit Rate: 0.6101 | Val Loss: 0.4264, Hit Rate: 0.0754
Epoch 61/100 | Train Loss: 0.0756, Hit Rate: 0.6210 | Val Loss: 0.4124, Hit Rate: 0.0958
Epoch 62/100 | Train Loss: 0.0698, Hit Rate: 0.6461 | Val Loss: 0.4301, Hit Rate: 0.0850
Epoch 63/100 | Train Loss: 0.0690, Hit Rate: 0.6463 | Val Loss: 0.4497, Hit Rate: 0.0782
Epoch 64/100 | Train Loss: 0.0691, Hit Rate: 0.6441 | Val Loss: 0.4433, Hit Rate: 0.0842
Epoch 65/100 | Train Loss: 0.0639, Hit Rate: 0.6708 | Val Loss: 0.4411, Hit Rate: 0.0867
Epoch 66/100 | Train Loss: 0.0647, Hit Rate: 0.6699 | Val Loss: 0.4472, Hit Rate: 0.0886
Epoch 67/100 | Train Loss: 0.0613, Hit Rate: 0.6878 | Val Loss: 0.4607, Hit Rate: 0.0853
Epoch 68/100 | Train Loss: 0.0599, Hit Rate: 0.6848 | Val Loss: 0.4566, Hit Rate: 0.0890
Epoch 69/100 | Train Loss: 0.0587, Hit Rate: 0.6942 | Val Loss: 0.4651, Hit Rate: 0.0826
Epoch 70/100 | Train Loss: 0.0557, Hit Rate: 0.7081 | Val Loss: 0.4614, Hit Rate: 0.0947
Epoch 71/100 | Train Loss: 0.0542, Hit Rate: 0.7149 | Val Loss: 0.4763, Hit Rate: 0.0910
Epoch 72/100 | Train Loss: 0.0552, Hit Rate: 0.7007 | Val Loss: 0.4776, Hit Rate: 0.0868
Epoch 73/100 | Train Loss: 0.0509, Hit Rate: 0.7342 | Val Loss: 0.4746, Hit Rate: 0.0936
Epoch 74/100 | Train Loss: 0.0512, Hit Rate: 0.7261 | Val Loss: 0.5027, Hit Rate: 0.0886
Epoch 75/100 | Train Loss: 0.0491, Hit Rate: 0.7390 | Val Loss: 0.5128, Hit Rate: 0.0783
Epoch 76/100 | Train Loss: 0.0468, Hit Rate: 0.7519 | Val Loss: 0.4925, Hit Rate: 0.0919
Epoch 77/100 | Train Loss: 0.0444, Hit Rate: 0.7590 | Val Loss: 0.5117, Hit Rate: 0.0846
Epoch 78/100 | Train Loss: 0.0447, Hit Rate: 0.7597 | Val Loss: 0.5048, Hit Rate: 0.0808
Epoch 79/100 | Train Loss: 0.0463, Hit Rate: 0.7556 | Val Loss: 0.5093, Hit Rate: 0.0897
Epoch 80/100 | Train Loss: 0.0427, Hit Rate: 0.7669 | Val Loss: 0.5152, Hit Rate: 0.0833
Epoch 81/100 | Train Loss: 0.0431, Hit Rate: 0.7668 | Val Loss: 0.5188, Hit Rate: 0.0931
Epoch 82/100 | Train Loss: 0.0393, Hit Rate: 0.7932 | Val Loss: 0.5188, Hit Rate: 0.0978
Epoch 83/100 | Train Loss: 0.0390, Hit Rate: 0.7870 | Val Loss: 0.5469, Hit Rate: 0.0788
Epoch 84/100 | Train Loss: 0.0386, Hit Rate: 0.7897 | Val Loss: 0.5436, Hit Rate: 0.0924
Epoch 85/100 | Train Loss: 0.0380, Hit Rate: 0.7888 | Val Loss: 0.5575, Hit Rate: 0.0884
Epoch 86/100 | Train Loss: 0.0331, Hit Rate: 0.8216 | Val Loss: 0.5528, Hit Rate: 0.0880
Epoch 87/100 | Train Loss: 0.0363, Hit Rate: 0.8024 | Val Loss: 0.5605, Hit Rate: 0.0823
Epoch 88/100 | Train Loss: 0.0347, Hit Rate: 0.8097 | Val Loss: 0.5628, Hit Rate: 0.0834
Epoch 89/100 | Train Loss: 0.0367, Hit Rate: 0.7951 | Val Loss: 0.5566, Hit Rate: 0.0894
Epoch 90/100 | Train Loss: 0.0319, Hit Rate: 0.8289 | Val Loss: 0.5683, Hit Rate: 0.0940
Epoch 91/100 | Train Loss: 0.0330, Hit Rate: 0.8182 | Val Loss: 0.5933, Hit Rate: 0.0868
Epoch 92/100 | Train Loss: 0.0348, Hit Rate: 0.8099 | Val Loss: 0.5678, Hit Rate: 0.0932
Epoch 93/100 | Train Loss: 0.0294, Hit Rate: 0.8464 | Val Loss: 0.5823, Hit Rate: 0.0812
Epoch 94/100 | Train Loss: 0.0296, Hit Rate: 0.8357 | Val Loss: 0.5786, Hit Rate: 0.0887
Epoch 95/100 | Train Loss: 0.0288, Hit Rate: 0.8387 | Val Loss: 0.5818, Hit Rate: 0.0873
Epoch 96/100 | Train Loss: 0.0273, Hit Rate: 0.8498 | Val Loss: 0.6094, Hit Rate: 0.0911
Epoch 97/100 | Train Loss: 0.0269, Hit Rate: 0.8521 | Val Loss: 0.5967, Hit Rate: 0.0930
Epoch 98/100 | Train Loss: 0.0270, Hit Rate: 0.8514 | Val Loss: 0.6137, Hit Rate: 0.0849
Epoch 99/100 | Train Loss: 0.0297, Hit Rate: 0.8330 | Val Loss: 0.6083, Hit Rate: 0.0936
Epoch 100/100 | Train Loss: 0.0290, Hit Rate: 0.8366 | Val Loss: 0.5986, Hit Rate: 0.0942

Best validation hit rate: 0.0978
