Using device: cuda
Loaded 24900 samples
Input vocab size: 4, Output vocab size: 6
Fold 3: train=19920, val=4980
Model: lstm, params=398,150
  cross_attn=enabled
Epoch 1/100 | Train Loss: 0.9312, Hit Rate: 0.0000 | Val Loss: 0.7675, Hit Rate: 0.0000
Epoch 2/100 | Train Loss: 0.6733, Hit Rate: 0.0008 | Val Loss: 0.5987, Hit Rate: 0.0014
Epoch 3/100 | Train Loss: 0.5557, Hit Rate: 0.0031 | Val Loss: 0.5210, Hit Rate: 0.0051
Epoch 4/100 | Train Loss: 0.4938, Hit Rate: 0.0076 | Val Loss: 0.4720, Hit Rate: 0.0086
Epoch 5/100 | Train Loss: 0.4444, Hit Rate: 0.0172 | Val Loss: 0.4271, Hit Rate: 0.0217
Epoch 6/100 | Train Loss: 0.4054, Hit Rate: 0.0320 | Val Loss: 0.4059, Hit Rate: 0.0298
Epoch 7/100 | Train Loss: 0.3751, Hit Rate: 0.0480 | Val Loss: 0.3626, Hit Rate: 0.0601
Epoch 8/100 | Train Loss: 0.3470, Hit Rate: 0.0652 | Val Loss: 0.3494, Hit Rate: 0.0719
Epoch 9/100 | Train Loss: 0.3201, Hit Rate: 0.0923 | Val Loss: 0.3269, Hit Rate: 0.0966
Epoch 10/100 | Train Loss: 0.2986, Hit Rate: 0.1171 | Val Loss: 0.3200, Hit Rate: 0.0925
Epoch 11/100 | Train Loss: 0.2807, Hit Rate: 0.1361 | Val Loss: 0.2925, Hit Rate: 0.1317
Epoch 12/100 | Train Loss: 0.2630, Hit Rate: 0.1592 | Val Loss: 0.2786, Hit Rate: 0.1547
Epoch 13/100 | Train Loss: 0.2473, Hit Rate: 0.1852 | Val Loss: 0.2760, Hit Rate: 0.1667
Epoch 14/100 | Train Loss: 0.2319, Hit Rate: 0.2118 | Val Loss: 0.2581, Hit Rate: 0.1947
Epoch 15/100 | Train Loss: 0.2180, Hit Rate: 0.2366 | Val Loss: 0.2508, Hit Rate: 0.1951
Epoch 16/100 | Train Loss: 0.2069, Hit Rate: 0.2545 | Val Loss: 0.2505, Hit Rate: 0.2101
Epoch 17/100 | Train Loss: 0.1954, Hit Rate: 0.2804 | Val Loss: 0.2344, Hit Rate: 0.2384
Epoch 18/100 | Train Loss: 0.1854, Hit Rate: 0.3048 | Val Loss: 0.2308, Hit Rate: 0.2427
Epoch 19/100 | Train Loss: 0.1759, Hit Rate: 0.3233 | Val Loss: 0.2207, Hit Rate: 0.2518
Epoch 20/100 | Train Loss: 0.1664, Hit Rate: 0.3471 | Val Loss: 0.2249, Hit Rate: 0.2551
Epoch 21/100 | Train Loss: 0.1585, Hit Rate: 0.3626 | Val Loss: 0.2276, Hit Rate: 0.2630
Epoch 22/100 | Train Loss: 0.1501, Hit Rate: 0.3841 | Val Loss: 0.2165, Hit Rate: 0.2820
Epoch 23/100 | Train Loss: 0.1421, Hit Rate: 0.4134 | Val Loss: 0.2078, Hit Rate: 0.2936
Epoch 24/100 | Train Loss: 0.1345, Hit Rate: 0.4273 | Val Loss: 0.2071, Hit Rate: 0.3054
Epoch 25/100 | Train Loss: 0.1284, Hit Rate: 0.4472 | Val Loss: 0.2066, Hit Rate: 0.3042
Epoch 26/100 | Train Loss: 0.1215, Hit Rate: 0.4702 | Val Loss: 0.2077, Hit Rate: 0.3076
Epoch 27/100 | Train Loss: 0.1174, Hit Rate: 0.4801 | Val Loss: 0.1985, Hit Rate: 0.3200
Epoch 28/100 | Train Loss: 0.1111, Hit Rate: 0.4978 | Val Loss: 0.2042, Hit Rate: 0.3098
Epoch 29/100 | Train Loss: 0.1045, Hit Rate: 0.5261 | Val Loss: 0.1929, Hit Rate: 0.3437
Epoch 30/100 | Train Loss: 0.0996, Hit Rate: 0.5370 | Val Loss: 0.1940, Hit Rate: 0.3561
Epoch 31/100 | Train Loss: 0.0968, Hit Rate: 0.5468 | Val Loss: 0.1931, Hit Rate: 0.3550
Epoch 32/100 | Train Loss: 0.0910, Hit Rate: 0.5723 | Val Loss: 0.1962, Hit Rate: 0.3571
Epoch 33/100 | Train Loss: 0.0877, Hit Rate: 0.5787 | Val Loss: 0.1865, Hit Rate: 0.3817
Epoch 34/100 | Train Loss: 0.0838, Hit Rate: 0.5916 | Val Loss: 0.1856, Hit Rate: 0.3823
Epoch 35/100 | Train Loss: 0.0785, Hit Rate: 0.6173 | Val Loss: 0.1921, Hit Rate: 0.3801
Epoch 36/100 | Train Loss: 0.0753, Hit Rate: 0.6233 | Val Loss: 0.1933, Hit Rate: 0.3813
Epoch 37/100 | Train Loss: 0.0727, Hit Rate: 0.6362 | Val Loss: 0.1906, Hit Rate: 0.3962
Epoch 38/100 | Train Loss: 0.0692, Hit Rate: 0.6532 | Val Loss: 0.1950, Hit Rate: 0.3849
Epoch 39/100 | Train Loss: 0.0665, Hit Rate: 0.6644 | Val Loss: 0.2076, Hit Rate: 0.3648
Epoch 40/100 | Train Loss: 0.0622, Hit Rate: 0.6805 | Val Loss: 0.2027, Hit Rate: 0.3804
Epoch 41/100 | Train Loss: 0.0604, Hit Rate: 0.6863 | Val Loss: 0.1919, Hit Rate: 0.4055
Epoch 42/100 | Train Loss: 0.0560, Hit Rate: 0.7128 | Val Loss: 0.1957, Hit Rate: 0.4051
Epoch 43/100 | Train Loss: 0.0566, Hit Rate: 0.7071 | Val Loss: 0.2049, Hit Rate: 0.3959
Epoch 44/100 | Train Loss: 0.0519, Hit Rate: 0.7276 | Val Loss: 0.1981, Hit Rate: 0.4095
Epoch 45/100 | Train Loss: 0.0502, Hit Rate: 0.7373 | Val Loss: 0.1983, Hit Rate: 0.4066
Epoch 46/100 | Train Loss: 0.0531, Hit Rate: 0.7195 | Val Loss: 0.1976, Hit Rate: 0.4189
Epoch 47/100 | Train Loss: 0.0465, Hit Rate: 0.7515 | Val Loss: 0.1993, Hit Rate: 0.4173
Epoch 48/100 | Train Loss: 0.0403, Hit Rate: 0.7899 | Val Loss: 0.1976, Hit Rate: 0.4213
Epoch 49/100 | Train Loss: 0.0442, Hit Rate: 0.7596 | Val Loss: 0.2072, Hit Rate: 0.4130
Epoch 50/100 | Train Loss: 0.0523, Hit Rate: 0.7274 | Val Loss: 0.1965, Hit Rate: 0.4424
Epoch 51/100 | Train Loss: 0.0351, Hit Rate: 0.8148 | Val Loss: 0.2030, Hit Rate: 0.4396
Epoch 52/100 | Train Loss: 0.0352, Hit Rate: 0.8121 | Val Loss: 0.1994, Hit Rate: 0.4450
Epoch 53/100 | Train Loss: 0.0401, Hit Rate: 0.7800 | Val Loss: 0.2063, Hit Rate: 0.4310
Epoch 54/100 | Train Loss: 0.0376, Hit Rate: 0.7914 | Val Loss: 0.2117, Hit Rate: 0.4368
Epoch 55/100 | Train Loss: 0.0352, Hit Rate: 0.8082 | Val Loss: 0.2065, Hit Rate: 0.4395
Epoch 56/100 | Train Loss: 0.0333, Hit Rate: 0.8171 | Val Loss: 0.2111, Hit Rate: 0.4384
Epoch 57/100 | Train Loss: 0.0315, Hit Rate: 0.8275 | Val Loss: 0.2161, Hit Rate: 0.4287
Epoch 58/100 | Train Loss: 0.0345, Hit Rate: 0.8067 | Val Loss: 0.2144, Hit Rate: 0.4395
Epoch 59/100 | Train Loss: 0.0316, Hit Rate: 0.8268 | Val Loss: 0.2145, Hit Rate: 0.4332
Epoch 60/100 | Train Loss: 0.0304, Hit Rate: 0.8319 | Val Loss: 0.2161, Hit Rate: 0.4368
Epoch 61/100 | Train Loss: 0.0302, Hit Rate: 0.8307 | Val Loss: 0.2154, Hit Rate: 0.4378
Epoch 62/100 | Train Loss: 0.0296, Hit Rate: 0.8322 | Val Loss: 0.2149, Hit Rate: 0.4454
Epoch 63/100 | Train Loss: 0.0267, Hit Rate: 0.8520 | Val Loss: 0.2205, Hit Rate: 0.4421
Epoch 64/100 | Train Loss: 0.0229, Hit Rate: 0.8767 | Val Loss: 0.2310, Hit Rate: 0.4305
Epoch 65/100 | Train Loss: 0.0278, Hit Rate: 0.8423 | Val Loss: 0.2201, Hit Rate: 0.4430
Epoch 66/100 | Train Loss: 0.0296, Hit Rate: 0.8331 | Val Loss: 0.2400, Hit Rate: 0.4104
Epoch 67/100 | Train Loss: 0.0319, Hit Rate: 0.8197 | Val Loss: 0.2187, Hit Rate: 0.4508
Epoch 68/100 | Train Loss: 0.0200, Hit Rate: 0.8944 | Val Loss: 0.2219, Hit Rate: 0.4500
Epoch 69/100 | Train Loss: 0.0216, Hit Rate: 0.8816 | Val Loss: 0.2250, Hit Rate: 0.4542
Epoch 70/100 | Train Loss: 0.0315, Hit Rate: 0.8185 | Val Loss: 0.2235, Hit Rate: 0.4533
Epoch 71/100 | Train Loss: 0.0199, Hit Rate: 0.8924 | Val Loss: 0.2253, Hit Rate: 0.4528
Epoch 72/100 | Train Loss: 0.0173, Hit Rate: 0.9084 | Val Loss: 0.2243, Hit Rate: 0.4639
Epoch 73/100 | Train Loss: 0.0269, Hit Rate: 0.8460 | Val Loss: 0.2304, Hit Rate: 0.4505
Epoch 74/100 | Train Loss: 0.0259, Hit Rate: 0.8519 | Val Loss: 0.2256, Hit Rate: 0.4604
Epoch 75/100 | Train Loss: 0.0193, Hit Rate: 0.8923 | Val Loss: 0.2156, Hit Rate: 0.4804
Epoch 76/100 | Train Loss: 0.0139, Hit Rate: 0.9320 | Val Loss: 0.2219, Hit Rate: 0.4860
Epoch 77/100 | Train Loss: 0.0269, Hit Rate: 0.8429 | Val Loss: 0.2421, Hit Rate: 0.4429
Epoch 78/100 | Train Loss: 0.0288, Hit Rate: 0.8334 | Val Loss: 0.2249, Hit Rate: 0.4665
Epoch 79/100 | Train Loss: 0.0161, Hit Rate: 0.9161 | Val Loss: 0.2230, Hit Rate: 0.4847
Epoch 80/100 | Train Loss: 0.0090, Hit Rate: 0.9640 | Val Loss: 0.2168, Hit Rate: 0.5037
Epoch 81/100 | Train Loss: 0.0174, Hit Rate: 0.9028 | Val Loss: 0.2463, Hit Rate: 0.4372
Epoch 82/100 | Train Loss: 0.0364, Hit Rate: 0.7911 | Val Loss: 0.2440, Hit Rate: 0.4378
Epoch 83/100 | Train Loss: 0.0205, Hit Rate: 0.8817 | Val Loss: 0.2312, Hit Rate: 0.4718
Epoch 84/100 | Train Loss: 0.0136, Hit Rate: 0.9261 | Val Loss: 0.2236, Hit Rate: 0.4905
Epoch 85/100 | Train Loss: 0.0085, Hit Rate: 0.9645 | Val Loss: 0.2174, Hit Rate: 0.5044
Epoch 86/100 | Train Loss: 0.0160, Hit Rate: 0.9136 | Val Loss: 0.2510, Hit Rate: 0.4523
Epoch 87/100 | Train Loss: 0.0324, Hit Rate: 0.8137 | Val Loss: 0.2427, Hit Rate: 0.4509
Epoch 88/100 | Train Loss: 0.0199, Hit Rate: 0.8840 | Val Loss: 0.2309, Hit Rate: 0.4788
Epoch 89/100 | Train Loss: 0.0132, Hit Rate: 0.9301 | Val Loss: 0.2248, Hit Rate: 0.5016
Epoch 90/100 | Train Loss: 0.0061, Hit Rate: 0.9782 | Val Loss: 0.2204, Hit Rate: 0.5193
Epoch 91/100 | Train Loss: 0.0032, Hit Rate: 0.9947 | Val Loss: 0.2159, Hit Rate: 0.5313
Epoch 92/100 | Train Loss: 0.0018, Hit Rate: 0.9994 | Val Loss: 0.2168, Hit Rate: 0.5375
Epoch 93/100 | Train Loss: 0.0633, Hit Rate: 0.7110 | Val Loss: 0.2674, Hit Rate: 0.4025
Epoch 94/100 | Train Loss: 0.0272, Hit Rate: 0.8424 | Val Loss: 0.2218, Hit Rate: 0.4884
Epoch 95/100 | Train Loss: 0.0088, Hit Rate: 0.9611 | Val Loss: 0.2163, Hit Rate: 0.5144
Epoch 96/100 | Train Loss: 0.0043, Hit Rate: 0.9902 | Val Loss: 0.2100, Hit Rate: 0.5339
Epoch 97/100 | Train Loss: 0.0022, Hit Rate: 0.9988 | Val Loss: 0.2092, Hit Rate: 0.5484
Epoch 98/100 | Train Loss: 0.0015, Hit Rate: 0.9998 | Val Loss: 0.2106, Hit Rate: 0.5500
Epoch 99/100 | Train Loss: 0.0012, Hit Rate: 0.9999 | Val Loss: 0.2138, Hit Rate: 0.5478
Epoch 100/100 | Train Loss: 0.0010, Hit Rate: 1.0000 | Val Loss: 0.2170, Hit Rate: 0.5509

Best validation hit rate: 0.5509
