Using device: cuda
Loaded 24900 samples
Input vocab size: 4, Output vocab size: 6
Fold 1: train=19920, val=4980
Model: lstm, params=381,382
Epoch 1/100 | Train Loss: 0.9176, Hit Rate: 0.0000 | Val Loss: 0.7685, Hit Rate: 0.0000
Epoch 2/100 | Train Loss: 0.7039, Hit Rate: 0.0000 | Val Loss: 0.6809, Hit Rate: 0.0000
Epoch 3/100 | Train Loss: 0.6277, Hit Rate: 0.0002 | Val Loss: 0.5927, Hit Rate: 0.0000
Epoch 4/100 | Train Loss: 0.5531, Hit Rate: 0.0012 | Val Loss: 0.5323, Hit Rate: 0.0006
Epoch 5/100 | Train Loss: 0.5017, Hit Rate: 0.0029 | Val Loss: 0.5075, Hit Rate: 0.0010
Epoch 6/100 | Train Loss: 0.4657, Hit Rate: 0.0070 | Val Loss: 0.4845, Hit Rate: 0.0032
Epoch 7/100 | Train Loss: 0.4371, Hit Rate: 0.0127 | Val Loss: 0.4606, Hit Rate: 0.0030
Epoch 8/100 | Train Loss: 0.4123, Hit Rate: 0.0185 | Val Loss: 0.4382, Hit Rate: 0.0050
Epoch 9/100 | Train Loss: 0.3891, Hit Rate: 0.0266 | Val Loss: 0.4309, Hit Rate: 0.0056
Epoch 10/100 | Train Loss: 0.3669, Hit Rate: 0.0378 | Val Loss: 0.4149, Hit Rate: 0.0208
Epoch 11/100 | Train Loss: 0.3475, Hit Rate: 0.0502 | Val Loss: 0.3946, Hit Rate: 0.0196
Epoch 12/100 | Train Loss: 0.3334, Hit Rate: 0.0606 | Val Loss: 0.3868, Hit Rate: 0.0271
Epoch 13/100 | Train Loss: 0.3148, Hit Rate: 0.0743 | Val Loss: 0.3801, Hit Rate: 0.0305
Epoch 14/100 | Train Loss: 0.3034, Hit Rate: 0.0863 | Val Loss: 0.3649, Hit Rate: 0.0355
Epoch 15/100 | Train Loss: 0.2889, Hit Rate: 0.1059 | Val Loss: 0.3646, Hit Rate: 0.0341
Epoch 16/100 | Train Loss: 0.2760, Hit Rate: 0.1203 | Val Loss: 0.3539, Hit Rate: 0.0395
Epoch 17/100 | Train Loss: 0.2657, Hit Rate: 0.1295 | Val Loss: 0.3447, Hit Rate: 0.0470
Epoch 18/100 | Train Loss: 0.2560, Hit Rate: 0.1472 | Val Loss: 0.3446, Hit Rate: 0.0403
Epoch 19/100 | Train Loss: 0.2466, Hit Rate: 0.1660 | Val Loss: 0.3490, Hit Rate: 0.0561
Epoch 20/100 | Train Loss: 0.2372, Hit Rate: 0.1791 | Val Loss: 0.3389, Hit Rate: 0.0526
Epoch 21/100 | Train Loss: 0.2303, Hit Rate: 0.1866 | Val Loss: 0.3395, Hit Rate: 0.0567
Epoch 22/100 | Train Loss: 0.2216, Hit Rate: 0.2009 | Val Loss: 0.3483, Hit Rate: 0.0512
Epoch 23/100 | Train Loss: 0.2144, Hit Rate: 0.2200 | Val Loss: 0.3276, Hit Rate: 0.0654
Epoch 24/100 | Train Loss: 0.2066, Hit Rate: 0.2361 | Val Loss: 0.3343, Hit Rate: 0.0670
Epoch 25/100 | Train Loss: 0.1990, Hit Rate: 0.2508 | Val Loss: 0.3397, Hit Rate: 0.0574
Epoch 26/100 | Train Loss: 0.1920, Hit Rate: 0.2629 | Val Loss: 0.3289, Hit Rate: 0.0650
Epoch 27/100 | Train Loss: 0.1858, Hit Rate: 0.2820 | Val Loss: 0.3308, Hit Rate: 0.0738
Epoch 28/100 | Train Loss: 0.1781, Hit Rate: 0.2981 | Val Loss: 0.3251, Hit Rate: 0.0819
Epoch 29/100 | Train Loss: 0.1747, Hit Rate: 0.3041 | Val Loss: 0.3303, Hit Rate: 0.0684
Epoch 30/100 | Train Loss: 0.1675, Hit Rate: 0.3237 | Val Loss: 0.3316, Hit Rate: 0.0741
Epoch 31/100 | Train Loss: 0.1628, Hit Rate: 0.3364 | Val Loss: 0.3368, Hit Rate: 0.0753
Epoch 32/100 | Train Loss: 0.1584, Hit Rate: 0.3489 | Val Loss: 0.3254, Hit Rate: 0.0808
Epoch 33/100 | Train Loss: 0.1518, Hit Rate: 0.3665 | Val Loss: 0.3302, Hit Rate: 0.0868
Epoch 34/100 | Train Loss: 0.1456, Hit Rate: 0.3819 | Val Loss: 0.3293, Hit Rate: 0.0840
Epoch 35/100 | Train Loss: 0.1420, Hit Rate: 0.3941 | Val Loss: 0.3334, Hit Rate: 0.0799
Epoch 36/100 | Train Loss: 0.1376, Hit Rate: 0.4072 | Val Loss: 0.3704, Hit Rate: 0.0716
Epoch 37/100 | Train Loss: 0.1339, Hit Rate: 0.4167 | Val Loss: 0.3512, Hit Rate: 0.0806
Epoch 38/100 | Train Loss: 0.1278, Hit Rate: 0.4366 | Val Loss: 0.3411, Hit Rate: 0.0950
Epoch 39/100 | Train Loss: 0.1229, Hit Rate: 0.4493 | Val Loss: 0.3403, Hit Rate: 0.0915
Epoch 40/100 | Train Loss: 0.1203, Hit Rate: 0.4592 | Val Loss: 0.3485, Hit Rate: 0.0905
Epoch 41/100 | Train Loss: 0.1167, Hit Rate: 0.4719 | Val Loss: 0.3530, Hit Rate: 0.0895
Epoch 42/100 | Train Loss: 0.1130, Hit Rate: 0.4807 | Val Loss: 0.3606, Hit Rate: 0.0921
Epoch 43/100 | Train Loss: 0.1087, Hit Rate: 0.5004 | Val Loss: 0.3504, Hit Rate: 0.0960
Epoch 44/100 | Train Loss: 0.1038, Hit Rate: 0.5168 | Val Loss: 0.3627, Hit Rate: 0.0912
Epoch 45/100 | Train Loss: 0.1018, Hit Rate: 0.5215 | Val Loss: 0.3610, Hit Rate: 0.0932
Epoch 46/100 | Train Loss: 0.1000, Hit Rate: 0.5266 | Val Loss: 0.3697, Hit Rate: 0.0981
Epoch 47/100 | Train Loss: 0.0947, Hit Rate: 0.5476 | Val Loss: 0.3669, Hit Rate: 0.0985
Epoch 48/100 | Train Loss: 0.0914, Hit Rate: 0.5579 | Val Loss: 0.3769, Hit Rate: 0.0962
Epoch 49/100 | Train Loss: 0.0884, Hit Rate: 0.5688 | Val Loss: 0.3755, Hit Rate: 0.0970
Epoch 50/100 | Train Loss: 0.0855, Hit Rate: 0.5826 | Val Loss: 0.3858, Hit Rate: 0.1037
Epoch 51/100 | Train Loss: 0.0824, Hit Rate: 0.5963 | Val Loss: 0.3850, Hit Rate: 0.1005
Epoch 52/100 | Train Loss: 0.0813, Hit Rate: 0.6022 | Val Loss: 0.3902, Hit Rate: 0.0979
Epoch 53/100 | Train Loss: 0.0797, Hit Rate: 0.6056 | Val Loss: 0.3899, Hit Rate: 0.0973
Epoch 54/100 | Train Loss: 0.0738, Hit Rate: 0.6351 | Val Loss: 0.3941, Hit Rate: 0.1026
Epoch 55/100 | Train Loss: 0.0715, Hit Rate: 0.6441 | Val Loss: 0.3997, Hit Rate: 0.1021
Epoch 56/100 | Train Loss: 0.0712, Hit Rate: 0.6388 | Val Loss: 0.4130, Hit Rate: 0.0960
Epoch 57/100 | Train Loss: 0.0684, Hit Rate: 0.6543 | Val Loss: 0.4007, Hit Rate: 0.1045
Epoch 58/100 | Train Loss: 0.0636, Hit Rate: 0.6766 | Val Loss: 0.4105, Hit Rate: 0.1052
Epoch 59/100 | Train Loss: 0.0638, Hit Rate: 0.6731 | Val Loss: 0.4271, Hit Rate: 0.0967
Epoch 60/100 | Train Loss: 0.0611, Hit Rate: 0.6864 | Val Loss: 0.4210, Hit Rate: 0.1062
Epoch 61/100 | Train Loss: 0.0591, Hit Rate: 0.6929 | Val Loss: 0.4359, Hit Rate: 0.0989
Epoch 62/100 | Train Loss: 0.0581, Hit Rate: 0.6978 | Val Loss: 0.4328, Hit Rate: 0.1027
Epoch 63/100 | Train Loss: 0.0582, Hit Rate: 0.6966 | Val Loss: 0.4393, Hit Rate: 0.0960
Epoch 64/100 | Train Loss: 0.0530, Hit Rate: 0.7245 | Val Loss: 0.4500, Hit Rate: 0.1048
Epoch 65/100 | Train Loss: 0.0497, Hit Rate: 0.7405 | Val Loss: 0.4591, Hit Rate: 0.1078
Epoch 66/100 | Train Loss: 0.0519, Hit Rate: 0.7216 | Val Loss: 0.4503, Hit Rate: 0.1096
Epoch 67/100 | Train Loss: 0.0501, Hit Rate: 0.7370 | Val Loss: 0.4568, Hit Rate: 0.1084
Epoch 68/100 | Train Loss: 0.0457, Hit Rate: 0.7561 | Val Loss: 0.4613, Hit Rate: 0.1023
Epoch 69/100 | Train Loss: 0.0464, Hit Rate: 0.7535 | Val Loss: 0.4783, Hit Rate: 0.1015
Epoch 70/100 | Train Loss: 0.0446, Hit Rate: 0.7637 | Val Loss: 0.4880, Hit Rate: 0.0992
Epoch 71/100 | Train Loss: 0.0461, Hit Rate: 0.7520 | Val Loss: 0.4840, Hit Rate: 0.1008
Epoch 72/100 | Train Loss: 0.0416, Hit Rate: 0.7805 | Val Loss: 0.4867, Hit Rate: 0.1009
Epoch 73/100 | Train Loss: 0.0408, Hit Rate: 0.7857 | Val Loss: 0.4985, Hit Rate: 0.0991
Epoch 74/100 | Train Loss: 0.0400, Hit Rate: 0.7857 | Val Loss: 0.4980, Hit Rate: 0.1039
Epoch 75/100 | Train Loss: 0.0376, Hit Rate: 0.8000 | Val Loss: 0.5033, Hit Rate: 0.0967
Epoch 76/100 | Train Loss: 0.0352, Hit Rate: 0.8151 | Val Loss: 0.5230, Hit Rate: 0.1004
Epoch 77/100 | Train Loss: 0.0370, Hit Rate: 0.8015 | Val Loss: 0.5228, Hit Rate: 0.0990
Epoch 78/100 | Train Loss: 0.0384, Hit Rate: 0.7905 | Val Loss: 0.5149, Hit Rate: 0.1021
Epoch 79/100 | Train Loss: 0.0339, Hit Rate: 0.8211 | Val Loss: 0.5195, Hit Rate: 0.1019
Epoch 80/100 | Train Loss: 0.0337, Hit Rate: 0.8199 | Val Loss: 0.5249, Hit Rate: 0.1053
Epoch 81/100 | Train Loss: 0.0332, Hit Rate: 0.8208 | Val Loss: 0.5272, Hit Rate: 0.1001
Epoch 82/100 | Train Loss: 0.0312, Hit Rate: 0.8318 | Val Loss: 0.5235, Hit Rate: 0.1079
Epoch 83/100 | Train Loss: 0.0316, Hit Rate: 0.8270 | Val Loss: 0.5353, Hit Rate: 0.1027
Epoch 84/100 | Train Loss: 0.0288, Hit Rate: 0.8461 | Val Loss: 0.5412, Hit Rate: 0.1077
Epoch 85/100 | Train Loss: 0.0268, Hit Rate: 0.8598 | Val Loss: 0.5889, Hit Rate: 0.0868
Epoch 86/100 | Train Loss: 0.0329, Hit Rate: 0.8218 | Val Loss: 0.5755, Hit Rate: 0.1007
Epoch 87/100 | Train Loss: 0.0300, Hit Rate: 0.8347 | Val Loss: 0.5565, Hit Rate: 0.0997
Epoch 88/100 | Train Loss: 0.0240, Hit Rate: 0.8767 | Val Loss: 0.5555, Hit Rate: 0.1063
Epoch 89/100 | Train Loss: 0.0227, Hit Rate: 0.8860 | Val Loss: 0.5895, Hit Rate: 0.1033
Epoch 90/100 | Train Loss: 0.0331, Hit Rate: 0.8148 | Val Loss: 0.5920, Hit Rate: 0.0958
Epoch 91/100 | Train Loss: 0.0254, Hit Rate: 0.8635 | Val Loss: 0.5745, Hit Rate: 0.0980
Epoch 92/100 | Train Loss: 0.0239, Hit Rate: 0.8757 | Val Loss: 0.5809, Hit Rate: 0.1077
Epoch 93/100 | Train Loss: 0.0243, Hit Rate: 0.8718 | Val Loss: 0.6014, Hit Rate: 0.0974
Epoch 94/100 | Train Loss: 0.0206, Hit Rate: 0.8950 | Val Loss: 0.5854, Hit Rate: 0.1042
Epoch 95/100 | Train Loss: 0.0280, Hit Rate: 0.8430 | Val Loss: 0.6089, Hit Rate: 0.0947
Epoch 96/100 | Train Loss: 0.0208, Hit Rate: 0.8921 | Val Loss: 0.6076, Hit Rate: 0.1015
Epoch 97/100 | Train Loss: 0.0225, Hit Rate: 0.8780 | Val Loss: 0.6016, Hit Rate: 0.1007
Epoch 98/100 | Train Loss: 0.0207, Hit Rate: 0.8908 | Val Loss: 0.6149, Hit Rate: 0.1007
Epoch 99/100 | Train Loss: 0.0282, Hit Rate: 0.8393 | Val Loss: 0.6142, Hit Rate: 0.1023
Epoch 100/100 | Train Loss: 0.0190, Hit Rate: 0.9025 | Val Loss: 0.5961, Hit Rate: 0.1047

Best validation hit rate: 0.1096
