Using device: cuda
Loaded 24900 samples
Input vocab size: 4, Output vocab size: 6
Fold 4: train=19920, val=4980
Model: lstm, params=398,150
  cross_attn=enabled
Epoch 1/100 | Train Loss: 0.8949, Hit Rate: 0.0000 | Val Loss: 0.7167, Hit Rate: 0.0000
Epoch 2/100 | Train Loss: 0.6328, Hit Rate: 0.0009 | Val Loss: 0.5735, Hit Rate: 0.0029
Epoch 3/100 | Train Loss: 0.5279, Hit Rate: 0.0042 | Val Loss: 0.5001, Hit Rate: 0.0057
Epoch 4/100 | Train Loss: 0.4689, Hit Rate: 0.0126 | Val Loss: 0.4475, Hit Rate: 0.0165
Epoch 5/100 | Train Loss: 0.4304, Hit Rate: 0.0228 | Val Loss: 0.4018, Hit Rate: 0.0343
Epoch 6/100 | Train Loss: 0.3885, Hit Rate: 0.0392 | Val Loss: 0.3842, Hit Rate: 0.0449
Epoch 7/100 | Train Loss: 0.3600, Hit Rate: 0.0577 | Val Loss: 0.3580, Hit Rate: 0.0540
Epoch 8/100 | Train Loss: 0.3335, Hit Rate: 0.0737 | Val Loss: 0.3323, Hit Rate: 0.0858
Epoch 9/100 | Train Loss: 0.3079, Hit Rate: 0.0998 | Val Loss: 0.3112, Hit Rate: 0.1033
Epoch 10/100 | Train Loss: 0.2875, Hit Rate: 0.1195 | Val Loss: 0.2925, Hit Rate: 0.1263
Epoch 11/100 | Train Loss: 0.2681, Hit Rate: 0.1486 | Val Loss: 0.2794, Hit Rate: 0.1397
Epoch 12/100 | Train Loss: 0.2528, Hit Rate: 0.1689 | Val Loss: 0.2729, Hit Rate: 0.1453
Epoch 13/100 | Train Loss: 0.2355, Hit Rate: 0.1945 | Val Loss: 0.2643, Hit Rate: 0.1616
Epoch 14/100 | Train Loss: 0.2245, Hit Rate: 0.2133 | Val Loss: 0.2497, Hit Rate: 0.1940
Epoch 15/100 | Train Loss: 0.2090, Hit Rate: 0.2459 | Val Loss: 0.2467, Hit Rate: 0.1943
Epoch 16/100 | Train Loss: 0.1973, Hit Rate: 0.2710 | Val Loss: 0.2299, Hit Rate: 0.2121
Epoch 17/100 | Train Loss: 0.1861, Hit Rate: 0.2938 | Val Loss: 0.2215, Hit Rate: 0.2347
Epoch 18/100 | Train Loss: 0.1757, Hit Rate: 0.3151 | Val Loss: 0.2099, Hit Rate: 0.2655
Epoch 19/100 | Train Loss: 0.1672, Hit Rate: 0.3384 | Val Loss: 0.2205, Hit Rate: 0.2304
Epoch 20/100 | Train Loss: 0.1578, Hit Rate: 0.3597 | Val Loss: 0.2062, Hit Rate: 0.2892
Epoch 21/100 | Train Loss: 0.1498, Hit Rate: 0.3795 | Val Loss: 0.2020, Hit Rate: 0.2990
Epoch 22/100 | Train Loss: 0.1423, Hit Rate: 0.4059 | Val Loss: 0.2198, Hit Rate: 0.2426
Epoch 23/100 | Train Loss: 0.1352, Hit Rate: 0.4272 | Val Loss: 0.1971, Hit Rate: 0.3020
Epoch 24/100 | Train Loss: 0.1285, Hit Rate: 0.4449 | Val Loss: 0.1914, Hit Rate: 0.3156
Epoch 25/100 | Train Loss: 0.1212, Hit Rate: 0.4675 | Val Loss: 0.1947, Hit Rate: 0.3102
Epoch 26/100 | Train Loss: 0.1161, Hit Rate: 0.4796 | Val Loss: 0.1897, Hit Rate: 0.3351
Epoch 27/100 | Train Loss: 0.1121, Hit Rate: 0.4947 | Val Loss: 0.1931, Hit Rate: 0.3321
Epoch 28/100 | Train Loss: 0.1056, Hit Rate: 0.5145 | Val Loss: 0.1854, Hit Rate: 0.3450
Epoch 29/100 | Train Loss: 0.0993, Hit Rate: 0.5424 | Val Loss: 0.1910, Hit Rate: 0.3417
Epoch 30/100 | Train Loss: 0.1078, Hit Rate: 0.5332 | Val Loss: 0.1955, Hit Rate: 0.3402
Epoch 31/100 | Train Loss: 0.0885, Hit Rate: 0.5780 | Val Loss: 0.1890, Hit Rate: 0.3591
Epoch 32/100 | Train Loss: 0.0877, Hit Rate: 0.5780 | Val Loss: 0.1861, Hit Rate: 0.3648
Epoch 33/100 | Train Loss: 0.0808, Hit Rate: 0.6110 | Val Loss: 0.1857, Hit Rate: 0.3760
Epoch 34/100 | Train Loss: 0.0791, Hit Rate: 0.6123 | Val Loss: 0.1940, Hit Rate: 0.3593
Epoch 35/100 | Train Loss: 0.0734, Hit Rate: 0.6392 | Val Loss: 0.1842, Hit Rate: 0.3765
Epoch 36/100 | Train Loss: 0.0703, Hit Rate: 0.6493 | Val Loss: 0.1854, Hit Rate: 0.3772
Epoch 37/100 | Train Loss: 0.0657, Hit Rate: 0.6683 | Val Loss: 0.1869, Hit Rate: 0.3708
Epoch 38/100 | Train Loss: 0.0657, Hit Rate: 0.6654 | Val Loss: 0.1844, Hit Rate: 0.3935
Epoch 39/100 | Train Loss: 0.0620, Hit Rate: 0.6813 | Val Loss: 0.1844, Hit Rate: 0.3902
Epoch 40/100 | Train Loss: 0.0619, Hit Rate: 0.6759 | Val Loss: 0.1865, Hit Rate: 0.3930
Epoch 41/100 | Train Loss: 0.0565, Hit Rate: 0.7071 | Val Loss: 0.1880, Hit Rate: 0.4141
Epoch 42/100 | Train Loss: 0.0527, Hit Rate: 0.7232 | Val Loss: 0.1953, Hit Rate: 0.3916
Epoch 43/100 | Train Loss: 0.0516, Hit Rate: 0.7310 | Val Loss: 0.1868, Hit Rate: 0.4112
Epoch 44/100 | Train Loss: 0.0497, Hit Rate: 0.7342 | Val Loss: 0.1907, Hit Rate: 0.4172
Epoch 45/100 | Train Loss: 0.0515, Hit Rate: 0.7276 | Val Loss: 0.1925, Hit Rate: 0.4108
Epoch 46/100 | Train Loss: 0.0451, Hit Rate: 0.7560 | Val Loss: 0.1962, Hit Rate: 0.4141
Epoch 47/100 | Train Loss: 0.0428, Hit Rate: 0.7664 | Val Loss: 0.1937, Hit Rate: 0.4008
Epoch 48/100 | Train Loss: 0.0402, Hit Rate: 0.7840 | Val Loss: 0.1955, Hit Rate: 0.4171
Epoch 49/100 | Train Loss: 0.0433, Hit Rate: 0.7647 | Val Loss: 0.1969, Hit Rate: 0.4200
Epoch 50/100 | Train Loss: 0.0372, Hit Rate: 0.7964 | Val Loss: 0.1973, Hit Rate: 0.4323
Epoch 51/100 | Train Loss: 0.0374, Hit Rate: 0.7931 | Val Loss: 0.1922, Hit Rate: 0.4373
Epoch 52/100 | Train Loss: 0.0387, Hit Rate: 0.7870 | Val Loss: 0.2065, Hit Rate: 0.4136
Epoch 53/100 | Train Loss: 0.0370, Hit Rate: 0.7958 | Val Loss: 0.1978, Hit Rate: 0.4368
Epoch 54/100 | Train Loss: 0.0349, Hit Rate: 0.8089 | Val Loss: 0.1986, Hit Rate: 0.4318
Epoch 55/100 | Train Loss: 0.0317, Hit Rate: 0.8256 | Val Loss: 0.2051, Hit Rate: 0.4327
Epoch 56/100 | Train Loss: 0.0313, Hit Rate: 0.8252 | Val Loss: 0.2042, Hit Rate: 0.4298
Epoch 57/100 | Train Loss: 0.0333, Hit Rate: 0.8138 | Val Loss: 0.2059, Hit Rate: 0.4306
Epoch 58/100 | Train Loss: 0.0311, Hit Rate: 0.8223 | Val Loss: 0.2060, Hit Rate: 0.4274
Epoch 59/100 | Train Loss: 0.0337, Hit Rate: 0.8167 | Val Loss: 0.1943, Hit Rate: 0.4581
Epoch 60/100 | Train Loss: 0.0268, Hit Rate: 0.8518 | Val Loss: 0.2039, Hit Rate: 0.4520
Epoch 61/100 | Train Loss: 0.0271, Hit Rate: 0.8455 | Val Loss: 0.2105, Hit Rate: 0.4454
Epoch 62/100 | Train Loss: 0.0263, Hit Rate: 0.8527 | Val Loss: 0.2121, Hit Rate: 0.4385
Epoch 63/100 | Train Loss: 0.0290, Hit Rate: 0.8362 | Val Loss: 0.2070, Hit Rate: 0.4459
Epoch 64/100 | Train Loss: 0.0233, Hit Rate: 0.8696 | Val Loss: 0.2087, Hit Rate: 0.4472
Epoch 65/100 | Train Loss: 0.0220, Hit Rate: 0.8779 | Val Loss: 0.2116, Hit Rate: 0.4509
Epoch 66/100 | Train Loss: 0.0268, Hit Rate: 0.8467 | Val Loss: 0.2236, Hit Rate: 0.4363
Epoch 67/100 | Train Loss: 0.0246, Hit Rate: 0.8602 | Val Loss: 0.2145, Hit Rate: 0.4641
Epoch 68/100 | Train Loss: 0.0224, Hit Rate: 0.8739 | Val Loss: 0.2213, Hit Rate: 0.4454
Epoch 69/100 | Train Loss: 0.0244, Hit Rate: 0.8604 | Val Loss: 0.2151, Hit Rate: 0.4592
Epoch 70/100 | Train Loss: 0.0233, Hit Rate: 0.8650 | Val Loss: 0.2166, Hit Rate: 0.4571
Epoch 71/100 | Train Loss: 0.0243, Hit Rate: 0.8571 | Val Loss: 0.2184, Hit Rate: 0.4536
Epoch 72/100 | Train Loss: 0.0206, Hit Rate: 0.8804 | Val Loss: 0.2233, Hit Rate: 0.4508
Epoch 73/100 | Train Loss: 0.0176, Hit Rate: 0.9026 | Val Loss: 0.2200, Hit Rate: 0.4473
Epoch 74/100 | Train Loss: 0.0210, Hit Rate: 0.8777 | Val Loss: 0.2194, Hit Rate: 0.4640
Epoch 75/100 | Train Loss: 0.0208, Hit Rate: 0.8800 | Val Loss: 0.2288, Hit Rate: 0.4338
Epoch 76/100 | Train Loss: 0.0204, Hit Rate: 0.8810 | Val Loss: 0.2251, Hit Rate: 0.4430
Epoch 77/100 | Train Loss: 0.0239, Hit Rate: 0.8593 | Val Loss: 0.2227, Hit Rate: 0.4647
Epoch 78/100 | Train Loss: 0.0150, Hit Rate: 0.9161 | Val Loss: 0.2141, Hit Rate: 0.4853
Epoch 79/100 | Train Loss: 0.0138, Hit Rate: 0.9269 | Val Loss: 0.2265, Hit Rate: 0.4503
Epoch 80/100 | Train Loss: 0.0273, Hit Rate: 0.8376 | Val Loss: 0.2353, Hit Rate: 0.4421
Epoch 81/100 | Train Loss: 0.0214, Hit Rate: 0.8731 | Val Loss: 0.2211, Hit Rate: 0.4762
Epoch 82/100 | Train Loss: 0.0136, Hit Rate: 0.9251 | Val Loss: 0.2179, Hit Rate: 0.4825
Epoch 83/100 | Train Loss: 0.0107, Hit Rate: 0.9464 | Val Loss: 0.2205, Hit Rate: 0.4776
Epoch 84/100 | Train Loss: 0.0135, Hit Rate: 0.9254 | Val Loss: 0.2396, Hit Rate: 0.4568
Epoch 85/100 | Train Loss: 0.0405, Hit Rate: 0.7869 | Val Loss: 0.2286, Hit Rate: 0.4607
Epoch 86/100 | Train Loss: 0.0153, Hit Rate: 0.9140 | Val Loss: 0.2150, Hit Rate: 0.4956
Epoch 87/100 | Train Loss: 0.0073, Hit Rate: 0.9692 | Val Loss: 0.2127, Hit Rate: 0.5047
Epoch 88/100 | Train Loss: 0.0063, Hit Rate: 0.9758 | Val Loss: 0.2129, Hit Rate: 0.5211
Epoch 89/100 | Train Loss: 0.0043, Hit Rate: 0.9868 | Val Loss: 0.2195, Hit Rate: 0.5005
Epoch 90/100 | Train Loss: 0.0372, Hit Rate: 0.8084 | Val Loss: 0.2670, Hit Rate: 0.3898
Epoch 91/100 | Train Loss: 0.0354, Hit Rate: 0.8025 | Val Loss: 0.2261, Hit Rate: 0.4607
Epoch 92/100 | Train Loss: 0.0118, Hit Rate: 0.9383 | Val Loss: 0.2091, Hit Rate: 0.5154
Epoch 93/100 | Train Loss: 0.0048, Hit Rate: 0.9850 | Val Loss: 0.2031, Hit Rate: 0.5289
Epoch 94/100 | Train Loss: 0.0024, Hit Rate: 0.9971 | Val Loss: 0.2007, Hit Rate: 0.5410
Epoch 95/100 | Train Loss: 0.0013, Hit Rate: 0.9999 | Val Loss: 0.2010, Hit Rate: 0.5521
Epoch 96/100 | Train Loss: 0.0010, Hit Rate: 1.0000 | Val Loss: 0.2033, Hit Rate: 0.5481
Epoch 97/100 | Train Loss: 0.0008, Hit Rate: 1.0000 | Val Loss: 0.2060, Hit Rate: 0.5479
Epoch 98/100 | Train Loss: 0.0007, Hit Rate: 1.0000 | Val Loss: 0.2094, Hit Rate: 0.5461
Epoch 99/100 | Train Loss: 0.0006, Hit Rate: 1.0000 | Val Loss: 0.2117, Hit Rate: 0.5439
Epoch 100/100 | Train Loss: 0.0006, Hit Rate: 1.0000 | Val Loss: 0.2151, Hit Rate: 0.5439

Best validation hit rate: 0.5521
