Using device: cuda
Loaded 24900 samples
Input vocab size: 4, Output vocab size: 6
Fold 2: train=19920, val=4980
Model: lstm, params=381,382
Epoch 1/100 | Train Loss: 0.9202, Hit Rate: 0.0000 | Val Loss: 0.7635, Hit Rate: 0.0000
Epoch 2/100 | Train Loss: 0.7011, Hit Rate: 0.0001 | Val Loss: 0.6789, Hit Rate: 0.0000
Epoch 3/100 | Train Loss: 0.6351, Hit Rate: 0.0002 | Val Loss: 0.6119, Hit Rate: 0.0002
Epoch 4/100 | Train Loss: 0.5708, Hit Rate: 0.0009 | Val Loss: 0.5576, Hit Rate: 0.0010
Epoch 5/100 | Train Loss: 0.5157, Hit Rate: 0.0028 | Val Loss: 0.4973, Hit Rate: 0.0036
Epoch 6/100 | Train Loss: 0.4765, Hit Rate: 0.0055 | Val Loss: 0.4861, Hit Rate: 0.0048
Epoch 7/100 | Train Loss: 0.4469, Hit Rate: 0.0103 | Val Loss: 0.4335, Hit Rate: 0.0118
Epoch 8/100 | Train Loss: 0.4182, Hit Rate: 0.0159 | Val Loss: 0.4082, Hit Rate: 0.0191
Epoch 9/100 | Train Loss: 0.3952, Hit Rate: 0.0233 | Val Loss: 0.3946, Hit Rate: 0.0251
Epoch 10/100 | Train Loss: 0.3742, Hit Rate: 0.0333 | Val Loss: 0.3741, Hit Rate: 0.0351
Epoch 11/100 | Train Loss: 0.3573, Hit Rate: 0.0427 | Val Loss: 0.3822, Hit Rate: 0.0284
Epoch 12/100 | Train Loss: 0.3402, Hit Rate: 0.0542 | Val Loss: 0.3384, Hit Rate: 0.0560
Epoch 13/100 | Train Loss: 0.3245, Hit Rate: 0.0649 | Val Loss: 0.3262, Hit Rate: 0.0648
Epoch 14/100 | Train Loss: 0.3114, Hit Rate: 0.0770 | Val Loss: 0.3345, Hit Rate: 0.0622
Epoch 15/100 | Train Loss: 0.2987, Hit Rate: 0.0854 | Val Loss: 0.3077, Hit Rate: 0.0902
Epoch 16/100 | Train Loss: 0.2864, Hit Rate: 0.0999 | Val Loss: 0.3050, Hit Rate: 0.0817
Epoch 17/100 | Train Loss: 0.2755, Hit Rate: 0.1133 | Val Loss: 0.2974, Hit Rate: 0.0937
Epoch 18/100 | Train Loss: 0.2662, Hit Rate: 0.1228 | Val Loss: 0.2819, Hit Rate: 0.1187
Epoch 19/100 | Train Loss: 0.2535, Hit Rate: 0.1454 | Val Loss: 0.2793, Hit Rate: 0.1126
Epoch 20/100 | Train Loss: 0.2449, Hit Rate: 0.1537 | Val Loss: 0.2645, Hit Rate: 0.1467
Epoch 21/100 | Train Loss: 0.2360, Hit Rate: 0.1731 | Val Loss: 0.2653, Hit Rate: 0.1400
Epoch 22/100 | Train Loss: 0.2269, Hit Rate: 0.1862 | Val Loss: 0.2518, Hit Rate: 0.1713
Epoch 23/100 | Train Loss: 0.2191, Hit Rate: 0.2017 | Val Loss: 0.2462, Hit Rate: 0.1681
Epoch 24/100 | Train Loss: 0.2104, Hit Rate: 0.2196 | Val Loss: 0.2492, Hit Rate: 0.1731
Epoch 25/100 | Train Loss: 0.2157, Hit Rate: 0.2185 | Val Loss: 0.2405, Hit Rate: 0.1897
Epoch 26/100 | Train Loss: 0.1953, Hit Rate: 0.2496 | Val Loss: 0.2344, Hit Rate: 0.1870
Epoch 27/100 | Train Loss: 0.1887, Hit Rate: 0.2665 | Val Loss: 0.2274, Hit Rate: 0.2153
Epoch 28/100 | Train Loss: 0.1817, Hit Rate: 0.2855 | Val Loss: 0.2340, Hit Rate: 0.2041
Epoch 29/100 | Train Loss: 0.1766, Hit Rate: 0.2924 | Val Loss: 0.2237, Hit Rate: 0.2098
Epoch 30/100 | Train Loss: 0.1697, Hit Rate: 0.3096 | Val Loss: 0.2121, Hit Rate: 0.2459
Epoch 31/100 | Train Loss: 0.1651, Hit Rate: 0.3190 | Val Loss: 0.2140, Hit Rate: 0.2456
Epoch 32/100 | Train Loss: 0.1595, Hit Rate: 0.3311 | Val Loss: 0.2070, Hit Rate: 0.2585
Epoch 33/100 | Train Loss: 0.1529, Hit Rate: 0.3527 | Val Loss: 0.2015, Hit Rate: 0.2775
Epoch 34/100 | Train Loss: 0.1499, Hit Rate: 0.3627 | Val Loss: 0.2005, Hit Rate: 0.2743
Epoch 35/100 | Train Loss: 0.1442, Hit Rate: 0.3816 | Val Loss: 0.2085, Hit Rate: 0.2686
Epoch 36/100 | Train Loss: 0.1396, Hit Rate: 0.3925 | Val Loss: 0.1993, Hit Rate: 0.2803
Epoch 37/100 | Train Loss: 0.1342, Hit Rate: 0.4093 | Val Loss: 0.1940, Hit Rate: 0.2959
Epoch 38/100 | Train Loss: 0.1322, Hit Rate: 0.4137 | Val Loss: 0.2202, Hit Rate: 0.2520
Epoch 39/100 | Train Loss: 0.1272, Hit Rate: 0.4309 | Val Loss: 0.1898, Hit Rate: 0.3160
Epoch 40/100 | Train Loss: 0.1218, Hit Rate: 0.4483 | Val Loss: 0.1936, Hit Rate: 0.2993
Epoch 41/100 | Train Loss: 0.1173, Hit Rate: 0.4607 | Val Loss: 0.1961, Hit Rate: 0.3076
Epoch 42/100 | Train Loss: 0.1121, Hit Rate: 0.4781 | Val Loss: 0.1858, Hit Rate: 0.3321
Epoch 43/100 | Train Loss: 0.1105, Hit Rate: 0.4809 | Val Loss: 0.1901, Hit Rate: 0.3250
Epoch 44/100 | Train Loss: 0.1047, Hit Rate: 0.5044 | Val Loss: 0.1897, Hit Rate: 0.3237
Epoch 45/100 | Train Loss: 0.1027, Hit Rate: 0.5140 | Val Loss: 0.1852, Hit Rate: 0.3418
Epoch 46/100 | Train Loss: 0.1016, Hit Rate: 0.5151 | Val Loss: 0.1882, Hit Rate: 0.3401
Epoch 47/100 | Train Loss: 0.0963, Hit Rate: 0.5359 | Val Loss: 0.1879, Hit Rate: 0.3332
Epoch 48/100 | Train Loss: 0.0924, Hit Rate: 0.5502 | Val Loss: 0.1862, Hit Rate: 0.3506
Epoch 49/100 | Train Loss: 0.0911, Hit Rate: 0.5512 | Val Loss: 0.1861, Hit Rate: 0.3508
Epoch 50/100 | Train Loss: 0.0882, Hit Rate: 0.5696 | Val Loss: 0.1885, Hit Rate: 0.3440
Epoch 51/100 | Train Loss: 0.0840, Hit Rate: 0.5833 | Val Loss: 0.1932, Hit Rate: 0.3412
Epoch 52/100 | Train Loss: 0.0809, Hit Rate: 0.5955 | Val Loss: 0.1835, Hit Rate: 0.3642
Epoch 53/100 | Train Loss: 0.0799, Hit Rate: 0.6024 | Val Loss: 0.1892, Hit Rate: 0.3467
Epoch 54/100 | Train Loss: 0.0760, Hit Rate: 0.6174 | Val Loss: 0.1881, Hit Rate: 0.3664
Epoch 55/100 | Train Loss: 0.0737, Hit Rate: 0.6234 | Val Loss: 0.2026, Hit Rate: 0.3434
Epoch 56/100 | Train Loss: 0.0719, Hit Rate: 0.6357 | Val Loss: 0.1859, Hit Rate: 0.3736
Epoch 57/100 | Train Loss: 0.0677, Hit Rate: 0.6526 | Val Loss: 0.1820, Hit Rate: 0.3862
Epoch 58/100 | Train Loss: 0.0652, Hit Rate: 0.6664 | Val Loss: 0.1890, Hit Rate: 0.3784
Epoch 59/100 | Train Loss: 0.0664, Hit Rate: 0.6516 | Val Loss: 0.1909, Hit Rate: 0.3785
Epoch 60/100 | Train Loss: 0.0643, Hit Rate: 0.6633 | Val Loss: 0.1889, Hit Rate: 0.3721
Epoch 61/100 | Train Loss: 0.0611, Hit Rate: 0.6770 | Val Loss: 0.1903, Hit Rate: 0.3832
Epoch 62/100 | Train Loss: 0.0570, Hit Rate: 0.6999 | Val Loss: 0.1879, Hit Rate: 0.3965
Epoch 63/100 | Train Loss: 0.0565, Hit Rate: 0.7042 | Val Loss: 0.1988, Hit Rate: 0.3844
Epoch 64/100 | Train Loss: 0.0552, Hit Rate: 0.7059 | Val Loss: 0.1916, Hit Rate: 0.3986
Epoch 65/100 | Train Loss: 0.0525, Hit Rate: 0.7217 | Val Loss: 0.2048, Hit Rate: 0.3829
Epoch 66/100 | Train Loss: 0.0513, Hit Rate: 0.7243 | Val Loss: 0.1955, Hit Rate: 0.3918
Epoch 67/100 | Train Loss: 0.0520, Hit Rate: 0.7215 | Val Loss: 0.1958, Hit Rate: 0.3899
Epoch 68/100 | Train Loss: 0.0481, Hit Rate: 0.7467 | Val Loss: 0.2006, Hit Rate: 0.3942
Epoch 69/100 | Train Loss: 0.0466, Hit Rate: 0.7472 | Val Loss: 0.1978, Hit Rate: 0.4065
Epoch 70/100 | Train Loss: 0.0454, Hit Rate: 0.7538 | Val Loss: 0.2068, Hit Rate: 0.3816
Epoch 71/100 | Train Loss: 0.0439, Hit Rate: 0.7634 | Val Loss: 0.1985, Hit Rate: 0.3940
Epoch 72/100 | Train Loss: 0.0436, Hit Rate: 0.7655 | Val Loss: 0.2108, Hit Rate: 0.3830
Epoch 73/100 | Train Loss: 0.0414, Hit Rate: 0.7735 | Val Loss: 0.2064, Hit Rate: 0.3939
Epoch 74/100 | Train Loss: 0.0396, Hit Rate: 0.7850 | Val Loss: 0.2056, Hit Rate: 0.3998
Epoch 75/100 | Train Loss: 0.0447, Hit Rate: 0.7532 | Val Loss: 0.2052, Hit Rate: 0.4102
Epoch 76/100 | Train Loss: 0.0363, Hit Rate: 0.8035 | Val Loss: 0.2052, Hit Rate: 0.4187
Epoch 77/100 | Train Loss: 0.0367, Hit Rate: 0.7982 | Val Loss: 0.2054, Hit Rate: 0.4155
Epoch 78/100 | Train Loss: 0.0353, Hit Rate: 0.8080 | Val Loss: 0.2153, Hit Rate: 0.4001
Epoch 79/100 | Train Loss: 0.0372, Hit Rate: 0.7949 | Val Loss: 0.2145, Hit Rate: 0.3996
Epoch 80/100 | Train Loss: 0.0353, Hit Rate: 0.8055 | Val Loss: 0.2103, Hit Rate: 0.4185
Epoch 81/100 | Train Loss: 0.0292, Hit Rate: 0.8505 | Val Loss: 0.2114, Hit Rate: 0.4262
Epoch 82/100 | Train Loss: 0.0333, Hit Rate: 0.8155 | Val Loss: 0.2315, Hit Rate: 0.3863
Epoch 83/100 | Train Loss: 0.0366, Hit Rate: 0.7948 | Val Loss: 0.2221, Hit Rate: 0.4055
Epoch 84/100 | Train Loss: 0.0333, Hit Rate: 0.8169 | Val Loss: 0.2173, Hit Rate: 0.4206
Epoch 85/100 | Train Loss: 0.0275, Hit Rate: 0.8516 | Val Loss: 0.2178, Hit Rate: 0.4252
Epoch 86/100 | Train Loss: 0.0258, Hit Rate: 0.8640 | Val Loss: 0.2293, Hit Rate: 0.4117
Epoch 87/100 | Train Loss: 0.0314, Hit Rate: 0.8262 | Val Loss: 0.2354, Hit Rate: 0.3867
Epoch 88/100 | Train Loss: 0.0310, Hit Rate: 0.8233 | Val Loss: 0.2227, Hit Rate: 0.4152
Epoch 89/100 | Train Loss: 0.0243, Hit Rate: 0.8723 | Val Loss: 0.2238, Hit Rate: 0.4210
Epoch 90/100 | Train Loss: 0.0247, Hit Rate: 0.8686 | Val Loss: 0.2263, Hit Rate: 0.4182
Epoch 91/100 | Train Loss: 0.0308, Hit Rate: 0.8254 | Val Loss: 0.2311, Hit Rate: 0.4136
Epoch 92/100 | Train Loss: 0.0322, Hit Rate: 0.8182 | Val Loss: 0.2248, Hit Rate: 0.4289
Epoch 93/100 | Train Loss: 0.0201, Hit Rate: 0.8995 | Val Loss: 0.2221, Hit Rate: 0.4416
Epoch 94/100 | Train Loss: 0.0199, Hit Rate: 0.9006 | Val Loss: 0.2249, Hit Rate: 0.4389
Epoch 95/100 | Train Loss: 0.0270, Hit Rate: 0.8551 | Val Loss: 0.2525, Hit Rate: 0.4034
Epoch 96/100 | Train Loss: 0.0279, Hit Rate: 0.8404 | Val Loss: 0.2374, Hit Rate: 0.4211
Epoch 97/100 | Train Loss: 0.0221, Hit Rate: 0.8815 | Val Loss: 0.2349, Hit Rate: 0.4246
Epoch 98/100 | Train Loss: 0.0229, Hit Rate: 0.8754 | Val Loss: 0.2465, Hit Rate: 0.4121
Epoch 99/100 | Train Loss: 0.0248, Hit Rate: 0.8588 | Val Loss: 0.2427, Hit Rate: 0.4145
Epoch 100/100 | Train Loss: 0.0209, Hit Rate: 0.8891 | Val Loss: 0.2353, Hit Rate: 0.4392

Best validation hit rate: 0.4416
