Using device: cuda
Loaded 24900 samples
Input vocab size: 4, Output vocab size: 6
Fold 0: train=19920, val=4980
Model: lstm, params=398,150
  cross_attn=enabled
Epoch 1/100 | Train Loss: 0.9168, Hit Rate: 0.0000 | Val Loss: 0.7359, Hit Rate: 0.0000
Epoch 2/100 | Train Loss: 0.6468, Hit Rate: 0.0006 | Val Loss: 0.5812, Hit Rate: 0.0012
Epoch 3/100 | Train Loss: 0.5453, Hit Rate: 0.0042 | Val Loss: 0.5063, Hit Rate: 0.0082
Epoch 4/100 | Train Loss: 0.4842, Hit Rate: 0.0100 | Val Loss: 0.4867, Hit Rate: 0.0120
Epoch 5/100 | Train Loss: 0.4386, Hit Rate: 0.0196 | Val Loss: 0.4252, Hit Rate: 0.0238
Epoch 6/100 | Train Loss: 0.4005, Hit Rate: 0.0318 | Val Loss: 0.4036, Hit Rate: 0.0341
Epoch 7/100 | Train Loss: 0.3693, Hit Rate: 0.0459 | Val Loss: 0.3616, Hit Rate: 0.0504
Epoch 8/100 | Train Loss: 0.3414, Hit Rate: 0.0654 | Val Loss: 0.3483, Hit Rate: 0.0645
Epoch 9/100 | Train Loss: 0.3177, Hit Rate: 0.0836 | Val Loss: 0.3307, Hit Rate: 0.0814
Epoch 10/100 | Train Loss: 0.2969, Hit Rate: 0.1079 | Val Loss: 0.3058, Hit Rate: 0.0997
Epoch 11/100 | Train Loss: 0.2777, Hit Rate: 0.1319 | Val Loss: 0.3001, Hit Rate: 0.1053
Epoch 12/100 | Train Loss: 0.2585, Hit Rate: 0.1552 | Val Loss: 0.2775, Hit Rate: 0.1353
Epoch 13/100 | Train Loss: 0.2432, Hit Rate: 0.1831 | Val Loss: 0.2634, Hit Rate: 0.1666
Epoch 14/100 | Train Loss: 0.2302, Hit Rate: 0.2043 | Val Loss: 0.2605, Hit Rate: 0.1752
Epoch 15/100 | Train Loss: 0.2166, Hit Rate: 0.2296 | Val Loss: 0.2622, Hit Rate: 0.1699
Epoch 16/100 | Train Loss: 0.2055, Hit Rate: 0.2507 | Val Loss: 0.2410, Hit Rate: 0.1966
Epoch 17/100 | Train Loss: 0.1932, Hit Rate: 0.2776 | Val Loss: 0.2379, Hit Rate: 0.2104
Epoch 18/100 | Train Loss: 0.1845, Hit Rate: 0.2958 | Val Loss: 0.2290, Hit Rate: 0.2336
Epoch 19/100 | Train Loss: 0.1747, Hit Rate: 0.3227 | Val Loss: 0.2217, Hit Rate: 0.2406
Epoch 20/100 | Train Loss: 0.1652, Hit Rate: 0.3484 | Val Loss: 0.2182, Hit Rate: 0.2601
Epoch 21/100 | Train Loss: 0.1579, Hit Rate: 0.3622 | Val Loss: 0.2161, Hit Rate: 0.2638
Epoch 22/100 | Train Loss: 0.1485, Hit Rate: 0.3859 | Val Loss: 0.2077, Hit Rate: 0.2834
Epoch 23/100 | Train Loss: 0.1414, Hit Rate: 0.4083 | Val Loss: 0.2013, Hit Rate: 0.2988
Epoch 24/100 | Train Loss: 0.1324, Hit Rate: 0.4386 | Val Loss: 0.2097, Hit Rate: 0.2823
Epoch 25/100 | Train Loss: 0.1277, Hit Rate: 0.4509 | Val Loss: 0.2058, Hit Rate: 0.3076
Epoch 26/100 | Train Loss: 0.1208, Hit Rate: 0.4680 | Val Loss: 0.1984, Hit Rate: 0.3273
Epoch 27/100 | Train Loss: 0.1143, Hit Rate: 0.4906 | Val Loss: 0.1978, Hit Rate: 0.3303
Epoch 28/100 | Train Loss: 0.1078, Hit Rate: 0.5139 | Val Loss: 0.1932, Hit Rate: 0.3451
Epoch 29/100 | Train Loss: 0.1036, Hit Rate: 0.5258 | Val Loss: 0.1905, Hit Rate: 0.3569
Epoch 30/100 | Train Loss: 0.0991, Hit Rate: 0.5422 | Val Loss: 0.1924, Hit Rate: 0.3450
Epoch 31/100 | Train Loss: 0.0944, Hit Rate: 0.5603 | Val Loss: 0.1889, Hit Rate: 0.3695
Epoch 32/100 | Train Loss: 0.0902, Hit Rate: 0.5759 | Val Loss: 0.1942, Hit Rate: 0.3540
Epoch 33/100 | Train Loss: 0.0857, Hit Rate: 0.5897 | Val Loss: 0.1943, Hit Rate: 0.3639
Epoch 34/100 | Train Loss: 0.0822, Hit Rate: 0.6048 | Val Loss: 0.1856, Hit Rate: 0.3817
Epoch 35/100 | Train Loss: 0.0759, Hit Rate: 0.6292 | Val Loss: 0.1886, Hit Rate: 0.3905
Epoch 36/100 | Train Loss: 0.0755, Hit Rate: 0.6278 | Val Loss: 0.1909, Hit Rate: 0.3813
Epoch 37/100 | Train Loss: 0.0711, Hit Rate: 0.6447 | Val Loss: 0.1968, Hit Rate: 0.3765
Epoch 38/100 | Train Loss: 0.0679, Hit Rate: 0.6585 | Val Loss: 0.1900, Hit Rate: 0.3938
Epoch 39/100 | Train Loss: 0.0644, Hit Rate: 0.6758 | Val Loss: 0.1906, Hit Rate: 0.4128
Epoch 40/100 | Train Loss: 0.0610, Hit Rate: 0.6921 | Val Loss: 0.1910, Hit Rate: 0.3932
Epoch 41/100 | Train Loss: 0.0587, Hit Rate: 0.7008 | Val Loss: 0.1968, Hit Rate: 0.3975
Epoch 42/100 | Train Loss: 0.0555, Hit Rate: 0.7136 | Val Loss: 0.1857, Hit Rate: 0.4267
Epoch 43/100 | Train Loss: 0.0532, Hit Rate: 0.7216 | Val Loss: 0.2010, Hit Rate: 0.4044
Epoch 44/100 | Train Loss: 0.0569, Hit Rate: 0.7069 | Val Loss: 0.1905, Hit Rate: 0.4187
Epoch 45/100 | Train Loss: 0.0512, Hit Rate: 0.7333 | Val Loss: 0.1949, Hit Rate: 0.4096
Epoch 46/100 | Train Loss: 0.0474, Hit Rate: 0.7483 | Val Loss: 0.1937, Hit Rate: 0.4242
Epoch 47/100 | Train Loss: 0.0450, Hit Rate: 0.7628 | Val Loss: 0.1974, Hit Rate: 0.4325
Epoch 48/100 | Train Loss: 0.0423, Hit Rate: 0.7746 | Val Loss: 0.1962, Hit Rate: 0.4305
Epoch 49/100 | Train Loss: 0.0466, Hit Rate: 0.7504 | Val Loss: 0.2039, Hit Rate: 0.4247
Epoch 50/100 | Train Loss: 0.0413, Hit Rate: 0.7764 | Val Loss: 0.1952, Hit Rate: 0.4318
Epoch 51/100 | Train Loss: 0.0382, Hit Rate: 0.7927 | Val Loss: 0.2078, Hit Rate: 0.4216
Epoch 52/100 | Train Loss: 0.0367, Hit Rate: 0.7960 | Val Loss: 0.2112, Hit Rate: 0.4093
Epoch 53/100 | Train Loss: 0.0384, Hit Rate: 0.7891 | Val Loss: 0.2068, Hit Rate: 0.4347
Epoch 54/100 | Train Loss: 0.0366, Hit Rate: 0.7973 | Val Loss: 0.2013, Hit Rate: 0.4391
Epoch 55/100 | Train Loss: 0.0322, Hit Rate: 0.8262 | Val Loss: 0.2045, Hit Rate: 0.4542
Epoch 56/100 | Train Loss: 0.0330, Hit Rate: 0.8161 | Val Loss: 0.2177, Hit Rate: 0.4280
Epoch 57/100 | Train Loss: 0.0310, Hit Rate: 0.8326 | Val Loss: 0.2440, Hit Rate: 0.3674
Epoch 58/100 | Train Loss: 0.0334, Hit Rate: 0.8098 | Val Loss: 0.2169, Hit Rate: 0.4350
Epoch 59/100 | Train Loss: 0.0292, Hit Rate: 0.8380 | Val Loss: 0.2164, Hit Rate: 0.4370
Epoch 60/100 | Train Loss: 0.0301, Hit Rate: 0.8309 | Val Loss: 0.2224, Hit Rate: 0.4290
Epoch 61/100 | Train Loss: 0.0284, Hit Rate: 0.8395 | Val Loss: 0.2116, Hit Rate: 0.4564
Epoch 62/100 | Train Loss: 0.0252, Hit Rate: 0.8629 | Val Loss: 0.2157, Hit Rate: 0.4555
Epoch 63/100 | Train Loss: 0.0326, Hit Rate: 0.8124 | Val Loss: 0.2200, Hit Rate: 0.4397
Epoch 64/100 | Train Loss: 0.0272, Hit Rate: 0.8489 | Val Loss: 0.2084, Hit Rate: 0.4821
Epoch 65/100 | Train Loss: 0.0209, Hit Rate: 0.8885 | Val Loss: 0.2134, Hit Rate: 0.4685
Epoch 66/100 | Train Loss: 0.0231, Hit Rate: 0.8741 | Val Loss: 0.2190, Hit Rate: 0.4589
Epoch 67/100 | Train Loss: 0.0277, Hit Rate: 0.8419 | Val Loss: 0.2304, Hit Rate: 0.4468
Epoch 68/100 | Train Loss: 0.0265, Hit Rate: 0.8448 | Val Loss: 0.2152, Hit Rate: 0.4734
Epoch 69/100 | Train Loss: 0.0209, Hit Rate: 0.8809 | Val Loss: 0.2217, Hit Rate: 0.4663
Epoch 70/100 | Train Loss: 0.0259, Hit Rate: 0.8601 | Val Loss: 0.2384, Hit Rate: 0.4332
Epoch 71/100 | Train Loss: 0.0223, Hit Rate: 0.8732 | Val Loss: 0.2302, Hit Rate: 0.4556
Epoch 72/100 | Train Loss: 0.0213, Hit Rate: 0.8801 | Val Loss: 0.2265, Hit Rate: 0.4516
Epoch 73/100 | Train Loss: 0.0216, Hit Rate: 0.8729 | Val Loss: 0.2311, Hit Rate: 0.4580
Epoch 74/100 | Train Loss: 0.0227, Hit Rate: 0.8700 | Val Loss: 0.2329, Hit Rate: 0.4528
Epoch 75/100 | Train Loss: 0.0238, Hit Rate: 0.8624 | Val Loss: 0.2212, Hit Rate: 0.4728
Epoch 76/100 | Train Loss: 0.0188, Hit Rate: 0.8941 | Val Loss: 0.2171, Hit Rate: 0.4926
Epoch 77/100 | Train Loss: 0.0175, Hit Rate: 0.9002 | Val Loss: 0.2280, Hit Rate: 0.4664
Epoch 78/100 | Train Loss: 0.0204, Hit Rate: 0.8821 | Val Loss: 0.2171, Hit Rate: 0.4853
Epoch 79/100 | Train Loss: 0.0180, Hit Rate: 0.8983 | Val Loss: 0.2252, Hit Rate: 0.4748
Epoch 80/100 | Train Loss: 0.0278, Hit Rate: 0.8368 | Val Loss: 0.2384, Hit Rate: 0.4488
Epoch 81/100 | Train Loss: 0.0203, Hit Rate: 0.8808 | Val Loss: 0.2261, Hit Rate: 0.4771
Epoch 82/100 | Train Loss: 0.0136, Hit Rate: 0.9271 | Val Loss: 0.2215, Hit Rate: 0.5026
Epoch 83/100 | Train Loss: 0.0112, Hit Rate: 0.9428 | Val Loss: 0.2239, Hit Rate: 0.5086
Epoch 84/100 | Train Loss: 0.0155, Hit Rate: 0.9125 | Val Loss: 0.2423, Hit Rate: 0.4781
Epoch 85/100 | Train Loss: 0.0294, Hit Rate: 0.8272 | Val Loss: 0.2489, Hit Rate: 0.4353
Epoch 86/100 | Train Loss: 0.0234, Hit Rate: 0.8607 | Val Loss: 0.2479, Hit Rate: 0.4486
Epoch 87/100 | Train Loss: 0.0138, Hit Rate: 0.9231 | Val Loss: 0.2175, Hit Rate: 0.5126
Epoch 88/100 | Train Loss: 0.0090, Hit Rate: 0.9567 | Val Loss: 0.2236, Hit Rate: 0.5079
Epoch 89/100 | Train Loss: 0.0065, Hit Rate: 0.9746 | Val Loss: 0.2209, Hit Rate: 0.5179
Epoch 90/100 | Train Loss: 0.0047, Hit Rate: 0.9848 | Val Loss: 0.2290, Hit Rate: 0.5219
Epoch 91/100 | Train Loss: 0.0448, Hit Rate: 0.7674 | Val Loss: 0.2695, Hit Rate: 0.4130
Epoch 92/100 | Train Loss: 0.0282, Hit Rate: 0.8385 | Val Loss: 0.2221, Hit Rate: 0.5074
Epoch 93/100 | Train Loss: 0.0090, Hit Rate: 0.9565 | Val Loss: 0.2198, Hit Rate: 0.5188
Epoch 94/100 | Train Loss: 0.0045, Hit Rate: 0.9874 | Val Loss: 0.2167, Hit Rate: 0.5347
Epoch 95/100 | Train Loss: 0.0039, Hit Rate: 0.9896 | Val Loss: 0.2295, Hit Rate: 0.5141
Epoch 96/100 | Train Loss: 0.0175, Hit Rate: 0.9057 | Val Loss: 0.2936, Hit Rate: 0.3958
Epoch 97/100 | Train Loss: 0.0446, Hit Rate: 0.7580 | Val Loss: 0.2477, Hit Rate: 0.4493
Epoch 98/100 | Train Loss: 0.0148, Hit Rate: 0.9155 | Val Loss: 0.2183, Hit Rate: 0.5212
Epoch 99/100 | Train Loss: 0.0055, Hit Rate: 0.9791 | Val Loss: 0.2142, Hit Rate: 0.5318
Epoch 100/100 | Train Loss: 0.0022, Hit Rate: 0.9981 | Val Loss: 0.2088, Hit Rate: 0.5613

Best validation hit rate: 0.5613
