Using device: cuda
Loaded 24900 samples
Input vocab size: 4, Output vocab size: 6
Fold 2: train=19920, val=4980
Model: lstm, params=398,150
  cross_attn=enabled
Epoch 1/100 | Train Loss: 0.9084, Hit Rate: 0.0000 | Val Loss: 0.7157, Hit Rate: 0.0000
Epoch 2/100 | Train Loss: 0.6401, Hit Rate: 0.0008 | Val Loss: 0.5987, Hit Rate: 0.0000
Epoch 3/100 | Train Loss: 0.5505, Hit Rate: 0.0041 | Val Loss: 0.5233, Hit Rate: 0.0034
Epoch 4/100 | Train Loss: 0.4973, Hit Rate: 0.0070 | Val Loss: 0.4934, Hit Rate: 0.0056
Epoch 5/100 | Train Loss: 0.4540, Hit Rate: 0.0159 | Val Loss: 0.4429, Hit Rate: 0.0237
Epoch 6/100 | Train Loss: 0.4144, Hit Rate: 0.0249 | Val Loss: 0.4160, Hit Rate: 0.0246
Epoch 7/100 | Train Loss: 0.3802, Hit Rate: 0.0406 | Val Loss: 0.3821, Hit Rate: 0.0408
Epoch 8/100 | Train Loss: 0.3531, Hit Rate: 0.0587 | Val Loss: 0.3537, Hit Rate: 0.0717
Epoch 9/100 | Train Loss: 0.3312, Hit Rate: 0.0731 | Val Loss: 0.3440, Hit Rate: 0.0718
Epoch 10/100 | Train Loss: 0.3085, Hit Rate: 0.0991 | Val Loss: 0.3221, Hit Rate: 0.0930
Epoch 11/100 | Train Loss: 0.2899, Hit Rate: 0.1203 | Val Loss: 0.3084, Hit Rate: 0.1078
Epoch 12/100 | Train Loss: 0.2709, Hit Rate: 0.1413 | Val Loss: 0.2923, Hit Rate: 0.1288
Epoch 13/100 | Train Loss: 0.2566, Hit Rate: 0.1690 | Val Loss: 0.2725, Hit Rate: 0.1475
Epoch 14/100 | Train Loss: 0.2408, Hit Rate: 0.1909 | Val Loss: 0.2659, Hit Rate: 0.1629
Epoch 15/100 | Train Loss: 0.2267, Hit Rate: 0.2154 | Val Loss: 0.2514, Hit Rate: 0.1909
Epoch 16/100 | Train Loss: 0.2154, Hit Rate: 0.2370 | Val Loss: 0.2507, Hit Rate: 0.1902
Epoch 17/100 | Train Loss: 0.2031, Hit Rate: 0.2588 | Val Loss: 0.2526, Hit Rate: 0.1847
Epoch 18/100 | Train Loss: 0.1920, Hit Rate: 0.2888 | Val Loss: 0.2295, Hit Rate: 0.2315
Epoch 19/100 | Train Loss: 0.1845, Hit Rate: 0.3027 | Val Loss: 0.2269, Hit Rate: 0.2352
Epoch 20/100 | Train Loss: 0.1732, Hit Rate: 0.3284 | Val Loss: 0.2305, Hit Rate: 0.2226
Epoch 21/100 | Train Loss: 0.1664, Hit Rate: 0.3475 | Val Loss: 0.2182, Hit Rate: 0.2649
Epoch 22/100 | Train Loss: 0.1566, Hit Rate: 0.3716 | Val Loss: 0.2195, Hit Rate: 0.2486
Epoch 23/100 | Train Loss: 0.1487, Hit Rate: 0.3951 | Val Loss: 0.2107, Hit Rate: 0.2748
Epoch 24/100 | Train Loss: 0.1418, Hit Rate: 0.4087 | Val Loss: 0.2013, Hit Rate: 0.2958
Epoch 25/100 | Train Loss: 0.1347, Hit Rate: 0.4272 | Val Loss: 0.2031, Hit Rate: 0.3049
Epoch 26/100 | Train Loss: 0.1285, Hit Rate: 0.4448 | Val Loss: 0.2060, Hit Rate: 0.2971
Epoch 27/100 | Train Loss: 0.1217, Hit Rate: 0.4694 | Val Loss: 0.2024, Hit Rate: 0.2974
Epoch 28/100 | Train Loss: 0.1170, Hit Rate: 0.4824 | Val Loss: 0.2080, Hit Rate: 0.3041
Epoch 29/100 | Train Loss: 0.1110, Hit Rate: 0.5026 | Val Loss: 0.1940, Hit Rate: 0.3356
Epoch 30/100 | Train Loss: 0.1049, Hit Rate: 0.5250 | Val Loss: 0.1925, Hit Rate: 0.3466
Epoch 31/100 | Train Loss: 0.1006, Hit Rate: 0.5358 | Val Loss: 0.1894, Hit Rate: 0.3450
Epoch 32/100 | Train Loss: 0.0969, Hit Rate: 0.5471 | Val Loss: 0.1910, Hit Rate: 0.3468
Epoch 33/100 | Train Loss: 0.0921, Hit Rate: 0.5672 | Val Loss: 0.1911, Hit Rate: 0.3647
Epoch 34/100 | Train Loss: 0.0840, Hit Rate: 0.5994 | Val Loss: 0.1935, Hit Rate: 0.3597
Epoch 35/100 | Train Loss: 0.0834, Hit Rate: 0.5993 | Val Loss: 0.1912, Hit Rate: 0.3681
Epoch 36/100 | Train Loss: 0.0777, Hit Rate: 0.6229 | Val Loss: 0.1902, Hit Rate: 0.3700
Epoch 37/100 | Train Loss: 0.0753, Hit Rate: 0.6259 | Val Loss: 0.1880, Hit Rate: 0.3907
Epoch 38/100 | Train Loss: 0.0731, Hit Rate: 0.6382 | Val Loss: 0.1874, Hit Rate: 0.3863
Epoch 39/100 | Train Loss: 0.0674, Hit Rate: 0.6638 | Val Loss: 0.1984, Hit Rate: 0.3686
Epoch 40/100 | Train Loss: 0.0647, Hit Rate: 0.6761 | Val Loss: 0.1954, Hit Rate: 0.3869
Epoch 41/100 | Train Loss: 0.0627, Hit Rate: 0.6807 | Val Loss: 0.1923, Hit Rate: 0.4016
Epoch 42/100 | Train Loss: 0.0581, Hit Rate: 0.7050 | Val Loss: 0.1877, Hit Rate: 0.4151
Epoch 43/100 | Train Loss: 0.0580, Hit Rate: 0.7045 | Val Loss: 0.1977, Hit Rate: 0.3806
Epoch 44/100 | Train Loss: 0.0537, Hit Rate: 0.7258 | Val Loss: 0.1901, Hit Rate: 0.4222
Epoch 45/100 | Train Loss: 0.0505, Hit Rate: 0.7402 | Val Loss: 0.1934, Hit Rate: 0.4106
Epoch 46/100 | Train Loss: 0.0490, Hit Rate: 0.7437 | Val Loss: 0.1985, Hit Rate: 0.4108
Epoch 47/100 | Train Loss: 0.0492, Hit Rate: 0.7399 | Val Loss: 0.1971, Hit Rate: 0.4046
Epoch 48/100 | Train Loss: 0.0474, Hit Rate: 0.7473 | Val Loss: 0.1948, Hit Rate: 0.4177
Epoch 49/100 | Train Loss: 0.0443, Hit Rate: 0.7660 | Val Loss: 0.1998, Hit Rate: 0.4164
Epoch 50/100 | Train Loss: 0.0410, Hit Rate: 0.7798 | Val Loss: 0.2054, Hit Rate: 0.4120
Epoch 51/100 | Train Loss: 0.0408, Hit Rate: 0.7815 | Val Loss: 0.2037, Hit Rate: 0.4175
Epoch 52/100 | Train Loss: 0.0384, Hit Rate: 0.7959 | Val Loss: 0.2054, Hit Rate: 0.4191
Epoch 53/100 | Train Loss: 0.0373, Hit Rate: 0.7983 | Val Loss: 0.2034, Hit Rate: 0.4240
Epoch 54/100 | Train Loss: 0.0331, Hit Rate: 0.8213 | Val Loss: 0.2244, Hit Rate: 0.3914
Epoch 55/100 | Train Loss: 0.0384, Hit Rate: 0.7868 | Val Loss: 0.2139, Hit Rate: 0.4162
Epoch 56/100 | Train Loss: 0.0349, Hit Rate: 0.8087 | Val Loss: 0.2098, Hit Rate: 0.4414
Epoch 57/100 | Train Loss: 0.0298, Hit Rate: 0.8416 | Val Loss: 0.2171, Hit Rate: 0.4312
Epoch 58/100 | Train Loss: 0.0353, Hit Rate: 0.8028 | Val Loss: 0.2155, Hit Rate: 0.4298
Epoch 59/100 | Train Loss: 0.0300, Hit Rate: 0.8375 | Val Loss: 0.2104, Hit Rate: 0.4360
Epoch 60/100 | Train Loss: 0.0279, Hit Rate: 0.8473 | Val Loss: 0.2144, Hit Rate: 0.4420
Epoch 61/100 | Train Loss: 0.0267, Hit Rate: 0.8537 | Val Loss: 0.2087, Hit Rate: 0.4536
Epoch 62/100 | Train Loss: 0.0250, Hit Rate: 0.8680 | Val Loss: 0.2127, Hit Rate: 0.4542
Epoch 63/100 | Train Loss: 0.0292, Hit Rate: 0.8354 | Val Loss: 0.2184, Hit Rate: 0.4289
Epoch 64/100 | Train Loss: 0.0299, Hit Rate: 0.8310 | Val Loss: 0.2060, Hit Rate: 0.4607
Epoch 65/100 | Train Loss: 0.0221, Hit Rate: 0.8818 | Val Loss: 0.2174, Hit Rate: 0.4508
Epoch 66/100 | Train Loss: 0.0269, Hit Rate: 0.8459 | Val Loss: 0.2129, Hit Rate: 0.4558
Epoch 67/100 | Train Loss: 0.0197, Hit Rate: 0.8944 | Val Loss: 0.2209, Hit Rate: 0.4538
Epoch 68/100 | Train Loss: 0.0226, Hit Rate: 0.8737 | Val Loss: 0.2260, Hit Rate: 0.4348
Epoch 69/100 | Train Loss: 0.0290, Hit Rate: 0.8323 | Val Loss: 0.2213, Hit Rate: 0.4460
Epoch 70/100 | Train Loss: 0.0263, Hit Rate: 0.8511 | Val Loss: 0.2084, Hit Rate: 0.4708
Epoch 71/100 | Train Loss: 0.0195, Hit Rate: 0.8948 | Val Loss: 0.2158, Hit Rate: 0.4704
Epoch 72/100 | Train Loss: 0.0147, Hit Rate: 0.9265 | Val Loss: 0.2223, Hit Rate: 0.4651
Epoch 73/100 | Train Loss: 0.0207, Hit Rate: 0.8816 | Val Loss: 0.2307, Hit Rate: 0.4435
Epoch 74/100 | Train Loss: 0.0281, Hit Rate: 0.8371 | Val Loss: 0.2456, Hit Rate: 0.4227
Epoch 75/100 | Train Loss: 0.0301, Hit Rate: 0.8302 | Val Loss: 0.2159, Hit Rate: 0.4786
Epoch 76/100 | Train Loss: 0.0128, Hit Rate: 0.9387 | Val Loss: 0.2174, Hit Rate: 0.4829
Epoch 77/100 | Train Loss: 0.0100, Hit Rate: 0.9566 | Val Loss: 0.2161, Hit Rate: 0.4934
Epoch 78/100 | Train Loss: 0.0153, Hit Rate: 0.9178 | Val Loss: 0.2584, Hit Rate: 0.4147
Epoch 79/100 | Train Loss: 0.0344, Hit Rate: 0.7988 | Val Loss: 0.2370, Hit Rate: 0.4388
Epoch 80/100 | Train Loss: 0.0221, Hit Rate: 0.8717 | Val Loss: 0.2183, Hit Rate: 0.4810
Epoch 81/100 | Train Loss: 0.0103, Hit Rate: 0.9538 | Val Loss: 0.2192, Hit Rate: 0.4984
Epoch 82/100 | Train Loss: 0.0086, Hit Rate: 0.9642 | Val Loss: 0.2236, Hit Rate: 0.4879
Epoch 83/100 | Train Loss: 0.0126, Hit Rate: 0.9349 | Val Loss: 0.2506, Hit Rate: 0.4415
Epoch 84/100 | Train Loss: 0.0384, Hit Rate: 0.7808 | Val Loss: 0.2516, Hit Rate: 0.4290
Epoch 85/100 | Train Loss: 0.0279, Hit Rate: 0.8371 | Val Loss: 0.2397, Hit Rate: 0.4495
Epoch 86/100 | Train Loss: 0.0114, Hit Rate: 0.9412 | Val Loss: 0.2161, Hit Rate: 0.5039
Epoch 87/100 | Train Loss: 0.0049, Hit Rate: 0.9877 | Val Loss: 0.2112, Hit Rate: 0.5256
Epoch 88/100 | Train Loss: 0.0024, Hit Rate: 0.9987 | Val Loss: 0.2075, Hit Rate: 0.5457
Epoch 89/100 | Train Loss: 0.0016, Hit Rate: 0.9998 | Val Loss: 0.2108, Hit Rate: 0.5473
Epoch 90/100 | Train Loss: 0.0013, Hit Rate: 0.9999 | Val Loss: 0.2141, Hit Rate: 0.5435
Epoch 91/100 | Train Loss: 0.0011, Hit Rate: 0.9999 | Val Loss: 0.2178, Hit Rate: 0.5409
Epoch 92/100 | Train Loss: 0.0010, Hit Rate: 0.9999 | Val Loss: 0.2223, Hit Rate: 0.5399
Epoch 93/100 | Train Loss: 0.0934, Hit Rate: 0.6882 | Val Loss: 0.2630, Hit Rate: 0.3693
Epoch 94/100 | Train Loss: 0.0362, Hit Rate: 0.7944 | Val Loss: 0.2176, Hit Rate: 0.4833
Epoch 95/100 | Train Loss: 0.0112, Hit Rate: 0.9457 | Val Loss: 0.2132, Hit Rate: 0.5064
Epoch 96/100 | Train Loss: 0.0051, Hit Rate: 0.9877 | Val Loss: 0.2046, Hit Rate: 0.5290
Epoch 97/100 | Train Loss: 0.0026, Hit Rate: 0.9987 | Val Loss: 0.2052, Hit Rate: 0.5415
Epoch 98/100 | Train Loss: 0.0017, Hit Rate: 0.9999 | Val Loss: 0.2059, Hit Rate: 0.5445
Epoch 99/100 | Train Loss: 0.0013, Hit Rate: 1.0000 | Val Loss: 0.2097, Hit Rate: 0.5464
Epoch 100/100 | Train Loss: 0.0011, Hit Rate: 1.0000 | Val Loss: 0.2124, Hit Rate: 0.5473

Best validation hit rate: 0.5473
