Using device: cuda
Loaded 24900 samples
Input vocab size: 4, Output vocab size: 6
Fold 0: train=19920, val=4980
Model: lstm, params=381,382
Epoch 1/100 | Train Loss: 0.9055, Hit Rate: 0.0000 | Val Loss: 0.7571, Hit Rate: 0.0000
Epoch 2/100 | Train Loss: 0.6980, Hit Rate: 0.0000 | Val Loss: 0.6794, Hit Rate: 0.0000
Epoch 3/100 | Train Loss: 0.6241, Hit Rate: 0.0006 | Val Loss: 0.6062, Hit Rate: 0.0000
Epoch 4/100 | Train Loss: 0.5448, Hit Rate: 0.0013 | Val Loss: 0.5318, Hit Rate: 0.0026
Epoch 5/100 | Train Loss: 0.4975, Hit Rate: 0.0040 | Val Loss: 0.5205, Hit Rate: 0.0000
Epoch 6/100 | Train Loss: 0.4617, Hit Rate: 0.0086 | Val Loss: 0.4731, Hit Rate: 0.0114
Epoch 7/100 | Train Loss: 0.4354, Hit Rate: 0.0147 | Val Loss: 0.4684, Hit Rate: 0.0060
Epoch 8/100 | Train Loss: 0.4054, Hit Rate: 0.0225 | Val Loss: 0.4317, Hit Rate: 0.0124
Epoch 9/100 | Train Loss: 0.3818, Hit Rate: 0.0307 | Val Loss: 0.4159, Hit Rate: 0.0172
Epoch 10/100 | Train Loss: 0.3610, Hit Rate: 0.0422 | Val Loss: 0.4057, Hit Rate: 0.0178
Epoch 11/100 | Train Loss: 0.3407, Hit Rate: 0.0539 | Val Loss: 0.3874, Hit Rate: 0.0300
Epoch 12/100 | Train Loss: 0.3227, Hit Rate: 0.0679 | Val Loss: 0.3899, Hit Rate: 0.0304
Epoch 13/100 | Train Loss: 0.3092, Hit Rate: 0.0825 | Val Loss: 0.3696, Hit Rate: 0.0280
Epoch 14/100 | Train Loss: 0.2945, Hit Rate: 0.0973 | Val Loss: 0.3658, Hit Rate: 0.0363
Epoch 15/100 | Train Loss: 0.2814, Hit Rate: 0.1110 | Val Loss: 0.3532, Hit Rate: 0.0363
Epoch 16/100 | Train Loss: 0.2696, Hit Rate: 0.1257 | Val Loss: 0.3461, Hit Rate: 0.0443
Epoch 17/100 | Train Loss: 0.2575, Hit Rate: 0.1417 | Val Loss: 0.3488, Hit Rate: 0.0433
Epoch 18/100 | Train Loss: 0.2488, Hit Rate: 0.1551 | Val Loss: 0.3542, Hit Rate: 0.0445
Epoch 19/100 | Train Loss: 0.2390, Hit Rate: 0.1765 | Val Loss: 0.3415, Hit Rate: 0.0515
Epoch 20/100 | Train Loss: 0.2283, Hit Rate: 0.1922 | Val Loss: 0.3401, Hit Rate: 0.0547
Epoch 21/100 | Train Loss: 0.2200, Hit Rate: 0.2098 | Val Loss: 0.3361, Hit Rate: 0.0487
Epoch 22/100 | Train Loss: 0.2155, Hit Rate: 0.2150 | Val Loss: 0.3288, Hit Rate: 0.0662
Epoch 23/100 | Train Loss: 0.2067, Hit Rate: 0.2334 | Val Loss: 0.3325, Hit Rate: 0.0621
Epoch 24/100 | Train Loss: 0.1979, Hit Rate: 0.2527 | Val Loss: 0.3443, Hit Rate: 0.0539
Epoch 25/100 | Train Loss: 0.1905, Hit Rate: 0.2704 | Val Loss: 0.3360, Hit Rate: 0.0645
Epoch 26/100 | Train Loss: 0.1848, Hit Rate: 0.2820 | Val Loss: 0.3270, Hit Rate: 0.0710
Epoch 27/100 | Train Loss: 0.1780, Hit Rate: 0.2935 | Val Loss: 0.3277, Hit Rate: 0.0730
Epoch 28/100 | Train Loss: 0.1706, Hit Rate: 0.3154 | Val Loss: 0.3286, Hit Rate: 0.0738
Epoch 29/100 | Train Loss: 0.1654, Hit Rate: 0.3253 | Val Loss: 0.3332, Hit Rate: 0.0728
Epoch 30/100 | Train Loss: 0.1606, Hit Rate: 0.3416 | Val Loss: 0.3323, Hit Rate: 0.0712
Epoch 31/100 | Train Loss: 0.1552, Hit Rate: 0.3547 | Val Loss: 0.3255, Hit Rate: 0.0744
Epoch 32/100 | Train Loss: 0.1494, Hit Rate: 0.3669 | Val Loss: 0.3346, Hit Rate: 0.0758
Epoch 33/100 | Train Loss: 0.1440, Hit Rate: 0.3851 | Val Loss: 0.3447, Hit Rate: 0.0822
Epoch 34/100 | Train Loss: 0.1393, Hit Rate: 0.4028 | Val Loss: 0.3467, Hit Rate: 0.0860
Epoch 35/100 | Train Loss: 0.1350, Hit Rate: 0.4194 | Val Loss: 0.3534, Hit Rate: 0.0801
Epoch 36/100 | Train Loss: 0.1305, Hit Rate: 0.4288 | Val Loss: 0.3365, Hit Rate: 0.1007
Epoch 37/100 | Train Loss: 0.1260, Hit Rate: 0.4425 | Val Loss: 0.3722, Hit Rate: 0.0637
Epoch 38/100 | Train Loss: 0.1220, Hit Rate: 0.4500 | Val Loss: 0.3587, Hit Rate: 0.0793
Epoch 39/100 | Train Loss: 0.1179, Hit Rate: 0.4692 | Val Loss: 0.3641, Hit Rate: 0.0761
Epoch 40/100 | Train Loss: 0.1156, Hit Rate: 0.4779 | Val Loss: 0.3469, Hit Rate: 0.0959
Epoch 41/100 | Train Loss: 0.1113, Hit Rate: 0.4868 | Val Loss: 0.3566, Hit Rate: 0.1023
Epoch 42/100 | Train Loss: 0.1052, Hit Rate: 0.5105 | Val Loss: 0.3549, Hit Rate: 0.0993
Epoch 43/100 | Train Loss: 0.1019, Hit Rate: 0.5205 | Val Loss: 0.3500, Hit Rate: 0.1053
Epoch 44/100 | Train Loss: 0.0979, Hit Rate: 0.5400 | Val Loss: 0.3688, Hit Rate: 0.0971
Epoch 45/100 | Train Loss: 0.0975, Hit Rate: 0.5343 | Val Loss: 0.3730, Hit Rate: 0.0897
Epoch 46/100 | Train Loss: 0.0926, Hit Rate: 0.5573 | Val Loss: 0.3695, Hit Rate: 0.1008
Epoch 47/100 | Train Loss: 0.0879, Hit Rate: 0.5784 | Val Loss: 0.3785, Hit Rate: 0.0950
Epoch 48/100 | Train Loss: 0.0869, Hit Rate: 0.5766 | Val Loss: 0.3805, Hit Rate: 0.0960
Epoch 49/100 | Train Loss: 0.0848, Hit Rate: 0.5862 | Val Loss: 0.3816, Hit Rate: 0.1011
Epoch 50/100 | Train Loss: 0.0814, Hit Rate: 0.5964 | Val Loss: 0.3964, Hit Rate: 0.0905
Epoch 51/100 | Train Loss: 0.0801, Hit Rate: 0.6029 | Val Loss: 0.4070, Hit Rate: 0.0932
Epoch 52/100 | Train Loss: 0.0771, Hit Rate: 0.6161 | Val Loss: 0.3963, Hit Rate: 0.0997
Epoch 53/100 | Train Loss: 0.0742, Hit Rate: 0.6258 | Val Loss: 0.4020, Hit Rate: 0.1019
Epoch 54/100 | Train Loss: 0.0719, Hit Rate: 0.6365 | Val Loss: 0.4129, Hit Rate: 0.0893
Epoch 55/100 | Train Loss: 0.0681, Hit Rate: 0.6549 | Val Loss: 0.4218, Hit Rate: 0.0898
Epoch 56/100 | Train Loss: 0.0661, Hit Rate: 0.6623 | Val Loss: 0.4236, Hit Rate: 0.0878
Epoch 57/100 | Train Loss: 0.0650, Hit Rate: 0.6679 | Val Loss: 0.4348, Hit Rate: 0.0941
Epoch 58/100 | Train Loss: 0.0623, Hit Rate: 0.6786 | Val Loss: 0.4248, Hit Rate: 0.0979
Epoch 59/100 | Train Loss: 0.0609, Hit Rate: 0.6853 | Val Loss: 0.4382, Hit Rate: 0.0933
Epoch 60/100 | Train Loss: 0.0590, Hit Rate: 0.6866 | Val Loss: 0.4485, Hit Rate: 0.0945
Epoch 61/100 | Train Loss: 0.0565, Hit Rate: 0.7038 | Val Loss: 0.4669, Hit Rate: 0.0808
Epoch 62/100 | Train Loss: 0.0556, Hit Rate: 0.7128 | Val Loss: 0.4562, Hit Rate: 0.0860
Epoch 63/100 | Train Loss: 0.0521, Hit Rate: 0.7284 | Val Loss: 0.4640, Hit Rate: 0.0906
Epoch 64/100 | Train Loss: 0.0514, Hit Rate: 0.7246 | Val Loss: 0.4596, Hit Rate: 0.0977
Epoch 65/100 | Train Loss: 0.0476, Hit Rate: 0.7502 | Val Loss: 0.4696, Hit Rate: 0.0917
Epoch 66/100 | Train Loss: 0.0496, Hit Rate: 0.7341 | Val Loss: 0.4882, Hit Rate: 0.0934
Epoch 67/100 | Train Loss: 0.0469, Hit Rate: 0.7521 | Val Loss: 0.4763, Hit Rate: 0.0972
Epoch 68/100 | Train Loss: 0.0441, Hit Rate: 0.7649 | Val Loss: 0.4844, Hit Rate: 0.0877
Epoch 69/100 | Train Loss: 0.0484, Hit Rate: 0.7377 | Val Loss: 0.5015, Hit Rate: 0.0881
Epoch 70/100 | Train Loss: 0.0459, Hit Rate: 0.7539 | Val Loss: 0.5086, Hit Rate: 0.0916
Epoch 71/100 | Train Loss: 0.0379, Hit Rate: 0.8007 | Val Loss: 0.5096, Hit Rate: 0.0922
Epoch 72/100 | Train Loss: 0.0413, Hit Rate: 0.7751 | Val Loss: 0.5057, Hit Rate: 0.0877
Epoch 73/100 | Train Loss: 0.0415, Hit Rate: 0.7772 | Val Loss: 0.5168, Hit Rate: 0.0865
Epoch 74/100 | Train Loss: 0.0367, Hit Rate: 0.8026 | Val Loss: 0.5227, Hit Rate: 0.0901
Epoch 75/100 | Train Loss: 0.0325, Hit Rate: 0.8269 | Val Loss: 0.5413, Hit Rate: 0.0945
Epoch 76/100 | Train Loss: 0.0391, Hit Rate: 0.7850 | Val Loss: 0.5298, Hit Rate: 0.0890
Epoch 77/100 | Train Loss: 0.0388, Hit Rate: 0.7890 | Val Loss: 0.5291, Hit Rate: 0.0903
Epoch 78/100 | Train Loss: 0.0348, Hit Rate: 0.8121 | Val Loss: 0.5464, Hit Rate: 0.0889
Epoch 79/100 | Train Loss: 0.0385, Hit Rate: 0.7906 | Val Loss: 0.5460, Hit Rate: 0.0957
Epoch 80/100 | Train Loss: 0.0309, Hit Rate: 0.8360 | Val Loss: 0.5493, Hit Rate: 0.1003
Epoch 81/100 | Train Loss: 0.0286, Hit Rate: 0.8490 | Val Loss: 0.5587, Hit Rate: 0.0903
Epoch 82/100 | Train Loss: 0.0330, Hit Rate: 0.8167 | Val Loss: 0.5661, Hit Rate: 0.0969
Epoch 83/100 | Train Loss: 0.0310, Hit Rate: 0.8306 | Val Loss: 0.5831, Hit Rate: 0.0842
Epoch 84/100 | Train Loss: 0.0291, Hit Rate: 0.8438 | Val Loss: 0.5696, Hit Rate: 0.0939
Epoch 85/100 | Train Loss: 0.0276, Hit Rate: 0.8533 | Val Loss: 0.5854, Hit Rate: 0.0864
Epoch 86/100 | Train Loss: 0.0281, Hit Rate: 0.8452 | Val Loss: 0.5798, Hit Rate: 0.0885
Epoch 87/100 | Train Loss: 0.0306, Hit Rate: 0.8323 | Val Loss: 0.5728, Hit Rate: 0.0886
Epoch 88/100 | Train Loss: 0.0231, Hit Rate: 0.8785 | Val Loss: 0.5821, Hit Rate: 0.0981
Epoch 89/100 | Train Loss: 0.0230, Hit Rate: 0.8778 | Val Loss: 0.5994, Hit Rate: 0.0912
Epoch 90/100 | Train Loss: 0.0280, Hit Rate: 0.8423 | Val Loss: 0.6076, Hit Rate: 0.0865
Epoch 91/100 | Train Loss: 0.0257, Hit Rate: 0.8579 | Val Loss: 0.6003, Hit Rate: 0.0990
Epoch 92/100 | Train Loss: 0.0282, Hit Rate: 0.8409 | Val Loss: 0.6450, Hit Rate: 0.0829
Epoch 93/100 | Train Loss: 0.0255, Hit Rate: 0.8556 | Val Loss: 0.6201, Hit Rate: 0.0920
Epoch 94/100 | Train Loss: 0.0210, Hit Rate: 0.8903 | Val Loss: 0.6126, Hit Rate: 0.0918
Epoch 95/100 | Train Loss: 0.0178, Hit Rate: 0.9136 | Val Loss: 0.6229, Hit Rate: 0.0937
Epoch 96/100 | Train Loss: 0.0303, Hit Rate: 0.8268 | Val Loss: 0.6102, Hit Rate: 0.0945
Epoch 97/100 | Train Loss: 0.0218, Hit Rate: 0.8809 | Val Loss: 0.6147, Hit Rate: 0.0993
Epoch 98/100 | Train Loss: 0.0172, Hit Rate: 0.9142 | Val Loss: 0.6307, Hit Rate: 0.0912
Epoch 99/100 | Train Loss: 0.0216, Hit Rate: 0.8799 | Val Loss: 0.6508, Hit Rate: 0.0913
Epoch 100/100 | Train Loss: 0.0261, Hit Rate: 0.8507 | Val Loss: 0.6483, Hit Rate: 0.0944

Best validation hit rate: 0.1053
