Using device: cuda
Loaded 24900 samples
Input vocab size: 4, Output vocab size: 6
Fold 0: train=19920, val=4980
Model: rnn, params=125,510
  cross_attn=enabled
Epoch 1/100 | Train Loss: 0.9741, Hit Rate: 0.0000 | Val Loss: 0.7730, Hit Rate: 0.0000
Epoch 2/100 | Train Loss: 0.6675, Hit Rate: 0.0008 | Val Loss: 0.6062, Hit Rate: 0.0024
Epoch 3/100 | Train Loss: 0.5682, Hit Rate: 0.0037 | Val Loss: 0.5604, Hit Rate: 0.0024
Epoch 4/100 | Train Loss: 0.5112, Hit Rate: 0.0071 | Val Loss: 0.4947, Hit Rate: 0.0076
Epoch 5/100 | Train Loss: 0.4693, Hit Rate: 0.0128 | Val Loss: 0.4736, Hit Rate: 0.0133
Epoch 6/100 | Train Loss: 0.4413, Hit Rate: 0.0206 | Val Loss: 0.4459, Hit Rate: 0.0263
Epoch 7/100 | Train Loss: 0.4130, Hit Rate: 0.0321 | Val Loss: 0.4152, Hit Rate: 0.0254
Epoch 8/100 | Train Loss: 0.3919, Hit Rate: 0.0419 | Val Loss: 0.3955, Hit Rate: 0.0427
Epoch 9/100 | Train Loss: 0.3700, Hit Rate: 0.0526 | Val Loss: 0.3819, Hit Rate: 0.0575
Epoch 10/100 | Train Loss: 0.3532, Hit Rate: 0.0678 | Val Loss: 0.3608, Hit Rate: 0.0677
Epoch 11/100 | Train Loss: 0.3358, Hit Rate: 0.0806 | Val Loss: 0.3429, Hit Rate: 0.0917
Epoch 12/100 | Train Loss: 0.3214, Hit Rate: 0.0939 | Val Loss: 0.3329, Hit Rate: 0.0908
Epoch 13/100 | Train Loss: 0.3126, Hit Rate: 0.1039 | Val Loss: 0.3320, Hit Rate: 0.0878
Epoch 14/100 | Train Loss: 0.3027, Hit Rate: 0.1172 | Val Loss: 0.3274, Hit Rate: 0.0912
Epoch 15/100 | Train Loss: 0.2873, Hit Rate: 0.1357 | Val Loss: 0.3020, Hit Rate: 0.1401
Epoch 16/100 | Train Loss: 0.2797, Hit Rate: 0.1448 | Val Loss: 0.3090, Hit Rate: 0.1224
Epoch 17/100 | Train Loss: 0.2685, Hit Rate: 0.1566 | Val Loss: 0.2957, Hit Rate: 0.1339
Epoch 18/100 | Train Loss: 0.2605, Hit Rate: 0.1752 | Val Loss: 0.2983, Hit Rate: 0.1551
Epoch 19/100 | Train Loss: 0.2539, Hit Rate: 0.1868 | Val Loss: 0.2831, Hit Rate: 0.1583
Epoch 20/100 | Train Loss: 0.2465, Hit Rate: 0.1994 | Val Loss: 0.2804, Hit Rate: 0.1724
Epoch 21/100 | Train Loss: 0.2403, Hit Rate: 0.2036 | Val Loss: 0.2744, Hit Rate: 0.1820
Epoch 22/100 | Train Loss: 0.2367, Hit Rate: 0.2133 | Val Loss: 0.2773, Hit Rate: 0.1662
Epoch 23/100 | Train Loss: 0.2251, Hit Rate: 0.2322 | Val Loss: 0.2728, Hit Rate: 0.1827
Epoch 24/100 | Train Loss: 0.2226, Hit Rate: 0.2423 | Val Loss: 0.2848, Hit Rate: 0.1698
Epoch 25/100 | Train Loss: 0.2165, Hit Rate: 0.2483 | Val Loss: 0.2666, Hit Rate: 0.1787
Epoch 26/100 | Train Loss: 0.2108, Hit Rate: 0.2589 | Val Loss: 0.2677, Hit Rate: 0.1886
Epoch 27/100 | Train Loss: 0.2066, Hit Rate: 0.2673 | Val Loss: 0.2575, Hit Rate: 0.2107
Epoch 28/100 | Train Loss: 0.2030, Hit Rate: 0.2751 | Val Loss: 0.2559, Hit Rate: 0.2209
Epoch 29/100 | Train Loss: 0.1984, Hit Rate: 0.2894 | Val Loss: 0.2551, Hit Rate: 0.2097
Epoch 30/100 | Train Loss: 0.1947, Hit Rate: 0.2918 | Val Loss: 0.2500, Hit Rate: 0.2257
Epoch 31/100 | Train Loss: 0.1884, Hit Rate: 0.3093 | Val Loss: 0.2526, Hit Rate: 0.2234
Epoch 32/100 | Train Loss: 0.1864, Hit Rate: 0.3134 | Val Loss: 0.2462, Hit Rate: 0.2345
Epoch 33/100 | Train Loss: 0.1843, Hit Rate: 0.3141 | Val Loss: 0.2422, Hit Rate: 0.2426
Epoch 34/100 | Train Loss: 0.1788, Hit Rate: 0.3285 | Val Loss: 0.2523, Hit Rate: 0.2338
Epoch 35/100 | Train Loss: 0.1747, Hit Rate: 0.3415 | Val Loss: 0.2395, Hit Rate: 0.2619
Epoch 36/100 | Train Loss: 0.1758, Hit Rate: 0.3369 | Val Loss: 0.2407, Hit Rate: 0.2487
Epoch 37/100 | Train Loss: 0.1723, Hit Rate: 0.3452 | Val Loss: 0.2507, Hit Rate: 0.2494
Epoch 38/100 | Train Loss: 0.1666, Hit Rate: 0.3570 | Val Loss: 0.2486, Hit Rate: 0.2472
Epoch 39/100 | Train Loss: 0.1647, Hit Rate: 0.3610 | Val Loss: 0.2349, Hit Rate: 0.2551
Epoch 40/100 | Train Loss: 0.1604, Hit Rate: 0.3709 | Val Loss: 0.2363, Hit Rate: 0.2702
Epoch 41/100 | Train Loss: 0.1591, Hit Rate: 0.3739 | Val Loss: 0.2378, Hit Rate: 0.2621
Epoch 42/100 | Train Loss: 0.1540, Hit Rate: 0.3869 | Val Loss: 0.2367, Hit Rate: 0.2683
Epoch 43/100 | Train Loss: 0.1520, Hit Rate: 0.3932 | Val Loss: 0.2364, Hit Rate: 0.2733
Epoch 44/100 | Train Loss: 0.1501, Hit Rate: 0.4008 | Val Loss: 0.2389, Hit Rate: 0.2714
Epoch 45/100 | Train Loss: 0.1477, Hit Rate: 0.4003 | Val Loss: 0.2300, Hit Rate: 0.2817
Epoch 46/100 | Train Loss: 0.1498, Hit Rate: 0.3999 | Val Loss: 0.2308, Hit Rate: 0.2764
Epoch 47/100 | Train Loss: 0.1452, Hit Rate: 0.4140 | Val Loss: 0.2787, Hit Rate: 0.2228
Epoch 48/100 | Train Loss: 0.1445, Hit Rate: 0.4099 | Val Loss: 0.2423, Hit Rate: 0.2631
Epoch 49/100 | Train Loss: 0.1414, Hit Rate: 0.4199 | Val Loss: 0.2471, Hit Rate: 0.2646
Epoch 50/100 | Train Loss: 0.1365, Hit Rate: 0.4387 | Val Loss: 0.2302, Hit Rate: 0.3065
Epoch 51/100 | Train Loss: 0.1343, Hit Rate: 0.4399 | Val Loss: 0.2356, Hit Rate: 0.2929
Epoch 52/100 | Train Loss: 0.1322, Hit Rate: 0.4451 | Val Loss: 0.2305, Hit Rate: 0.2964
Epoch 53/100 | Train Loss: 0.1372, Hit Rate: 0.4300 | Val Loss: 0.2644, Hit Rate: 0.2562
Epoch 54/100 | Train Loss: 0.1354, Hit Rate: 0.4359 | Val Loss: 0.2350, Hit Rate: 0.2860
Epoch 55/100 | Train Loss: 0.1264, Hit Rate: 0.4628 | Val Loss: 0.2293, Hit Rate: 0.3069
Epoch 56/100 | Train Loss: 0.1256, Hit Rate: 0.4626 | Val Loss: 0.2391, Hit Rate: 0.2845
Epoch 57/100 | Train Loss: 0.1259, Hit Rate: 0.4642 | Val Loss: 0.2332, Hit Rate: 0.2995
Epoch 58/100 | Train Loss: 0.1276, Hit Rate: 0.4549 | Val Loss: 0.2467, Hit Rate: 0.2846
Epoch 59/100 | Train Loss: 0.1206, Hit Rate: 0.4792 | Val Loss: 0.2332, Hit Rate: 0.3050
Epoch 60/100 | Train Loss: 0.1242, Hit Rate: 0.4600 | Val Loss: 0.2398, Hit Rate: 0.2951
Epoch 61/100 | Train Loss: 0.1194, Hit Rate: 0.4778 | Val Loss: 0.2383, Hit Rate: 0.2965
Epoch 62/100 | Train Loss: 0.1196, Hit Rate: 0.4763 | Val Loss: 0.2375, Hit Rate: 0.3085
Epoch 63/100 | Train Loss: 0.1217, Hit Rate: 0.4767 | Val Loss: 0.2507, Hit Rate: 0.2763
Epoch 64/100 | Train Loss: 0.1161, Hit Rate: 0.4890 | Val Loss: 0.2354, Hit Rate: 0.2995
Epoch 65/100 | Train Loss: 0.1166, Hit Rate: 0.4895 | Val Loss: 0.2363, Hit Rate: 0.3090
Epoch 66/100 | Train Loss: 0.1173, Hit Rate: 0.4875 | Val Loss: 0.2406, Hit Rate: 0.3099
Epoch 67/100 | Train Loss: 0.1156, Hit Rate: 0.4928 | Val Loss: 0.2318, Hit Rate: 0.3182
Epoch 68/100 | Train Loss: 0.1114, Hit Rate: 0.5040 | Val Loss: 0.2501, Hit Rate: 0.2682
Epoch 69/100 | Train Loss: 0.1118, Hit Rate: 0.5030 | Val Loss: 0.2339, Hit Rate: 0.3123
Epoch 70/100 | Train Loss: 0.1073, Hit Rate: 0.5186 | Val Loss: 0.2491, Hit Rate: 0.2895
Epoch 71/100 | Train Loss: 0.1110, Hit Rate: 0.5040 | Val Loss: 0.2349, Hit Rate: 0.3089
Epoch 72/100 | Train Loss: 0.1048, Hit Rate: 0.5231 | Val Loss: 0.2393, Hit Rate: 0.3100
Epoch 73/100 | Train Loss: 0.1137, Hit Rate: 0.4923 | Val Loss: 0.2534, Hit Rate: 0.2952
Epoch 74/100 | Train Loss: 0.1109, Hit Rate: 0.5071 | Val Loss: 0.2324, Hit Rate: 0.3200
Epoch 75/100 | Train Loss: 0.1021, Hit Rate: 0.5373 | Val Loss: 0.2349, Hit Rate: 0.3184
Epoch 76/100 | Train Loss: 0.1016, Hit Rate: 0.5319 | Val Loss: 0.2533, Hit Rate: 0.3011
Epoch 77/100 | Train Loss: 0.1111, Hit Rate: 0.5021 | Val Loss: 0.2393, Hit Rate: 0.3251
Epoch 78/100 | Train Loss: 0.1010, Hit Rate: 0.5391 | Val Loss: 0.2517, Hit Rate: 0.3037
Epoch 79/100 | Train Loss: 0.1079, Hit Rate: 0.5156 | Val Loss: 0.2284, Hit Rate: 0.3459
Epoch 80/100 | Train Loss: 0.0974, Hit Rate: 0.5583 | Val Loss: 0.2419, Hit Rate: 0.3210
Epoch 81/100 | Train Loss: 0.1057, Hit Rate: 0.5205 | Val Loss: 0.2557, Hit Rate: 0.2950
Epoch 82/100 | Train Loss: 0.1022, Hit Rate: 0.5345 | Val Loss: 0.2295, Hit Rate: 0.3397
Epoch 83/100 | Train Loss: 0.0913, Hit Rate: 0.5704 | Val Loss: 0.2320, Hit Rate: 0.3451
Epoch 84/100 | Train Loss: 0.1027, Hit Rate: 0.5281 | Val Loss: 0.2414, Hit Rate: 0.3262
Epoch 85/100 | Train Loss: 0.0923, Hit Rate: 0.5662 | Val Loss: 0.2372, Hit Rate: 0.3276
Epoch 86/100 | Train Loss: 0.1034, Hit Rate: 0.5283 | Val Loss: 0.2600, Hit Rate: 0.2946
Epoch 87/100 | Train Loss: 0.0963, Hit Rate: 0.5554 | Val Loss: 0.2727, Hit Rate: 0.2790
Epoch 88/100 | Train Loss: 0.0945, Hit Rate: 0.5580 | Val Loss: 0.2369, Hit Rate: 0.3371
Epoch 89/100 | Train Loss: 0.0996, Hit Rate: 0.5393 | Val Loss: 0.2414, Hit Rate: 0.3282
Epoch 90/100 | Train Loss: 0.0978, Hit Rate: 0.5451 | Val Loss: 0.2354, Hit Rate: 0.3340
Epoch 91/100 | Train Loss: 0.0906, Hit Rate: 0.5783 | Val Loss: 0.2625, Hit Rate: 0.2962
Epoch 92/100 | Train Loss: 0.0931, Hit Rate: 0.5652 | Val Loss: 0.2357, Hit Rate: 0.3383
Epoch 93/100 | Train Loss: 0.0864, Hit Rate: 0.5843 | Val Loss: 0.2496, Hit Rate: 0.3273
Epoch 94/100 | Train Loss: 0.1014, Hit Rate: 0.5346 | Val Loss: 0.2427, Hit Rate: 0.3347
Epoch 95/100 | Train Loss: 0.0934, Hit Rate: 0.5642 | Val Loss: 0.2573, Hit Rate: 0.3182
Epoch 96/100 | Train Loss: 0.0886, Hit Rate: 0.5827 | Val Loss: 0.2417, Hit Rate: 0.3271
Epoch 97/100 | Train Loss: 0.0879, Hit Rate: 0.5772 | Val Loss: 0.2498, Hit Rate: 0.3212
Epoch 98/100 | Train Loss: 0.0886, Hit Rate: 0.5751 | Val Loss: 0.2542, Hit Rate: 0.3209
Epoch 99/100 | Train Loss: 0.0924, Hit Rate: 0.5639 | Val Loss: 0.2527, Hit Rate: 0.3274
Epoch 100/100 | Train Loss: 0.0896, Hit Rate: 0.5744 | Val Loss: 0.2552, Hit Rate: 0.3206

Best validation hit rate: 0.3459
