Using device: cuda
Loaded 24900 samples
Input vocab size: 4, Output vocab size: 6
Fold 1: train=19920, val=4980
Model: rnn, params=108,742
Epoch 1/100 | Train Loss: 1.0082, Hit Rate: 0.0000 | Val Loss: 0.8400, Hit Rate: 0.0000
Epoch 2/100 | Train Loss: 0.7450, Hit Rate: 0.0000 | Val Loss: 0.6784, Hit Rate: 0.0000
Epoch 3/100 | Train Loss: 0.6413, Hit Rate: 0.0001 | Val Loss: 0.5934, Hit Rate: 0.0008
Epoch 4/100 | Train Loss: 0.5736, Hit Rate: 0.0008 | Val Loss: 0.5461, Hit Rate: 0.0030
Epoch 5/100 | Train Loss: 0.5367, Hit Rate: 0.0025 | Val Loss: 0.5217, Hit Rate: 0.0026
Epoch 6/100 | Train Loss: 0.5027, Hit Rate: 0.0044 | Val Loss: 0.5052, Hit Rate: 0.0034
Epoch 7/100 | Train Loss: 0.4841, Hit Rate: 0.0066 | Val Loss: 0.4850, Hit Rate: 0.0037
Epoch 8/100 | Train Loss: 0.4623, Hit Rate: 0.0089 | Val Loss: 0.4841, Hit Rate: 0.0073
Epoch 9/100 | Train Loss: 0.4455, Hit Rate: 0.0129 | Val Loss: 0.4444, Hit Rate: 0.0159
Epoch 10/100 | Train Loss: 0.4286, Hit Rate: 0.0164 | Val Loss: 0.4273, Hit Rate: 0.0231
Epoch 11/100 | Train Loss: 0.4133, Hit Rate: 0.0247 | Val Loss: 0.4206, Hit Rate: 0.0190
Epoch 12/100 | Train Loss: 0.4042, Hit Rate: 0.0274 | Val Loss: 0.4045, Hit Rate: 0.0262
Epoch 13/100 | Train Loss: 0.3912, Hit Rate: 0.0306 | Val Loss: 0.3894, Hit Rate: 0.0379
Epoch 14/100 | Train Loss: 0.3828, Hit Rate: 0.0369 | Val Loss: 0.3911, Hit Rate: 0.0344
Epoch 15/100 | Train Loss: 0.3688, Hit Rate: 0.0434 | Val Loss: 0.3776, Hit Rate: 0.0408
Epoch 16/100 | Train Loss: 0.3595, Hit Rate: 0.0490 | Val Loss: 0.3781, Hit Rate: 0.0416
Epoch 17/100 | Train Loss: 0.3520, Hit Rate: 0.0551 | Val Loss: 0.3729, Hit Rate: 0.0486
Epoch 18/100 | Train Loss: 0.3424, Hit Rate: 0.0613 | Val Loss: 0.3544, Hit Rate: 0.0619
Epoch 19/100 | Train Loss: 0.3326, Hit Rate: 0.0718 | Val Loss: 0.3516, Hit Rate: 0.0625
Epoch 20/100 | Train Loss: 0.3288, Hit Rate: 0.0740 | Val Loss: 0.3434, Hit Rate: 0.0722
Epoch 21/100 | Train Loss: 0.3197, Hit Rate: 0.0819 | Val Loss: 0.3732, Hit Rate: 0.0644
Epoch 22/100 | Train Loss: 0.3143, Hit Rate: 0.0923 | Val Loss: 0.3392, Hit Rate: 0.0761
Epoch 23/100 | Train Loss: 0.3096, Hit Rate: 0.0957 | Val Loss: 0.3276, Hit Rate: 0.0891
Epoch 24/100 | Train Loss: 0.3005, Hit Rate: 0.1074 | Val Loss: 0.3419, Hit Rate: 0.0784
Epoch 25/100 | Train Loss: 0.2960, Hit Rate: 0.1105 | Val Loss: 0.3176, Hit Rate: 0.1000
Epoch 26/100 | Train Loss: 0.2899, Hit Rate: 0.1225 | Val Loss: 0.3179, Hit Rate: 0.1019
Epoch 27/100 | Train Loss: 0.2880, Hit Rate: 0.1195 | Val Loss: 0.3009, Hit Rate: 0.1188
Epoch 28/100 | Train Loss: 0.2811, Hit Rate: 0.1321 | Val Loss: 0.3081, Hit Rate: 0.1091
Epoch 29/100 | Train Loss: 0.2769, Hit Rate: 0.1360 | Val Loss: 0.3517, Hit Rate: 0.0866
Epoch 30/100 | Train Loss: 0.2736, Hit Rate: 0.1422 | Val Loss: 0.3042, Hit Rate: 0.1229
Epoch 31/100 | Train Loss: 0.2685, Hit Rate: 0.1497 | Val Loss: 0.3060, Hit Rate: 0.1313
Epoch 32/100 | Train Loss: 0.2620, Hit Rate: 0.1596 | Val Loss: 0.2957, Hit Rate: 0.1310
Epoch 33/100 | Train Loss: 0.2601, Hit Rate: 0.1615 | Val Loss: 0.3214, Hit Rate: 0.1063
Epoch 34/100 | Train Loss: 0.2567, Hit Rate: 0.1698 | Val Loss: 0.2997, Hit Rate: 0.1375
Epoch 35/100 | Train Loss: 0.2539, Hit Rate: 0.1705 | Val Loss: 0.2919, Hit Rate: 0.1370
Epoch 36/100 | Train Loss: 0.2482, Hit Rate: 0.1803 | Val Loss: 0.2940, Hit Rate: 0.1444
Epoch 37/100 | Train Loss: 0.2476, Hit Rate: 0.1816 | Val Loss: 0.3075, Hit Rate: 0.1346
Epoch 38/100 | Train Loss: 0.2447, Hit Rate: 0.1906 | Val Loss: 0.2924, Hit Rate: 0.1557
Epoch 39/100 | Train Loss: 0.2394, Hit Rate: 0.1943 | Val Loss: 0.3044, Hit Rate: 0.1408
Epoch 40/100 | Train Loss: 0.2343, Hit Rate: 0.2035 | Val Loss: 0.2785, Hit Rate: 0.1646
Epoch 41/100 | Train Loss: 0.2361, Hit Rate: 0.2031 | Val Loss: 0.2825, Hit Rate: 0.1749
Epoch 42/100 | Train Loss: 0.2347, Hit Rate: 0.2045 | Val Loss: 0.2785, Hit Rate: 0.1667
Epoch 43/100 | Train Loss: 0.2258, Hit Rate: 0.2196 | Val Loss: 0.2907, Hit Rate: 0.1650
Epoch 44/100 | Train Loss: 0.2278, Hit Rate: 0.2154 | Val Loss: 0.2803, Hit Rate: 0.1704
Epoch 45/100 | Train Loss: 0.2262, Hit Rate: 0.2207 | Val Loss: 0.2770, Hit Rate: 0.1697
Epoch 46/100 | Train Loss: 0.2192, Hit Rate: 0.2363 | Val Loss: 0.2767, Hit Rate: 0.1778
Epoch 47/100 | Train Loss: 0.2175, Hit Rate: 0.2390 | Val Loss: 0.2752, Hit Rate: 0.1822
Epoch 48/100 | Train Loss: 0.2137, Hit Rate: 0.2385 | Val Loss: 0.2736, Hit Rate: 0.1826
Epoch 49/100 | Train Loss: 0.2166, Hit Rate: 0.2389 | Val Loss: 0.2880, Hit Rate: 0.1607
Epoch 50/100 | Train Loss: 0.2143, Hit Rate: 0.2417 | Val Loss: 0.2922, Hit Rate: 0.1751
Epoch 51/100 | Train Loss: 0.2143, Hit Rate: 0.2461 | Val Loss: 0.2760, Hit Rate: 0.1885
Epoch 52/100 | Train Loss: 0.2056, Hit Rate: 0.2600 | Val Loss: 0.2668, Hit Rate: 0.2038
Epoch 53/100 | Train Loss: 0.2059, Hit Rate: 0.2614 | Val Loss: 0.2856, Hit Rate: 0.1724
Epoch 54/100 | Train Loss: 0.2081, Hit Rate: 0.2541 | Val Loss: 0.2932, Hit Rate: 0.1733
Epoch 55/100 | Train Loss: 0.2013, Hit Rate: 0.2693 | Val Loss: 0.2713, Hit Rate: 0.1923
Epoch 56/100 | Train Loss: 0.2039, Hit Rate: 0.2667 | Val Loss: 0.2718, Hit Rate: 0.1977
Epoch 57/100 | Train Loss: 0.1968, Hit Rate: 0.2767 | Val Loss: 0.2666, Hit Rate: 0.1909
Epoch 58/100 | Train Loss: 0.1966, Hit Rate: 0.2773 | Val Loss: 0.2661, Hit Rate: 0.2011
Epoch 59/100 | Train Loss: 0.1948, Hit Rate: 0.2842 | Val Loss: 0.2779, Hit Rate: 0.1922
Epoch 60/100 | Train Loss: 0.1948, Hit Rate: 0.2809 | Val Loss: 0.2713, Hit Rate: 0.2044
Epoch 61/100 | Train Loss: 0.1948, Hit Rate: 0.2813 | Val Loss: 0.2918, Hit Rate: 0.1816
Epoch 62/100 | Train Loss: 0.1946, Hit Rate: 0.2843 | Val Loss: 0.2886, Hit Rate: 0.1836
Epoch 63/100 | Train Loss: 0.1895, Hit Rate: 0.2934 | Val Loss: 0.2632, Hit Rate: 0.2188
Epoch 64/100 | Train Loss: 0.1876, Hit Rate: 0.2969 | Val Loss: 0.2704, Hit Rate: 0.2107
Epoch 65/100 | Train Loss: 0.1847, Hit Rate: 0.3029 | Val Loss: 0.2725, Hit Rate: 0.2001
Epoch 66/100 | Train Loss: 0.1877, Hit Rate: 0.2973 | Val Loss: 0.2600, Hit Rate: 0.2246
Epoch 67/100 | Train Loss: 0.1875, Hit Rate: 0.3035 | Val Loss: 0.2640, Hit Rate: 0.2102
Epoch 68/100 | Train Loss: 0.1811, Hit Rate: 0.3133 | Val Loss: 0.2587, Hit Rate: 0.2231
Epoch 69/100 | Train Loss: 0.1830, Hit Rate: 0.3082 | Val Loss: 0.2748, Hit Rate: 0.2047
Epoch 70/100 | Train Loss: 0.1812, Hit Rate: 0.3097 | Val Loss: 0.2678, Hit Rate: 0.2203
Epoch 71/100 | Train Loss: 0.1799, Hit Rate: 0.3139 | Val Loss: 0.2640, Hit Rate: 0.2204
Epoch 72/100 | Train Loss: 0.1791, Hit Rate: 0.3197 | Val Loss: 0.2817, Hit Rate: 0.1982
Epoch 73/100 | Train Loss: 0.1755, Hit Rate: 0.3233 | Val Loss: 0.2631, Hit Rate: 0.2239
Epoch 74/100 | Train Loss: 0.1795, Hit Rate: 0.3127 | Val Loss: 0.2689, Hit Rate: 0.2190
Epoch 75/100 | Train Loss: 0.1731, Hit Rate: 0.3314 | Val Loss: 0.2709, Hit Rate: 0.2230
Epoch 76/100 | Train Loss: 0.1768, Hit Rate: 0.3234 | Val Loss: 0.2575, Hit Rate: 0.2301
Epoch 77/100 | Train Loss: 0.1729, Hit Rate: 0.3288 | Val Loss: 0.2696, Hit Rate: 0.2114
Epoch 78/100 | Train Loss: 0.1759, Hit Rate: 0.3220 | Val Loss: 0.2833, Hit Rate: 0.2061
Epoch 79/100 | Train Loss: 0.1734, Hit Rate: 0.3268 | Val Loss: 0.2615, Hit Rate: 0.2303
Epoch 80/100 | Train Loss: 0.1701, Hit Rate: 0.3413 | Val Loss: 0.2664, Hit Rate: 0.2306
Epoch 81/100 | Train Loss: 0.1651, Hit Rate: 0.3479 | Val Loss: 0.2658, Hit Rate: 0.2254
Epoch 82/100 | Train Loss: 0.1715, Hit Rate: 0.3347 | Val Loss: 0.2677, Hit Rate: 0.2354
Epoch 83/100 | Train Loss: 0.1708, Hit Rate: 0.3359 | Val Loss: 0.2599, Hit Rate: 0.2287
Epoch 84/100 | Train Loss: 0.1621, Hit Rate: 0.3584 | Val Loss: 0.2633, Hit Rate: 0.2411
Epoch 85/100 | Train Loss: 0.1629, Hit Rate: 0.3518 | Val Loss: 0.2704, Hit Rate: 0.2288
Epoch 86/100 | Train Loss: 0.1629, Hit Rate: 0.3533 | Val Loss: 0.2791, Hit Rate: 0.2111
Epoch 87/100 | Train Loss: 0.1624, Hit Rate: 0.3550 | Val Loss: 0.2770, Hit Rate: 0.2178
Epoch 88/100 | Train Loss: 0.1645, Hit Rate: 0.3462 | Val Loss: 0.2655, Hit Rate: 0.2369
Epoch 89/100 | Train Loss: 0.1623, Hit Rate: 0.3555 | Val Loss: 0.2677, Hit Rate: 0.2379
Epoch 90/100 | Train Loss: 0.1647, Hit Rate: 0.3513 | Val Loss: 0.2883, Hit Rate: 0.2058
Epoch 91/100 | Train Loss: 0.1644, Hit Rate: 0.3510 | Val Loss: 0.2637, Hit Rate: 0.2367
Epoch 92/100 | Train Loss: 0.1567, Hit Rate: 0.3709 | Val Loss: 0.2728, Hit Rate: 0.2236
Epoch 93/100 | Train Loss: 0.1552, Hit Rate: 0.3739 | Val Loss: 0.2813, Hit Rate: 0.2102
Epoch 94/100 | Train Loss: 0.1581, Hit Rate: 0.3643 | Val Loss: 0.2612, Hit Rate: 0.2416
Epoch 95/100 | Train Loss: 0.1592, Hit Rate: 0.3660 | Val Loss: 0.2841, Hit Rate: 0.2103
Epoch 96/100 | Train Loss: 0.1600, Hit Rate: 0.3572 | Val Loss: 0.2748, Hit Rate: 0.2317
Epoch 97/100 | Train Loss: 0.1585, Hit Rate: 0.3657 | Val Loss: 0.2696, Hit Rate: 0.2356
Epoch 98/100 | Train Loss: 0.1555, Hit Rate: 0.3706 | Val Loss: 0.2774, Hit Rate: 0.2226
Epoch 99/100 | Train Loss: 0.1548, Hit Rate: 0.3727 | Val Loss: 0.2608, Hit Rate: 0.2487
Epoch 100/100 | Train Loss: 0.1550, Hit Rate: 0.3671 | Val Loss: 0.2873, Hit Rate: 0.2152

Best validation hit rate: 0.2487
