Using device: cuda
Loaded 24900 samples
Input vocab size: 4, Output vocab size: 6
Fold 3: train=19920, val=4980
Model: rnn, params=125,510
  cross_attn=enabled
Epoch 1/100 | Train Loss: 1.0062, Hit Rate: 0.0000 | Val Loss: 0.8019, Hit Rate: 0.0010
Epoch 2/100 | Train Loss: 0.6916, Hit Rate: 0.0005 | Val Loss: 0.6196, Hit Rate: 0.0008
Epoch 3/100 | Train Loss: 0.5731, Hit Rate: 0.0034 | Val Loss: 0.5558, Hit Rate: 0.0044
Epoch 4/100 | Train Loss: 0.5116, Hit Rate: 0.0087 | Val Loss: 0.5030, Hit Rate: 0.0048
Epoch 5/100 | Train Loss: 0.4672, Hit Rate: 0.0141 | Val Loss: 0.4495, Hit Rate: 0.0212
Epoch 6/100 | Train Loss: 0.4364, Hit Rate: 0.0217 | Val Loss: 0.4306, Hit Rate: 0.0301
Epoch 7/100 | Train Loss: 0.4087, Hit Rate: 0.0319 | Val Loss: 0.4097, Hit Rate: 0.0382
Epoch 8/100 | Train Loss: 0.3891, Hit Rate: 0.0420 | Val Loss: 0.3971, Hit Rate: 0.0431
Epoch 9/100 | Train Loss: 0.3685, Hit Rate: 0.0535 | Val Loss: 0.3633, Hit Rate: 0.0617
Epoch 10/100 | Train Loss: 0.3504, Hit Rate: 0.0697 | Val Loss: 0.3540, Hit Rate: 0.0733
Epoch 11/100 | Train Loss: 0.3338, Hit Rate: 0.0849 | Val Loss: 0.3443, Hit Rate: 0.0859
Epoch 12/100 | Train Loss: 0.3182, Hit Rate: 0.1032 | Val Loss: 0.3472, Hit Rate: 0.0709
Epoch 13/100 | Train Loss: 0.3086, Hit Rate: 0.1095 | Val Loss: 0.3122, Hit Rate: 0.1224
Epoch 14/100 | Train Loss: 0.2941, Hit Rate: 0.1268 | Val Loss: 0.3129, Hit Rate: 0.1242
Epoch 15/100 | Train Loss: 0.2816, Hit Rate: 0.1443 | Val Loss: 0.3114, Hit Rate: 0.1343
Epoch 16/100 | Train Loss: 0.2731, Hit Rate: 0.1576 | Val Loss: 0.3327, Hit Rate: 0.0962
Epoch 17/100 | Train Loss: 0.2677, Hit Rate: 0.1667 | Val Loss: 0.3021, Hit Rate: 0.1328
Epoch 18/100 | Train Loss: 0.2549, Hit Rate: 0.1786 | Val Loss: 0.2850, Hit Rate: 0.1594
Epoch 19/100 | Train Loss: 0.2447, Hit Rate: 0.1984 | Val Loss: 0.2849, Hit Rate: 0.1617
Epoch 20/100 | Train Loss: 0.2415, Hit Rate: 0.2033 | Val Loss: 0.2739, Hit Rate: 0.1841
Epoch 21/100 | Train Loss: 0.2319, Hit Rate: 0.2173 | Val Loss: 0.2638, Hit Rate: 0.1949
Epoch 22/100 | Train Loss: 0.2243, Hit Rate: 0.2350 | Val Loss: 0.2573, Hit Rate: 0.2111
Epoch 23/100 | Train Loss: 0.2223, Hit Rate: 0.2414 | Val Loss: 0.2601, Hit Rate: 0.1976
Epoch 24/100 | Train Loss: 0.2156, Hit Rate: 0.2501 | Val Loss: 0.2608, Hit Rate: 0.2106
Epoch 25/100 | Train Loss: 0.2081, Hit Rate: 0.2658 | Val Loss: 0.2461, Hit Rate: 0.2307
Epoch 26/100 | Train Loss: 0.2034, Hit Rate: 0.2736 | Val Loss: 0.2440, Hit Rate: 0.2412
Epoch 27/100 | Train Loss: 0.2003, Hit Rate: 0.2849 | Val Loss: 0.2414, Hit Rate: 0.2280
Epoch 28/100 | Train Loss: 0.1933, Hit Rate: 0.2984 | Val Loss: 0.2513, Hit Rate: 0.2214
Epoch 29/100 | Train Loss: 0.1897, Hit Rate: 0.3059 | Val Loss: 0.2326, Hit Rate: 0.2455
Epoch 30/100 | Train Loss: 0.1846, Hit Rate: 0.3157 | Val Loss: 0.2427, Hit Rate: 0.2403
Epoch 31/100 | Train Loss: 0.1826, Hit Rate: 0.3207 | Val Loss: 0.2380, Hit Rate: 0.2492
Epoch 32/100 | Train Loss: 0.1764, Hit Rate: 0.3350 | Val Loss: 0.2391, Hit Rate: 0.2438
Epoch 33/100 | Train Loss: 0.1708, Hit Rate: 0.3470 | Val Loss: 0.2422, Hit Rate: 0.2391
Epoch 34/100 | Train Loss: 0.1752, Hit Rate: 0.3382 | Val Loss: 0.2338, Hit Rate: 0.2556
Epoch 35/100 | Train Loss: 0.1692, Hit Rate: 0.3547 | Val Loss: 0.2356, Hit Rate: 0.2574
Epoch 36/100 | Train Loss: 0.1637, Hit Rate: 0.3653 | Val Loss: 0.2237, Hit Rate: 0.2794
Epoch 37/100 | Train Loss: 0.1619, Hit Rate: 0.3668 | Val Loss: 0.2317, Hit Rate: 0.2727
Epoch 38/100 | Train Loss: 0.1609, Hit Rate: 0.3682 | Val Loss: 0.2307, Hit Rate: 0.2634
Epoch 39/100 | Train Loss: 0.1567, Hit Rate: 0.3856 | Val Loss: 0.2197, Hit Rate: 0.2966
Epoch 40/100 | Train Loss: 0.1513, Hit Rate: 0.3916 | Val Loss: 0.2246, Hit Rate: 0.2879
Epoch 41/100 | Train Loss: 0.1493, Hit Rate: 0.4026 | Val Loss: 0.2198, Hit Rate: 0.2974
Epoch 42/100 | Train Loss: 0.1458, Hit Rate: 0.4093 | Val Loss: 0.2190, Hit Rate: 0.2966
Epoch 43/100 | Train Loss: 0.1450, Hit Rate: 0.4112 | Val Loss: 0.2281, Hit Rate: 0.2803
Epoch 44/100 | Train Loss: 0.1434, Hit Rate: 0.4167 | Val Loss: 0.2234, Hit Rate: 0.2980
Epoch 45/100 | Train Loss: 0.1409, Hit Rate: 0.4242 | Val Loss: 0.2250, Hit Rate: 0.2868
Epoch 46/100 | Train Loss: 0.1373, Hit Rate: 0.4290 | Val Loss: 0.2228, Hit Rate: 0.3011
Epoch 47/100 | Train Loss: 0.1355, Hit Rate: 0.4369 | Val Loss: 0.2200, Hit Rate: 0.3073
Epoch 48/100 | Train Loss: 0.1353, Hit Rate: 0.4340 | Val Loss: 0.2307, Hit Rate: 0.2894
Epoch 49/100 | Train Loss: 0.1341, Hit Rate: 0.4422 | Val Loss: 0.2381, Hit Rate: 0.2729
Epoch 50/100 | Train Loss: 0.1290, Hit Rate: 0.4503 | Val Loss: 0.2314, Hit Rate: 0.2985
Epoch 51/100 | Train Loss: 0.1328, Hit Rate: 0.4467 | Val Loss: 0.2112, Hit Rate: 0.3373
Epoch 52/100 | Train Loss: 0.1241, Hit Rate: 0.4685 | Val Loss: 0.2207, Hit Rate: 0.3131
Epoch 53/100 | Train Loss: 0.1234, Hit Rate: 0.4678 | Val Loss: 0.2166, Hit Rate: 0.3167
Epoch 54/100 | Train Loss: 0.1233, Hit Rate: 0.4665 | Val Loss: 0.2207, Hit Rate: 0.3197
Epoch 55/100 | Train Loss: 0.1210, Hit Rate: 0.4763 | Val Loss: 0.2397, Hit Rate: 0.3003
Epoch 56/100 | Train Loss: 0.1233, Hit Rate: 0.4732 | Val Loss: 0.2246, Hit Rate: 0.3002
Epoch 57/100 | Train Loss: 0.1192, Hit Rate: 0.4858 | Val Loss: 0.2224, Hit Rate: 0.3209
Epoch 58/100 | Train Loss: 0.1192, Hit Rate: 0.4795 | Val Loss: 0.2157, Hit Rate: 0.3348
Epoch 59/100 | Train Loss: 0.1140, Hit Rate: 0.4960 | Val Loss: 0.2272, Hit Rate: 0.3088
Epoch 60/100 | Train Loss: 0.1125, Hit Rate: 0.4992 | Val Loss: 0.2212, Hit Rate: 0.3274
Epoch 61/100 | Train Loss: 0.1083, Hit Rate: 0.5134 | Val Loss: 0.2130, Hit Rate: 0.3476
Epoch 62/100 | Train Loss: 0.1152, Hit Rate: 0.4912 | Val Loss: 0.2206, Hit Rate: 0.3399
Epoch 63/100 | Train Loss: 0.1119, Hit Rate: 0.5040 | Val Loss: 0.2190, Hit Rate: 0.3385
Epoch 64/100 | Train Loss: 0.1075, Hit Rate: 0.5162 | Val Loss: 0.2140, Hit Rate: 0.3405
Epoch 65/100 | Train Loss: 0.1053, Hit Rate: 0.5228 | Val Loss: 0.2102, Hit Rate: 0.3499
Epoch 66/100 | Train Loss: 0.1083, Hit Rate: 0.5161 | Val Loss: 0.2163, Hit Rate: 0.3316
Epoch 67/100 | Train Loss: 0.1055, Hit Rate: 0.5263 | Val Loss: 0.2166, Hit Rate: 0.3370
Epoch 68/100 | Train Loss: 0.1034, Hit Rate: 0.5269 | Val Loss: 0.2225, Hit Rate: 0.3299
Epoch 69/100 | Train Loss: 0.1050, Hit Rate: 0.5268 | Val Loss: 0.2381, Hit Rate: 0.3180
Epoch 70/100 | Train Loss: 0.1020, Hit Rate: 0.5318 | Val Loss: 0.2252, Hit Rate: 0.3387
Epoch 71/100 | Train Loss: 0.1054, Hit Rate: 0.5273 | Val Loss: 0.2312, Hit Rate: 0.3272
Epoch 72/100 | Train Loss: 0.0965, Hit Rate: 0.5528 | Val Loss: 0.2175, Hit Rate: 0.3445
Epoch 73/100 | Train Loss: 0.1007, Hit Rate: 0.5397 | Val Loss: 0.2242, Hit Rate: 0.3474
Epoch 74/100 | Train Loss: 0.0963, Hit Rate: 0.5533 | Val Loss: 0.2146, Hit Rate: 0.3517
Epoch 75/100 | Train Loss: 0.1001, Hit Rate: 0.5427 | Val Loss: 0.2371, Hit Rate: 0.3159
Epoch 76/100 | Train Loss: 0.0956, Hit Rate: 0.5539 | Val Loss: 0.2153, Hit Rate: 0.3612
Epoch 77/100 | Train Loss: 0.1053, Hit Rate: 0.5259 | Val Loss: 0.2140, Hit Rate: 0.3657
Epoch 78/100 | Train Loss: 0.0853, Hit Rate: 0.5929 | Val Loss: 0.2169, Hit Rate: 0.3638
Epoch 79/100 | Train Loss: 0.0950, Hit Rate: 0.5522 | Val Loss: 0.2252, Hit Rate: 0.3477
Epoch 80/100 | Train Loss: 0.0975, Hit Rate: 0.5518 | Val Loss: 0.2168, Hit Rate: 0.3636
Epoch 81/100 | Train Loss: 0.0938, Hit Rate: 0.5604 | Val Loss: 0.2209, Hit Rate: 0.3579
Epoch 82/100 | Train Loss: 0.0926, Hit Rate: 0.5632 | Val Loss: 0.2261, Hit Rate: 0.3301
Epoch 83/100 | Train Loss: 0.0899, Hit Rate: 0.5768 | Val Loss: 0.2319, Hit Rate: 0.3359
Epoch 84/100 | Train Loss: 0.0930, Hit Rate: 0.5635 | Val Loss: 0.2334, Hit Rate: 0.3477
Epoch 85/100 | Train Loss: 0.0897, Hit Rate: 0.5735 | Val Loss: 0.2408, Hit Rate: 0.3326
Epoch 86/100 | Train Loss: 0.0845, Hit Rate: 0.5936 | Val Loss: 0.2190, Hit Rate: 0.3675
Epoch 87/100 | Train Loss: 0.0960, Hit Rate: 0.5541 | Val Loss: 0.2203, Hit Rate: 0.3699
Epoch 88/100 | Train Loss: 0.0893, Hit Rate: 0.5757 | Val Loss: 0.2244, Hit Rate: 0.3587
Epoch 89/100 | Train Loss: 0.0843, Hit Rate: 0.5898 | Val Loss: 0.2289, Hit Rate: 0.3523
Epoch 90/100 | Train Loss: 0.0846, Hit Rate: 0.5935 | Val Loss: 0.2342, Hit Rate: 0.3468
Epoch 91/100 | Train Loss: 0.0819, Hit Rate: 0.6050 | Val Loss: 0.2200, Hit Rate: 0.3602
Epoch 92/100 | Train Loss: 0.0871, Hit Rate: 0.5826 | Val Loss: 0.2356, Hit Rate: 0.3425
Epoch 93/100 | Train Loss: 0.0910, Hit Rate: 0.5696 | Val Loss: 0.2240, Hit Rate: 0.3666
Epoch 94/100 | Train Loss: 0.0825, Hit Rate: 0.5979 | Val Loss: 0.2269, Hit Rate: 0.3504
Epoch 95/100 | Train Loss: 0.0818, Hit Rate: 0.6024 | Val Loss: 0.2251, Hit Rate: 0.3685
Epoch 96/100 | Train Loss: 0.0794, Hit Rate: 0.6130 | Val Loss: 0.2329, Hit Rate: 0.3554
Epoch 97/100 | Train Loss: 0.0961, Hit Rate: 0.5556 | Val Loss: 0.2356, Hit Rate: 0.3515
Epoch 98/100 | Train Loss: 0.0771, Hit Rate: 0.6198 | Val Loss: 0.2331, Hit Rate: 0.3646
Epoch 99/100 | Train Loss: 0.0850, Hit Rate: 0.5977 | Val Loss: 0.2437, Hit Rate: 0.3363
Epoch 100/100 | Train Loss: 0.0799, Hit Rate: 0.6071 | Val Loss: 0.2260, Hit Rate: 0.3676

Best validation hit rate: 0.3699
