Using device: cuda
Loaded 24900 samples
Input vocab size: 4, Output vocab size: 6
Fold 3: train=19920, val=4980
Model: rnn, params=108,742
Epoch 1/100 | Train Loss: 1.0086, Hit Rate: 0.0000 | Val Loss: 0.8188, Hit Rate: 0.0000
Epoch 2/100 | Train Loss: 0.7473, Hit Rate: 0.0001 | Val Loss: 0.7027, Hit Rate: 0.0000
Epoch 3/100 | Train Loss: 0.6565, Hit Rate: 0.0004 | Val Loss: 0.6593, Hit Rate: 0.0000
Epoch 4/100 | Train Loss: 0.5884, Hit Rate: 0.0012 | Val Loss: 0.5729, Hit Rate: 0.0014
Epoch 5/100 | Train Loss: 0.5397, Hit Rate: 0.0027 | Val Loss: 0.5853, Hit Rate: 0.0004
Epoch 6/100 | Train Loss: 0.5106, Hit Rate: 0.0041 | Val Loss: 0.5862, Hit Rate: 0.0008
Epoch 7/100 | Train Loss: 0.4848, Hit Rate: 0.0057 | Val Loss: 0.5399, Hit Rate: 0.0028
Epoch 8/100 | Train Loss: 0.4629, Hit Rate: 0.0087 | Val Loss: 0.5128, Hit Rate: 0.0018
Epoch 9/100 | Train Loss: 0.4411, Hit Rate: 0.0125 | Val Loss: 0.4925, Hit Rate: 0.0034
Epoch 10/100 | Train Loss: 0.4332, Hit Rate: 0.0167 | Val Loss: 0.4907, Hit Rate: 0.0032
Epoch 11/100 | Train Loss: 0.4112, Hit Rate: 0.0227 | Val Loss: 0.4875, Hit Rate: 0.0046
Epoch 12/100 | Train Loss: 0.4036, Hit Rate: 0.0271 | Val Loss: 0.4668, Hit Rate: 0.0040
Epoch 13/100 | Train Loss: 0.3902, Hit Rate: 0.0318 | Val Loss: 0.5177, Hit Rate: 0.0034
Epoch 14/100 | Train Loss: 0.3777, Hit Rate: 0.0399 | Val Loss: 0.4661, Hit Rate: 0.0064
Epoch 15/100 | Train Loss: 0.3710, Hit Rate: 0.0477 | Val Loss: 0.4626, Hit Rate: 0.0064
Epoch 16/100 | Train Loss: 0.3599, Hit Rate: 0.0511 | Val Loss: 0.4810, Hit Rate: 0.0063
Epoch 17/100 | Train Loss: 0.3530, Hit Rate: 0.0546 | Val Loss: 0.4516, Hit Rate: 0.0114
Epoch 18/100 | Train Loss: 0.3448, Hit Rate: 0.0615 | Val Loss: 0.4539, Hit Rate: 0.0110
Epoch 19/100 | Train Loss: 0.3375, Hit Rate: 0.0690 | Val Loss: 0.4456, Hit Rate: 0.0106
Epoch 20/100 | Train Loss: 0.3309, Hit Rate: 0.0755 | Val Loss: 0.4541, Hit Rate: 0.0084
Epoch 21/100 | Train Loss: 0.3232, Hit Rate: 0.0823 | Val Loss: 0.4488, Hit Rate: 0.0112
Epoch 22/100 | Train Loss: 0.3161, Hit Rate: 0.0868 | Val Loss: 0.4451, Hit Rate: 0.0139
Epoch 23/100 | Train Loss: 0.3095, Hit Rate: 0.0968 | Val Loss: 0.4592, Hit Rate: 0.0129
Epoch 24/100 | Train Loss: 0.3067, Hit Rate: 0.0998 | Val Loss: 0.4477, Hit Rate: 0.0147
Epoch 25/100 | Train Loss: 0.3023, Hit Rate: 0.1030 | Val Loss: 0.4433, Hit Rate: 0.0152
Epoch 26/100 | Train Loss: 0.2949, Hit Rate: 0.1128 | Val Loss: 0.4417, Hit Rate: 0.0098
Epoch 27/100 | Train Loss: 0.2870, Hit Rate: 0.1225 | Val Loss: 0.4822, Hit Rate: 0.0074
Epoch 28/100 | Train Loss: 0.2864, Hit Rate: 0.1247 | Val Loss: 0.4469, Hit Rate: 0.0162
Epoch 29/100 | Train Loss: 0.2811, Hit Rate: 0.1307 | Val Loss: 0.4570, Hit Rate: 0.0126
Epoch 30/100 | Train Loss: 0.2746, Hit Rate: 0.1388 | Val Loss: 0.4550, Hit Rate: 0.0206
Epoch 31/100 | Train Loss: 0.2734, Hit Rate: 0.1423 | Val Loss: 0.4485, Hit Rate: 0.0160
Epoch 32/100 | Train Loss: 0.2687, Hit Rate: 0.1512 | Val Loss: 0.4600, Hit Rate: 0.0131
Epoch 33/100 | Train Loss: 0.2638, Hit Rate: 0.1546 | Val Loss: 0.4476, Hit Rate: 0.0158
Epoch 34/100 | Train Loss: 0.2622, Hit Rate: 0.1624 | Val Loss: 0.4518, Hit Rate: 0.0174
Epoch 35/100 | Train Loss: 0.2559, Hit Rate: 0.1704 | Val Loss: 0.4583, Hit Rate: 0.0130
Epoch 36/100 | Train Loss: 0.2534, Hit Rate: 0.1743 | Val Loss: 0.4565, Hit Rate: 0.0149
Epoch 37/100 | Train Loss: 0.2487, Hit Rate: 0.1828 | Val Loss: 0.4549, Hit Rate: 0.0150
Epoch 38/100 | Train Loss: 0.2494, Hit Rate: 0.1802 | Val Loss: 0.4670, Hit Rate: 0.0134
Epoch 39/100 | Train Loss: 0.2422, Hit Rate: 0.1934 | Val Loss: 0.4778, Hit Rate: 0.0160
Epoch 40/100 | Train Loss: 0.2427, Hit Rate: 0.1958 | Val Loss: 0.4608, Hit Rate: 0.0178
Epoch 41/100 | Train Loss: 0.2373, Hit Rate: 0.2064 | Val Loss: 0.4666, Hit Rate: 0.0190
Epoch 42/100 | Train Loss: 0.2364, Hit Rate: 0.2033 | Val Loss: 0.4573, Hit Rate: 0.0187
Epoch 43/100 | Train Loss: 0.2347, Hit Rate: 0.2106 | Val Loss: 0.4657, Hit Rate: 0.0181
Epoch 44/100 | Train Loss: 0.2275, Hit Rate: 0.2225 | Val Loss: 0.4612, Hit Rate: 0.0214
Epoch 45/100 | Train Loss: 0.2272, Hit Rate: 0.2228 | Val Loss: 0.4707, Hit Rate: 0.0147
Epoch 46/100 | Train Loss: 0.2271, Hit Rate: 0.2241 | Val Loss: 0.4785, Hit Rate: 0.0192
Epoch 47/100 | Train Loss: 0.2246, Hit Rate: 0.2308 | Val Loss: 0.4718, Hit Rate: 0.0185
Epoch 48/100 | Train Loss: 0.2177, Hit Rate: 0.2394 | Val Loss: 0.4739, Hit Rate: 0.0155
Epoch 49/100 | Train Loss: 0.2218, Hit Rate: 0.2345 | Val Loss: 0.4851, Hit Rate: 0.0174
Epoch 50/100 | Train Loss: 0.2127, Hit Rate: 0.2512 | Val Loss: 0.4725, Hit Rate: 0.0208
Epoch 51/100 | Train Loss: 0.2140, Hit Rate: 0.2493 | Val Loss: 0.4832, Hit Rate: 0.0115
Epoch 52/100 | Train Loss: 0.2083, Hit Rate: 0.2586 | Val Loss: 0.4804, Hit Rate: 0.0178
Epoch 53/100 | Train Loss: 0.2092, Hit Rate: 0.2603 | Val Loss: 0.5361, Hit Rate: 0.0122
Epoch 54/100 | Train Loss: 0.2095, Hit Rate: 0.2539 | Val Loss: 0.4840, Hit Rate: 0.0137
Epoch 55/100 | Train Loss: 0.2057, Hit Rate: 0.2696 | Val Loss: 0.4919, Hit Rate: 0.0159
Epoch 56/100 | Train Loss: 0.2082, Hit Rate: 0.2626 | Val Loss: 0.4875, Hit Rate: 0.0201
Epoch 57/100 | Train Loss: 0.1998, Hit Rate: 0.2816 | Val Loss: 0.4988, Hit Rate: 0.0135
Epoch 58/100 | Train Loss: 0.2004, Hit Rate: 0.2763 | Val Loss: 0.4921, Hit Rate: 0.0158
Epoch 59/100 | Train Loss: 0.2001, Hit Rate: 0.2795 | Val Loss: 0.4992, Hit Rate: 0.0208
Epoch 60/100 | Train Loss: 0.1990, Hit Rate: 0.2817 | Val Loss: 0.5140, Hit Rate: 0.0154
Epoch 61/100 | Train Loss: 0.1937, Hit Rate: 0.2917 | Val Loss: 0.5683, Hit Rate: 0.0078
Epoch 62/100 | Train Loss: 0.1973, Hit Rate: 0.2829 | Val Loss: 0.5428, Hit Rate: 0.0133
Epoch 63/100 | Train Loss: 0.1955, Hit Rate: 0.2881 | Val Loss: 0.5202, Hit Rate: 0.0106
Epoch 64/100 | Train Loss: 0.1891, Hit Rate: 0.2995 | Val Loss: 0.5037, Hit Rate: 0.0134
Epoch 65/100 | Train Loss: 0.1901, Hit Rate: 0.3012 | Val Loss: 0.5339, Hit Rate: 0.0144
Epoch 66/100 | Train Loss: 0.1864, Hit Rate: 0.3103 | Val Loss: 0.5201, Hit Rate: 0.0178
Epoch 67/100 | Train Loss: 0.1913, Hit Rate: 0.2968 | Val Loss: 0.5365, Hit Rate: 0.0156
Epoch 68/100 | Train Loss: 0.1849, Hit Rate: 0.3107 | Val Loss: 0.5201, Hit Rate: 0.0172
Epoch 69/100 | Train Loss: 0.1842, Hit Rate: 0.3148 | Val Loss: 0.5209, Hit Rate: 0.0190
Epoch 70/100 | Train Loss: 0.1808, Hit Rate: 0.3224 | Val Loss: 0.5196, Hit Rate: 0.0210
Epoch 71/100 | Train Loss: 0.1807, Hit Rate: 0.3197 | Val Loss: 0.5293, Hit Rate: 0.0156
Epoch 72/100 | Train Loss: 0.1828, Hit Rate: 0.3187 | Val Loss: 0.5370, Hit Rate: 0.0160
Epoch 73/100 | Train Loss: 0.1790, Hit Rate: 0.3218 | Val Loss: 0.5275, Hit Rate: 0.0161
Epoch 74/100 | Train Loss: 0.1757, Hit Rate: 0.3344 | Val Loss: 0.5428, Hit Rate: 0.0138
Epoch 75/100 | Train Loss: 0.1765, Hit Rate: 0.3291 | Val Loss: 0.5302, Hit Rate: 0.0160
Epoch 76/100 | Train Loss: 0.1768, Hit Rate: 0.3289 | Val Loss: 0.5645, Hit Rate: 0.0158
Epoch 77/100 | Train Loss: 0.1770, Hit Rate: 0.3274 | Val Loss: 0.5353, Hit Rate: 0.0158
Epoch 78/100 | Train Loss: 0.1788, Hit Rate: 0.3255 | Val Loss: 0.5505, Hit Rate: 0.0161
Epoch 79/100 | Train Loss: 0.1728, Hit Rate: 0.3416 | Val Loss: 0.5307, Hit Rate: 0.0204
Epoch 80/100 | Train Loss: 0.1717, Hit Rate: 0.3385 | Val Loss: 0.5382, Hit Rate: 0.0166
Epoch 81/100 | Train Loss: 0.1731, Hit Rate: 0.3377 | Val Loss: 0.5413, Hit Rate: 0.0169
Epoch 82/100 | Train Loss: 0.1649, Hit Rate: 0.3616 | Val Loss: 0.5396, Hit Rate: 0.0175
Epoch 83/100 | Train Loss: 0.1717, Hit Rate: 0.3429 | Val Loss: 0.5503, Hit Rate: 0.0170
Epoch 84/100 | Train Loss: 0.1726, Hit Rate: 0.3422 | Val Loss: 0.5370, Hit Rate: 0.0184
Epoch 85/100 | Train Loss: 0.1640, Hit Rate: 0.3623 | Val Loss: 0.5625, Hit Rate: 0.0160
Epoch 86/100 | Train Loss: 0.1643, Hit Rate: 0.3649 | Val Loss: 0.5576, Hit Rate: 0.0171
Epoch 87/100 | Train Loss: 0.1633, Hit Rate: 0.3619 | Val Loss: 0.5872, Hit Rate: 0.0104
Epoch 88/100 | Train Loss: 0.1665, Hit Rate: 0.3511 | Val Loss: 0.5691, Hit Rate: 0.0177
Epoch 89/100 | Train Loss: 0.1681, Hit Rate: 0.3525 | Val Loss: 0.5639, Hit Rate: 0.0160
Epoch 90/100 | Train Loss: 0.1630, Hit Rate: 0.3636 | Val Loss: 0.5592, Hit Rate: 0.0133
Epoch 91/100 | Train Loss: 0.1621, Hit Rate: 0.3632 | Val Loss: 0.5758, Hit Rate: 0.0186
Epoch 92/100 | Train Loss: 0.1601, Hit Rate: 0.3736 | Val Loss: 0.5626, Hit Rate: 0.0152
Epoch 93/100 | Train Loss: 0.1609, Hit Rate: 0.3705 | Val Loss: 0.5703, Hit Rate: 0.0174
Epoch 94/100 | Train Loss: 0.1616, Hit Rate: 0.3709 | Val Loss: 0.5713, Hit Rate: 0.0140
Epoch 95/100 | Train Loss: 0.1604, Hit Rate: 0.3726 | Val Loss: 0.5643, Hit Rate: 0.0163
Epoch 96/100 | Train Loss: 0.1584, Hit Rate: 0.3764 | Val Loss: 0.5870, Hit Rate: 0.0168
Epoch 97/100 | Train Loss: 0.1607, Hit Rate: 0.3649 | Val Loss: 0.5623, Hit Rate: 0.0189
Epoch 98/100 | Train Loss: 0.1590, Hit Rate: 0.3703 | Val Loss: 0.5697, Hit Rate: 0.0132
Epoch 99/100 | Train Loss: 0.1533, Hit Rate: 0.3853 | Val Loss: 0.5722, Hit Rate: 0.0148
Epoch 100/100 | Train Loss: 0.1536, Hit Rate: 0.3801 | Val Loss: 0.5889, Hit Rate: 0.0132

Best validation hit rate: 0.0214
