Using device: cuda
Loaded 24900 samples
Input vocab size: 4, Output vocab size: 6
Fold 1: train=19920, val=4980
Model: rnn, params=125,510
  cross_attn=enabled
Epoch 1/100 | Train Loss: 0.9629, Hit Rate: 0.0001 | Val Loss: 0.7460, Hit Rate: 0.0000
Epoch 2/100 | Train Loss: 0.6558, Hit Rate: 0.0016 | Val Loss: 0.5961, Hit Rate: 0.0022
Epoch 3/100 | Train Loss: 0.5477, Hit Rate: 0.0060 | Val Loss: 0.5189, Hit Rate: 0.0062
Epoch 4/100 | Train Loss: 0.4933, Hit Rate: 0.0113 | Val Loss: 0.4839, Hit Rate: 0.0093
Epoch 5/100 | Train Loss: 0.4482, Hit Rate: 0.0204 | Val Loss: 0.4496, Hit Rate: 0.0157
Epoch 6/100 | Train Loss: 0.4189, Hit Rate: 0.0299 | Val Loss: 0.4120, Hit Rate: 0.0292
Epoch 7/100 | Train Loss: 0.3897, Hit Rate: 0.0424 | Val Loss: 0.3811, Hit Rate: 0.0360
Epoch 8/100 | Train Loss: 0.3681, Hit Rate: 0.0570 | Val Loss: 0.3734, Hit Rate: 0.0463
Epoch 9/100 | Train Loss: 0.3520, Hit Rate: 0.0656 | Val Loss: 0.3605, Hit Rate: 0.0669
Epoch 10/100 | Train Loss: 0.3317, Hit Rate: 0.0837 | Val Loss: 0.3339, Hit Rate: 0.0883
Epoch 11/100 | Train Loss: 0.3163, Hit Rate: 0.1011 | Val Loss: 0.3376, Hit Rate: 0.0757
Epoch 12/100 | Train Loss: 0.3046, Hit Rate: 0.1140 | Val Loss: 0.3073, Hit Rate: 0.1113
Epoch 13/100 | Train Loss: 0.2890, Hit Rate: 0.1350 | Val Loss: 0.3035, Hit Rate: 0.1122
Epoch 14/100 | Train Loss: 0.2795, Hit Rate: 0.1450 | Val Loss: 0.2897, Hit Rate: 0.1468
Epoch 15/100 | Train Loss: 0.2666, Hit Rate: 0.1612 | Val Loss: 0.2959, Hit Rate: 0.1291
Epoch 16/100 | Train Loss: 0.2572, Hit Rate: 0.1791 | Val Loss: 0.2772, Hit Rate: 0.1617
Epoch 17/100 | Train Loss: 0.2486, Hit Rate: 0.1932 | Val Loss: 0.2654, Hit Rate: 0.1820
Epoch 18/100 | Train Loss: 0.2418, Hit Rate: 0.2003 | Val Loss: 0.2711, Hit Rate: 0.1781
Epoch 19/100 | Train Loss: 0.2313, Hit Rate: 0.2195 | Val Loss: 0.2724, Hit Rate: 0.1691
Epoch 20/100 | Train Loss: 0.2285, Hit Rate: 0.2306 | Val Loss: 0.2615, Hit Rate: 0.1734
Epoch 21/100 | Train Loss: 0.2189, Hit Rate: 0.2473 | Val Loss: 0.2433, Hit Rate: 0.2157
Epoch 22/100 | Train Loss: 0.2106, Hit Rate: 0.2585 | Val Loss: 0.2568, Hit Rate: 0.1967
Epoch 23/100 | Train Loss: 0.2045, Hit Rate: 0.2724 | Val Loss: 0.2453, Hit Rate: 0.2180
Epoch 24/100 | Train Loss: 0.2069, Hit Rate: 0.2759 | Val Loss: 0.2316, Hit Rate: 0.2373
Epoch 25/100 | Train Loss: 0.1926, Hit Rate: 0.2942 | Val Loss: 0.2349, Hit Rate: 0.2440
Epoch 26/100 | Train Loss: 0.1914, Hit Rate: 0.3023 | Val Loss: 0.2399, Hit Rate: 0.2253
Epoch 27/100 | Train Loss: 0.1845, Hit Rate: 0.3207 | Val Loss: 0.2330, Hit Rate: 0.2365
Epoch 28/100 | Train Loss: 0.1828, Hit Rate: 0.3183 | Val Loss: 0.2293, Hit Rate: 0.2419
Epoch 29/100 | Train Loss: 0.1759, Hit Rate: 0.3369 | Val Loss: 0.2213, Hit Rate: 0.2682
Epoch 30/100 | Train Loss: 0.1756, Hit Rate: 0.3328 | Val Loss: 0.2242, Hit Rate: 0.2495
Epoch 31/100 | Train Loss: 0.1677, Hit Rate: 0.3522 | Val Loss: 0.2530, Hit Rate: 0.2168
Epoch 32/100 | Train Loss: 0.1653, Hit Rate: 0.3611 | Val Loss: 0.2178, Hit Rate: 0.2798
Epoch 33/100 | Train Loss: 0.1645, Hit Rate: 0.3684 | Val Loss: 0.2154, Hit Rate: 0.2769
Epoch 34/100 | Train Loss: 0.1577, Hit Rate: 0.3788 | Val Loss: 0.2210, Hit Rate: 0.2642
Epoch 35/100 | Train Loss: 0.1534, Hit Rate: 0.3869 | Val Loss: 0.2234, Hit Rate: 0.2627
Epoch 36/100 | Train Loss: 0.1502, Hit Rate: 0.3951 | Val Loss: 0.2180, Hit Rate: 0.2805
Epoch 37/100 | Train Loss: 0.1509, Hit Rate: 0.3921 | Val Loss: 0.2147, Hit Rate: 0.2949
Epoch 38/100 | Train Loss: 0.1439, Hit Rate: 0.4148 | Val Loss: 0.2125, Hit Rate: 0.2941
Epoch 39/100 | Train Loss: 0.1451, Hit Rate: 0.4044 | Val Loss: 0.2138, Hit Rate: 0.2995
Epoch 40/100 | Train Loss: 0.1364, Hit Rate: 0.4309 | Val Loss: 0.2081, Hit Rate: 0.3028
Epoch 41/100 | Train Loss: 0.1395, Hit Rate: 0.4183 | Val Loss: 0.2104, Hit Rate: 0.3080
Epoch 42/100 | Train Loss: 0.1359, Hit Rate: 0.4355 | Val Loss: 0.2345, Hit Rate: 0.2752
Epoch 43/100 | Train Loss: 0.1334, Hit Rate: 0.4377 | Val Loss: 0.2257, Hit Rate: 0.2916
Epoch 44/100 | Train Loss: 0.1307, Hit Rate: 0.4488 | Val Loss: 0.2166, Hit Rate: 0.3048
Epoch 45/100 | Train Loss: 0.1318, Hit Rate: 0.4429 | Val Loss: 0.2178, Hit Rate: 0.2948
Epoch 46/100 | Train Loss: 0.1242, Hit Rate: 0.4633 | Val Loss: 0.2091, Hit Rate: 0.3218
Epoch 47/100 | Train Loss: 0.1234, Hit Rate: 0.4636 | Val Loss: 0.2162, Hit Rate: 0.3110
Epoch 48/100 | Train Loss: 0.1245, Hit Rate: 0.4664 | Val Loss: 0.2281, Hit Rate: 0.2978
Epoch 49/100 | Train Loss: 0.1246, Hit Rate: 0.4652 | Val Loss: 0.2119, Hit Rate: 0.3170
Epoch 50/100 | Train Loss: 0.1187, Hit Rate: 0.4805 | Val Loss: 0.2104, Hit Rate: 0.3157
Epoch 51/100 | Train Loss: 0.1165, Hit Rate: 0.4873 | Val Loss: 0.2089, Hit Rate: 0.3252
Epoch 52/100 | Train Loss: 0.1144, Hit Rate: 0.4957 | Val Loss: 0.2095, Hit Rate: 0.3180
Epoch 53/100 | Train Loss: 0.1197, Hit Rate: 0.4769 | Val Loss: 0.2090, Hit Rate: 0.3332
Epoch 54/100 | Train Loss: 0.1116, Hit Rate: 0.5076 | Val Loss: 0.2106, Hit Rate: 0.3297
Epoch 55/100 | Train Loss: 0.1114, Hit Rate: 0.5008 | Val Loss: 0.2075, Hit Rate: 0.3406
Epoch 56/100 | Train Loss: 0.1093, Hit Rate: 0.5134 | Val Loss: 0.2207, Hit Rate: 0.3110
Epoch 57/100 | Train Loss: 0.1101, Hit Rate: 0.5110 | Val Loss: 0.2076, Hit Rate: 0.3416
Epoch 58/100 | Train Loss: 0.1076, Hit Rate: 0.5162 | Val Loss: 0.2190, Hit Rate: 0.3247
Epoch 59/100 | Train Loss: 0.1065, Hit Rate: 0.5251 | Val Loss: 0.2125, Hit Rate: 0.3497
Epoch 60/100 | Train Loss: 0.1047, Hit Rate: 0.5271 | Val Loss: 0.2077, Hit Rate: 0.3354
Epoch 61/100 | Train Loss: 0.0980, Hit Rate: 0.5486 | Val Loss: 0.2110, Hit Rate: 0.3430
Epoch 62/100 | Train Loss: 0.1039, Hit Rate: 0.5285 | Val Loss: 0.2176, Hit Rate: 0.3319
Epoch 63/100 | Train Loss: 0.1004, Hit Rate: 0.5364 | Val Loss: 0.2135, Hit Rate: 0.3388
Epoch 64/100 | Train Loss: 0.1067, Hit Rate: 0.5255 | Val Loss: 0.2065, Hit Rate: 0.3566
Epoch 65/100 | Train Loss: 0.0917, Hit Rate: 0.5716 | Val Loss: 0.2025, Hit Rate: 0.3668
Epoch 66/100 | Train Loss: 0.1044, Hit Rate: 0.5288 | Val Loss: 0.2072, Hit Rate: 0.3450
Epoch 67/100 | Train Loss: 0.0928, Hit Rate: 0.5645 | Val Loss: 0.2135, Hit Rate: 0.3467
Epoch 68/100 | Train Loss: 0.0934, Hit Rate: 0.5588 | Val Loss: 0.2117, Hit Rate: 0.3423
Epoch 69/100 | Train Loss: 0.0916, Hit Rate: 0.5729 | Val Loss: 0.2193, Hit Rate: 0.3365
Epoch 70/100 | Train Loss: 0.0919, Hit Rate: 0.5686 | Val Loss: 0.2154, Hit Rate: 0.3464
Epoch 71/100 | Train Loss: 0.0917, Hit Rate: 0.5672 | Val Loss: 0.2379, Hit Rate: 0.3084
Epoch 72/100 | Train Loss: 0.1050, Hit Rate: 0.5227 | Val Loss: 0.2133, Hit Rate: 0.3512
Epoch 73/100 | Train Loss: 0.0875, Hit Rate: 0.5880 | Val Loss: 0.2085, Hit Rate: 0.3523
Epoch 74/100 | Train Loss: 0.0864, Hit Rate: 0.5847 | Val Loss: 0.2079, Hit Rate: 0.3649
Epoch 75/100 | Train Loss: 0.0837, Hit Rate: 0.5939 | Val Loss: 0.2064, Hit Rate: 0.3692
Epoch 76/100 | Train Loss: 0.0868, Hit Rate: 0.5879 | Val Loss: 0.2132, Hit Rate: 0.3508
Epoch 77/100 | Train Loss: 0.0881, Hit Rate: 0.5787 | Val Loss: 0.2167, Hit Rate: 0.3570
Epoch 78/100 | Train Loss: 0.0852, Hit Rate: 0.5922 | Val Loss: 0.2179, Hit Rate: 0.3630
Epoch 79/100 | Train Loss: 0.0870, Hit Rate: 0.5831 | Val Loss: 0.2128, Hit Rate: 0.3638
Epoch 80/100 | Train Loss: 0.0865, Hit Rate: 0.5886 | Val Loss: 0.2367, Hit Rate: 0.3217
Epoch 81/100 | Train Loss: 0.0914, Hit Rate: 0.5646 | Val Loss: 0.2105, Hit Rate: 0.3725
Epoch 82/100 | Train Loss: 0.0757, Hit Rate: 0.6291 | Val Loss: 0.2140, Hit Rate: 0.3650
Epoch 83/100 | Train Loss: 0.0815, Hit Rate: 0.6013 | Val Loss: 0.2233, Hit Rate: 0.3456
Epoch 84/100 | Train Loss: 0.0837, Hit Rate: 0.5899 | Val Loss: 0.2195, Hit Rate: 0.3619
Epoch 85/100 | Train Loss: 0.0805, Hit Rate: 0.6042 | Val Loss: 0.2359, Hit Rate: 0.3345
Epoch 86/100 | Train Loss: 0.0839, Hit Rate: 0.5940 | Val Loss: 0.2139, Hit Rate: 0.3658
Epoch 87/100 | Train Loss: 0.0805, Hit Rate: 0.6016 | Val Loss: 0.2269, Hit Rate: 0.3568
Epoch 88/100 | Train Loss: 0.0765, Hit Rate: 0.6215 | Val Loss: 0.2185, Hit Rate: 0.3702
Epoch 89/100 | Train Loss: 0.0807, Hit Rate: 0.6088 | Val Loss: 0.2361, Hit Rate: 0.3424
Epoch 90/100 | Train Loss: 0.0784, Hit Rate: 0.6087 | Val Loss: 0.2147, Hit Rate: 0.3746
Epoch 91/100 | Train Loss: 0.0753, Hit Rate: 0.6236 | Val Loss: 0.2189, Hit Rate: 0.3721
Epoch 92/100 | Train Loss: 0.0775, Hit Rate: 0.6181 | Val Loss: 0.2573, Hit Rate: 0.3075
Epoch 93/100 | Train Loss: 0.0778, Hit Rate: 0.6148 | Val Loss: 0.2190, Hit Rate: 0.3707
Epoch 94/100 | Train Loss: 0.0726, Hit Rate: 0.6381 | Val Loss: 0.2316, Hit Rate: 0.3529
Epoch 95/100 | Train Loss: 0.0834, Hit Rate: 0.5923 | Val Loss: 0.2462, Hit Rate: 0.3243
Epoch 96/100 | Train Loss: 0.0746, Hit Rate: 0.6275 | Val Loss: 0.2134, Hit Rate: 0.3856
Epoch 97/100 | Train Loss: 0.0773, Hit Rate: 0.6187 | Val Loss: 0.2336, Hit Rate: 0.3420
Epoch 98/100 | Train Loss: 0.0720, Hit Rate: 0.6374 | Val Loss: 0.2256, Hit Rate: 0.3661
Epoch 99/100 | Train Loss: 0.0716, Hit Rate: 0.6373 | Val Loss: 0.2267, Hit Rate: 0.3648
Epoch 100/100 | Train Loss: 0.0731, Hit Rate: 0.6357 | Val Loss: 0.2219, Hit Rate: 0.3732

Best validation hit rate: 0.3856
