Using device: cuda
Loaded 24900 samples
Input vocab size: 4, Output vocab size: 6
Fold 4: train=19920, val=4980
Model: rnn, params=125,510
  cross_attn=enabled
Epoch 1/100 | Train Loss: 1.0076, Hit Rate: 0.0000 | Val Loss: 0.8056, Hit Rate: 0.0002
Epoch 2/100 | Train Loss: 0.6878, Hit Rate: 0.0006 | Val Loss: 0.6291, Hit Rate: 0.0012
Epoch 3/100 | Train Loss: 0.5809, Hit Rate: 0.0028 | Val Loss: 0.5576, Hit Rate: 0.0063
Epoch 4/100 | Train Loss: 0.5180, Hit Rate: 0.0080 | Val Loss: 0.5085, Hit Rate: 0.0077
Epoch 5/100 | Train Loss: 0.4764, Hit Rate: 0.0121 | Val Loss: 0.4506, Hit Rate: 0.0177
Epoch 6/100 | Train Loss: 0.4418, Hit Rate: 0.0203 | Val Loss: 0.4397, Hit Rate: 0.0229
Epoch 7/100 | Train Loss: 0.4163, Hit Rate: 0.0305 | Val Loss: 0.4227, Hit Rate: 0.0289
Epoch 8/100 | Train Loss: 0.3933, Hit Rate: 0.0445 | Val Loss: 0.3904, Hit Rate: 0.0385
Epoch 9/100 | Train Loss: 0.3753, Hit Rate: 0.0520 | Val Loss: 0.3694, Hit Rate: 0.0568
Epoch 10/100 | Train Loss: 0.3564, Hit Rate: 0.0660 | Val Loss: 0.3677, Hit Rate: 0.0555
Epoch 11/100 | Train Loss: 0.3413, Hit Rate: 0.0799 | Val Loss: 0.3524, Hit Rate: 0.0710
Epoch 12/100 | Train Loss: 0.3293, Hit Rate: 0.0918 | Val Loss: 0.3413, Hit Rate: 0.0910
Epoch 13/100 | Train Loss: 0.3167, Hit Rate: 0.1079 | Val Loss: 0.3297, Hit Rate: 0.1003
Epoch 14/100 | Train Loss: 0.3050, Hit Rate: 0.1169 | Val Loss: 0.3259, Hit Rate: 0.1009
Epoch 15/100 | Train Loss: 0.2910, Hit Rate: 0.1352 | Val Loss: 0.3098, Hit Rate: 0.1243
Epoch 16/100 | Train Loss: 0.2840, Hit Rate: 0.1459 | Val Loss: 0.3176, Hit Rate: 0.1288
Epoch 17/100 | Train Loss: 0.2767, Hit Rate: 0.1552 | Val Loss: 0.3013, Hit Rate: 0.1306
Epoch 18/100 | Train Loss: 0.2638, Hit Rate: 0.1742 | Val Loss: 0.2984, Hit Rate: 0.1524
Epoch 19/100 | Train Loss: 0.2586, Hit Rate: 0.1841 | Val Loss: 0.2900, Hit Rate: 0.1503
Epoch 20/100 | Train Loss: 0.2535, Hit Rate: 0.1893 | Val Loss: 0.2896, Hit Rate: 0.1469
Epoch 21/100 | Train Loss: 0.2425, Hit Rate: 0.2074 | Val Loss: 0.2866, Hit Rate: 0.1503
Epoch 22/100 | Train Loss: 0.2347, Hit Rate: 0.2226 | Val Loss: 0.2703, Hit Rate: 0.1864
Epoch 23/100 | Train Loss: 0.2280, Hit Rate: 0.2344 | Val Loss: 0.2844, Hit Rate: 0.1781
Epoch 24/100 | Train Loss: 0.2210, Hit Rate: 0.2438 | Val Loss: 0.2625, Hit Rate: 0.2133
Epoch 25/100 | Train Loss: 0.2194, Hit Rate: 0.2485 | Val Loss: 0.2562, Hit Rate: 0.2131
Epoch 26/100 | Train Loss: 0.2110, Hit Rate: 0.2651 | Val Loss: 0.2599, Hit Rate: 0.2054
Epoch 27/100 | Train Loss: 0.2079, Hit Rate: 0.2685 | Val Loss: 0.2534, Hit Rate: 0.2185
Epoch 28/100 | Train Loss: 0.1990, Hit Rate: 0.2888 | Val Loss: 0.2565, Hit Rate: 0.2079
Epoch 29/100 | Train Loss: 0.1979, Hit Rate: 0.2934 | Val Loss: 0.2472, Hit Rate: 0.2442
Epoch 30/100 | Train Loss: 0.1917, Hit Rate: 0.3067 | Val Loss: 0.2439, Hit Rate: 0.2563
Epoch 31/100 | Train Loss: 0.1882, Hit Rate: 0.3137 | Val Loss: 0.2459, Hit Rate: 0.2455
Epoch 32/100 | Train Loss: 0.1847, Hit Rate: 0.3227 | Val Loss: 0.2409, Hit Rate: 0.2555
Epoch 33/100 | Train Loss: 0.1822, Hit Rate: 0.3245 | Val Loss: 0.2708, Hit Rate: 0.2103
Epoch 34/100 | Train Loss: 0.1762, Hit Rate: 0.3432 | Val Loss: 0.2397, Hit Rate: 0.2672
Epoch 35/100 | Train Loss: 0.1723, Hit Rate: 0.3527 | Val Loss: 0.2327, Hit Rate: 0.2768
Epoch 36/100 | Train Loss: 0.1724, Hit Rate: 0.3481 | Val Loss: 0.2375, Hit Rate: 0.2610
Epoch 37/100 | Train Loss: 0.1685, Hit Rate: 0.3605 | Val Loss: 0.2442, Hit Rate: 0.2569
Epoch 38/100 | Train Loss: 0.1664, Hit Rate: 0.3692 | Val Loss: 0.3608, Hit Rate: 0.1361
Epoch 39/100 | Train Loss: 0.1632, Hit Rate: 0.3738 | Val Loss: 0.2282, Hit Rate: 0.2849
Epoch 40/100 | Train Loss: 0.1560, Hit Rate: 0.3904 | Val Loss: 0.2262, Hit Rate: 0.2949
Epoch 41/100 | Train Loss: 0.1537, Hit Rate: 0.3929 | Val Loss: 0.2328, Hit Rate: 0.2744
Epoch 42/100 | Train Loss: 0.1533, Hit Rate: 0.3955 | Val Loss: 0.2351, Hit Rate: 0.2698
Epoch 43/100 | Train Loss: 0.1516, Hit Rate: 0.4016 | Val Loss: 0.2324, Hit Rate: 0.2804
Epoch 44/100 | Train Loss: 0.1491, Hit Rate: 0.4112 | Val Loss: 0.2207, Hit Rate: 0.3141
Epoch 45/100 | Train Loss: 0.1479, Hit Rate: 0.4056 | Val Loss: 0.2277, Hit Rate: 0.3036
Epoch 46/100 | Train Loss: 0.1458, Hit Rate: 0.4164 | Val Loss: 0.2350, Hit Rate: 0.2857
Epoch 47/100 | Train Loss: 0.1403, Hit Rate: 0.4320 | Val Loss: 0.2312, Hit Rate: 0.2917
Epoch 48/100 | Train Loss: 0.1378, Hit Rate: 0.4353 | Val Loss: 0.2401, Hit Rate: 0.2655
Epoch 49/100 | Train Loss: 0.1360, Hit Rate: 0.4382 | Val Loss: 0.2205, Hit Rate: 0.3076
Epoch 50/100 | Train Loss: 0.1424, Hit Rate: 0.4190 | Val Loss: 0.2308, Hit Rate: 0.2969
Epoch 51/100 | Train Loss: 0.1320, Hit Rate: 0.4502 | Val Loss: 0.2240, Hit Rate: 0.3111
Epoch 52/100 | Train Loss: 0.1326, Hit Rate: 0.4504 | Val Loss: 0.2254, Hit Rate: 0.3105
Epoch 53/100 | Train Loss: 0.1276, Hit Rate: 0.4621 | Val Loss: 0.2310, Hit Rate: 0.2973
Epoch 54/100 | Train Loss: 0.1285, Hit Rate: 0.4579 | Val Loss: 0.2295, Hit Rate: 0.2915
Epoch 55/100 | Train Loss: 0.1269, Hit Rate: 0.4673 | Val Loss: 0.2320, Hit Rate: 0.3014
Epoch 56/100 | Train Loss: 0.1245, Hit Rate: 0.4706 | Val Loss: 0.2212, Hit Rate: 0.3195
Epoch 57/100 | Train Loss: 0.1228, Hit Rate: 0.4754 | Val Loss: 0.2198, Hit Rate: 0.3213
Epoch 58/100 | Train Loss: 0.1208, Hit Rate: 0.4820 | Val Loss: 0.2161, Hit Rate: 0.3330
Epoch 59/100 | Train Loss: 0.1221, Hit Rate: 0.4766 | Val Loss: 0.2255, Hit Rate: 0.3073
Epoch 60/100 | Train Loss: 0.1213, Hit Rate: 0.4827 | Val Loss: 0.2539, Hit Rate: 0.2629
Epoch 61/100 | Train Loss: 0.1204, Hit Rate: 0.4849 | Val Loss: 0.2181, Hit Rate: 0.3316
Epoch 62/100 | Train Loss: 0.1135, Hit Rate: 0.5071 | Val Loss: 0.2219, Hit Rate: 0.3205
Epoch 63/100 | Train Loss: 0.1157, Hit Rate: 0.4984 | Val Loss: 0.2216, Hit Rate: 0.3226
Epoch 64/100 | Train Loss: 0.1151, Hit Rate: 0.4992 | Val Loss: 0.2395, Hit Rate: 0.3037
Epoch 65/100 | Train Loss: 0.1120, Hit Rate: 0.5099 | Val Loss: 0.2306, Hit Rate: 0.3240
Epoch 66/100 | Train Loss: 0.1104, Hit Rate: 0.5103 | Val Loss: 0.2183, Hit Rate: 0.3383
Epoch 67/100 | Train Loss: 0.1075, Hit Rate: 0.5229 | Val Loss: 0.2320, Hit Rate: 0.3162
Epoch 68/100 | Train Loss: 0.1120, Hit Rate: 0.5154 | Val Loss: 0.2850, Hit Rate: 0.2411
Epoch 69/100 | Train Loss: 0.1143, Hit Rate: 0.4973 | Val Loss: 0.2330, Hit Rate: 0.3266
Epoch 70/100 | Train Loss: 0.1029, Hit Rate: 0.5385 | Val Loss: 0.2300, Hit Rate: 0.3180
Epoch 71/100 | Train Loss: 0.1046, Hit Rate: 0.5318 | Val Loss: 0.2313, Hit Rate: 0.3223
Epoch 72/100 | Train Loss: 0.1039, Hit Rate: 0.5292 | Val Loss: 0.2227, Hit Rate: 0.3335
Epoch 73/100 | Train Loss: 0.1067, Hit Rate: 0.5202 | Val Loss: 0.2288, Hit Rate: 0.3405
Epoch 74/100 | Train Loss: 0.1034, Hit Rate: 0.5335 | Val Loss: 0.2409, Hit Rate: 0.3019
Epoch 75/100 | Train Loss: 0.1032, Hit Rate: 0.5376 | Val Loss: 0.2255, Hit Rate: 0.3357
Epoch 76/100 | Train Loss: 0.0988, Hit Rate: 0.5511 | Val Loss: 0.2548, Hit Rate: 0.2854
Epoch 77/100 | Train Loss: 0.1038, Hit Rate: 0.5355 | Val Loss: 0.2308, Hit Rate: 0.3283
Epoch 78/100 | Train Loss: 0.0988, Hit Rate: 0.5495 | Val Loss: 0.2400, Hit Rate: 0.3166
Epoch 79/100 | Train Loss: 0.0973, Hit Rate: 0.5521 | Val Loss: 0.2348, Hit Rate: 0.3368
Epoch 80/100 | Train Loss: 0.0993, Hit Rate: 0.5530 | Val Loss: 0.2386, Hit Rate: 0.3110
Epoch 81/100 | Train Loss: 0.0971, Hit Rate: 0.5567 | Val Loss: 0.2302, Hit Rate: 0.3359
Epoch 82/100 | Train Loss: 0.0967, Hit Rate: 0.5570 | Val Loss: 0.2338, Hit Rate: 0.3273
Epoch 83/100 | Train Loss: 0.0984, Hit Rate: 0.5508 | Val Loss: 0.2398, Hit Rate: 0.3207
Epoch 84/100 | Train Loss: 0.0951, Hit Rate: 0.5602 | Val Loss: 0.2277, Hit Rate: 0.3376
Epoch 85/100 | Train Loss: 0.0946, Hit Rate: 0.5572 | Val Loss: 0.2201, Hit Rate: 0.3570
Epoch 86/100 | Train Loss: 0.0947, Hit Rate: 0.5584 | Val Loss: 0.2376, Hit Rate: 0.3281
Epoch 87/100 | Train Loss: 0.0889, Hit Rate: 0.5821 | Val Loss: 0.2409, Hit Rate: 0.3259
Epoch 88/100 | Train Loss: 0.0879, Hit Rate: 0.5902 | Val Loss: 0.2348, Hit Rate: 0.3380
Epoch 89/100 | Train Loss: 0.0985, Hit Rate: 0.5407 | Val Loss: 0.2351, Hit Rate: 0.3418
Epoch 90/100 | Train Loss: 0.0949, Hit Rate: 0.5534 | Val Loss: 0.2450, Hit Rate: 0.3154
Epoch 91/100 | Train Loss: 0.0881, Hit Rate: 0.5848 | Val Loss: 0.2364, Hit Rate: 0.3271
Epoch 92/100 | Train Loss: 0.0929, Hit Rate: 0.5664 | Val Loss: 0.2453, Hit Rate: 0.3225
Epoch 93/100 | Train Loss: 0.0853, Hit Rate: 0.5924 | Val Loss: 0.2271, Hit Rate: 0.3536
Epoch 94/100 | Train Loss: 0.0830, Hit Rate: 0.6014 | Val Loss: 0.2472, Hit Rate: 0.3260
Epoch 95/100 | Train Loss: 0.0930, Hit Rate: 0.5634 | Val Loss: 0.2361, Hit Rate: 0.3324
Epoch 96/100 | Train Loss: 0.0859, Hit Rate: 0.5896 | Val Loss: 0.2338, Hit Rate: 0.3489
Epoch 97/100 | Train Loss: 0.0837, Hit Rate: 0.5944 | Val Loss: 0.2412, Hit Rate: 0.3331
Epoch 98/100 | Train Loss: 0.0865, Hit Rate: 0.5859 | Val Loss: 0.2328, Hit Rate: 0.3506
Epoch 99/100 | Train Loss: 0.0974, Hit Rate: 0.5515 | Val Loss: 0.2424, Hit Rate: 0.3336
Epoch 100/100 | Train Loss: 0.0812, Hit Rate: 0.6080 | Val Loss: 0.2344, Hit Rate: 0.3468

Best validation hit rate: 0.3570
