Using device: cuda
Loaded 24900 samples
Input vocab size: 4, Output vocab size: 6
Fold 4: train=19920, val=4980
Model: rnn, params=108,742
Epoch 1/100 | Train Loss: 1.0131, Hit Rate: 0.0000 | Val Loss: 0.8170, Hit Rate: 0.0000
Epoch 2/100 | Train Loss: 0.7474, Hit Rate: 0.0001 | Val Loss: 0.6853, Hit Rate: 0.0000
Epoch 3/100 | Train Loss: 0.6367, Hit Rate: 0.0002 | Val Loss: 0.6104, Hit Rate: 0.0002
Epoch 4/100 | Train Loss: 0.5697, Hit Rate: 0.0016 | Val Loss: 0.5805, Hit Rate: 0.0018
Epoch 5/100 | Train Loss: 0.5297, Hit Rate: 0.0026 | Val Loss: 0.5608, Hit Rate: 0.0002
Epoch 6/100 | Train Loss: 0.5009, Hit Rate: 0.0047 | Val Loss: 0.5308, Hit Rate: 0.0028
Epoch 7/100 | Train Loss: 0.4777, Hit Rate: 0.0077 | Val Loss: 0.5010, Hit Rate: 0.0014
Epoch 8/100 | Train Loss: 0.4558, Hit Rate: 0.0114 | Val Loss: 0.4880, Hit Rate: 0.0060
Epoch 9/100 | Train Loss: 0.4385, Hit Rate: 0.0166 | Val Loss: 0.4894, Hit Rate: 0.0076
Epoch 10/100 | Train Loss: 0.4241, Hit Rate: 0.0211 | Val Loss: 0.4705, Hit Rate: 0.0066
Epoch 11/100 | Train Loss: 0.4059, Hit Rate: 0.0272 | Val Loss: 0.4606, Hit Rate: 0.0066
Epoch 12/100 | Train Loss: 0.3941, Hit Rate: 0.0320 | Val Loss: 0.4540, Hit Rate: 0.0120
Epoch 13/100 | Train Loss: 0.3828, Hit Rate: 0.0391 | Val Loss: 0.4649, Hit Rate: 0.0084
Epoch 14/100 | Train Loss: 0.3735, Hit Rate: 0.0418 | Val Loss: 0.4503, Hit Rate: 0.0094
Epoch 15/100 | Train Loss: 0.3634, Hit Rate: 0.0484 | Val Loss: 0.4451, Hit Rate: 0.0102
Epoch 16/100 | Train Loss: 0.3527, Hit Rate: 0.0594 | Val Loss: 0.4518, Hit Rate: 0.0084
Epoch 17/100 | Train Loss: 0.3466, Hit Rate: 0.0637 | Val Loss: 0.4516, Hit Rate: 0.0116
Epoch 18/100 | Train Loss: 0.3327, Hit Rate: 0.0717 | Val Loss: 0.4359, Hit Rate: 0.0132
Epoch 19/100 | Train Loss: 0.3304, Hit Rate: 0.0762 | Val Loss: 0.4306, Hit Rate: 0.0138
Epoch 20/100 | Train Loss: 0.3196, Hit Rate: 0.0858 | Val Loss: 0.4378, Hit Rate: 0.0138
Epoch 21/100 | Train Loss: 0.3168, Hit Rate: 0.0895 | Val Loss: 0.4292, Hit Rate: 0.0142
Epoch 22/100 | Train Loss: 0.3106, Hit Rate: 0.0973 | Val Loss: 0.4406, Hit Rate: 0.0104
Epoch 23/100 | Train Loss: 0.3047, Hit Rate: 0.1035 | Val Loss: 0.4356, Hit Rate: 0.0120
Epoch 24/100 | Train Loss: 0.2961, Hit Rate: 0.1139 | Val Loss: 0.4233, Hit Rate: 0.0176
Epoch 25/100 | Train Loss: 0.2948, Hit Rate: 0.1179 | Val Loss: 0.4180, Hit Rate: 0.0158
Epoch 26/100 | Train Loss: 0.2840, Hit Rate: 0.1301 | Val Loss: 0.4349, Hit Rate: 0.0112
Epoch 27/100 | Train Loss: 0.2827, Hit Rate: 0.1325 | Val Loss: 0.4244, Hit Rate: 0.0101
Epoch 28/100 | Train Loss: 0.2777, Hit Rate: 0.1416 | Val Loss: 0.4357, Hit Rate: 0.0126
Epoch 29/100 | Train Loss: 0.2727, Hit Rate: 0.1469 | Val Loss: 0.4324, Hit Rate: 0.0147
Epoch 30/100 | Train Loss: 0.2695, Hit Rate: 0.1561 | Val Loss: 0.4373, Hit Rate: 0.0166
Epoch 31/100 | Train Loss: 0.2651, Hit Rate: 0.1581 | Val Loss: 0.4347, Hit Rate: 0.0140
Epoch 32/100 | Train Loss: 0.2577, Hit Rate: 0.1720 | Val Loss: 0.4482, Hit Rate: 0.0174
Epoch 33/100 | Train Loss: 0.2587, Hit Rate: 0.1678 | Val Loss: 0.4442, Hit Rate: 0.0130
Epoch 34/100 | Train Loss: 0.2515, Hit Rate: 0.1814 | Val Loss: 0.4628, Hit Rate: 0.0102
Epoch 35/100 | Train Loss: 0.2489, Hit Rate: 0.1837 | Val Loss: 0.4295, Hit Rate: 0.0166
Epoch 36/100 | Train Loss: 0.2457, Hit Rate: 0.1964 | Val Loss: 0.4330, Hit Rate: 0.0193
Epoch 37/100 | Train Loss: 0.2400, Hit Rate: 0.2008 | Val Loss: 0.4271, Hit Rate: 0.0157
Epoch 38/100 | Train Loss: 0.2386, Hit Rate: 0.2021 | Val Loss: 0.4403, Hit Rate: 0.0155
Epoch 39/100 | Train Loss: 0.2365, Hit Rate: 0.2071 | Val Loss: 0.4574, Hit Rate: 0.0130
Epoch 40/100 | Train Loss: 0.2292, Hit Rate: 0.2252 | Val Loss: 0.4498, Hit Rate: 0.0186
Epoch 41/100 | Train Loss: 0.2307, Hit Rate: 0.2185 | Val Loss: 0.4419, Hit Rate: 0.0266
Epoch 42/100 | Train Loss: 0.2251, Hit Rate: 0.2295 | Val Loss: 0.4389, Hit Rate: 0.0182
Epoch 43/100 | Train Loss: 0.2248, Hit Rate: 0.2300 | Val Loss: 0.4613, Hit Rate: 0.0238
Epoch 44/100 | Train Loss: 0.2209, Hit Rate: 0.2346 | Val Loss: 0.4481, Hit Rate: 0.0160
Epoch 45/100 | Train Loss: 0.2186, Hit Rate: 0.2427 | Val Loss: 0.4469, Hit Rate: 0.0196
Epoch 46/100 | Train Loss: 0.2197, Hit Rate: 0.2425 | Val Loss: 0.4510, Hit Rate: 0.0206
Epoch 47/100 | Train Loss: 0.2130, Hit Rate: 0.2497 | Val Loss: 0.4575, Hit Rate: 0.0162
Epoch 48/100 | Train Loss: 0.2089, Hit Rate: 0.2632 | Val Loss: 0.4671, Hit Rate: 0.0135
Epoch 49/100 | Train Loss: 0.2111, Hit Rate: 0.2577 | Val Loss: 0.4550, Hit Rate: 0.0252
Epoch 50/100 | Train Loss: 0.2057, Hit Rate: 0.2706 | Val Loss: 0.4764, Hit Rate: 0.0160
Epoch 51/100 | Train Loss: 0.2077, Hit Rate: 0.2651 | Val Loss: 0.4588, Hit Rate: 0.0182
Epoch 52/100 | Train Loss: 0.2002, Hit Rate: 0.2831 | Val Loss: 0.4773, Hit Rate: 0.0180
Epoch 53/100 | Train Loss: 0.2080, Hit Rate: 0.2670 | Val Loss: 0.5020, Hit Rate: 0.0186
Epoch 54/100 | Train Loss: 0.2062, Hit Rate: 0.2742 | Val Loss: 0.4672, Hit Rate: 0.0230
Epoch 55/100 | Train Loss: 0.1957, Hit Rate: 0.2910 | Val Loss: 0.4822, Hit Rate: 0.0192
Epoch 56/100 | Train Loss: 0.1950, Hit Rate: 0.2970 | Val Loss: 0.5066, Hit Rate: 0.0160
Epoch 57/100 | Train Loss: 0.1959, Hit Rate: 0.2888 | Val Loss: 0.4851, Hit Rate: 0.0174
Epoch 58/100 | Train Loss: 0.1914, Hit Rate: 0.3026 | Val Loss: 0.5005, Hit Rate: 0.0160
Epoch 59/100 | Train Loss: 0.1890, Hit Rate: 0.3096 | Val Loss: 0.4794, Hit Rate: 0.0192
Epoch 60/100 | Train Loss: 0.1882, Hit Rate: 0.3079 | Val Loss: 0.4798, Hit Rate: 0.0244
Epoch 61/100 | Train Loss: 0.1865, Hit Rate: 0.3105 | Val Loss: 0.4880, Hit Rate: 0.0178
Epoch 62/100 | Train Loss: 0.1876, Hit Rate: 0.3086 | Val Loss: 0.4998, Hit Rate: 0.0180
Epoch 63/100 | Train Loss: 0.1856, Hit Rate: 0.3146 | Val Loss: 0.5087, Hit Rate: 0.0210
Epoch 64/100 | Train Loss: 0.1887, Hit Rate: 0.3097 | Val Loss: 0.5248, Hit Rate: 0.0212
Epoch 65/100 | Train Loss: 0.1849, Hit Rate: 0.3204 | Val Loss: 0.4915, Hit Rate: 0.0222
Epoch 66/100 | Train Loss: 0.1772, Hit Rate: 0.3370 | Val Loss: 0.5220, Hit Rate: 0.0116
Epoch 67/100 | Train Loss: 0.1792, Hit Rate: 0.3282 | Val Loss: 0.5163, Hit Rate: 0.0196
Epoch 68/100 | Train Loss: 0.1781, Hit Rate: 0.3256 | Val Loss: 0.5100, Hit Rate: 0.0176
Epoch 69/100 | Train Loss: 0.1815, Hit Rate: 0.3234 | Val Loss: 0.5123, Hit Rate: 0.0174
Epoch 70/100 | Train Loss: 0.1766, Hit Rate: 0.3353 | Val Loss: 0.5121, Hit Rate: 0.0174
Epoch 71/100 | Train Loss: 0.1737, Hit Rate: 0.3444 | Val Loss: 0.5201, Hit Rate: 0.0186
Epoch 72/100 | Train Loss: 0.1715, Hit Rate: 0.3509 | Val Loss: 0.5190, Hit Rate: 0.0233
Epoch 73/100 | Train Loss: 0.1702, Hit Rate: 0.3472 | Val Loss: 0.5953, Hit Rate: 0.0144
Epoch 74/100 | Train Loss: 0.1732, Hit Rate: 0.3455 | Val Loss: 0.5514, Hit Rate: 0.0202
Epoch 75/100 | Train Loss: 0.1780, Hit Rate: 0.3361 | Val Loss: 0.5317, Hit Rate: 0.0206
Epoch 76/100 | Train Loss: 0.1717, Hit Rate: 0.3442 | Val Loss: 0.5088, Hit Rate: 0.0194
Epoch 77/100 | Train Loss: 0.1698, Hit Rate: 0.3564 | Val Loss: 0.5167, Hit Rate: 0.0212
Epoch 78/100 | Train Loss: 0.1643, Hit Rate: 0.3640 | Val Loss: 0.5309, Hit Rate: 0.0198
Epoch 79/100 | Train Loss: 0.1680, Hit Rate: 0.3553 | Val Loss: 0.5398, Hit Rate: 0.0156
Epoch 80/100 | Train Loss: 0.1644, Hit Rate: 0.3654 | Val Loss: 0.5252, Hit Rate: 0.0216
Epoch 81/100 | Train Loss: 0.1700, Hit Rate: 0.3541 | Val Loss: 0.5699, Hit Rate: 0.0184
Epoch 82/100 | Train Loss: 0.1642, Hit Rate: 0.3678 | Val Loss: 0.5339, Hit Rate: 0.0238
Epoch 83/100 | Train Loss: 0.1591, Hit Rate: 0.3748 | Val Loss: 0.5434, Hit Rate: 0.0188
Epoch 84/100 | Train Loss: 0.1635, Hit Rate: 0.3642 | Val Loss: 0.5519, Hit Rate: 0.0142
Epoch 85/100 | Train Loss: 0.1609, Hit Rate: 0.3703 | Val Loss: 0.5386, Hit Rate: 0.0216
Epoch 86/100 | Train Loss: 0.1588, Hit Rate: 0.3783 | Val Loss: 0.5420, Hit Rate: 0.0252
Epoch 87/100 | Train Loss: 0.1672, Hit Rate: 0.3579 | Val Loss: 0.5601, Hit Rate: 0.0232
Epoch 88/100 | Train Loss: 0.1562, Hit Rate: 0.3858 | Val Loss: 0.5338, Hit Rate: 0.0240
Epoch 89/100 | Train Loss: 0.1595, Hit Rate: 0.3784 | Val Loss: 0.5406, Hit Rate: 0.0253
Epoch 90/100 | Train Loss: 0.1527, Hit Rate: 0.3908 | Val Loss: 0.5474, Hit Rate: 0.0258
Epoch 91/100 | Train Loss: 0.1567, Hit Rate: 0.3801 | Val Loss: 0.5582, Hit Rate: 0.0222
Epoch 92/100 | Train Loss: 0.1603, Hit Rate: 0.3718 | Val Loss: 0.5458, Hit Rate: 0.0222
Epoch 93/100 | Train Loss: 0.1543, Hit Rate: 0.3933 | Val Loss: 0.5417, Hit Rate: 0.0156
Epoch 94/100 | Train Loss: 0.1500, Hit Rate: 0.3997 | Val Loss: 0.5768, Hit Rate: 0.0242
Epoch 95/100 | Train Loss: 0.1535, Hit Rate: 0.3887 | Val Loss: 0.5505, Hit Rate: 0.0252
Epoch 96/100 | Train Loss: 0.1569, Hit Rate: 0.3829 | Val Loss: 0.5576, Hit Rate: 0.0250
Epoch 97/100 | Train Loss: 0.1510, Hit Rate: 0.3947 | Val Loss: 0.5715, Hit Rate: 0.0224
Epoch 98/100 | Train Loss: 0.1546, Hit Rate: 0.3904 | Val Loss: 0.5514, Hit Rate: 0.0194
Epoch 99/100 | Train Loss: 0.1555, Hit Rate: 0.3843 | Val Loss: 0.5684, Hit Rate: 0.0236
Epoch 100/100 | Train Loss: 0.1444, Hit Rate: 0.4172 | Val Loss: 0.5765, Hit Rate: 0.0180

Best validation hit rate: 0.0266
