Using device: cuda
Loaded 24900 samples
Input vocab size: 4, Output vocab size: 6
Fold 2: train=19920, val=4980
Model: rnn, params=108,742
Epoch 1/100 | Train Loss: 1.0061, Hit Rate: 0.0000 | Val Loss: 0.8226, Hit Rate: 0.0000
Epoch 2/100 | Train Loss: 0.7281, Hit Rate: 0.0001 | Val Loss: 0.6850, Hit Rate: 0.0000
Epoch 3/100 | Train Loss: 0.6288, Hit Rate: 0.0007 | Val Loss: 0.6217, Hit Rate: 0.0024
Epoch 4/100 | Train Loss: 0.5611, Hit Rate: 0.0028 | Val Loss: 0.5754, Hit Rate: 0.0048
Epoch 5/100 | Train Loss: 0.5189, Hit Rate: 0.0049 | Val Loss: 0.5398, Hit Rate: 0.0004
Epoch 6/100 | Train Loss: 0.4877, Hit Rate: 0.0087 | Val Loss: 0.5269, Hit Rate: 0.0006
Epoch 7/100 | Train Loss: 0.4693, Hit Rate: 0.0123 | Val Loss: 0.5193, Hit Rate: 0.0026
Epoch 8/100 | Train Loss: 0.4489, Hit Rate: 0.0166 | Val Loss: 0.4974, Hit Rate: 0.0006
Epoch 9/100 | Train Loss: 0.4305, Hit Rate: 0.0202 | Val Loss: 0.4940, Hit Rate: 0.0020
Epoch 10/100 | Train Loss: 0.4150, Hit Rate: 0.0271 | Val Loss: 0.4798, Hit Rate: 0.0044
Epoch 11/100 | Train Loss: 0.4037, Hit Rate: 0.0339 | Val Loss: 0.4968, Hit Rate: 0.0052
Epoch 12/100 | Train Loss: 0.3899, Hit Rate: 0.0380 | Val Loss: 0.4748, Hit Rate: 0.0064
Epoch 13/100 | Train Loss: 0.3801, Hit Rate: 0.0445 | Val Loss: 0.4839, Hit Rate: 0.0074
Epoch 14/100 | Train Loss: 0.3685, Hit Rate: 0.0524 | Val Loss: 0.4599, Hit Rate: 0.0082
Epoch 15/100 | Train Loss: 0.3581, Hit Rate: 0.0571 | Val Loss: 0.4569, Hit Rate: 0.0092
Epoch 16/100 | Train Loss: 0.3514, Hit Rate: 0.0618 | Val Loss: 0.4815, Hit Rate: 0.0066
Epoch 17/100 | Train Loss: 0.3420, Hit Rate: 0.0723 | Val Loss: 0.4677, Hit Rate: 0.0086
Epoch 18/100 | Train Loss: 0.3420, Hit Rate: 0.0763 | Val Loss: 0.4485, Hit Rate: 0.0082
Epoch 19/100 | Train Loss: 0.3251, Hit Rate: 0.0930 | Val Loss: 0.4500, Hit Rate: 0.0130
Epoch 20/100 | Train Loss: 0.3215, Hit Rate: 0.0920 | Val Loss: 0.4550, Hit Rate: 0.0078
Epoch 21/100 | Train Loss: 0.3108, Hit Rate: 0.1028 | Val Loss: 0.4455, Hit Rate: 0.0092
Epoch 22/100 | Train Loss: 0.3122, Hit Rate: 0.1058 | Val Loss: 0.4471, Hit Rate: 0.0130
Epoch 23/100 | Train Loss: 0.2990, Hit Rate: 0.1185 | Val Loss: 0.4417, Hit Rate: 0.0124
Epoch 24/100 | Train Loss: 0.2954, Hit Rate: 0.1200 | Val Loss: 0.4312, Hit Rate: 0.0126
Epoch 25/100 | Train Loss: 0.2954, Hit Rate: 0.1228 | Val Loss: 0.4357, Hit Rate: 0.0102
Epoch 26/100 | Train Loss: 0.2850, Hit Rate: 0.1378 | Val Loss: 0.4490, Hit Rate: 0.0132
Epoch 27/100 | Train Loss: 0.2836, Hit Rate: 0.1366 | Val Loss: 0.4486, Hit Rate: 0.0120
Epoch 28/100 | Train Loss: 0.2775, Hit Rate: 0.1471 | Val Loss: 0.4626, Hit Rate: 0.0100
Epoch 29/100 | Train Loss: 0.2721, Hit Rate: 0.1546 | Val Loss: 0.4643, Hit Rate: 0.0092
Epoch 30/100 | Train Loss: 0.2664, Hit Rate: 0.1649 | Val Loss: 0.4448, Hit Rate: 0.0136
Epoch 31/100 | Train Loss: 0.2644, Hit Rate: 0.1672 | Val Loss: 0.4461, Hit Rate: 0.0156
Epoch 32/100 | Train Loss: 0.2602, Hit Rate: 0.1760 | Val Loss: 0.4808, Hit Rate: 0.0088
Epoch 33/100 | Train Loss: 0.2581, Hit Rate: 0.1744 | Val Loss: 0.4782, Hit Rate: 0.0154
Epoch 34/100 | Train Loss: 0.2526, Hit Rate: 0.1855 | Val Loss: 0.4658, Hit Rate: 0.0142
Epoch 35/100 | Train Loss: 0.2494, Hit Rate: 0.1890 | Val Loss: 0.4602, Hit Rate: 0.0116
Epoch 36/100 | Train Loss: 0.2471, Hit Rate: 0.1924 | Val Loss: 0.4773, Hit Rate: 0.0134
Epoch 37/100 | Train Loss: 0.2454, Hit Rate: 0.2001 | Val Loss: 0.4640, Hit Rate: 0.0122
Epoch 38/100 | Train Loss: 0.2406, Hit Rate: 0.2114 | Val Loss: 0.4729, Hit Rate: 0.0136
Epoch 39/100 | Train Loss: 0.2358, Hit Rate: 0.2156 | Val Loss: 0.4547, Hit Rate: 0.0164
Epoch 40/100 | Train Loss: 0.2356, Hit Rate: 0.2168 | Val Loss: 0.4665, Hit Rate: 0.0176
Epoch 41/100 | Train Loss: 0.2297, Hit Rate: 0.2264 | Val Loss: 0.4591, Hit Rate: 0.0128
Epoch 42/100 | Train Loss: 0.2314, Hit Rate: 0.2237 | Val Loss: 0.4617, Hit Rate: 0.0146
Epoch 43/100 | Train Loss: 0.2257, Hit Rate: 0.2362 | Val Loss: 0.4700, Hit Rate: 0.0118
Epoch 44/100 | Train Loss: 0.2248, Hit Rate: 0.2363 | Val Loss: 0.4774, Hit Rate: 0.0112
Epoch 45/100 | Train Loss: 0.2218, Hit Rate: 0.2424 | Val Loss: 0.4674, Hit Rate: 0.0144
Epoch 46/100 | Train Loss: 0.2167, Hit Rate: 0.2487 | Val Loss: 0.4742, Hit Rate: 0.0150
Epoch 47/100 | Train Loss: 0.2189, Hit Rate: 0.2467 | Val Loss: 0.4794, Hit Rate: 0.0126
Epoch 48/100 | Train Loss: 0.2150, Hit Rate: 0.2546 | Val Loss: 0.4920, Hit Rate: 0.0104
Epoch 49/100 | Train Loss: 0.2161, Hit Rate: 0.2501 | Val Loss: 0.4846, Hit Rate: 0.0122
Epoch 50/100 | Train Loss: 0.2139, Hit Rate: 0.2611 | Val Loss: 0.5246, Hit Rate: 0.0086
Epoch 51/100 | Train Loss: 0.2122, Hit Rate: 0.2655 | Val Loss: 0.4870, Hit Rate: 0.0122
Epoch 52/100 | Train Loss: 0.2083, Hit Rate: 0.2736 | Val Loss: 0.4753, Hit Rate: 0.0148
Epoch 53/100 | Train Loss: 0.2042, Hit Rate: 0.2752 | Val Loss: 0.4835, Hit Rate: 0.0136
Epoch 54/100 | Train Loss: 0.2038, Hit Rate: 0.2762 | Val Loss: 0.4957, Hit Rate: 0.0164
Epoch 55/100 | Train Loss: 0.2019, Hit Rate: 0.2845 | Val Loss: 0.4846, Hit Rate: 0.0168
Epoch 56/100 | Train Loss: 0.2003, Hit Rate: 0.2858 | Val Loss: 0.4909, Hit Rate: 0.0116
Epoch 57/100 | Train Loss: 0.1976, Hit Rate: 0.2887 | Val Loss: 0.5142, Hit Rate: 0.0118
Epoch 58/100 | Train Loss: 0.1998, Hit Rate: 0.2826 | Val Loss: 0.4893, Hit Rate: 0.0112
Epoch 59/100 | Train Loss: 0.1964, Hit Rate: 0.2972 | Val Loss: 0.4942, Hit Rate: 0.0172
Epoch 60/100 | Train Loss: 0.1966, Hit Rate: 0.2948 | Val Loss: 0.5016, Hit Rate: 0.0144
Epoch 61/100 | Train Loss: 0.1892, Hit Rate: 0.3124 | Val Loss: 0.4994, Hit Rate: 0.0154
Epoch 62/100 | Train Loss: 0.1910, Hit Rate: 0.3067 | Val Loss: 0.5225, Hit Rate: 0.0120
Epoch 63/100 | Train Loss: 0.1951, Hit Rate: 0.2986 | Val Loss: 0.5114, Hit Rate: 0.0110
Epoch 64/100 | Train Loss: 0.1923, Hit Rate: 0.3026 | Val Loss: 0.5144, Hit Rate: 0.0139
Epoch 65/100 | Train Loss: 0.1838, Hit Rate: 0.3232 | Val Loss: 0.5040, Hit Rate: 0.0180
Epoch 66/100 | Train Loss: 0.1850, Hit Rate: 0.3193 | Val Loss: 0.5074, Hit Rate: 0.0134
Epoch 67/100 | Train Loss: 0.1846, Hit Rate: 0.3262 | Val Loss: 0.5244, Hit Rate: 0.0152
Epoch 68/100 | Train Loss: 0.1854, Hit Rate: 0.3180 | Val Loss: 0.5198, Hit Rate: 0.0162
Epoch 69/100 | Train Loss: 0.1829, Hit Rate: 0.3246 | Val Loss: 0.5077, Hit Rate: 0.0148
Epoch 70/100 | Train Loss: 0.1839, Hit Rate: 0.3256 | Val Loss: 0.5310, Hit Rate: 0.0122
Epoch 71/100 | Train Loss: 0.1787, Hit Rate: 0.3299 | Val Loss: 0.5355, Hit Rate: 0.0122
Epoch 72/100 | Train Loss: 0.1779, Hit Rate: 0.3327 | Val Loss: 0.5390, Hit Rate: 0.0088
Epoch 73/100 | Train Loss: 0.1778, Hit Rate: 0.3361 | Val Loss: 0.5548, Hit Rate: 0.0154
Epoch 74/100 | Train Loss: 0.1793, Hit Rate: 0.3297 | Val Loss: 0.5388, Hit Rate: 0.0134
Epoch 75/100 | Train Loss: 0.1757, Hit Rate: 0.3426 | Val Loss: 0.5230, Hit Rate: 0.0112
Epoch 76/100 | Train Loss: 0.1777, Hit Rate: 0.3385 | Val Loss: 0.5335, Hit Rate: 0.0138
Epoch 77/100 | Train Loss: 0.1732, Hit Rate: 0.3471 | Val Loss: 0.5390, Hit Rate: 0.0132
Epoch 78/100 | Train Loss: 0.1723, Hit Rate: 0.3474 | Val Loss: 0.5274, Hit Rate: 0.0153
Epoch 79/100 | Train Loss: 0.1720, Hit Rate: 0.3541 | Val Loss: 0.5359, Hit Rate: 0.0126
Epoch 80/100 | Train Loss: 0.1697, Hit Rate: 0.3573 | Val Loss: 0.5499, Hit Rate: 0.0108
Epoch 81/100 | Train Loss: 0.1692, Hit Rate: 0.3570 | Val Loss: 0.5417, Hit Rate: 0.0110
Epoch 82/100 | Train Loss: 0.1674, Hit Rate: 0.3610 | Val Loss: 0.5616, Hit Rate: 0.0180
Epoch 83/100 | Train Loss: 0.1702, Hit Rate: 0.3560 | Val Loss: 0.5566, Hit Rate: 0.0118
Epoch 84/100 | Train Loss: 0.1695, Hit Rate: 0.3559 | Val Loss: 0.5643, Hit Rate: 0.0106
Epoch 85/100 | Train Loss: 0.1675, Hit Rate: 0.3612 | Val Loss: 0.5924, Hit Rate: 0.0090
Epoch 86/100 | Train Loss: 0.1695, Hit Rate: 0.3534 | Val Loss: 0.5704, Hit Rate: 0.0112
Epoch 87/100 | Train Loss: 0.1626, Hit Rate: 0.3700 | Val Loss: 0.5733, Hit Rate: 0.0124
Epoch 88/100 | Train Loss: 0.1672, Hit Rate: 0.3660 | Val Loss: 0.5724, Hit Rate: 0.0106
Epoch 89/100 | Train Loss: 0.1622, Hit Rate: 0.3698 | Val Loss: 0.5715, Hit Rate: 0.0133
Epoch 90/100 | Train Loss: 0.1652, Hit Rate: 0.3640 | Val Loss: 0.5640, Hit Rate: 0.0124
Epoch 91/100 | Train Loss: 0.1630, Hit Rate: 0.3716 | Val Loss: 0.5793, Hit Rate: 0.0136
Epoch 92/100 | Train Loss: 0.1588, Hit Rate: 0.3809 | Val Loss: 0.5817, Hit Rate: 0.0104
Epoch 93/100 | Train Loss: 0.1593, Hit Rate: 0.3810 | Val Loss: 0.6000, Hit Rate: 0.0106
Epoch 94/100 | Train Loss: 0.1698, Hit Rate: 0.3572 | Val Loss: 0.5815, Hit Rate: 0.0118
Epoch 95/100 | Train Loss: 0.1564, Hit Rate: 0.3836 | Val Loss: 0.5930, Hit Rate: 0.0107
Epoch 96/100 | Train Loss: 0.1578, Hit Rate: 0.3835 | Val Loss: 0.5705, Hit Rate: 0.0116
Epoch 97/100 | Train Loss: 0.1519, Hit Rate: 0.3987 | Val Loss: 0.5837, Hit Rate: 0.0119
Epoch 98/100 | Train Loss: 0.1608, Hit Rate: 0.3793 | Val Loss: 0.5806, Hit Rate: 0.0161
Epoch 99/100 | Train Loss: 0.1565, Hit Rate: 0.3915 | Val Loss: 0.5977, Hit Rate: 0.0114
Epoch 100/100 | Train Loss: 0.1566, Hit Rate: 0.3880 | Val Loss: 0.6117, Hit Rate: 0.0104

Best validation hit rate: 0.0180
