Using device: cuda
Loaded 24900 samples
Input vocab size: 4, Output vocab size: 6
Fold 0: train=19920, val=4980
Model: rnn, params=108,742
Epoch 1/100 | Train Loss: 1.0106, Hit Rate: 0.0000 | Val Loss: 0.8395, Hit Rate: 0.0000
Epoch 2/100 | Train Loss: 0.7406, Hit Rate: 0.0000 | Val Loss: 0.6933, Hit Rate: 0.0000
Epoch 3/100 | Train Loss: 0.6274, Hit Rate: 0.0004 | Val Loss: 0.6073, Hit Rate: 0.0002
Epoch 4/100 | Train Loss: 0.5613, Hit Rate: 0.0019 | Val Loss: 0.5704, Hit Rate: 0.0034
Epoch 5/100 | Train Loss: 0.5181, Hit Rate: 0.0048 | Val Loss: 0.5859, Hit Rate: 0.0030
Epoch 6/100 | Train Loss: 0.4943, Hit Rate: 0.0067 | Val Loss: 0.5237, Hit Rate: 0.0050
Epoch 7/100 | Train Loss: 0.4675, Hit Rate: 0.0106 | Val Loss: 0.5125, Hit Rate: 0.0032
Epoch 8/100 | Train Loss: 0.4477, Hit Rate: 0.0149 | Val Loss: 0.5089, Hit Rate: 0.0064
Epoch 9/100 | Train Loss: 0.4329, Hit Rate: 0.0188 | Val Loss: 0.4841, Hit Rate: 0.0054
Epoch 10/100 | Train Loss: 0.4145, Hit Rate: 0.0259 | Val Loss: 0.4830, Hit Rate: 0.0084
Epoch 11/100 | Train Loss: 0.4030, Hit Rate: 0.0300 | Val Loss: 0.4828, Hit Rate: 0.0108
Epoch 12/100 | Train Loss: 0.3878, Hit Rate: 0.0389 | Val Loss: 0.4668, Hit Rate: 0.0088
Epoch 13/100 | Train Loss: 0.3761, Hit Rate: 0.0437 | Val Loss: 0.4624, Hit Rate: 0.0060
Epoch 14/100 | Train Loss: 0.3664, Hit Rate: 0.0500 | Val Loss: 0.4816, Hit Rate: 0.0096
Epoch 15/100 | Train Loss: 0.3577, Hit Rate: 0.0604 | Val Loss: 0.4981, Hit Rate: 0.0066
Epoch 16/100 | Train Loss: 0.3463, Hit Rate: 0.0634 | Val Loss: 0.4728, Hit Rate: 0.0088
Epoch 17/100 | Train Loss: 0.3379, Hit Rate: 0.0738 | Val Loss: 0.4686, Hit Rate: 0.0098
Epoch 18/100 | Train Loss: 0.3329, Hit Rate: 0.0792 | Val Loss: 0.4709, Hit Rate: 0.0088
Epoch 19/100 | Train Loss: 0.3222, Hit Rate: 0.0902 | Val Loss: 0.4472, Hit Rate: 0.0138
Epoch 20/100 | Train Loss: 0.3198, Hit Rate: 0.0918 | Val Loss: 0.4412, Hit Rate: 0.0130
Epoch 21/100 | Train Loss: 0.3078, Hit Rate: 0.1092 | Val Loss: 0.4317, Hit Rate: 0.0220
Epoch 22/100 | Train Loss: 0.3046, Hit Rate: 0.1072 | Val Loss: 0.4369, Hit Rate: 0.0172
Epoch 23/100 | Train Loss: 0.2948, Hit Rate: 0.1215 | Val Loss: 0.4419, Hit Rate: 0.0182
Epoch 24/100 | Train Loss: 0.2919, Hit Rate: 0.1284 | Val Loss: 0.4552, Hit Rate: 0.0150
Epoch 25/100 | Train Loss: 0.2859, Hit Rate: 0.1321 | Val Loss: 0.4566, Hit Rate: 0.0166
Epoch 26/100 | Train Loss: 0.2847, Hit Rate: 0.1388 | Val Loss: 0.4460, Hit Rate: 0.0172
Epoch 27/100 | Train Loss: 0.2746, Hit Rate: 0.1504 | Val Loss: 0.4628, Hit Rate: 0.0205
Epoch 28/100 | Train Loss: 0.2715, Hit Rate: 0.1551 | Val Loss: 0.4360, Hit Rate: 0.0208
Epoch 29/100 | Train Loss: 0.2652, Hit Rate: 0.1664 | Val Loss: 0.4556, Hit Rate: 0.0185
Epoch 30/100 | Train Loss: 0.2665, Hit Rate: 0.1650 | Val Loss: 0.4390, Hit Rate: 0.0198
Epoch 31/100 | Train Loss: 0.2593, Hit Rate: 0.1739 | Val Loss: 0.4567, Hit Rate: 0.0146
Epoch 32/100 | Train Loss: 0.2529, Hit Rate: 0.1848 | Val Loss: 0.4618, Hit Rate: 0.0162
Epoch 33/100 | Train Loss: 0.2545, Hit Rate: 0.1840 | Val Loss: 0.4524, Hit Rate: 0.0290
Epoch 34/100 | Train Loss: 0.2476, Hit Rate: 0.1927 | Val Loss: 0.4470, Hit Rate: 0.0196
Epoch 35/100 | Train Loss: 0.2438, Hit Rate: 0.2006 | Val Loss: 0.4517, Hit Rate: 0.0202
Epoch 36/100 | Train Loss: 0.2453, Hit Rate: 0.1974 | Val Loss: 0.4614, Hit Rate: 0.0158
Epoch 37/100 | Train Loss: 0.2372, Hit Rate: 0.2110 | Val Loss: 0.4585, Hit Rate: 0.0180
Epoch 38/100 | Train Loss: 0.2351, Hit Rate: 0.2167 | Val Loss: 0.4567, Hit Rate: 0.0198
Epoch 39/100 | Train Loss: 0.2339, Hit Rate: 0.2179 | Val Loss: 0.4700, Hit Rate: 0.0192
Epoch 40/100 | Train Loss: 0.2277, Hit Rate: 0.2328 | Val Loss: 0.4672, Hit Rate: 0.0192
Epoch 41/100 | Train Loss: 0.2283, Hit Rate: 0.2320 | Val Loss: 0.4816, Hit Rate: 0.0166
Epoch 42/100 | Train Loss: 0.2278, Hit Rate: 0.2297 | Val Loss: 0.4752, Hit Rate: 0.0216
Epoch 43/100 | Train Loss: 0.2230, Hit Rate: 0.2404 | Val Loss: 0.4725, Hit Rate: 0.0222
Epoch 44/100 | Train Loss: 0.2164, Hit Rate: 0.2511 | Val Loss: 0.4739, Hit Rate: 0.0228
Epoch 45/100 | Train Loss: 0.2166, Hit Rate: 0.2532 | Val Loss: 0.4737, Hit Rate: 0.0216
Epoch 46/100 | Train Loss: 0.2169, Hit Rate: 0.2505 | Val Loss: 0.4798, Hit Rate: 0.0176
Epoch 47/100 | Train Loss: 0.2131, Hit Rate: 0.2606 | Val Loss: 0.4875, Hit Rate: 0.0159
Epoch 48/100 | Train Loss: 0.2099, Hit Rate: 0.2654 | Val Loss: 0.4923, Hit Rate: 0.0149
Epoch 49/100 | Train Loss: 0.2125, Hit Rate: 0.2627 | Val Loss: 0.4752, Hit Rate: 0.0234
Epoch 50/100 | Train Loss: 0.2073, Hit Rate: 0.2732 | Val Loss: 0.4920, Hit Rate: 0.0204
Epoch 51/100 | Train Loss: 0.2069, Hit Rate: 0.2734 | Val Loss: 0.4969, Hit Rate: 0.0232
Epoch 52/100 | Train Loss: 0.2012, Hit Rate: 0.2844 | Val Loss: 0.5000, Hit Rate: 0.0174
Epoch 53/100 | Train Loss: 0.2003, Hit Rate: 0.2860 | Val Loss: 0.5166, Hit Rate: 0.0164
Epoch 54/100 | Train Loss: 0.2007, Hit Rate: 0.2874 | Val Loss: 0.4910, Hit Rate: 0.0222
Epoch 55/100 | Train Loss: 0.1988, Hit Rate: 0.2878 | Val Loss: 0.4891, Hit Rate: 0.0218
Epoch 56/100 | Train Loss: 0.1965, Hit Rate: 0.2976 | Val Loss: 0.5049, Hit Rate: 0.0204
Epoch 57/100 | Train Loss: 0.1881, Hit Rate: 0.3103 | Val Loss: 0.4937, Hit Rate: 0.0206
Epoch 58/100 | Train Loss: 0.1957, Hit Rate: 0.2960 | Val Loss: 0.5261, Hit Rate: 0.0214
Epoch 59/100 | Train Loss: 0.1925, Hit Rate: 0.3063 | Val Loss: 0.5124, Hit Rate: 0.0210
Epoch 60/100 | Train Loss: 0.1902, Hit Rate: 0.3107 | Val Loss: 0.5125, Hit Rate: 0.0252
Epoch 61/100 | Train Loss: 0.1879, Hit Rate: 0.3105 | Val Loss: 0.4992, Hit Rate: 0.0262
Epoch 62/100 | Train Loss: 0.1860, Hit Rate: 0.3175 | Val Loss: 0.5150, Hit Rate: 0.0176
Epoch 63/100 | Train Loss: 0.1867, Hit Rate: 0.3135 | Val Loss: 0.5128, Hit Rate: 0.0200
Epoch 64/100 | Train Loss: 0.1845, Hit Rate: 0.3168 | Val Loss: 0.5103, Hit Rate: 0.0167
Epoch 65/100 | Train Loss: 0.1843, Hit Rate: 0.3189 | Val Loss: 0.5344, Hit Rate: 0.0174
Epoch 66/100 | Train Loss: 0.1821, Hit Rate: 0.3264 | Val Loss: 0.5076, Hit Rate: 0.0196
Epoch 67/100 | Train Loss: 0.1815, Hit Rate: 0.3304 | Val Loss: 0.5183, Hit Rate: 0.0212
Epoch 68/100 | Train Loss: 0.1779, Hit Rate: 0.3343 | Val Loss: 0.5292, Hit Rate: 0.0174
Epoch 69/100 | Train Loss: 0.1828, Hit Rate: 0.3209 | Val Loss: 0.5087, Hit Rate: 0.0210
Epoch 70/100 | Train Loss: 0.1760, Hit Rate: 0.3417 | Val Loss: 0.5455, Hit Rate: 0.0212
Epoch 71/100 | Train Loss: 0.1741, Hit Rate: 0.3409 | Val Loss: 0.5190, Hit Rate: 0.0200
Epoch 72/100 | Train Loss: 0.1735, Hit Rate: 0.3435 | Val Loss: 0.5292, Hit Rate: 0.0141
Epoch 73/100 | Train Loss: 0.1743, Hit Rate: 0.3413 | Val Loss: 0.5410, Hit Rate: 0.0220
Epoch 74/100 | Train Loss: 0.1716, Hit Rate: 0.3520 | Val Loss: 0.5353, Hit Rate: 0.0184
Epoch 75/100 | Train Loss: 0.1695, Hit Rate: 0.3596 | Val Loss: 0.5440, Hit Rate: 0.0202
Epoch 76/100 | Train Loss: 0.1680, Hit Rate: 0.3588 | Val Loss: 0.5803, Hit Rate: 0.0122
Epoch 77/100 | Train Loss: 0.1711, Hit Rate: 0.3505 | Val Loss: 0.5360, Hit Rate: 0.0182
Epoch 78/100 | Train Loss: 0.1651, Hit Rate: 0.3655 | Val Loss: 0.5632, Hit Rate: 0.0182
Epoch 79/100 | Train Loss: 0.1691, Hit Rate: 0.3553 | Val Loss: 0.5561, Hit Rate: 0.0210
Epoch 80/100 | Train Loss: 0.1682, Hit Rate: 0.3561 | Val Loss: 0.5449, Hit Rate: 0.0268
Epoch 81/100 | Train Loss: 0.1634, Hit Rate: 0.3668 | Val Loss: 0.5643, Hit Rate: 0.0136
Epoch 82/100 | Train Loss: 0.1640, Hit Rate: 0.3637 | Val Loss: 0.5544, Hit Rate: 0.0204
Epoch 83/100 | Train Loss: 0.1629, Hit Rate: 0.3674 | Val Loss: 0.5519, Hit Rate: 0.0160
Epoch 84/100 | Train Loss: 0.1625, Hit Rate: 0.3743 | Val Loss: 0.5566, Hit Rate: 0.0172
Epoch 85/100 | Train Loss: 0.1624, Hit Rate: 0.3677 | Val Loss: 0.5613, Hit Rate: 0.0200
Epoch 86/100 | Train Loss: 0.1608, Hit Rate: 0.3772 | Val Loss: 0.5716, Hit Rate: 0.0132
Epoch 87/100 | Train Loss: 0.1592, Hit Rate: 0.3809 | Val Loss: 0.5669, Hit Rate: 0.0209
Epoch 88/100 | Train Loss: 0.1583, Hit Rate: 0.3828 | Val Loss: 0.5590, Hit Rate: 0.0228
Epoch 89/100 | Train Loss: 0.1587, Hit Rate: 0.3812 | Val Loss: 0.5629, Hit Rate: 0.0192
Epoch 90/100 | Train Loss: 0.1599, Hit Rate: 0.3784 | Val Loss: 0.5788, Hit Rate: 0.0173
Epoch 91/100 | Train Loss: 0.1600, Hit Rate: 0.3777 | Val Loss: 0.5805, Hit Rate: 0.0171
Epoch 92/100 | Train Loss: 0.1550, Hit Rate: 0.3879 | Val Loss: 0.5904, Hit Rate: 0.0226
Epoch 93/100 | Train Loss: 0.1571, Hit Rate: 0.3826 | Val Loss: 0.5863, Hit Rate: 0.0159
Epoch 94/100 | Train Loss: 0.1527, Hit Rate: 0.3965 | Val Loss: 0.5751, Hit Rate: 0.0180
Epoch 95/100 | Train Loss: 0.1543, Hit Rate: 0.3869 | Val Loss: 0.5906, Hit Rate: 0.0182
Epoch 96/100 | Train Loss: 0.1584, Hit Rate: 0.3819 | Val Loss: 0.5890, Hit Rate: 0.0136
Epoch 97/100 | Train Loss: 0.1540, Hit Rate: 0.3952 | Val Loss: 0.5827, Hit Rate: 0.0220
Epoch 98/100 | Train Loss: 0.1535, Hit Rate: 0.3926 | Val Loss: 0.5816, Hit Rate: 0.0176
Epoch 99/100 | Train Loss: 0.1490, Hit Rate: 0.4029 | Val Loss: 0.5887, Hit Rate: 0.0201
Epoch 100/100 | Train Loss: 0.1505, Hit Rate: 0.4001 | Val Loss: 0.5951, Hit Rate: 0.0168

Best validation hit rate: 0.0290
