Using device: cuda
Loaded 24900 samples
Input vocab size: 4, Output vocab size: 6
Fold 0: train=19920, val=4980
Model: rnn, params=108,742
Epoch 1/100 | Train Loss: 0.9993, Hit Rate: 0.0000 | Val Loss: 0.8459, Hit Rate: 0.0000
Epoch 2/100 | Train Loss: 0.7370, Hit Rate: 0.0001 | Val Loss: 0.6966, Hit Rate: 0.0010
Epoch 3/100 | Train Loss: 0.6348, Hit Rate: 0.0004 | Val Loss: 0.6176, Hit Rate: 0.0008
Epoch 4/100 | Train Loss: 0.5661, Hit Rate: 0.0012 | Val Loss: 0.5437, Hit Rate: 0.0014
Epoch 5/100 | Train Loss: 0.5247, Hit Rate: 0.0030 | Val Loss: 0.5106, Hit Rate: 0.0037
Epoch 6/100 | Train Loss: 0.4953, Hit Rate: 0.0050 | Val Loss: 0.4997, Hit Rate: 0.0054
Epoch 7/100 | Train Loss: 0.4712, Hit Rate: 0.0077 | Val Loss: 0.4890, Hit Rate: 0.0074
Epoch 8/100 | Train Loss: 0.4519, Hit Rate: 0.0115 | Val Loss: 0.4460, Hit Rate: 0.0138
Epoch 9/100 | Train Loss: 0.4342, Hit Rate: 0.0164 | Val Loss: 0.4335, Hit Rate: 0.0154
Epoch 10/100 | Train Loss: 0.4168, Hit Rate: 0.0223 | Val Loss: 0.4588, Hit Rate: 0.0205
Epoch 11/100 | Train Loss: 0.4063, Hit Rate: 0.0261 | Val Loss: 0.4150, Hit Rate: 0.0266
Epoch 12/100 | Train Loss: 0.3916, Hit Rate: 0.0314 | Val Loss: 0.4055, Hit Rate: 0.0303
Epoch 13/100 | Train Loss: 0.3820, Hit Rate: 0.0362 | Val Loss: 0.3951, Hit Rate: 0.0325
Epoch 14/100 | Train Loss: 0.3711, Hit Rate: 0.0430 | Val Loss: 0.3770, Hit Rate: 0.0486
Epoch 15/100 | Train Loss: 0.3653, Hit Rate: 0.0470 | Val Loss: 0.3817, Hit Rate: 0.0369
Epoch 16/100 | Train Loss: 0.3524, Hit Rate: 0.0531 | Val Loss: 0.3870, Hit Rate: 0.0357
Epoch 17/100 | Train Loss: 0.3446, Hit Rate: 0.0630 | Val Loss: 0.3582, Hit Rate: 0.0591
Epoch 18/100 | Train Loss: 0.3388, Hit Rate: 0.0662 | Val Loss: 0.3649, Hit Rate: 0.0574
Epoch 19/100 | Train Loss: 0.3307, Hit Rate: 0.0738 | Val Loss: 0.3577, Hit Rate: 0.0573
Epoch 20/100 | Train Loss: 0.3227, Hit Rate: 0.0786 | Val Loss: 0.3467, Hit Rate: 0.0691
Epoch 21/100 | Train Loss: 0.3219, Hit Rate: 0.0853 | Val Loss: 0.3733, Hit Rate: 0.0578
Epoch 22/100 | Train Loss: 0.3102, Hit Rate: 0.0950 | Val Loss: 0.3398, Hit Rate: 0.0750
Epoch 23/100 | Train Loss: 0.3098, Hit Rate: 0.0965 | Val Loss: 0.3565, Hit Rate: 0.0726
Epoch 24/100 | Train Loss: 0.3005, Hit Rate: 0.1042 | Val Loss: 0.3361, Hit Rate: 0.0880
Epoch 25/100 | Train Loss: 0.2981, Hit Rate: 0.1071 | Val Loss: 0.3276, Hit Rate: 0.0890
Epoch 26/100 | Train Loss: 0.2897, Hit Rate: 0.1158 | Val Loss: 0.3276, Hit Rate: 0.0963
Epoch 27/100 | Train Loss: 0.2870, Hit Rate: 0.1226 | Val Loss: 0.3562, Hit Rate: 0.0788
Epoch 28/100 | Train Loss: 0.2852, Hit Rate: 0.1258 | Val Loss: 0.3144, Hit Rate: 0.1140
Epoch 29/100 | Train Loss: 0.2798, Hit Rate: 0.1329 | Val Loss: 0.3141, Hit Rate: 0.1138
Epoch 30/100 | Train Loss: 0.2759, Hit Rate: 0.1359 | Val Loss: 0.3119, Hit Rate: 0.1197
Epoch 31/100 | Train Loss: 0.2721, Hit Rate: 0.1423 | Val Loss: 0.3194, Hit Rate: 0.1021
Epoch 32/100 | Train Loss: 0.2657, Hit Rate: 0.1533 | Val Loss: 0.3138, Hit Rate: 0.1208
Epoch 33/100 | Train Loss: 0.2650, Hit Rate: 0.1549 | Val Loss: 0.3054, Hit Rate: 0.1187
Epoch 34/100 | Train Loss: 0.2619, Hit Rate: 0.1565 | Val Loss: 0.3182, Hit Rate: 0.1161
Epoch 35/100 | Train Loss: 0.2557, Hit Rate: 0.1678 | Val Loss: 0.3230, Hit Rate: 0.1119
Epoch 36/100 | Train Loss: 0.2538, Hit Rate: 0.1688 | Val Loss: 0.2982, Hit Rate: 0.1410
Epoch 37/100 | Train Loss: 0.2484, Hit Rate: 0.1766 | Val Loss: 0.3031, Hit Rate: 0.1307
Epoch 38/100 | Train Loss: 0.2505, Hit Rate: 0.1758 | Val Loss: 0.3124, Hit Rate: 0.1302
Epoch 39/100 | Train Loss: 0.2434, Hit Rate: 0.1870 | Val Loss: 0.2922, Hit Rate: 0.1441
Epoch 40/100 | Train Loss: 0.2419, Hit Rate: 0.1888 | Val Loss: 0.3040, Hit Rate: 0.1407
Epoch 41/100 | Train Loss: 0.2390, Hit Rate: 0.1996 | Val Loss: 0.3041, Hit Rate: 0.1325
Epoch 42/100 | Train Loss: 0.2394, Hit Rate: 0.1958 | Val Loss: 0.3048, Hit Rate: 0.1373
Epoch 43/100 | Train Loss: 0.2342, Hit Rate: 0.2075 | Val Loss: 0.3139, Hit Rate: 0.1241
Epoch 44/100 | Train Loss: 0.2311, Hit Rate: 0.2122 | Val Loss: 0.2939, Hit Rate: 0.1515
Epoch 45/100 | Train Loss: 0.2295, Hit Rate: 0.2093 | Val Loss: 0.3050, Hit Rate: 0.1489
Epoch 46/100 | Train Loss: 0.2271, Hit Rate: 0.2206 | Val Loss: 0.2904, Hit Rate: 0.1652
Epoch 47/100 | Train Loss: 0.2294, Hit Rate: 0.2180 | Val Loss: 0.2972, Hit Rate: 0.1612
Epoch 48/100 | Train Loss: 0.2198, Hit Rate: 0.2324 | Val Loss: 0.2991, Hit Rate: 0.1537
Epoch 49/100 | Train Loss: 0.2194, Hit Rate: 0.2322 | Val Loss: 0.3041, Hit Rate: 0.1655
Epoch 50/100 | Train Loss: 0.2228, Hit Rate: 0.2291 | Val Loss: 0.2959, Hit Rate: 0.1598
Epoch 51/100 | Train Loss: 0.2158, Hit Rate: 0.2373 | Val Loss: 0.2948, Hit Rate: 0.1577
Epoch 52/100 | Train Loss: 0.2155, Hit Rate: 0.2417 | Val Loss: 0.3054, Hit Rate: 0.1528
Epoch 53/100 | Train Loss: 0.2161, Hit Rate: 0.2392 | Val Loss: 0.2984, Hit Rate: 0.1607
Epoch 54/100 | Train Loss: 0.2128, Hit Rate: 0.2430 | Val Loss: 0.2907, Hit Rate: 0.1754
Epoch 55/100 | Train Loss: 0.2096, Hit Rate: 0.2471 | Val Loss: 0.2883, Hit Rate: 0.1783
Epoch 56/100 | Train Loss: 0.2094, Hit Rate: 0.2546 | Val Loss: 0.2891, Hit Rate: 0.1795
Epoch 57/100 | Train Loss: 0.2079, Hit Rate: 0.2552 | Val Loss: 0.2958, Hit Rate: 0.1763
Epoch 58/100 | Train Loss: 0.2073, Hit Rate: 0.2541 | Val Loss: 0.2940, Hit Rate: 0.1836
Epoch 59/100 | Train Loss: 0.2038, Hit Rate: 0.2662 | Val Loss: 0.2873, Hit Rate: 0.1857
Epoch 60/100 | Train Loss: 0.2023, Hit Rate: 0.2613 | Val Loss: 0.2903, Hit Rate: 0.1771
Epoch 61/100 | Train Loss: 0.2017, Hit Rate: 0.2676 | Val Loss: 0.2926, Hit Rate: 0.1753
Epoch 62/100 | Train Loss: 0.1976, Hit Rate: 0.2715 | Val Loss: 0.2884, Hit Rate: 0.1834
Epoch 63/100 | Train Loss: 0.1993, Hit Rate: 0.2649 | Val Loss: 0.2886, Hit Rate: 0.2002
Epoch 64/100 | Train Loss: 0.1954, Hit Rate: 0.2768 | Val Loss: 0.2872, Hit Rate: 0.1962
Epoch 65/100 | Train Loss: 0.1995, Hit Rate: 0.2750 | Val Loss: 0.2936, Hit Rate: 0.1825
Epoch 66/100 | Train Loss: 0.1951, Hit Rate: 0.2803 | Val Loss: 0.2910, Hit Rate: 0.1914
Epoch 67/100 | Train Loss: 0.1903, Hit Rate: 0.2905 | Val Loss: 0.2816, Hit Rate: 0.2041
Epoch 68/100 | Train Loss: 0.1897, Hit Rate: 0.2937 | Val Loss: 0.2830, Hit Rate: 0.1924
Epoch 69/100 | Train Loss: 0.1925, Hit Rate: 0.2891 | Val Loss: 0.2883, Hit Rate: 0.1805
Epoch 70/100 | Train Loss: 0.1907, Hit Rate: 0.2941 | Val Loss: 0.3032, Hit Rate: 0.1873
Epoch 71/100 | Train Loss: 0.1879, Hit Rate: 0.2980 | Val Loss: 0.3018, Hit Rate: 0.1943
Epoch 72/100 | Train Loss: 0.1886, Hit Rate: 0.2941 | Val Loss: 0.2852, Hit Rate: 0.2007
Epoch 73/100 | Train Loss: 0.1867, Hit Rate: 0.3028 | Val Loss: 0.2917, Hit Rate: 0.2016
Epoch 74/100 | Train Loss: 0.1821, Hit Rate: 0.3062 | Val Loss: 0.2987, Hit Rate: 0.1893
Epoch 75/100 | Train Loss: 0.1823, Hit Rate: 0.3103 | Val Loss: 0.2921, Hit Rate: 0.1960
Epoch 76/100 | Train Loss: 0.1853, Hit Rate: 0.2982 | Val Loss: 0.2947, Hit Rate: 0.1958
Epoch 77/100 | Train Loss: 0.1807, Hit Rate: 0.3115 | Val Loss: 0.2950, Hit Rate: 0.1940
Epoch 78/100 | Train Loss: 0.1818, Hit Rate: 0.3075 | Val Loss: 0.3013, Hit Rate: 0.1964
Epoch 79/100 | Train Loss: 0.1799, Hit Rate: 0.3151 | Val Loss: 0.2896, Hit Rate: 0.2028
Epoch 80/100 | Train Loss: 0.1788, Hit Rate: 0.3183 | Val Loss: 0.3014, Hit Rate: 0.1810
Epoch 81/100 | Train Loss: 0.1812, Hit Rate: 0.3117 | Val Loss: 0.2941, Hit Rate: 0.2029
Epoch 82/100 | Train Loss: 0.1749, Hit Rate: 0.3249 | Val Loss: 0.2905, Hit Rate: 0.2076
Epoch 83/100 | Train Loss: 0.1775, Hit Rate: 0.3201 | Val Loss: 0.2843, Hit Rate: 0.2159
Epoch 84/100 | Train Loss: 0.1712, Hit Rate: 0.3341 | Val Loss: 0.2915, Hit Rate: 0.2082
Epoch 85/100 | Train Loss: 0.1748, Hit Rate: 0.3239 | Val Loss: 0.3135, Hit Rate: 0.1999
Epoch 86/100 | Train Loss: 0.1813, Hit Rate: 0.3098 | Val Loss: 0.2925, Hit Rate: 0.2084
Epoch 87/100 | Train Loss: 0.1724, Hit Rate: 0.3317 | Val Loss: 0.2890, Hit Rate: 0.2123
Epoch 88/100 | Train Loss: 0.1714, Hit Rate: 0.3356 | Val Loss: 0.2943, Hit Rate: 0.2080
Epoch 89/100 | Train Loss: 0.1751, Hit Rate: 0.3240 | Val Loss: 0.2929, Hit Rate: 0.2054
Epoch 90/100 | Train Loss: 0.1683, Hit Rate: 0.3427 | Val Loss: 0.2972, Hit Rate: 0.1935
Epoch 91/100 | Train Loss: 0.1693, Hit Rate: 0.3380 | Val Loss: 0.2935, Hit Rate: 0.2146
Epoch 92/100 | Train Loss: 0.1703, Hit Rate: 0.3418 | Val Loss: 0.2885, Hit Rate: 0.2192
Epoch 93/100 | Train Loss: 0.1702, Hit Rate: 0.3361 | Val Loss: 0.2911, Hit Rate: 0.2192
Epoch 94/100 | Train Loss: 0.1654, Hit Rate: 0.3465 | Val Loss: 0.2918, Hit Rate: 0.2208
Epoch 95/100 | Train Loss: 0.1684, Hit Rate: 0.3420 | Val Loss: 0.2938, Hit Rate: 0.2143
Epoch 96/100 | Train Loss: 0.1651, Hit Rate: 0.3494 | Val Loss: 0.2905, Hit Rate: 0.2241
Epoch 97/100 | Train Loss: 0.1640, Hit Rate: 0.3517 | Val Loss: 0.3029, Hit Rate: 0.1940
Epoch 98/100 | Train Loss: 0.1639, Hit Rate: 0.3493 | Val Loss: 0.2974, Hit Rate: 0.2138
Epoch 99/100 | Train Loss: 0.1689, Hit Rate: 0.3412 | Val Loss: 0.3175, Hit Rate: 0.1879
Epoch 100/100 | Train Loss: 0.1669, Hit Rate: 0.3426 | Val Loss: 0.2935, Hit Rate: 0.2098

Best validation hit rate: 0.2241
