Using device: cuda
Loaded 24900 samples
Input vocab size: 4, Output vocab size: 6
Fold 2: train=19920, val=4980
Model: rnn, params=125,510
  cross_attn=enabled
Epoch 1/100 | Train Loss: 0.9760, Hit Rate: 0.0000 | Val Loss: 0.7460, Hit Rate: 0.0000
Epoch 2/100 | Train Loss: 0.6758, Hit Rate: 0.0007 | Val Loss: 0.6149, Hit Rate: 0.0016
Epoch 3/100 | Train Loss: 0.5691, Hit Rate: 0.0031 | Val Loss: 0.5761, Hit Rate: 0.0048
Epoch 4/100 | Train Loss: 0.5085, Hit Rate: 0.0094 | Val Loss: 0.4879, Hit Rate: 0.0080
Epoch 5/100 | Train Loss: 0.4659, Hit Rate: 0.0147 | Val Loss: 0.4624, Hit Rate: 0.0197
Epoch 6/100 | Train Loss: 0.4352, Hit Rate: 0.0246 | Val Loss: 0.4263, Hit Rate: 0.0276
Epoch 7/100 | Train Loss: 0.4111, Hit Rate: 0.0359 | Val Loss: 0.4102, Hit Rate: 0.0394
Epoch 8/100 | Train Loss: 0.3878, Hit Rate: 0.0476 | Val Loss: 0.3991, Hit Rate: 0.0447
Epoch 9/100 | Train Loss: 0.3685, Hit Rate: 0.0607 | Val Loss: 0.3790, Hit Rate: 0.0527
Epoch 10/100 | Train Loss: 0.3522, Hit Rate: 0.0727 | Val Loss: 0.3647, Hit Rate: 0.0618
Epoch 11/100 | Train Loss: 0.3357, Hit Rate: 0.0869 | Val Loss: 0.3575, Hit Rate: 0.0639
Epoch 12/100 | Train Loss: 0.3239, Hit Rate: 0.0987 | Val Loss: 0.3420, Hit Rate: 0.0805
Epoch 13/100 | Train Loss: 0.3108, Hit Rate: 0.1105 | Val Loss: 0.3237, Hit Rate: 0.1019
Epoch 14/100 | Train Loss: 0.3007, Hit Rate: 0.1230 | Val Loss: 0.3238, Hit Rate: 0.1120
Epoch 15/100 | Train Loss: 0.2895, Hit Rate: 0.1422 | Val Loss: 0.3111, Hit Rate: 0.1158
Epoch 16/100 | Train Loss: 0.2796, Hit Rate: 0.1525 | Val Loss: 0.3098, Hit Rate: 0.1331
Epoch 17/100 | Train Loss: 0.2699, Hit Rate: 0.1692 | Val Loss: 0.2986, Hit Rate: 0.1338
Epoch 18/100 | Train Loss: 0.2593, Hit Rate: 0.1825 | Val Loss: 0.2900, Hit Rate: 0.1457
Epoch 19/100 | Train Loss: 0.2525, Hit Rate: 0.1922 | Val Loss: 0.2830, Hit Rate: 0.1698
Epoch 20/100 | Train Loss: 0.2448, Hit Rate: 0.2030 | Val Loss: 0.2821, Hit Rate: 0.1689
Epoch 21/100 | Train Loss: 0.2403, Hit Rate: 0.2105 | Val Loss: 0.2712, Hit Rate: 0.1798
Epoch 22/100 | Train Loss: 0.2295, Hit Rate: 0.2337 | Val Loss: 0.2617, Hit Rate: 0.1988
Epoch 23/100 | Train Loss: 0.2223, Hit Rate: 0.2500 | Val Loss: 0.2731, Hit Rate: 0.1850
Epoch 24/100 | Train Loss: 0.2168, Hit Rate: 0.2508 | Val Loss: 0.2637, Hit Rate: 0.2003
Epoch 25/100 | Train Loss: 0.2147, Hit Rate: 0.2633 | Val Loss: 0.2564, Hit Rate: 0.2085
Epoch 26/100 | Train Loss: 0.2099, Hit Rate: 0.2676 | Val Loss: 0.2555, Hit Rate: 0.2102
Epoch 27/100 | Train Loss: 0.1997, Hit Rate: 0.2899 | Val Loss: 0.2570, Hit Rate: 0.2173
Epoch 28/100 | Train Loss: 0.1982, Hit Rate: 0.2932 | Val Loss: 0.2390, Hit Rate: 0.2302
Epoch 29/100 | Train Loss: 0.1921, Hit Rate: 0.3037 | Val Loss: 0.2544, Hit Rate: 0.2140
Epoch 30/100 | Train Loss: 0.1897, Hit Rate: 0.3112 | Val Loss: 0.2386, Hit Rate: 0.2478
Epoch 31/100 | Train Loss: 0.1844, Hit Rate: 0.3254 | Val Loss: 0.2368, Hit Rate: 0.2464
Epoch 32/100 | Train Loss: 0.1797, Hit Rate: 0.3281 | Val Loss: 0.2415, Hit Rate: 0.2409
Epoch 33/100 | Train Loss: 0.1768, Hit Rate: 0.3325 | Val Loss: 0.2623, Hit Rate: 0.2175
Epoch 34/100 | Train Loss: 0.1750, Hit Rate: 0.3460 | Val Loss: 0.2360, Hit Rate: 0.2506
Epoch 35/100 | Train Loss: 0.1712, Hit Rate: 0.3541 | Val Loss: 0.2533, Hit Rate: 0.2314
Epoch 36/100 | Train Loss: 0.1697, Hit Rate: 0.3545 | Val Loss: 0.2396, Hit Rate: 0.2537
Epoch 37/100 | Train Loss: 0.1663, Hit Rate: 0.3630 | Val Loss: 0.2455, Hit Rate: 0.2540
Epoch 38/100 | Train Loss: 0.1652, Hit Rate: 0.3669 | Val Loss: 0.2404, Hit Rate: 0.2493
Epoch 39/100 | Train Loss: 0.1568, Hit Rate: 0.3891 | Val Loss: 0.2387, Hit Rate: 0.2651
Epoch 40/100 | Train Loss: 0.1553, Hit Rate: 0.3898 | Val Loss: 0.2351, Hit Rate: 0.2622
Epoch 41/100 | Train Loss: 0.1526, Hit Rate: 0.3969 | Val Loss: 0.2389, Hit Rate: 0.2584
Epoch 42/100 | Train Loss: 0.1559, Hit Rate: 0.3856 | Val Loss: 0.2358, Hit Rate: 0.2799
Epoch 43/100 | Train Loss: 0.1502, Hit Rate: 0.3989 | Val Loss: 0.2427, Hit Rate: 0.2618
Epoch 44/100 | Train Loss: 0.1446, Hit Rate: 0.4172 | Val Loss: 0.2629, Hit Rate: 0.2295
Epoch 45/100 | Train Loss: 0.1448, Hit Rate: 0.4132 | Val Loss: 0.2303, Hit Rate: 0.2883
Epoch 46/100 | Train Loss: 0.1426, Hit Rate: 0.4230 | Val Loss: 0.2442, Hit Rate: 0.2631
Epoch 47/100 | Train Loss: 0.1414, Hit Rate: 0.4280 | Val Loss: 0.2229, Hit Rate: 0.2954
Epoch 48/100 | Train Loss: 0.1367, Hit Rate: 0.4356 | Val Loss: 0.2190, Hit Rate: 0.3101
Epoch 49/100 | Train Loss: 0.1333, Hit Rate: 0.4479 | Val Loss: 0.2253, Hit Rate: 0.2955
Epoch 50/100 | Train Loss: 0.1331, Hit Rate: 0.4451 | Val Loss: 0.2344, Hit Rate: 0.2737
Epoch 51/100 | Train Loss: 0.1325, Hit Rate: 0.4447 | Val Loss: 0.2284, Hit Rate: 0.2978
Epoch 52/100 | Train Loss: 0.1335, Hit Rate: 0.4446 | Val Loss: 0.2375, Hit Rate: 0.2743
Epoch 53/100 | Train Loss: 0.1314, Hit Rate: 0.4482 | Val Loss: 0.2303, Hit Rate: 0.2936
Epoch 54/100 | Train Loss: 0.1242, Hit Rate: 0.4757 | Val Loss: 0.2346, Hit Rate: 0.2730
Epoch 55/100 | Train Loss: 0.1282, Hit Rate: 0.4585 | Val Loss: 0.2184, Hit Rate: 0.3262
Epoch 56/100 | Train Loss: 0.1219, Hit Rate: 0.4727 | Val Loss: 0.2200, Hit Rate: 0.3215
Epoch 57/100 | Train Loss: 0.1196, Hit Rate: 0.4844 | Val Loss: 0.2530, Hit Rate: 0.2628
Epoch 58/100 | Train Loss: 0.1195, Hit Rate: 0.4800 | Val Loss: 0.2188, Hit Rate: 0.3117
Epoch 59/100 | Train Loss: 0.1189, Hit Rate: 0.4825 | Val Loss: 0.2301, Hit Rate: 0.3073
Epoch 60/100 | Train Loss: 0.1182, Hit Rate: 0.4824 | Val Loss: 0.2355, Hit Rate: 0.2931
Epoch 61/100 | Train Loss: 0.1160, Hit Rate: 0.4976 | Val Loss: 0.2157, Hit Rate: 0.3390
Epoch 62/100 | Train Loss: 0.1155, Hit Rate: 0.4936 | Val Loss: 0.2217, Hit Rate: 0.3142
Epoch 63/100 | Train Loss: 0.1178, Hit Rate: 0.4885 | Val Loss: 0.2264, Hit Rate: 0.3139
Epoch 64/100 | Train Loss: 0.1122, Hit Rate: 0.5052 | Val Loss: 0.2218, Hit Rate: 0.3226
Epoch 65/100 | Train Loss: 0.1144, Hit Rate: 0.4996 | Val Loss: 0.2160, Hit Rate: 0.3437
Epoch 66/100 | Train Loss: 0.1073, Hit Rate: 0.5204 | Val Loss: 0.2247, Hit Rate: 0.3277
Epoch 67/100 | Train Loss: 0.1066, Hit Rate: 0.5232 | Val Loss: 0.2310, Hit Rate: 0.3141
Epoch 68/100 | Train Loss: 0.1076, Hit Rate: 0.5142 | Val Loss: 0.2437, Hit Rate: 0.2923
Epoch 69/100 | Train Loss: 0.1085, Hit Rate: 0.5155 | Val Loss: 0.2235, Hit Rate: 0.3185
Epoch 70/100 | Train Loss: 0.1104, Hit Rate: 0.5112 | Val Loss: 0.2480, Hit Rate: 0.2862
Epoch 71/100 | Train Loss: 0.1086, Hit Rate: 0.5111 | Val Loss: 0.2227, Hit Rate: 0.3352
Epoch 72/100 | Train Loss: 0.0995, Hit Rate: 0.5456 | Val Loss: 0.2273, Hit Rate: 0.3197
Epoch 73/100 | Train Loss: 0.0989, Hit Rate: 0.5428 | Val Loss: 0.2365, Hit Rate: 0.3160
Epoch 74/100 | Train Loss: 0.1033, Hit Rate: 0.5305 | Val Loss: 0.2209, Hit Rate: 0.3335
Epoch 75/100 | Train Loss: 0.0998, Hit Rate: 0.5401 | Val Loss: 0.2239, Hit Rate: 0.3243
Epoch 76/100 | Train Loss: 0.1014, Hit Rate: 0.5374 | Val Loss: 0.2306, Hit Rate: 0.3294
Epoch 77/100 | Train Loss: 0.1034, Hit Rate: 0.5302 | Val Loss: 0.2313, Hit Rate: 0.3160
Epoch 78/100 | Train Loss: 0.0993, Hit Rate: 0.5486 | Val Loss: 0.2265, Hit Rate: 0.3368
Epoch 79/100 | Train Loss: 0.0958, Hit Rate: 0.5519 | Val Loss: 0.2417, Hit Rate: 0.3199
Epoch 80/100 | Train Loss: 0.1006, Hit Rate: 0.5330 | Val Loss: 0.2250, Hit Rate: 0.3332
Epoch 81/100 | Train Loss: 0.0966, Hit Rate: 0.5508 | Val Loss: 0.2259, Hit Rate: 0.3434
Epoch 82/100 | Train Loss: 0.0921, Hit Rate: 0.5683 | Val Loss: 0.2226, Hit Rate: 0.3454
Epoch 83/100 | Train Loss: 0.0993, Hit Rate: 0.5413 | Val Loss: 0.2360, Hit Rate: 0.3270
Epoch 84/100 | Train Loss: 0.0959, Hit Rate: 0.5534 | Val Loss: 0.2360, Hit Rate: 0.3300
Epoch 85/100 | Train Loss: 0.0877, Hit Rate: 0.5858 | Val Loss: 0.2267, Hit Rate: 0.3288
Epoch 86/100 | Train Loss: 0.1016, Hit Rate: 0.5404 | Val Loss: 0.2237, Hit Rate: 0.3576
Epoch 87/100 | Train Loss: 0.0898, Hit Rate: 0.5740 | Val Loss: 0.2271, Hit Rate: 0.3548
Epoch 88/100 | Train Loss: 0.0911, Hit Rate: 0.5687 | Val Loss: 0.2225, Hit Rate: 0.3620
Epoch 89/100 | Train Loss: 0.0976, Hit Rate: 0.5431 | Val Loss: 0.2555, Hit Rate: 0.3179
Epoch 90/100 | Train Loss: 0.0897, Hit Rate: 0.5782 | Val Loss: 0.2319, Hit Rate: 0.3445
Epoch 91/100 | Train Loss: 0.0947, Hit Rate: 0.5634 | Val Loss: 0.2554, Hit Rate: 0.2879
Epoch 92/100 | Train Loss: 0.0879, Hit Rate: 0.5845 | Val Loss: 0.2256, Hit Rate: 0.3471
Epoch 93/100 | Train Loss: 0.0876, Hit Rate: 0.5766 | Val Loss: 0.2328, Hit Rate: 0.3406
Epoch 94/100 | Train Loss: 0.0939, Hit Rate: 0.5627 | Val Loss: 0.2258, Hit Rate: 0.3562
Epoch 95/100 | Train Loss: 0.0838, Hit Rate: 0.5981 | Val Loss: 0.2284, Hit Rate: 0.3507
Epoch 96/100 | Train Loss: 0.0835, Hit Rate: 0.5960 | Val Loss: 0.2470, Hit Rate: 0.3251
Epoch 97/100 | Train Loss: 0.0833, Hit Rate: 0.5951 | Val Loss: 0.2475, Hit Rate: 0.3152
Epoch 98/100 | Train Loss: 0.0881, Hit Rate: 0.5805 | Val Loss: 0.2536, Hit Rate: 0.3123
Epoch 99/100 | Train Loss: 0.0894, Hit Rate: 0.5795 | Val Loss: 0.2318, Hit Rate: 0.3376
Epoch 100/100 | Train Loss: 0.0809, Hit Rate: 0.6091 | Val Loss: 0.2562, Hit Rate: 0.3029

Best validation hit rate: 0.3620
