Using device: cuda
Loaded 24900 samples
Input vocab size: 4, Output vocab size: 6
Fold 1: train=19920, val=4980
Model: rnn, params=108,742
Epoch 1/100 | Train Loss: 1.0158, Hit Rate: 0.0000 | Val Loss: 0.9028, Hit Rate: 0.0000
Epoch 2/100 | Train Loss: 0.7536, Hit Rate: 0.0000 | Val Loss: 0.7009, Hit Rate: 0.0000
Epoch 3/100 | Train Loss: 0.6340, Hit Rate: 0.0009 | Val Loss: 0.6202, Hit Rate: 0.0000
Epoch 4/100 | Train Loss: 0.5576, Hit Rate: 0.0027 | Val Loss: 0.5837, Hit Rate: 0.0032
Epoch 5/100 | Train Loss: 0.5185, Hit Rate: 0.0057 | Val Loss: 0.5514, Hit Rate: 0.0030
Epoch 6/100 | Train Loss: 0.4873, Hit Rate: 0.0095 | Val Loss: 0.5234, Hit Rate: 0.0066
Epoch 7/100 | Train Loss: 0.4611, Hit Rate: 0.0136 | Val Loss: 0.5020, Hit Rate: 0.0026
Epoch 8/100 | Train Loss: 0.4419, Hit Rate: 0.0184 | Val Loss: 0.4834, Hit Rate: 0.0052
Epoch 9/100 | Train Loss: 0.4236, Hit Rate: 0.0252 | Val Loss: 0.4856, Hit Rate: 0.0042
Epoch 10/100 | Train Loss: 0.4056, Hit Rate: 0.0307 | Val Loss: 0.4681, Hit Rate: 0.0084
Epoch 11/100 | Train Loss: 0.3949, Hit Rate: 0.0373 | Val Loss: 0.4680, Hit Rate: 0.0114
Epoch 12/100 | Train Loss: 0.3794, Hit Rate: 0.0441 | Val Loss: 0.4781, Hit Rate: 0.0062
Epoch 13/100 | Train Loss: 0.3684, Hit Rate: 0.0503 | Val Loss: 0.4535, Hit Rate: 0.0128
Epoch 14/100 | Train Loss: 0.3595, Hit Rate: 0.0592 | Val Loss: 0.4420, Hit Rate: 0.0134
Epoch 15/100 | Train Loss: 0.3447, Hit Rate: 0.0677 | Val Loss: 0.4506, Hit Rate: 0.0152
Epoch 16/100 | Train Loss: 0.3367, Hit Rate: 0.0766 | Val Loss: 0.4408, Hit Rate: 0.0194
Epoch 17/100 | Train Loss: 0.3332, Hit Rate: 0.0766 | Val Loss: 0.4387, Hit Rate: 0.0116
Epoch 18/100 | Train Loss: 0.3183, Hit Rate: 0.0939 | Val Loss: 0.4315, Hit Rate: 0.0234
Epoch 19/100 | Train Loss: 0.3093, Hit Rate: 0.1000 | Val Loss: 0.4397, Hit Rate: 0.0142
Epoch 20/100 | Train Loss: 0.3057, Hit Rate: 0.1047 | Val Loss: 0.4389, Hit Rate: 0.0172
Epoch 21/100 | Train Loss: 0.2968, Hit Rate: 0.1169 | Val Loss: 0.4282, Hit Rate: 0.0182
Epoch 22/100 | Train Loss: 0.2931, Hit Rate: 0.1202 | Val Loss: 0.4228, Hit Rate: 0.0198
Epoch 23/100 | Train Loss: 0.2864, Hit Rate: 0.1294 | Val Loss: 0.4335, Hit Rate: 0.0210
Epoch 24/100 | Train Loss: 0.2764, Hit Rate: 0.1408 | Val Loss: 0.4370, Hit Rate: 0.0179
Epoch 25/100 | Train Loss: 0.2788, Hit Rate: 0.1466 | Val Loss: 0.4216, Hit Rate: 0.0232
Epoch 26/100 | Train Loss: 0.2658, Hit Rate: 0.1611 | Val Loss: 0.4362, Hit Rate: 0.0180
Epoch 27/100 | Train Loss: 0.2635, Hit Rate: 0.1617 | Val Loss: 0.4395, Hit Rate: 0.0182
Epoch 28/100 | Train Loss: 0.2607, Hit Rate: 0.1672 | Val Loss: 0.4241, Hit Rate: 0.0266
Epoch 29/100 | Train Loss: 0.2548, Hit Rate: 0.1764 | Val Loss: 0.4315, Hit Rate: 0.0242
Epoch 30/100 | Train Loss: 0.2491, Hit Rate: 0.1865 | Val Loss: 0.4291, Hit Rate: 0.0264
Epoch 31/100 | Train Loss: 0.2438, Hit Rate: 0.1940 | Val Loss: 0.4252, Hit Rate: 0.0276
Epoch 32/100 | Train Loss: 0.2475, Hit Rate: 0.1927 | Val Loss: 0.4330, Hit Rate: 0.0204
Epoch 33/100 | Train Loss: 0.2379, Hit Rate: 0.2073 | Val Loss: 0.4336, Hit Rate: 0.0242
Epoch 34/100 | Train Loss: 0.2366, Hit Rate: 0.2123 | Val Loss: 0.4519, Hit Rate: 0.0250
Epoch 35/100 | Train Loss: 0.2292, Hit Rate: 0.2276 | Val Loss: 0.4306, Hit Rate: 0.0256
Epoch 36/100 | Train Loss: 0.2305, Hit Rate: 0.2203 | Val Loss: 0.4313, Hit Rate: 0.0313
Epoch 37/100 | Train Loss: 0.2227, Hit Rate: 0.2378 | Val Loss: 0.4394, Hit Rate: 0.0262
Epoch 38/100 | Train Loss: 0.2204, Hit Rate: 0.2402 | Val Loss: 0.4301, Hit Rate: 0.0296
Epoch 39/100 | Train Loss: 0.2195, Hit Rate: 0.2431 | Val Loss: 0.4494, Hit Rate: 0.0240
Epoch 40/100 | Train Loss: 0.2220, Hit Rate: 0.2378 | Val Loss: 0.4377, Hit Rate: 0.0252
Epoch 41/100 | Train Loss: 0.2110, Hit Rate: 0.2624 | Val Loss: 0.4499, Hit Rate: 0.0242
Epoch 42/100 | Train Loss: 0.2101, Hit Rate: 0.2627 | Val Loss: 0.4522, Hit Rate: 0.0243
Epoch 43/100 | Train Loss: 0.2084, Hit Rate: 0.2641 | Val Loss: 0.4629, Hit Rate: 0.0236
Epoch 44/100 | Train Loss: 0.2060, Hit Rate: 0.2633 | Val Loss: 0.4516, Hit Rate: 0.0236
Epoch 45/100 | Train Loss: 0.2044, Hit Rate: 0.2738 | Val Loss: 0.4444, Hit Rate: 0.0296
Epoch 46/100 | Train Loss: 0.2030, Hit Rate: 0.2742 | Val Loss: 0.4522, Hit Rate: 0.0230
Epoch 47/100 | Train Loss: 0.2025, Hit Rate: 0.2826 | Val Loss: 0.5090, Hit Rate: 0.0118
Epoch 48/100 | Train Loss: 0.2015, Hit Rate: 0.2780 | Val Loss: 0.4436, Hit Rate: 0.0252
Epoch 49/100 | Train Loss: 0.1923, Hit Rate: 0.3012 | Val Loss: 0.4505, Hit Rate: 0.0288
Epoch 50/100 | Train Loss: 0.1957, Hit Rate: 0.2911 | Val Loss: 0.4570, Hit Rate: 0.0232
Epoch 51/100 | Train Loss: 0.1916, Hit Rate: 0.2988 | Val Loss: 0.4696, Hit Rate: 0.0174
Epoch 52/100 | Train Loss: 0.1906, Hit Rate: 0.3014 | Val Loss: 0.4609, Hit Rate: 0.0232
Epoch 53/100 | Train Loss: 0.1856, Hit Rate: 0.3148 | Val Loss: 0.4600, Hit Rate: 0.0256
Epoch 54/100 | Train Loss: 0.1875, Hit Rate: 0.3092 | Val Loss: 0.4739, Hit Rate: 0.0236
Epoch 55/100 | Train Loss: 0.1847, Hit Rate: 0.3123 | Val Loss: 0.4790, Hit Rate: 0.0238
Epoch 56/100 | Train Loss: 0.1832, Hit Rate: 0.3162 | Val Loss: 0.4669, Hit Rate: 0.0196
Epoch 57/100 | Train Loss: 0.1856, Hit Rate: 0.3163 | Val Loss: 0.4738, Hit Rate: 0.0218
Epoch 58/100 | Train Loss: 0.1774, Hit Rate: 0.3313 | Val Loss: 0.4796, Hit Rate: 0.0228
Epoch 59/100 | Train Loss: 0.1780, Hit Rate: 0.3301 | Val Loss: 0.4895, Hit Rate: 0.0214
Epoch 60/100 | Train Loss: 0.1750, Hit Rate: 0.3371 | Val Loss: 0.4812, Hit Rate: 0.0226
Epoch 61/100 | Train Loss: 0.1727, Hit Rate: 0.3375 | Val Loss: 0.5098, Hit Rate: 0.0144
Epoch 62/100 | Train Loss: 0.1757, Hit Rate: 0.3396 | Val Loss: 0.4818, Hit Rate: 0.0256
Epoch 63/100 | Train Loss: 0.1706, Hit Rate: 0.3439 | Val Loss: 0.4758, Hit Rate: 0.0214
Epoch 64/100 | Train Loss: 0.1720, Hit Rate: 0.3430 | Val Loss: 0.5032, Hit Rate: 0.0186
Epoch 65/100 | Train Loss: 0.1721, Hit Rate: 0.3444 | Val Loss: 0.4971, Hit Rate: 0.0206
Epoch 66/100 | Train Loss: 0.1691, Hit Rate: 0.3475 | Val Loss: 0.5145, Hit Rate: 0.0162
Epoch 67/100 | Train Loss: 0.1670, Hit Rate: 0.3540 | Val Loss: 0.4990, Hit Rate: 0.0262
Epoch 68/100 | Train Loss: 0.1678, Hit Rate: 0.3547 | Val Loss: 0.4925, Hit Rate: 0.0238
Epoch 69/100 | Train Loss: 0.1655, Hit Rate: 0.3587 | Val Loss: 0.5026, Hit Rate: 0.0231
Epoch 70/100 | Train Loss: 0.1645, Hit Rate: 0.3643 | Val Loss: 0.5003, Hit Rate: 0.0234
Epoch 71/100 | Train Loss: 0.1580, Hit Rate: 0.3760 | Val Loss: 0.4983, Hit Rate: 0.0250
Epoch 72/100 | Train Loss: 0.1619, Hit Rate: 0.3718 | Val Loss: 0.5126, Hit Rate: 0.0252
Epoch 73/100 | Train Loss: 0.1631, Hit Rate: 0.3653 | Val Loss: 0.5037, Hit Rate: 0.0228
Epoch 74/100 | Train Loss: 0.1606, Hit Rate: 0.3766 | Val Loss: 0.5229, Hit Rate: 0.0184
Epoch 75/100 | Train Loss: 0.1604, Hit Rate: 0.3723 | Val Loss: 0.5118, Hit Rate: 0.0255
Epoch 76/100 | Train Loss: 0.1534, Hit Rate: 0.3861 | Val Loss: 0.5124, Hit Rate: 0.0222
Epoch 77/100 | Train Loss: 0.1561, Hit Rate: 0.3863 | Val Loss: 0.5255, Hit Rate: 0.0218
Epoch 78/100 | Train Loss: 0.1596, Hit Rate: 0.3728 | Val Loss: 0.5202, Hit Rate: 0.0226
Epoch 79/100 | Train Loss: 0.1530, Hit Rate: 0.3886 | Val Loss: 0.5314, Hit Rate: 0.0206
Epoch 80/100 | Train Loss: 0.1574, Hit Rate: 0.3790 | Val Loss: 0.5290, Hit Rate: 0.0240
Epoch 81/100 | Train Loss: 0.1546, Hit Rate: 0.3853 | Val Loss: 0.5163, Hit Rate: 0.0234
Epoch 82/100 | Train Loss: 0.1542, Hit Rate: 0.3869 | Val Loss: 0.5242, Hit Rate: 0.0230
Epoch 83/100 | Train Loss: 0.1469, Hit Rate: 0.4064 | Val Loss: 0.5272, Hit Rate: 0.0232
Epoch 84/100 | Train Loss: 0.1511, Hit Rate: 0.3916 | Val Loss: 0.5416, Hit Rate: 0.0242
Epoch 85/100 | Train Loss: 0.1457, Hit Rate: 0.4064 | Val Loss: 0.5423, Hit Rate: 0.0192
Epoch 86/100 | Train Loss: 0.1507, Hit Rate: 0.3965 | Val Loss: 0.5322, Hit Rate: 0.0196
Epoch 87/100 | Train Loss: 0.1533, Hit Rate: 0.3879 | Val Loss: 0.5377, Hit Rate: 0.0264
Epoch 88/100 | Train Loss: 0.1430, Hit Rate: 0.4176 | Val Loss: 0.5369, Hit Rate: 0.0195
Epoch 89/100 | Train Loss: 0.1447, Hit Rate: 0.4120 | Val Loss: 0.5645, Hit Rate: 0.0184
Epoch 90/100 | Train Loss: 0.1475, Hit Rate: 0.4063 | Val Loss: 0.5309, Hit Rate: 0.0219
Epoch 91/100 | Train Loss: 0.1512, Hit Rate: 0.3932 | Val Loss: 0.5390, Hit Rate: 0.0228
Epoch 92/100 | Train Loss: 0.1418, Hit Rate: 0.4189 | Val Loss: 0.5464, Hit Rate: 0.0192
Epoch 93/100 | Train Loss: 0.1418, Hit Rate: 0.4237 | Val Loss: 0.5489, Hit Rate: 0.0218
Epoch 94/100 | Train Loss: 0.1429, Hit Rate: 0.4124 | Val Loss: 0.5474, Hit Rate: 0.0262
Epoch 95/100 | Train Loss: 0.1410, Hit Rate: 0.4215 | Val Loss: 0.5545, Hit Rate: 0.0220
Epoch 96/100 | Train Loss: 0.1419, Hit Rate: 0.4172 | Val Loss: 0.5526, Hit Rate: 0.0240
Epoch 97/100 | Train Loss: 0.1428, Hit Rate: 0.4190 | Val Loss: 0.5516, Hit Rate: 0.0217
Epoch 98/100 | Train Loss: 0.1445, Hit Rate: 0.4141 | Val Loss: 0.5525, Hit Rate: 0.0214
Epoch 99/100 | Train Loss: 0.1518, Hit Rate: 0.3979 | Val Loss: 0.5923, Hit Rate: 0.0169
Epoch 100/100 | Train Loss: 0.1376, Hit Rate: 0.4290 | Val Loss: 0.5415, Hit Rate: 0.0274

Best validation hit rate: 0.0313
